00 0c 00 0c 01 0c 02 0c 03 0c 0a 0c 0a 0c 0a 0c 0a 0c 0a 0c 0a 0c 0a 0c 0a 0c 0a 0c 0a 0c 36 0c 62 0c 75 0c 88 0c 9b 0c aa 0c bd 0c bd 0c bd 0c bd 0c f6 0c 0d 0d 0d 0d 0d 0d 0d 0d 0d 0d 0d 0d 0d 0d 10 0d 13 0d 16 0d 19 0d 19 0d 19 0d 19 0d 19 0d 19 0d 19 0d 19 0d 19 0d 19 0d 19 0d 19 0d 19 0d 19 0d 19 0d 19 0d 19 0d 19 0d 19 0d 19 0d 19 0d 19 0d 19 0d 19 0d 19 0d 19 0d 19 0d 19 0d 19 0d 19 0d 88 0d ac 0d ac 0d ac 0d ac 0d ac 0d ac 0d ac 0d ac 0d ac 0d ac 0d ac 0d ac 0d ae 0d bb 0d ee 0d 26 0e 26 0e 26 0e 26 0e 26 0e 26 0e 26 0e 26 0e 26 0e 26 0e 26 0e 26 0e 26 0e 26 0e 26 0e 26 0e 26 0e 26 0e 26 0e 26 0e 26 0e 26 0e 26 0e 26 0e 26 0e 26 0e 26 0e 26 0e 26 0e 26 0e 26 0e 26 0e 26 0e 26 0e 26 0e 26 0e 26 0e 26 0e 26 0e 26 0e 26 0e 26 0e 26 0e 26 0e 26 0e 26 0e 26 0e 2b 0e 31 0e 34 0e 3a 0e 3d 0e 40 0e 43 0e 46 0e 4c 0e 4f 0e 55 0e 58 0e 5e 0e 61 0e 67 0e 6d 0e 6d 0e 73 0e 79 0e 7c 0e 83 0e 8a 0e 91 0e 98 0e 9f 0e a6 0e ad 0e b4 0e bb 0e bb 0e bb 0e bb 0e bb 0e bb 0e bb 0e bb 0e bb 0e bb 0e bb 0e bb 0e bb 0e bb 0e bb 0e bb 0e bb 0e bb 0e bb 0e bb 0e bb 0e bb 0e bb 0e bb 0e bb 0e bb 0e bb 0e bb 0e bb 0e bb 0e bb 0e bb 0e bb 0e bb 0e bb 0e bb 0e bb 0e bb 0e bb 0e bb 0e bb 0e bb 0e bb 0e bb 0e bb 0e bb 0e bb 0e bb 0e bb 0e bb 0e bb 0e bb 0e bb 0e bb 0e bb 0e bb 0e bb 0e bb 0e bb 0e bb 0e bb 0e bb 0e bb 0e bb 0e bb 0e bb 0e bb 0e bb 0e bb 0e bb 0e bb 0e bb 0e bb 0e bb 0e bb 0e bb 0e bb 0e bb 0e bb 0e bb 0e bb 0e bb 0e bb 0e bb 0e bb 0e bb 0e bb 0e bb 0e bb 0e bb 0e bb 0e bb 0e bb 0e bb 0e bb 0e bb 0e bb 0e bb 0e cd 0e f7 0e f8 0e fa 0e fa 0e 01 0f 2d 0f 37 0f 43 0f 53 0f 54 0f 66 0f 77 0f 7e 0f 81 0f 92 0f 9a 0f 9e 0f aa 0f 62 12 78 12 91 12 bb 12 4d 13 69 13 74 13 77 13 8c 13 a6 13 ab 13 ab 13 b5 13 c2 13 c4 13 ce 13 01 15 bb 16 ee 16 25 17 ea 17 ea 17 00 18 0e 18 c6 18 20 19 56 19 7f 19 8d 19 9b 19 25 1a 2f 1a 39 1a 47 1a 51 1a 56 1a 5b 1a 60 1a 8d 1a 90 1a 95 1a 9a 1a 9f 1a c4 1a e6 1a eb 1a 06 1b 42 1c 5d 1c e6 1c e6 1c fb 1c 10 1d 37 1d 45 1d a5 1d c5 1f 0a 20 91 22 c7 24 d4 24 f4 24 02 25 10 25 60 25 8b 25 96 25 ad 25 d5 25 f6 25 19 26 2c 26 ab 26 83 27 ce 27 dc 27 f6 27 fd 27 dc 28 dc 28 dc 28 dc 28 dc 28 dc 28 dc 28 dc 28 dc 28 dc 28 dc 28 dc 28 dc 28 dc 28 dc 28 e9 28 f6 28 e7 29 ee 29 f6 29 0a 2a 09 2b 94 2f 9a 2f cb 32 13 33 32 33 6a 33 aa 33 bb 33 84 34 af 35 b4 35 dc 35 eb 35 f0 35 f5 35 fa 35 7a 36 7f 36 a4 36 bd 36 28 37 32 37 a9 37 ae 37 c0 37 44 38 81 38 91 38 b6 38 f2 38 2d 39 42 39 c0 39 05 3a 19 3a 28 3a 3f 3a bf 3a da 3a f5 3a fc 3a 03 3b 0a 3b 11 3b 25 3b 3b 3b 3b 3b 47 3b 5d 3b 6f 3b 83 3b 97 3b ab 3b bf 3b d8 3b ec 3b fc 3b 52 3c 7e 3c 91 3c e9 3c 14 3d 52 3d a1 3d d2 3d 03 3e 2f 3e 3e 3e 8f 3e 8f 3e d6 3e c8 3f db 3f 2b 40 46 41 5f 41 78 41 91 41 aa 41 aa 41 aa 41 29 42 96 42 9f 42 c9 42 0c 43 31 43 51 43 67 43 84 43 05 44 17 44 cb 46 74 47 77 47 45 48 ee 49 0c 4b 4e 4b 4e 4b 4e 4b 4e 4b 54 4b 40 4e 89 4e d2 4e 1d 4f 66 4f 66 4f 76 4f 97 4f ab 4f c1 4f c1 4f d5 4f dc 4f e3 4f ea 4f f1 4f f8 4f ff 4f 15 50 2d 50 45 50 4e 50 5f 50 73 50 99 50 99 50 ad 50 fb 50 04 51 4a 51 68 51 6f 51 76 51 79 51 80 51 a4 51 ef 57 21 58 21 58 9e 58 dc 58 e3 58 ea 58 ef 58 a6 59 ab 59 bb 59 c0 59 c5 59 d9 59 e1 59 e6 59 eb 59 00 5d 2a 5d 3c 5d b9 5d c9 5d db 5d ef 5d 6a 5e b1 5e ba 5e c4 5e d7 5e dc 5e e1 5e e1 5e e6 5e eb 5e f0 5e f9 5e 84 5f 8f 5f c1 5f f1 5f fe 5f 09 60 1d 60 53 60 f4 60 40 61 52 61 64 61 e9 66 f8 66 1a 67 26 67 3a 67 4e 67 53 67 58 67 6a 67 6f 67 74 67 79 67 7e 67 83 67 87 67 9a 67 b7 67 d4 67 e5 67 ea 67 f4 67 f4 67 f4 67 f4 67 0f 68 2a 68 45 68 60 68 80 68 a0 68 c0 68 e0 68 17 69 6b 6d e0 6d e7 6d 4d 6e 77 6e 7f 6e 86 6e cb 6e d6 6e 18 71 9d 71 38 72 3d 72 42 72 72 72 c5 72 ca 72 68 73 b8 74 df 74 79 75 e8 75 a5 76 08 77 fe 77 20 78 45 78 6a 78 4c 7a 26 7c 72 7c 7f 7c 86 7c a3 7c ae 7c b8 7c 4f 7d 5d 7d 6b 7d 79 7d 8f 7d 62 7f 00 80 15 80 d8 80 e4 80 eb 80 41 81 99 81 e7 81 ec 81 01 82 0c 82 0c 82 1b 82 2a 82 39 82 48 82 57 82 66 82 75 82 7d 82 88 82 9d 82 a4 82 a4 82 a4 82 a4 82 a4 82 a4 82 67 89 67 89 67 89 67 89 67 89 6b 8b 81 8b f6 8b 08 8c 18 8c 23 8c 2f 8c 34 8c 39 8c a4 8c ea 8c f3 8c fc 8c 14 8d 25 8d 41 8d 46 8d 53 8d 58 8d a7 8e c0 8e d9 8e 05 8f 2b 8f 3f 8f 53 8f 67 8f 9c 8f b0 8f f0 8f f5 8f 39 93 40 93 6a 93 ba 93 cf 93 d7 93 dc 93 e1 93 ef 93 ef 93 ef 93 ef 93 ef 93 ef 93 ef 93 ef 93 ef 93 ef 93 ef 93 ef 93 ef 93 c1 9e 9f 9f 9f 9f f7 9f 04 a0 2d a0 56 a0 6d a0 28 a1 86 a2 94 a2 94 a2 94 a2 94 a2 94 a2 94 a2 97 a2 13 a3 1f a6 38 a6 46 a6 4b a6 50 a6 55 a6 54 a7 62 a7 83 a7 a8 a7 c7 a7 e3 a7 ff a7 1b a8 37 a8 42 a8 42 a8 42 a8 42 a8 42 a8 42 a8 42 a8 42 a8 42 a8 42 a8 42 a8 42 a8 42 a8 42 a8 42 a8 42 a8 42 a8 42 a8 42 a8 42 a8 42 a8 42 a8 42 a8 42 a8 42 a8 42 a8 42 a8 42 a8 42 a8 42 a8 42 a8 42 a8 42 a8 42 a8 42 a8 42 a8 42 a8 42 a8 42 a8 42 a8 42 a8 42 a8 42 a8 42 a8 42 a8 42 a8 42 a8 42 a8 42 a8 42 a8 42 a8 42 a8 42 a8 42 a8 42 a8 42 a8 42 a8 42 a8 42 a8 42 a8 42 a8 42 a8 42 a8 42 a8 42 a8 42 a8 42 a8 42 a8 42 a8 42 a8 42 a8 42 a8 42 a8 42 a8 42 a8 42 a8 42 a8 42 a8 42 a8 42 a8 42 a8 42 a8 42 a8 42 a8 42 a8 42 a8 42 a8 42 a8 42 a8 42 a8 42 a8 42 a8 42 a8 42 a8 42 a8 42 a8 42 a8 42 a8 42 a8 42 a8 42 a8 42 a8 42 a8 42 a8 42 a8 42 a8 42 a8 42 a8 42 a8 42 a8 42 a8 42 a8 42 a8 42 a8 42 a8 42 a8 42 a8 42 a8 42 a8 42 a8 42 a8 42 a8 42 a8 42 a8 42 a8 42 a8 42 a8 42 a8 42 a8 42 a8 42 a8 42 a8 42 a8 42 a8 42 a8 42 a8 42 a8 42 a8 42 a8 42 a8 42 a8 42 a8 42 a8 42 a8 42 a8 42 a8 42 a8 42 a8 42 a8 42 a8 42 a8 42 a8 42 a8 42 a8 42 a8 42 a8 42 a8 42 a8 42 a8 42 a8 42 a8 42 a8 42 a8 42 a8 42 a8 42 a8 42 a8 42 a8 42 a8 42 a8 42 a8 42 a8 42 a8 42 a8 42 a8 42 a8 42 a8 8c aa 99 ab 1c ac 1c ad 1f ad 47 ad 47 ad 47 ad 47 ad 47 ad 47 ad 47 ad 47 ad 47 ad 47 ad 47 ad 47 ad 47 ad 47 ad 47 ad 47 ad 47 ad 47 ad 47 ad 47 ad 47 ad 47 ad 47 ad 47 ad 47 ad 47 ad 47 ad 47 ad 47 ad 47 ad 47 ad 47 ad 47 ad 47 ad 47 ad 47 ad 47 ad 47 ad 47 ad 47 ad 47 ad 47 ad 47 ad 47 ad 47 ad 47 ad 47 ad 47 ad 47 ad 47 ad 47 ad 47 ad 47 ad 47 ad 47 ad 47 ad 47 ad b9 ad 62 ae c6 ae cb ae e1 ae 4c af 4c af 4c af 4c af 4c af 4c af 4c af 4c af 4c af 4c af 4c af 67 af 77 af 8a af 98 af 98 af 98 af 98 af 98 af 98 af 98 af 98 af 98 af 98 af 98 af a9 af a9 af a9 af a9 af a9 af a9 af a9 af a9 af a9 af a9 af a9 af a9 af a9 af a9 af a9 af a9 af a9 af a9 af a9 af a9 af a9 af a9 af a9 af a9 af a9 af a9 af a9 af a9 af a9 af a9 af a9 af a9 af a9 af a9 af a9 af a9 af a9 af a9 af a9 af a9 af a9 af a9 af a9 af a9 af a9 af a9 af a9 af a9 af a9 af 5c b0 c2 b0 10 b4 70 b9 95 ba a8 ba e8 ba cd bc cd bc cd bc cd bc cd bc cd bc cd bc cd bc cd bc cd bc cd bc cd bc cd bc cd bc cd bc cd bc cd bc cd bc cd bc cd bc cd bc cd bc cd bc cd bc cd bc cd bc f9 bc 04 be 00 bf de bf e3 bf 1f c4 3f c9 d3 ca e5 ca 48 cb 59 cb 66 cb bb cb bb cb 54 cc b7 ce c1 ce cb ce cd ce cf ce d8 ce da ce dc ce de ce e0 ce e2 ce e4 ce e4 ce f9 ce fe ce 1b cf 20 cf 25 cf 2a cf 5a cf 8a cf 96 cf 9b cf a0 cf a5 cf aa cf b0 cf fb d0 ac d2 f9 d2 f9 d2 f9 d2 f9 d2 fb d2 10 d3 12 d3 1c d3 25 d3 3c d3 4c d3 58 d3 64 d3 70 d3 88 d3 a2 d3 b3 d3 b8 d3 d2 d3 ef d3 24 d4 14 d5 2a d5 40 d5 af d5 b7 d5 bf d5 c4 d5 c4 d5 c4 d5 0d d7 0d d7 0d d7 0d d7 0d d7 0d d7 0d d7 0d d7 0d d7 0d d7 0d d7 0d d7 0d d7 0d d7 0d d7 0d d7 0d d7 0d d7 0d d7 0d d7 0d d7 0d d7 0d d7 0d d7 0d d7 0d d7 0d d7 0d d7 0d d7 0d d7 0d d7 0d d7 0d d7 0d d7 0d d7 0d d7 0d d7 0d d7 0d d7 0d d7 0d d7 0d d7 0d d7 0d d7 0d d7 0d d7 0d d7 0d d7 0d d7 0d d7 0d d7 0d d7 0d d7 0d d7 0d d7 0d d7 0d d7 0d d7 0d d7 0d d7 0d d7 0d d7 0d d7 0d d7 0d d7 0d d7 0d d7 0d d7 0d d7 0d d7 0d d7 0d d7 0d d7 0d d7 0d d7 0d d7 0d d7 0d d7 0d d7 0d d7 0d d7 0d d7 0d d7 0d d7 0d d7 0d d7 0d d7 0d d7 0d d7 0d d7 0d d7 0d d7 0d d7 0d d7 0d d7 0d d7 0d d7 0d d7 0d d7 0d d7 0d d7 14 d7 ba d7 52 d8 cc d8 0a d9 0a d9 0a d9 0a d9 0a d9 0a d9 0a d9 0a d9 0a d9 0a d9 1d d9 30 d9 89 d9 cf d9 cf d9 15 da 5b da a1 da a1 da e7 da 2d db 2d db 73 db b9 db ff db 45 dc 45 dc 58 dc 75 dc b1 dc b6 dc c3 dc d6 dc df dc e8 dc f1 dc fa dc 03 dd 0c dd 0c dd 22 dd 22 dd 22 dd 22 dd 22 dd 39 dd 44 de 4e de 82 df b1 df e0 df 0f e0 d0 e0 ff e0 2e e1 87 e1 2a e2 47 e2 54 e2 1f e3 2d e3 4a e3 fc e3 43 e4 51 e4 51 e4 51 e4 51 e4 51 e4 62 e4 7f e4 8e e4 8e e4 8e e4 8e e4 c0 e6 15 e7 24 e7 33 e7 42 e7 51 e7 81 e8 36 ea 31 ee 6f f2 c2 f4 75 f5 d8 f5 d8 f5 d8 f5 d8 f5 d8 f5 d8 f5 d8 f5 d8 f5 d8 f5 d8 f5 d8 f5 d8 f5 d8 f5 d8 f5 d8 f5 dd f5 29 f6 29 f6 29 f6 29 f6 f6 f7 fb f7 28 f8 a8 f9 f1 f9 a1 fa 49 fc d2 fc d2 fc d2 fc d2 fc d2 fc d2 fc d2 fc d2 fc d2 fc de fc ea fc 32 fd 3d fd 3d fd 3d fd 3d fd 3d fd 3d fd 3d fd 3d fd 3d fd 3d fd 68 fd 68 fd 99 fd 20 fe 42 fe 51 fe 60 fe 6f fe 8b fe ec fe fb fe 0a ff 19 ff 2c ff 2c ff 2c ff 2c ff 2c ff 2c ff 2c ff 2c ff 2c ff 2c ff 2c ff 2c ff 2c ff 2c ff 2c ff 2c ff 2c ff 2c ff 2c ff 2c ff 2c ff 2c ff 2c ff 2c ff 2c ff 2c ff 2c ff 2c ff 2c ff 2c ff 2c ff 2c ff 2c ff 2c ff 2c ff 2c ff 2c ff 2c ff 2c ff 2c ff 2c ff 2c ff 2c ff 2c ff 2c ff 2c ff 2c ff 2c ff 2c ff 2c ff 2c ff 2c ff 2c ff 2c ff 2c ff 2c ff 2c ff 2c ff 2c ff 2c ff 2c ff 2c ff 2c ff 2c ff 2c ff 2c ff 2c ff 2c ff 2c ff 2c ff 2c ff 2c ff 2c ff 2c ff 2c ff 2c ff 2c ff 2c ff 2c ff 2c ff 2c ff 2c ff 2c ff 2c ff 2c ff 2c ff 2c ff 2c ff 2c ff 2c ff 2c ff 2c ff 2c ff 2c ff 2c ff 2c ff 2c ff 2c ff 2c ff 2c ff 2c ff 2c ff 2c ff 
fe fe fe 68 02 80 07 12 00 fe dc 27 11 0c d0 51 00 a5 20 a5 21 a5 22 a5 23 a8 3a 00 a8 3b 00 a8 3c 00 a8 3d 00 70 dd b0 35 0c d9 e2 35 0c a5 e3 3e 16 00 35 0c fe dc 27 3d 0c d0 51 00 a5 20 a5 21 a5 22 a5 23 a8 3a 00 a8 3b 00 a8 3c 00 a8 3d 00 71 dd b0 61 0c d9 e2 61 0c a5 e3 3e 16 00 61 0c fe dd b0 69 0c d0 ff 00 10 fd a5 e5 a1 e6 a1 e7 49 d0 18 00 dd b0 7c 0c d0 ff 00 10 fd a5 e5 a5 e6 a1 e7 49 d0 18 00 dd b0 8f 0c d0 ff 00 10 fd a5 e5 a5 e6 a5 e7 49 d0 18 00 dd b0 a2 0c d0 ff 00 a1 e1 d3 69 0c a5 e1 fe dd b0 b1 0c d0 ff 00 10 fd a5 e5 a5 e6 a1 e7 49 d0 19 00 d8 01 ea 0c d8 00 e9 0c dd e6 cc 0c f5 f0 00 dd e7 d6 0c 10 fd 10 f9 f0 00 e1 1b ff de 0c a8 1b 00 aa 1b d9 e5 e5 0c 71 a5 e5 5d fe fb 10 f4 02 00 d9 e5 e5 0c 71 d2 e7 0c d8 01 01 0d d8 00 e9 0c d2 c5 0c 10 f4 1c 01 d9 e5 e5 0c 71 d2 e7 0c d0 00 0c d0 01 0c d0 02 0c d0 06 0c 5b d8 48 57 0d 10 09 04 10 80 f0 23 10 81 9c 0a 00 a9 03 13 03 fd 03 0c 20 10 45 6b 03 10 40 6b 01 10 45 6b 04 10 46 6b 02 f0 01 10 45 6b 01 f0 08 10 40 02 7e 00 01 fd 02 13 01 f0 05 fe 10 0c 04 10 83 08 10 00 f0 17 10 80 09 05 00 98 f0 00 10 41 fd 03 0c 20 6b 0e f0 07 10 40 7e 6c 00 fd 02 9c 0a 42 0b 20 35 ff fd 32 a4 48 fd 40 ff dd e0 ab 0d cb e3 04 00 ab 0d ca e3 04 00 ab 0d c2 0b 00 01 ed a6 0d bc 0b 0c fd b6 0b f8 00 f3 0b 00 fe ff fd d0 fd 43 fd 44 fd 45 fd 47 fd 46 4e 00 fe 5b d9 b0 25 0e d8 27 f7 0e a0 97 b4 08 b5 26 34 00 fd 31 31 9c 96 00 f3 98 01 00 94 fd 03 03 fd 0f 03 10 44 fd 01 5a 0e b4 26 b5 09 c8 91 89 fe 75 fd 4a 34 00 fd 31 00 8a fd 01 09 72 fd 03 03 fd 0f 03 71 00 9a fd 02 f0 00 3d 03 0e fd 0d 0c f0 7f 6c 00 fd 00 42 f0 00 3d 12 0e fd 0c 0b f0 00 f3 8b 01 fd 30 34 ff a4 27 fe 00 f8 d0 5c 09 d0 94 00 d0 e0 03 d0 c5 06 d0 95 00 d0 bd 06 d0 d2 06 d0 f0 08 d0 bb 06 d0 f1 08 d0 96 00 d0 5d 09 d0 e1 03 d0 97 00 d0 e2 03 d0 e3 03 d0 98 00 d0 5e 09 d0 f3 08 d0 99 00 d0 cc 06 d0 9a 00 d0 ff 0e d0 9b 00 d0 e5 03 d0 9c 00 d0 f2 08 d0 e4 03 4a c4 00 02 d2 2e 0e 4a c9 00 09 d2 37 0e 4a c6 00 15 d2 49 0e 4a c7 00 04 d2 52 0e 4a cb 00 05 d2 5b 0e 4a ca 00 17 d2 64 0e 4a c8 00 25 d2 6a 0e 4a c5 00 0a d2 70 0e 4a cc 00 08 d2 76 0e f0 01 dd b0 cc 0e d9 e2 cc 0e a5 e3 3e 16 00 bb 0e fe 10 fd 10 f0 84 12 03 fd f2 10 f2 fe 03 fd 4b e2 00 00 f6 0e a1 24 a1 e3 31 f0 02 3e 1f 00 e1 0e 9c 5f b0 0f 40 00 45 fe 70 fe fe 71 fe dc 18 f7 0e a4 18 fe 12 a9 fd 24 12 00 fd b0 c0 00 e2 00 00 1f 0f e2 40 00 23 0f e2 80 00 27 0f e2 c0 00 2b 0f 71 d2 2c 0f 73 d2 2c 0f 75 d2 2c 0f 77 fe de 0d 32 0f 9b 95 01 60 71 fe de 0d 3e 0f fd 9c 00 95 01 7f 71 fe d8 4d f7 0e f0 00 9c 0a 00 85 7e 60 00 68 10 fe fe de 0d 59 0f 9b 95 01 60 d8 27 62 0f 71 fe d1 51 00 fe 34 ff b4 1b c1 00 ec 74 0f a0 20 d2 f7 0e a4 20 fe a8 1b 00 a4 20 71 fe aa 1b fe 00 03 0c 04 4a 71 fd 32 00 82 0b 04 35 ff a5 e0 fe 00 85 0c 04 4a 0b 04 fe 35 ff 71 fe f0 00 cb e7 20 00 a9 0f d2 9e 0f fe 60 07 82 d0 66 b4 0f d2 c4 0f d1 03 0e 00 f3 9f 02 f0 09 60 09 a2 d0 d2 39 10 d1 03 0e 00 f3 9e 02 f0 09 a0 4c d1 12 01 d8 4b 39 10 64 ba 12 fd 53 95 02 00 8f 00 12 03 f0 09 9c 36 f0 31 00 83 08 4a 1e f0 3b 8f 00 00 01 7f a0 4d d3 5a 10 fd 5b fd 5c 00 03 08 40 0d f0 3b 9c 1d f0 5b 9b f0 1d 00 83 fd 9e 2f 8f 00 ff 03 7f f0 1d 95 02 60 f0 1d 9b 00 83 08 40 0e d1 1e 01 d3 59 11 00 fa 00 8d 09 7f 6c 00 42 f0 00 3d 31 10 fd 9e 3a a4 4d a6 25 a6 26 a5 09 a4 f3 a5 14 a5 15 a5 16 a5 17 a4 ee a4 4c a4 4b a6 87 a4 17 d8 60 ad 11 fe da 25 8c 10 da 26 96 10 d9 09 b5 10 d8 f3 d3 10 d9 14 dd 10 d9 15 f8 10 d9 16 0d 11 d9 17 1e 11 d8 ee 28 11 da 87 32 11 68 34 80 06 77 00 6a 34 80 fe 68 34 80 06 77 00 6a 34 80 fe 68 5f 00 06 2b 00 6a 5f 80 15 83 fd 0f 02 de 28 b4 10 d9 02 b4 10 a1 02 14 f8 14 f2 77 00 fe 68 60 00 06 2b 00 6a 60 80 14 83 fd 0f 02 a0 10 15 88 92 05 28 06 94 f8 fc 00 6a 60 81 fe 68 51 01 06 0b 00 6a 51 81 fe 68 09 00 11 0c 00 6a 09 80 f8 09 2a ee 10 6a 09 a1 fd f0 09 28 f7 10 14 81 01 fe 68 0c 00 08 0d 00 6a 0c 80 19 87 94 00 f8 00 08 40 00 a4 10 fe 68 d2 00 06 49 00 14 85 92 04 4e 06 77 6a d2 80 fe 68 32 01 06 49 00 6a 32 81 fe 68 34 80 06 77 00 6a 34 80 fe 68 5a 01 0f 4f 00 6a 5a 81 dd ef 51 11 15 f8 6a 5a 81 15 8b 08 40 05 92 11 53 02 94 fa fa 00 d8 60 56 11 fe 14 f8 fe da 25 85 11 da 26 89 11 d9 09 8d 11 d8 f3 91 11 d9 14 95 11 d9 15 99 11 d9 16 9d 11 d9 17 a1 11 d8 ee a5 11 da 87 a9 11 6a 34 00 fe 6a 34 00 fe 6a 5f 00 fe 6a 60 00 fe 6a 51 01 fe 6a 09 00 fe 6a 0c 00 fe 6a d2 00 fe 6a 32 01 fe 6a 34 00 fe 6a 5a 01 fe 14 01 73 00 af f0 3b d4 02 7b 07 f0 01 d7 f0 3b d4 02 7b 01 f0 01 d7 d4 02 7b 07 f0 01 d7 f0 3b 10 81 08 42 03 f0 1d 09 10 43 10 83 53 03 54 03 75 08 4a 90 00 f2 13 03 60 d5 ae 62 14 92 10 41 10 83 08 40 0c 52 01 53 03 54 03 05 10 81 09 75 60 d6 ae 62 f0 1d 00 fa 00 f3 8b 01 00 93 d4 03 7b 01 f0 01 d7 06 f0 3b 10 81 10 45 04 65 04 05 07 f0 09 14 84 10 45 65 04 60 d7 ae 62 a8 07 6b ac 0c 02 d1 f3 0e fd 50 60 d4 ae 62 f0 09 14 0f 10 40 0b 04 fd 02 57 02 55 02 65 08 01 fd f2 00 09 f0 0f 70 f0 1d 77 f0 1d 72 fd 32 00 f2 8b 01 a4 60 a2 c6 fe a4 4b fd 59 c1 00 ec 77 12 a0 4b dc 4c 77 12 60 08 a2 d0 a4 4c fe 34 00 d4 7f f0 00 cb e7 80 00 8b 12 d7 ac 02 00 34 00 fe ac 00 00 34 00 fe c8 00 b1 0b 00 f9 b1 0c 00 f9 fd c7 0c 97 d8 4a b1 12 d8 4e ac 12 10 41 d2 b3 12 10 44 d2 b3 12 10 40 98 10 40 a4 4a a4 4e fe c9 00 bb 19 e7 01 00 c7 12 d2 df 12 e4 19 01 00 ff 12 e4 19 03 00 11 13 e4 19 05 00 23 13 e4 19 07 00 35 13 00 86 fd 24 00 10 bb 00 fd b0 c0 00 e2 00 00 ff 12 e2 40 00 11 13 e2 80 00 23 13 e2 c0 00 35 13 00 8d d4 02 08 08 86 f0 04 08 08 80 f0 04 d7 d2 44 13 00 8d d4 02 08 08 06 f0 04 08 08 00 f0 04 d7 d2 44 13 00 8d d4 02 08 08 03 f0 04 08 08 07 f0 04 d7 d2 44 13 00 8d d4 02 08 08 83 f0 04 08 08 87 f0 04 d7 00 84 09 ba 19 70 a4 27 fe 11 99 fd 02 0b 04 7e 00 00 f0 00 fd 3d 11 56 13 b4 09 e2 00 00 68 13 fd 03 0c 04 fe ba 15 fd 52 9c 0d 10 f2 d6 01 fe d2 db 0f a5 20 a5 21 a5 22 a5 23 a8 3a 00 a8 3b 00 a8 3c 00 a8 3d 00 fe a0 48 fd 42 35 00 00 8a c8 00 b1 0d 00 09 99 7e 00 00 da e3 a3 13 71 a6 e3 fe 53 01 9c 5e fe a8 09 14 b0 12 03 00 d0 08 01 34 00 f0 00 cb e7 80 00 f7 0e d2 b7 13 fb fe a8 09 15 b0 12 03 00 d0 08 01 c3 e2 e5 01 ec 13 e2 ed 01 f5 13 e2 55 00 00 14 e2 56 00 fe 13 b0 12 03 00 a0 17 d0 11 01 b0 12 03 00 a2 25 d0 11 01 b0 12 03 00 a0 ee d0 11 01 a0 22 d8 1f 3e 14 d8 25 3e 14 60 fe 82 d0 66 2c 14 f0 09 d1 03 0e 00 f3 9e 02 f0 09 60 ff a2 d0 d8 22 27 14 a2 26 d2 db 0f a1 09 d2 db 0f f0 09 d1 03 0e 00 f3 9f 02 fd 32 f0 09 60 00 a3 d0 fe c7 94 c2 08 05 00 ed f7 0e d8 b3 00 14 34 00 65 14 fa 15 fa d8 20 f6 14 60 08 a3 d0 66 81 14 f0 09 00 93 0c f0 d4 07 7b 01 f0 01 d7 7f 6c 00 f0 00 3d 6d 14 0b f0 f0 09 60 09 a3 d0 14 fb 15 fb 34 ef fe f0 09 00 e4 c9 00 bb 12 fd 24 00 10 bb 00 fd b0 c0 00 e2 00 00 a7 14 e2 40 00 b7 14 e2 80 00 c7 14 e2 c0 00 d7 14 08 48 80 f0 13 08 48 86 f0 27 08 48 80 d2 e4 14 08 48 00 f0 13 08 48 06 f0 27 08 48 00 d2 e4 14 08 48 83 f0 13 08 48 87 f0 27 08 48 83 d2 e4 14 08 48 03 f0 13 08 48 07 f0 27 08 48 03 f0 13 09 0b f0 f0 09 60 0a a3 d0 34 ef 14 fb 15 fb fe 60 0e a3 d0 14 fb 15 fb 34 ef fe da 4e 11 15 a2 4e a8 07 66 ac 0c 02 d1 f4 0e fe a8 07 80 fd 5e e2 01 00 1f 15 4c 00 71 fe a8 07 82 ac 0c 02 d1 f4 0e 51 80 fe 3b 00 00 00 00 c7 10 3b 00 00 00 00 97 fb 3b 00 00 00 00 60 e6 3b 00 00 00 00 22 d1 3b 00 00 00 00 dd bb 3b 00 00 00 00 91 a6 3b 00 00 00 00 3e 91 3b 00 00 00 00 e4 7b 3b 00 00 00 00 83 66 3b 00 00 00 00 1b 51 3b 00 00 00 00 ac 3b 3b 00 00 00 00 36 26 3b 00 00 00 00 b9 10 3b 00 00 00 00 35 fb 3b 00 00 00 00 aa e5 3b 00 00 00 00 18 d0 3b 00 00 00 00 7f ba 3b 00 00 00 00 df a4 3b 00 00 00 00 38 8f 3b 00 00 00 00 8a 79 3b 00 00 00 00 d5 63 3b 00 00 00 00 19 4e 3b 00 00 00 00 56 38 3b 00 00 00 00 8c 22 3b 00 00 00 00 bb 0c 3b 00 00 00 00 e3 f6 3b 00 00 00 00 04 e1 3b 00 00 00 00 1e cb 3b 00 00 00 00 31 b5 3b 00 00 00 00 3d 9f 3b 00 00 00 00 42 89 3b 00 00 00 00 40 73 3b 00 00 00 00 37 5d 3b 00 00 00 00 27 47 3b 00 00 00 00 10 31 3b 00 00 00 00 f2 1a 3b 00 00 00 00 cd 04 3b 00 00 00 00 a1 ee 3b 00 00 00 00 6e d8 3b 00 00 00 00 34 c2 3b 00 00 00 00 f3 ab 3b 00 00 00 00 ab 95 3b 00 00 00 00 5c 7f 3b 00 00 00 00 06 69 3b 00 00 00 00 a9 52 3b 00 00 00 00 45 3c 3b 00 00 00 00 da 25 3b 00 00 00 00 68 0f 3b 00 00 00 00 ef f8 3b 00 00 00 00 6f e2 3b 00 00 00 00 e8 cb 3b 00 00 00 00 5a b5 3b 00 00 00 00 c5 9e 3b 00 00 00 00 29 88 3b 00 00 00 00 86 71 3b 00 00 00 00 dc 5a 9b 9b 9b 9b 9b 9b 9b fe b4 08 e2 14 00 cd 16 10 06 f0 0f 75 f0 1f 73 d2 d5 16 10 06 f0 0f 71 f0 1f 73 d8 66 e9 16 da 0d e4 16 60 10 a2 d0 fd 32 fe 60 5b a2 d0 fe 60 b6 a8 d0 fe d8 66 16 17 da 0d ff 16 da 0b ff 16 60 12 a2 d0 fe da 0f 08 17 60 5d a2 d0 fe da 10 11 17 60 d4 a2 d0 fe 60 5d a2 d0 fe 60 b8 88 d0 f0 09 9c 1a f0 27 60 b9 a8 d0 fe da e7 a2 37 d8 eb e5 17 d8 66 be 17 da 0f 32 37 10 fa da 0d 99 17 da 0e 99 17 dc 1e 4a 17 60 14 02 d7 d2 4e 17 60 40 80 d7 10 38 d8 1e 60 17 c9 17 ad 02 00 fd b0 07 00 70 f0 2f d4 01 ad 06 00 fd b0 07 00 70 f0 03 d7 d4 01 ad 02 00 fd b0 07 00 70 f0 03 d7 d4 01 ad 06 00 fd b0 07 00 70 f0 03 d7 78 d8 1e 92 17 60 41 a0 d0 a0 1e fd 32 65 64 10 fb fe 10 fa 10 f2 63 00 60 42 82 d0 10 fa f0 00 fd 3d 10 a5 17 60 43 a2 d0 10 f0 86 0b 04 fd 02 0b 40 10 f2 15 00 fe de 1a 32 37 60 b7 a8 d0 f0 09 d8 ea d9 17 53 01 9c 5e a0 ea 60 c3 a8 02 a0 eb fe ac 0c 02 a8 07 74 d1 f4 0e a0 eb fe 60 c2 a8 d0 fe d8 e9 f9 17 d8 66 f9 17 68 17 80 0c 52 00 fe 68 bf 80 0c 52 00 fe da 0d 09 18 60 15 a2 d0 fe 60 5e a2 d0 fe da e1 29 18 da 0d 24 18 42 2c 18 2c 18 60 16 a2 d0 d8 9e 29 18 fe 60 5f a2 d0 fe d0 a6 03 c3 e2 ef 01 f7 0e e2 33 00 f7 0e 10 fb f0 00 3d 39 18 34 ef d4 ef f0 00 3d f7 0e d7 34 00 c3 e2 bf 00 55 18 c9 1a d2 57 18 c9 1b bb 06 00 e0 03 7f 40 00 e2 01 00 72 18 e2 05 00 76 18 e2 03 00 7a 18 41 d2 7b 18 43 d2 7b 18 47 d2 7b 18 45 f0 00 3d 7b 18 02 d4 07 7b 01 f0 01 d7 7b 01 f0 01 c9 00 e2 07 00 96 18 d2 88 18 d4 02 08 4a 13 f0 03 08 4a 03 f0 03 08 4a 17 f0 05 08 4a 03 f0 01 d7 08 4a 13 f0 01 fd 9e 16 08 42 08 f0 1d 09 f0 09 00 f3 9f 02 00 f2 8b 01 fe f0 00 3d c6 18 da 11 06 19 da 0d 01 19 fd 31 60 17 02 d8 00 82 0c f0 d1 1e 01 00 88 7f 6c 00 f0 00 3d e5 18 f0 09 18 86 10 43 4a 4b 10 40 f0 09 60 18 a2 d8 00 82 0b f0 fd 30 fe 60 44 a2 d0 fe 18 8e c9 18 bb 12 06 ad 04 00 fd b0 07 00 07 70 60 4c a2 d0 18 83 ba 12 70 fe da 0c f7 0e a2 0c da 0d f7 0e 18 81 73 60 17 02 d8 00 83 77 0c f0 d1 1e 01 00 88 7f 6c 00 f0 00 3d e5 18 f0 09 18 86 10 43 4a 4b 10 40 60 18 a2 d8 00 82 0b f0 fe d8 e9 7a 19 d8 66 75 19 da 10 70 19 da 0f 6b 19 60 19 a2 d0 fe 60 d5 a2 d0 fe 60 d6 a2 d0 fe 60 ba a8 d0 fe 60 bb a8 d0 fe da 10 88 19 60 1a a2 d0 fe 60 c9 a2 d0 fe da 10 96 19 60 1c a2 d0 fe 60 a9 a2 d0 fe 00 82 0c f0 14 f0 8c fd 02 7e 00 00 f0 00 fd 3d 14 a7 19 d8 66 06 1a 60 1d a2 d0 66 d1 19 d1 03 0e 00 f3 9e 02 14 f2 17 00 60 21 a2 d0 00 82 0b f0 14 82 0b f0 fe d1 03 0e 00 f3 9f 02 fd 32 14 8d 06 78 c9 14 ad 04 00 fd b0 07 00 07 70 14 8a 7e 00 00 f0 00 fd 3d 14 ee 19 14 f2 0f 00 60 22 a2 d0 00 82 0b f0 14 82 0b f0 fe 60 bf a8 d0 66 d1 19 d1 03 0e 00 f3 9e 02 14 f2 17 00 60 c0 a8 d0 00 82 0b f0 14 82 0b 40 fe a8 09 15 b0 12 01 00 d0 08 01 a8 09 14 b0 12 03 00 d0 08 01 d8 66 42 1a 60 23 a2 d0 fe 60 be a8 d0 fe a8 09 14 b0 12 05 00 d0 08 01 60 24 a2 d0 fe 60 25 a2 d0 fe 60 a5 a2 d0 fe d8 66 88 1a d8 1b f7 0e da 0d 79 1a da 12 83 1a da 0e 7e 1a 60 4e a2 d0 fe 60 4f a2 d0 fe a0 1b d0 4c 01 60 5c a2 d0 fe 60 b0 a8 d0 fe d2 24 18 60 a4 a2 d0 fe 60 a6 a2 d0 fe 60 a7 a2 d0 fe da 10 ba 1a f8 e0 af bf 1a f8 e0 b1 bf 1a 60 b4 a2 d0 fe de 16 bf 1a de 17 bf 1a 60 a9 a2 d0 fe 60 7a a2 d0 fe f8 e0 af e1 1a f8 e0 b1 e1 1a de 17 d7 1a 60 a8 a2 d0 fe f8 e1 2b d2 1a 60 c1 a2 d0 fe 60 d9 a2 d0 fe 60 89 a2 d0 fe d8 ed fb 1a d8 66 f8 0e d8 10 f8 0e de 0d ff 1a 14 f8 71 fe da 0e fb 1a d0 01 01 fd 88 02 fd 88 03 a4 17 fd f0 11 30 17 1b 18 81 00 9b d8 ed 75 1b d8 ec f8 0e d8 66 94 1b d8 10 f8 0e da 09 6a 1b a2 09 dc 95 4a 1b 14 07 10 46 61 08 73 10 40 70 fd 32 60 26 a2 d0 40 57 21 14 f2 41 00 fe 14 87 92 02 24 00 77 10 45 70 14 87 57 02 55 01 73 10 40 7f 60 9b a2 d4 40 57 21 14 f2 41 00 fe da 0e 75 1b da 0d 75 1b d2 f8 0e 15 f8 16 f8 15 f2 80 00 16 f2 80 00 71 d1 04 0e de cf f7 0e fd f0 11 30 f7 0e 9c 95 a6 cf fe 15 f9 16 f9 14 07 10 46 61 08 73 10 40 70 fd 32 7f 60 c4 a8 d0 f0 09 17 90 01 92 02 22 00 10 45 94 08 04 00 71 00 61 0a 77 f0 1d 00 01 70 14 8b 12 03 10 43 61 08 43 f0 09 4a 4b f0 09 60 c5 a8 d4 f0 09 00 01 71 17 86 08 40 87 f0 07 09 60 c6 88 d7 17 86 08 40 87 f0 1d 09 f0 09 60 c7 a8 d7 f0 09 00 03 f0 09 70 14 82 4a 4b f0 09 60 c8 a8 d4 f0 09 00 01 71 17 86 08 40 87 f0 07 09 60 c9 88 d7 14 87 10 40 10 81 47 12 02 14 f2 41 00 40 57 21 17 81 75 f0 1d 60 ca a8 d7 f0 13 00 f3 9e 02 f0 09 17 86 65 0a 92 04 3b 00 a0 ec fe aa 0e e0 0e 01 53 1c e0 0e 02 58 1c 60 29 a2 d0 fe 60 27 a2 d0 fe 60 28 a2 d0 fe 00 f2 8b 01 fd 88 02 fd 88 03 da 0a b9 1c a2 0a 14 03 fd 0f 03 15 03 fd 0f 03 18 03 fd 0f 03 1b 03 fd 0f 03 1a 08 92 0e 21 02 77 fd 0f 03 0c 84 10 44 57 04 1a 07 02 10 81 57 04 f0 0f 70 fd 32 60 2a a2 62 14 88 f0 1d 08 48 06 f0 0e 09 1a 03 55 02 71 0c 84 10 40 53 04 fd 32 fe d8 e9 db 1c de 0d db 1c 15 f9 16 f9 17 f9 18 f9 19 f9 1a 84 92 0f 1d 04 1a f2 80 00 14 f2 8a 00 71 fe d8 ed c1 1c da 0e c1 1c d0 01 01 da 0b f7 0e 15 81 75 60 8b a2 d4 00 84 7f 50 00 43 15 81 71 fe da 0b f7 0e 18 81 71 60 8b a2 d4 00 84 7f 50 00 43 18 81 75 fe d8 e9 2a 1d da 0b 1d 1d 60 b8 a2 d0 fe e8 25 1d 60 34 a2 d0 fe 60 35 a2 d0 fe e8 32 1d 60 fb a8 d0 fe 60 fc a8 d0 fe d8 e9 40 1d 60 36 a2 d0 fe 60 fa a8 d0 fe a4 10 fd 88 00 de 0b 37 0f da 0e 92 1d 16 f9 19 f9 1a f9 17 fa da 0d 61 1d d0 06 01 1e f8 1e 0b 92 0d 60 08 94 fc 02 00 08 40 0d da 11 88 1d 17 05 92 0e 6e 04 75 18 07 92 07 6e 00 0b 04 77 18 f2 80 00 17 f2 15 00 8a 6f 11 d0 06 01 da 12 37 0f 1c fa 1c f2 64 00 de e1 37 0f 1a f9 d0 06 01 d8 18 f7 0e de 0b f7 0e da 0e f7 0e da 0d f7 0e a0 18 60 37 a2 62 00 81 72 f0 3b fd 31 0c 84 90 09 57 0d 1d f8 1e f8 1d 2e 10 c1 51 06 75 f0 1d 7e 40 00 f0 00 fd 3d 1d d8 1d fd 09 0c 04 7e 40 00 10 40 43 63 06 0b 04 f0 00 fd 3d 1d ed 1d fd 03 0c 04 10 41 51 08 18 17 f0 1d 77 06 0b 04 fd 02 10 41 7e 6c 00 53 04 92 08 6a 00 07 73 fd 03 17 10 f0 63 51 03 10 43 4a 4b f0 09 10 41 51 06 10 40 f0 31 9d 44 40 1e 87 f0 31 08 40 8b 51 06 9b 1e c6 d4 01 08 48 80 f0 01 08 48 90 f0 01 08 48 00 f0 01 08 48 90 f0 01 08 48 80 f0 01 08 48 91 f0 01 08 48 83 f0 01 08 48 91 f0 01 d7 08 48 80 f0 1d 08 42 80 7e 30 00 f0 00 fd 3d 1e 6e 1e f0 1d 09 10 c1 41 08 42 81 9c 45 f0 1d 9d 44 c0 1e 85 08 40 8b 51 07 fd 32 f0 13 9b f0 1d 60 37 a2 62 1d 31 0b 04 fd 02 92 11 64 08 53 02 55 06 71 f0 1d 7e 40 00 f0 00 fd 3d 1d ab 1e 7e 6c 00 10 40 47 f0 00 fd 3d 1d b8 1e 10 41 0c 04 0c f0 fd 03 55 0c 01 1e e2 f0 31 9d 44 c0 08 49 15 f0 01 09 f0 11 92 11 64 08 0c f0 10 81 08 40 0b 53 02 08 40 0c 55 06 9b 09 d4 01 75 f0 07 77 f0 07 d7 77 f0 03 75 f0 03 77 f0 13 08 49 16 f0 07 08 49 17 f0 13 08 49 16 f0 07 08 49 05 f0 07 08 49 15 f0 31 08 49 05 f0 01 08 49 16 f0 01 08 4a 82 7f 40 00 10 45 67 06 fd 03 9c 45 0c 92 10 44 67 04 63 08 67 08 63 06 67 02 63 04 67 04 63 02 1e a2 f0 3b 9c 46 10 46 6b 0c 08 49 18 10 44 63 02 10 46 63 0a f0 63 08 48 8f f0 3b 08 48 8e f0 03 08 48 0e f0 3b 60 3c 82 62 1e f2 4c 00 f0 3b 60 3d 22 62 fd 60 a0 19 65 1e 87 fd 02 7e 00 00 0b f0 1e f2 4d 00 a2 0d 1d f9 f0 1d 89 ea 01 11 89 ea 02 12 89 ea 03 13 89 ea 04 14 89 ea 05 15 89 ea 06 16 89 ea 07 17 fd 9c 06 f0 3b d1 14 01 17 f2 15 00 18 84 fd 08 fd 08 18 f2 80 00 fd 30 fe d8 e9 e4 1f de 0b 07 20 aa 0e e0 0e 03 d9 1f 60 38 a2 d0 fe 14 81 09 60 39 a2 d0 a8 0e 00 fe e0 0e 01 d4 1f e0 0e 02 d4 1f e0 0e 03 d9 1f c9 10 bb 12 10 82 09 78 aa 0e 60 38 a2 d0 10 83 ba 12 70 fe d0 0e 0e da 11 43 22 18 fa 00 07 0c f0 80 0c 62 67 04 fd 31 0c 84 90 09 56 0d 18 f0 80 18 f2 61 00 1e 97 08 48 00 f0 09 08 48 15 f0 09 08 48 00 f0 1d 08 48 15 f0 1d 08 48 00 60 3a a2 d0 f0 09 00 81 77 00 f3 9e 02 f0 13 9e 02 00 fd 88 01 89 ea 01 29 89 ea 02 2a 89 ea 03 2b 89 ea 04 2c 89 ea 05 2d 89 ea 06 2e 89 ea 07 2f 1e 03 08 48 06 f0 3b 60 3b 82 de 1e 83 08 48 0e 60 51 a2 de f0 09 00 8c 10 83 08 52 07 f0 09 08 52 08 9c 16 00 83 f0 27 09 1e f2 60 00 f0 1d 60 3e a2 d0 f0 3b fd 89 01 1e fa 1e 13 08 42 00 7e 40 00 f0 00 fd 3d 1e b4 20 f0 3b 09 08 40 08 60 3f a2 de fd 32 18 f6 18 84 10 43 4a 4b 00 01 74 1e 83 08 48 11 60 40 82 de 1e 05 f0 3b 08 48 00 d1 1e 01 00 83 7f 6c 00 f0 00 3d ea 20 18 04 4a 4b 4a 4b 60 41 22 d0 1e 8f f0 1d 08 42 00 7e 6c 00 f0 00 fd 3d 1e 03 21 65 00 81 77 f0 3b 1e 03 08 48 00 60 45 82 de 1e 88 08 48 0e f0 13 08 48 00 60 46 82 de 1e 08 08 48 0e f0 31 08 48 00 60 47 a2 d0 66 bb 21 64 f0 1d fd 32 00 f3 9e 02 1e a7 10 40 08 48 0e f0 07 08 48 00 f0 03 08 08 06 6a 0a 10 41 08 08 07 6a 06 10 43 08 09 19 4b f0 27 10 40 73 09 63 12 01 00 83 f0 09 72 1e f9 36 84 60 48 a2 42 95 02 00 f0 3b 91 28 f0 17 00 87 d4 06 7b 01 f0 01 d7 00 f3 fe 01 91 02 f0 02 a6 0d a2 0e a6 11 16 f8 19 f8 1a f8 16 f2 80 00 19 f2 77 00 1a f2 40 00 00 f2 8b 01 1c fa 1c f2 64 00 a4 19 fd 30 fd 89 01 fe 9e 01 6f 00 f3 9f 02 fd 32 f0 1d 1e 83 08 48 0e f0 1d 60 49 a2 d0 66 d7 21 d2 38 21 00 f3 9f 02 fd 32 1e fa 1e f2 4c 00 60 4a 82 de 66 ed 21 d2 38 21 9e 01 6f 00 f3 9f 02 fd 32 60 4b a2 d0 1e fa 1e 8c fd 02 7e 00 00 f0 00 fd 3d 1e 03 22 f0 1d 1e fa 1e f2 4d 00 fd 88 01 89 ea 01 11 89 ea 02 12 89 ea 03 13 89 ea 04 14 89 ea 05 15 89 ea 06 16 89 ea 07 17 fd 9c 06 a2 0d a2 11 00 f2 8b 01 fd 30 7f fd 89 01 fe 00 87 0c f0 80 0c 62 67 04 1e 97 08 48 00 f0 09 08 48 15 f0 09 08 48 0e f0 1d 08 48 15 f0 1d 08 48 0e 9e 02 00 fd 88 01 89 ea 01 29 89 ea 02 2a 89 ea 03 2b 89 ea 04 2c 89 ea 05 2d 89 ea 06 2e 89 ea 07 2f 60 4d a2 d0 66 ed 21 d2 38 21 de 0e f7 0e da 12 f7 0e a2 12 19 f9 1c fa 0c 04 90 10 68 04 1c 8f 0b 04 07 fd 02 7e 00 00 f0 00 fd 3d 1c af 22 00 82 0c f0 1e f8 1d f8 1e 02 09 01 1d 07 09 73 01 92 13 77 04 a8 0a 1c a8 09 1c a8 08 1c d8 1b e2 22 d1 04 01 60 57 a2 d0 fd 32 65 1c 81 73 00 84 80 13 77 77 1e 8a 92 13 77 04 61 04 00 61 0c 77 1c f2 63 00 f0 13 60 58 a2 d0 1c fa 1c 8e fd 02 0b 04 7e 00 00 f0 00 fd 3d 1c 0c 23 60 52 a2 de 1e 12 75 08 40 07 f0 1d 08 48 04 f0 03 08 42 02 f0 27 09 77 00 1b 71 f0 27 d4 01 08 4a 1a f0 01 08 4b 02 f0 01 08 4b 82 f0 01 08 4a 9a f0 01 d7 01 1d 8d f0 37 00 f0 01 d4 05 7b 02 f0 01 d7 9b f0 1d 1c f2 63 00 f0 1d 60 53 a2 d0 1d 05 01 92 0a 62 04 00 03 09 77 00 1e 85 08 40 85 f0 1d 60 54 a2 de f0 13 1c fa d1 16 01 1e 81 09 f0 1d 60 55 a2 d0 1e 0f 10 83 08 51 07 f0 0c 08 41 08 9c 16 f0 31 09 00 8d 10 83 08 52 07 f0 0c 08 42 08 f0 31 09 f0 3b 60 37 a2 62 00 0e 75 f0 1d 08 4a 87 10 43 9c 00 4a 4b 10 40 1e 0c 75 f0 1d 08 49 89 10 43 4a 4b 10 40 1c 0e 07 0b 04 fd 02 75 f0 1d 10 43 4a 4b 10 40 1d 88 00 10 43 51 0e 75 f0 13 60 56 a2 dd 1d 21 71 10 83 04 6a 08 10 45 6a 04 10 46 6a 02 f0 07 6b 02 10 45 6b 04 10 40 6b 08 10 44 9c 0b 51 09 01 1e 23 09 f0 37 d4 0b 7b 02 f0 02 d7 d4 07 7b 02 f0 04 d7 d4 07 7b 02 f0 09 d7 77 f0 1d 75 f0 4f 10 80 08 40 05 1c 19 09 f0 37 d4 0b 7b 06 f0 02 d7 d4 07 7b 06 f0 04 d7 d4 07 7b 06 f0 09 d7 73 00 1d 09 f0 37 d4 0b 7b 01 f0 02 d7 d4 07 7b 01 f0 04 d7 d4 0d 7b 01 f0 09 d7 10 80 08 42 07 fd 32 60 59 a2 de f0 1d 1e 97 10 40 08 08 0c 6a 0a 10 41 6a 06 08 08 0d 10 43 4b 9c 16 f0 13 10 40 00 82 09 77 00 f3 9f 02 fd 32 00 83 71 f0 09 1e 84 09 65 0c 01 19 f8 19 f2 77 00 00 f2 8b 01 6a be 80 6a 45 81 6b be 80 6b 45 81 a1 2c a1 6c a4 1b f2 17 3c f2 17 3a fe de 0d 54 0f 15 f8 15 f2 77 00 d0 09 01 da e1 eb 24 de 0d 2d 0f 15 f8 16 f8 15 f2 77 00 16 f2 77 00 d0 05 01 16 f8 16 f2 77 00 d0 05 01 de 0d f7 0e a8 09 16 b0 12 05 00 d0 08 01 da 10 f7 0e a8 09 14 b0 12 05 00 d0 08 01 d8 18 f7 0e a0 18 a8 09 00 00 95 09 d4 09 7b 01 f0 01 d7 10 80 08 52 0a f0 1d 10 86 f0 27 72 09 f0 1d 00 09 73 f0 13 08 43 00 7e 40 00 15 87 77 10 43 4a 4b 10 40 60 60 a2 62 fd 32 00 85 09 7f 40 00 43 d1 16 01 15 81 73 00 f2 8b 01 00 f6 fe c3 e2 e3 01 b6 16 c7 80 c2 0a 05 00 ec 7c 25 c2 09 13 00 ed 7c 25 ea 81 25 d0 30 02 60 61 a2 d0 fe c2 08 0e 00 ec 7c 25 d0 30 02 f8 be 2e 2d 0f 40 54 21 d0 05 01 f0 3b 9c 16 0c 8e 10 44 65 04 61 08 65 06 61 04 65 03 61 01 d2 96 25 d8 ed c8 25 d8 66 f8 0e d8 10 f8 0e da 1d c4 25 a2 1d 40 56 21 71 fe de 0d ce 25 15 f8 16 f8 71 fe da 0e c8 25 d2 f8 0e f0 00 d8 25 de 25 d2 d5 25 b0 08 1d 00 b0 09 5c 00 fd c9 e2 60 01 f5 25 9c 10 6a 40 81 6b 40 81 fe f0 00 d8 25 ff 25 d2 f6 25 b0 08 0a 00 b0 09 12 00 fd c9 bb 12 e2 62 01 18 26 9c 10 6a 11 80 6b 11 80 fe de 10 2d 0f 14 f9 15 f9 16 f8 a0 5f 16 f2 d1 03 d0 05 01 d8 ed a6 26 da 24 39 26 60 cb a2 d0 fe 60 ce 82 d0 66 92 26 f0 09 d1 03 0e 00 f3 9f 02 fd 32 f0 09 60 cf a2 d0 f0 09 00 bc fd 24 00 10 fd b0 c0 00 e2 00 00 7f 26 e2 40 00 71 26 e2 80 00 71 26 e2 c0 00 7f 26 08 4a 87 f0 1d 09 f0 09 08 48 06 d2 8a 26 08 4a 07 f0 1d 09 f0 09 08 48 86 f0 3b 08 48 0c 72 09 fe f0 09 60 d0 a2 d0 f0 09 00 81 71 f0 09 00 f3 9f 02 fd 32 fe 60 10 a9 d0 fe 17 f9 f2 14 2e a8 07 60 ac 0c 02 d1 f4 0e fe d8 66 10 27 da 24 f7 0e a2 24 60 cc a2 02 d8 66 59 27 00 19 f0 3b 08 4a 07 7e 50 00 f0 00 3d d6 26 f0 09 08 48 83 f0 1d 08 48 00 73 09 60 cd a2 c0 fd 32 14 fa 14 f0 86 12 03 0c 01 10 85 60 d1 a2 d4 a8 07 60 9c 1b 60 0c a2 02 50 60 14 82 0b 01 14 f2 80 00 fe d8 ed 1b 27 dc e9 1b 27 d2 be 26 60 11 a9 62 00 89 fd 03 0c 04 90 08 3c 02 77 19 8f 01 92 08 3c 02 10 45 67 04 67 0c 73 08 40 04 60 12 a9 62 00 06 08 40 87 f0 3b 09 19 8b f0 1d 09 f0 1d 63 0c 92 10 42 00 00 f2 8b 01 fe 60 4d a9 60 00 9b f0 3b 08 4a 07 7e 50 00 f0 00 3d 67 27 f0 09 08 48 83 f0 1d 08 48 00 73 08 40 06 60 4e a9 02 00 f2 8b 01 fe 17 84 10 44 63 04 da e2 b7 27 d8 e9 97 27 d8 66 97 27 71 fe 14 fa 14 f0 87 92 03 40 00 77 0b 40 14 f2 77 00 dc e9 b5 27 18 88 92 03 3f 00 08 40 06 73 71 fe 14 fa 14 06 92 10 42 00 0b 40 18 89 92 04 39 02 08 48 12 fd 0b 71 fe d8 ed d7 27 60 ca a2 d0 fe 60 0f a9 d0 fe d8 ed e8 27 d8 e9 e8 27 d8 66 ef 27 68 12 80 0d 23 00 fe 68 1d 80 0d 23 00 fe 68 40 81 1c 5d 00 fe d9 13 99 28 da 86 5b 28 b4 0f c0 03 00 ec 34 28 e8 22 28 da 10 1b 28 60 94 ae d0 aa 0f fe 60 97 ae d0 aa 0f fe da 10 2d 28 60 95 ae d0 aa 0f fe 60 98 ae d0 aa 0f fe d8 66 51 28 10 8f 10 43 06 65 01 d4 07 61 02 65 02 d7 61 01 07 60 96 ae d0 a8 0f 00 fe d9 13 99 28 a2 86 60 99 ae d0 10 97 fd 24 17 00 fd b0 c0 00 e2 40 00 74 28 08 40 01 94 04 00 00 d2 74 28 d1 03 0e 60 9a 8e d0 66 ba 28 f0 09 00 f3 9e 02 b0 12 f4 01 d1 12 01 d8 4b c7 28 9c 0d ac f4 01 fd 53 a1 13 64 60 9e 8e d0 66 ad 28 f0 09 00 f3 9e 02 60 a0 ae d0 d2 ce 28 f0 09 00 f3 9f 02 60 9f ae d0 d2 ce 28 f0 09 00 f3 9f 02 60 9b ae d0 d2 ce 28 60 9d ae d0 d2 ce 28 10 8b 08 40 00 0c f0 92 09 5b 00 0b f0 fe 00 8a 7f 20 00 51 02 f0 00 3d e3 28 fe 00 8a 7f 20 00 55 02 f0 00 3d f0 28 fe fd 88 02 fd 88 03 a6 14 15 0b fd 01 08 40 01 10 44 66 06 65 02 18 03 fd 0f 03 19 03 fd 0f 03 1b 03 fd 0f 03 1a 03 fd 0f 02 17 06 08 40 07 fd 0f 03 21 03 fd 0f 02 16 84 08 40 01 01 fd 31 0c 8a 10 44 90 0a 13 06 94 00 fc 00 71 d2 b5 29 f0 27 a0 1d 18 f2 67 00 1d f2 67 00 f0 09 19 f2 67 00 1a f2 67 00 f0 09 1c f2 67 00 1b f2 67 00 f0 1d 1c f2 67 00 1b f2 67 00 f0 09 19 f2 67 00 1a f2 67 00 f0 09 18 f2 67 00 1d f2 67 00 9b a4 1d 18 f2 67 00 60 6b a2 62 a0 1d f0 1d a4 1d 1a f2 67 00 60 6c a2 62 a0 1d a4 1d 1d f2 67 00 60 6d a2 62 a0 1d f0 1d a4 1d 1c f2 67 00 60 6e a2 62 a0 1d f0 1d a4 1d 1a 82 0b 10 1b 82 0b 10 a0 1e 18 f2 65 00 19 f2 66 00 1c f2 65 00 1d f2 66 00 1a f2 65 00 1b f2 66 00 f0 3b a0 4a d1 14 01 fd 30 fe 68 43 81 1c 5d 00 fe 68 43 01 1a 5d 00 71 fe fd 88 02 fd 88 03 fd f0 45 35 05 2a 1a 81 00 40 79 61 71 fe da 14 f7 0e a2 14 a0 1d 00 96 f0 00 3d 14 2a fd 03 0c f0 0c 04 90 0f 1f 04 77 0b f0 0b 04 fd 02 fd 32 f0 3b a4 1d 1c f2 67 00 00 03 f0 1d 75 60 6f a2 62 fd 32 a0 1d f0 1d a4 1d 1d f2 67 00 00 03 f0 1d 71 60 70 a2 62 fd 32 a0 1d f0 1d a4 1d 1c 39 10 40 0c 10 0b 04 10 40 20 04 25 00 07 70 ff 61 0f 10 41 61 0a 21 06 9c 42 10 40 7e 50 00 fd 02 45 65 09 f0 00 fd 3d 1c 7f 2a 7e 40 00 45 f0 00 fd 3d 1c 8a 2a 0c 04 fd 03 1d 35 0c 10 0b 04 10 40 20 04 25 00 07 70 ff 65 0f 10 41 65 0a 21 06 10 40 7e 50 00 fd 02 41 61 09 f0 00 fd 3d 1d b6 2a 7e 40 00 41 f0 00 fd 3d 1d c1 2a 0c 04 fd 03 00 09 f0 09 77 08 4a 10 f0 1d 09 fd 32 18 01 73 19 01 73 1a 01 73 1b 01 73 fd 32 f0 3b 18 f2 66 00 19 f2 65 00 1c f2 66 00 1d f2 65 00 1a f2 66 00 1b f2 65 00 f0 3b 00 81 47 d2 1f 2b da 10 9a 2f f0 00 f8 46 ab 2c 2d 3d 0d 2b c8 80 e5 0d 04 00 f7 0e 00 0d fd 03 0c f0 0c 04 90 10 1d 04 77 0b 04 0c 03 80 0c 09 a0 1d f0 1d 18 81 71 f0 09 19 81 71 f0 09 1a 81 75 f0 09 1b 81 75 00 83 77 0b f0 d2 35 2d 17 1a 9c 56 10 45 20 04 25 00 0a e0 ff 43 21 21 92 12 1a 14 0b 04 63 03 10 45 63 0d 00 0b 08 4a 17 f0 95 08 4a 07 7e 6c 00 9c 13 f0 b3 a0 1d 21 fa 21 f2 67 00 18 f2 67 00 19 f2 67 00 1a f2 67 00 1b f2 67 00 de 14 a5 2b 1c f2 67 00 1d f2 67 00 d2 c0 2b 1c 11 06 0b 04 10 40 7e 50 00 fd 02 65 08 10 45 65 08 07 1d 06 06 0b 04 10 40 07 9c 15 0c 8b 10 44 62 08 66 04 9b 62 03 66 01 f0 3b a4 1d 21 f2 71 00 00 81 09 17 f3 7c 02 9c 16 9b a0 1d 18 03 f0 27 77 19 03 f0 27 77 1c 04 f0 27 07 77 1d 04 f0 27 07 77 1a 03 f0 27 77 1b 83 f0 27 77 a4 1d d1 10 01 18 03 f0 4f 71 19 03 f0 4f 71 1c 04 f0 4f 07 71 1d 04 f0 4f 07 75 1a 03 f0 4f 75 1b 83 f0 4f 75 65 f0 09 18 8d 71 f0 1d 10 40 0b 04 9c 21 7e 48 00 41 a8 09 18 d1 16 01 00 81 75 60 72 a2 62 19 8d 71 10 40 0b 04 9c 21 7e 50 00 41 61 04 a8 09 19 d1 16 01 19 82 07 77 00 81 73 60 73 a2 62 1a 8f 75 0b 04 9c 21 13 02 10 40 7e 50 00 45 65 04 a8 09 1a d1 16 01 1a 82 07 77 00 03 f0 09 72 60 74 a2 62 fd 32 1b 8a 10 40 0b 04 9c 21 7e 48 00 45 a8 09 1a d1 16 01 00 03 f0 09 71 60 75 a2 62 00 08 f0 09 77 f0 09 08 4b 82 9c 21 fd fe 18 13 f0 13 0b 04 0c f0 fd 03 20 04 25 00 08 84 ff 10 45 41 21 19 13 f0 13 0b 04 0c f0 fd 03 20 04 25 00 08 84 ff 10 45 47 21 1a 18 f0 13 0b 04 0c f0 fd 03 fd 0f 03 13 02 20 04 25 00 08 84 ff 10 45 47 21 1b 13 f0 13 0b 04 0c f0 fd 03 20 04 25 00 08 84 ff 10 45 45 21 17 17 0b 04 0c f0 fd 03 f0 13 20 04 25 40 08 84 ff 10 45 63 08 10 40 43 21 9c 00 fd 32 a1 e5 a5 e6 a5 e7 95 00 01 4a b3 00 0f d1 18 00 fd fe a2 10 fd 5b fd 5c f0 00 9b 9b 9b 9b 9b 17 f9 18 f9 19 f9 1a f9 1b f9 d2 8d 2e 21 02 fd 0e 00 81 09 71 f0 1d 0c 04 10 40 57 04 fd fd fd 8e 99 07 0f f0 3b fd fc 15 fa 15 1d fd 01 10 44 5a 02 10 43 6a 08 10 41 6a 04 10 40 6a 02 10 45 6a 01 10 46 6a 01 fd 0f 03 16 06 f0 03 00 f0 0f 01 f0 1d fd 32 f0 59 15 f0 83 08 40 00 f0 44 91 17 f0 32 14 f2 7a 02 15 04 f0 0b 14 01 0c 0b f0 13 10 41 64 10 10 40 44 64 08 14 f6 14 85 21 10 46 67 10 00 83 08 4a 17 15 f2 78 00 f0 77 15 fa 15 81 21 15 28 10 44 5a 02 6a 04 10 43 6a 0a 10 41 6a 06 10 40 6a 02 10 45 6a 01 10 46 6a 01 f0 63 10 81 f0 1d 10 83 f0 3b 10 84 f0 59 16 13 92 10 1d 0d 08 40 01 f0 06 00 10 43 6a 04 10 41 6a 06 01 f0 e7 91 18 fd 32 0c 04 10 43 52 02 15 09 10 43 5b 04 6b 0a 08 40 02 00 05 f0 0d 08 40 05 f0 ef 15 08 10 45 5a 04 10 46 5a 02 16 14 92 10 1d 09 f0 29 10 45 5a 03 6a 02 10 46 6a 06 10 45 6a 04 0c 09 f0 21 10 40 5a 06 10 45 4a fd 32 fd 8e 00 0a 06 a1 11 15 f2 78 00 f0 3b 15 fa 16 81 00 15 04 10 44 5a 08 16 04 10 44 5a 08 fd 32 fd 4d 01 15 f9 16 f9 d2 77 2f 00 82 09 72 fd 8e 72 00 06 95 00 01 90 02 f0 00 94 a0 4e d1 14 01 71 f0 1d 1c f2 87 00 f0 1d 0c 06 10 40 90 0b 0f 00 00 81 74 60 c4 a2 62 a0 1d f0 1d a4 1d 1d f2 87 00 f0 1d 00 81 72 60 c4 a2 62 a0 1d f0 1d a4 1d 1c f2 87 00 f0 1d 00 81 74 60 c5 a2 62 a0 1d f0 1d a4 1d 1d f2 87 00 f0 1d 00 81 72 60 c6 a2 62 a0 1d f0 1d a4 1d 1c f2 87 00 f0 1d 00 81 74 60 c7 a2 62 a0 1d f0 1d a4 1d 1d f2 87 00 f0 1d 00 81 72 60 c8 a2 62 a0 1d f0 1d a4 1d 1c 29 0b 04 fd 02 10 41 20 04 9c 21 25 00 08 00 ff 53 02 71 9c 21 25 00 08 00 ff 51 02 73 9c 21 25 00 08 00 ff 53 02 63 0c 21 01 1d a3 0b 04 fd 02 10 41 20 04 25 00 08 00 ff 53 02 75 25 00 08 00 ff 55 02 73 25 00 08 00 ff 53 02 63 0c 21 01 f2 46 39 f2 46 3b 1c f9 1d f9 f0 1d a0 4a d1 14 01 00 f2 8b 01 d0 77 01 9b 9b 9b 9b fe dc 20 f7 0e a1 0d 91 02 d2 9e 30 21 fa 21 8c 0c f0 07 02 10 81 80 11 14 73 10 40 d9 0d 23 32 00 0c f0 00 3d b5 2f 77 0b 04 fd 02 0b f0 21 91 0b 04 fd 02 02 10 41 10 83 53 01 51 04 53 04 f0 1d 60 77 02 e1 fd 60 21 86 08 48 06 f0 1d 09 00 f3 9e 02 f0 1d 21 0c 10 81 10 46 57 02 73 f0 09 08 48 06 60 78 a2 d4 fd 32 1e f8 1f f8 20 f8 60 79 a2 de 21 81 09 00 01 73 1e 11 92 0c 23 00 0b 04 fd 02 10 43 51 01 77 0c 04 fd 03 1f 12 f0 13 92 0c 23 00 0b 04 fd 02 10 43 57 05 0c 04 fd 03 00 03 f0 09 77 20 92 f0 27 92 0c 23 00 0b 04 fd 02 10 43 57 05 0c 04 fd 03 60 83 82 de f0 09 d8 26 61 30 21 86 08 48 06 f0 13 09 d2 67 30 21 84 08 48 06 09 f0 27 1e 81 73 dd 0d 73 30 00 81 77 60 84 a2 de 00 94 08 4a 17 f0 05 08 4a 18 f0 07 08 4a 17 f0 03 08 4a 03 f0 01 76 64 00 f3 9e 02 dd 0d 9d 30 0c 84 10 45 53 02 7f 68 12 00 10 1e 00 0c 84 10 44 60 10 72 c8 14 94 10 46 10 81 65 08 73 f0 13 41 73 f0 13 45 73 f0 13 61 08 73 7f d2 0d 32 60 7b a2 d4 00 85 08 43 84 f0 3b 60 7d a2 60 00 81 09 1c 8a 92 10 1e 04 65 04 00 65 0c 71 00 81 75 65 60 7e 02 dc 65 1c f2 72 00 60 7f a2 dc f0 1d 14 06 08 48 07 f0 1d 09 00 03 f0 27 77 60 85 a2 d4 fd 32 1c fa 1c 88 09 77 08 48 8f f0 1d 09 60 86 a2 dc 14 08 f0 13 08 48 06 f0 13 09 fd 32 14 0a f0 09 08 48 06 f0 09 09 f0 09 60 87 82 d4 fd 32 14 0b d4 01 08 48 06 f0 09 09 f0 09 d7 60 88 a2 d4 fd 32 14 89 10 43 43 f0 1d 4a 4b 4a 4b 60 7c a2 d4 14 83 08 48 06 f0 1d 1c 17 71 f0 09 08 48 8a 10 40 6a 08 10 41 6a 08 08 48 8b 10 43 4b f0 3b 09 00 03 f0 1d 75 60 82 a2 dc f0 09 1c 83 08 40 86 f0 1d 60 6d 83 dc f0 09 1c 06 09 f0 1d 08 48 86 60 6e a3 dc f0 3b 1c 8c 08 48 86 f0 1d 09 02 10 45 61 0e 01 f0 3b f0 3b f0 3b fd 31 00 04 72 06 03 46 fd 88 00 fd 88 01 fd 8e 80 07 01 7f fd 32 60 80 a2 42 f0 1d 00 94 07 02 d4 06 7b 07 d7 10 80 08 52 0a f0 1d 9c 0d f0 1d 09 72 a2 10 14 86 92 11 1b 06 09 73 00 85 10 45 06 03 42 00 f3 8b 01 fd 30 f0 1d f0 1d fd 8e b2 07 01 7f fd 89 00 fd 89 01 a1 2d a1 2e a1 2f a1 6d a0 10 a2 12 a2 10 b0 05 e0 00 d0 d0 02 fe 21 86 10 43 4a 4b 10 40 60 81 a2 e1 65 64 00 0b 80 10 16 71 f0 1f 51 03 52 01 77 21 07 f0 0f 53 01 51 04 73 fd 32 60 77 02 e1 fd 60 21 86 08 48 06 f0 1d 09 00 f3 9e 02 f0 1d 21 05 f0 1d 08 48 06 60 78 a2 e1 fd 32 1e f8 1f f8 20 f8 60 79 a2 de 21 81 09 00 03 f0 07 73 1e 14 92 0d 22 04 0b 04 fd 02 10 43 57 09 67 04 41 77 0c 04 fd 03 1f 15 f0 13 92 0d 22 00 0b 04 fd 02 10 43 57 06 55 01 71 0c 04 fd 03 20 15 f0 27 92 0d 22 04 0b 04 fd 02 10 43 57 05 55 01 71 0c 04 fd 03 00 03 f0 13 77 fd 32 64 d2 4c 30 fd 88 00 40 88 21 f8 be b2 e7 32 1d fa 1d 89 fd 01 92 14 76 04 73 0b 40 1d f2 62 00 f8 be b4 fa 32 1b fa 1b 86 fd 01 0b 40 0b 10 1b f2 80 00 f8 be b0 06 33 1c 85 fd 01 73 0b 40 1c 03 fd 0f 03 18 83 fd 0f 03 d2 3e 0f 16 f2 6c 00 14 fa 14 f0 81 21 14 f2 6e 00 f0 95 15 fa 15 f0 81 21 15 f2 6e 00 f0 95 d2 17 33 a1 e5 a1 e7 a1 e6 4a 0a 00 0f d1 18 00 fd 43 19 fa 19 86 92 04 19 04 00 77 00 85 92 05 18 04 73 a0 4e d1 14 01 71 19 85 10 40 55 02 01 f2 45 33 f2 45 31 fe fe fe fe fe da 18 a5 33 a2 18 a8 07 55 ac 0c 02 d1 f4 0e fe 9b 9b 9b 9b 9b 14 fa 14 84 07 73 10 43 00 88 0c f0 80 1b 31 77 0b f0 60 ff a9 c0 00 82 53 02 14 83 07 53 02 00 81 77 14 81 04 fe 60 8f a2 c0 fe 16 fa a8 09 16 d1 16 01 16 f2 63 00 60 90 a2 d0 fe d8 26 f7 0e f8 4c 29 f7 0e a0 26 a0 1d 00 0a 0c f0 80 0c 5f 61 08 75 0b f0 14 01 71 15 01 75 fd 32 f0 1d a4 1d 14 f2 67 00 fd 32 a0 1d f0 1d a4 1d 15 f2 67 00 00 83 f0 1d 71 a0 1d f0 1d fd 32 14 16 10 40 0c 10 0b 04 10 40 20 04 25 c0 06 60 ff 61 0b 10 45 61 04 21 15 18 10 40 0c 10 0b 04 10 40 20 04 25 c0 06 60 ff 9c 21 65 0b 10 45 65 04 21 fd 32 4a 0b 00 0f a0 52 d1 f3 03 f2 4c 29 f2 4c 2b 14 f9 15 f9 f8 47 2b 55 34 71 fe fe fe fe fe fe fe fe fe fe fe fe fe f8 45 b1 f8 0e 00 01 72 16 85 10 44 67 08 75 71 16 84 10 40 67 08 6a 4c 81 6b 4c 81 9c 10 16 04 47 01 fd f2 00 06 f0 09 70 f0 1d 72 fd 32 fe 1a 86 10 44 66 02 13 00 d8 27 86 35 f8 45 31 97 34 71 fe f8 47 ab f8 0e da 15 9a 35 15 fa 16 fa 16 01 71 15 01 75 17 84 92 03 43 00 70 17 83 10 46 47 7f 17 81 75 00 81 75 16 86 10 c1 47 51 03 73 17 01 77 17 f2 63 00 00 81 70 fd 32 17 fa 17 03 7e 00 00 16 82 45 73 00 81 77 f0 00 00 f3 9e 02 f0 00 15 03 10 41 45 17 03 f0 09 71 00 83 f0 09 70 fd 32 17 f2 63 00 f0 00 17 fa a8 09 17 d1 16 01 17 04 10 c1 43 75 00 81 71 fd 32 a8 07 73 ac 0c 02 d1 f4 0e a2 15 fe fe fe fe fe fe fe fe fe fe fe 60 9a a2 d7 66 a3 35 f0 13 00 f3 9e 02 f0 09 17 f2 63 00 60 ba a2 d7 17 fa a8 09 17 d1 16 01 17 0d 0b 04 fd 02 57 07 51 03 55 03 53 07 75 15 06 f0 1d 77 f0 77 75 16 06 f0 1d 77 f0 77 73 00 06 f0 1d 77 f0 77 71 fd 32 60 bb a2 d7 9c 55 a8 07 73 60 0c a2 02 50 73 fd 32 00 83 f0 1d 72 fe de 15 91 35 17 85 92 04 3f 00 73 d1 51 00 fe f8 47 ab f8 0e 17 85 92 04 3f 00 73 71 fe f0 1d 17 81 71 60 bd a2 d7 a2 15 fe 60 be a2 d0 fe f8 45 31 d4 35 71 fe 16 85 92 0c 61 04 77 6b 4c 81 f8 4c a9 d2 35 f2 4c 2d 16 f9 6b 4c 83 71 fe f8 47 2b bb 35 d0 01 01 f8 4c 29 e6 35 60 95 a2 d0 fe 60 96 a2 d0 fe 60 91 a2 d0 fe 60 92 a2 d0 fe 60 93 a2 d0 fe 9c 00 a1 e5 a5 e6 a5 e7 4a 0b 00 0f d1 18 00 f8 45 31 15 36 10 f9 f2 47 2b 71 fe f8 47 2d f8 0e 00 85 92 19 1b 00 73 15 f9 f2 47 2b 16 fa 16 81 77 a0 4e d1 14 01 71 f8 47 29 68 36 16 1e 0b 04 fd 02 10 83 10 41 55 03 65 08 57 04 71 06 10 46 10 81 47 67 08 10 41 10 83 07 47 01 00 83 f0 1d 76 00 83 f0 1d 72 f2 47 2d fe fe fe fe fe 16 0d 0b 04 fd 02 10 83 10 41 55 02 57 06 01 d2 56 36 60 94 a2 d0 fe f8 47 2b f8 0e f8 45 31 8b 36 71 fe f8 47 2d f8 0e 16 84 92 19 1c 00 f8 47 a9 a2 36 f8 47 ab a2 36 71 fe 71 fe 9c 35 16 f2 88 00 14 fa 14 f2 85 00 f0 ef 15 fa 15 f2 85 00 f0 ef d2 aa 36 f8 e0 af fe 36 f8 e0 b1 fe 36 f8 e1 2b d0 36 da 16 1e 37 14 f8 14 85 92 07 16 04 75 14 fa 14 f2 77 00 15 05 92 07 10 04 77 16 05 92 05 12 04 73 fd 32 15 fa 16 fa 15 f2 77 00 16 f2 80 00 d2 32 0f a0 1b 14 fa 15 fa 16 fa 14 01 06 15 01 06 16 01 06 14 f2 71 00 15 f2 71 00 16 f2 71 00 d2 32 0f f8 e1 2b d0 36 14 f9 d2 df 36 f8 be 30 d3 18 60 a2 a2 d0 fe da e7 a2 37 da 1b 82 37 da 1a 94 37 fd 58 81 e2 00 00 43 17 d1 03 0e 60 9d a2 d0 66 73 37 f0 09 d1 03 0e 00 f3 9e 02 f0 09 60 9f a2 d0 ac 0c 02 a8 07 73 d1 f4 0e 51 81 a2 1a a6 1b 10 f2 d2 03 fe 00 f3 9f 02 fd 32 f0 09 60 9e a2 d0 a2 1b fe d1 03 0e 60 a0 a2 d0 fd 58 81 e2 00 00 9e 37 d2 4d 37 60 9c a2 d0 fe a0 1e d2 43 17 60 79 83 d0 60 7a a3 d0 a2 e7 fe 60 a3 a2 d0 fe 60 aa a2 d0 b0 11 08 00 44 03 fc 9c 47 fd 5b fd 5c fe d8 e9 e3 37 d8 66 e8 37 da 24 d1 37 60 b0 a2 d0 fe d8 e9 e3 37 da 10 de 37 60 d2 a2 d0 fe 60 d3 a2 d0 fe 60 db a2 d0 fe d8 ef 3f 38 a0 ef 60 b0 a2 d0 00 87 0c f0 80 03 41 43 76 19 8b 01 92 03 42 00 67 04 00 67 0c 75 14 81 71 60 13 a9 d0 19 86 08 40 07 f0 09 09 f0 09 60 14 a9 d0 60 15 a9 d0 f0 09 19 86 08 40 07 f0 09 09 f0 09 60 16 a9 d0 f0 09 00 01 77 19 86 63 0c 92 10 42 00 fe 60 17 a9 d0 fe da c7 68 38 da 0b 6d 38 fd f0 4b 29 63 38 fd f0 4b 2b 63 38 fd f0 4b 2d 63 38 60 8a a2 d0 fe 60 b1 a2 d0 fe 60 ac ae d0 fe 60 a5 8e d0 60 a6 ae d0 f0 09 14 85 73 04 f0 1d 01 a2 c8 fe c3 e2 15 00 8c 38 60 b2 a2 d0 fe 60 4f af d0 fe d8 17 b2 38 da c7 9d 38 da c8 b2 38 14 85 10 44 61 08 77 d8 f7 f8 0e da 30 ae 38 71 fe 15 f8 71 fe 14 f9 71 fe a1 e5 a1 e6 a1 e7 4a 0a 00 1c d1 18 00 1d fa 00 05 92 11 71 04 73 1d f0 87 92 11 72 04 77 0b 40 a0 4e d1 14 01 71 f0 1d 60 b3 a2 d0 ac 0a 00 fd 52 9c 0d 60 03 a2 02 1d f2 62 00 fe 4a 0b 00 1c a0 52 a8 09 1a d1 f2 03 1a 02 0c f0 1b fa 00 05 92 0e 77 00 73 1b f0 89 92 0e 78 00 77 0b 40 0b 01 fd 32 71 f0 1d 60 9c a2 db 65 d3 25 17 1b 82 fd 0e 1b f2 80 00 fe 15 fa 16 04 94 00 00 fd 15 84 92 10 10 04 15 f2 71 00 d0 05 01 a0 52 b4 08 b5 09 4a 0a 00 0b d1 f2 03 f8 e0 af a3 39 14 fa 15 fa 16 fa 14 06 07 92 05 14 04 77 15 06 07 92 04 15 04 77 16 06 07 92 05 16 04 77 00 85 92 05 13 04 73 fd 32 a0 4e d1 14 01 71 f8 e1 2b a5 39 14 83 f0 3b 73 65 14 84 10 43 4a 4b 14 8c 0b 04 fd 02 45 53 03 55 01 57 02 01 a2 16 fe 71 fe 9b 9b 9b 9b 9b 9b 9b 9b 9b 9b 9b 9b 9b 9b 9b 9b 9b a8 07 73 ac 0c 02 d1 f4 0e fe f8 e1 2b e5 39 14 fa 14 f0 87 0c f0 0b 04 7e 00 00 f0 00 fd 3d 14 d1 39 60 b5 a2 d0 14 82 0b 40 14 f2 16 00 fe 14 fa 14 f0 87 0c f0 0b 04 7e 00 00 f0 00 fd 3d 14 f1 39 60 b6 a2 d0 14 82 0b 40 14 f2 17 00 fe a0 52 b4 08 b5 09 4a 0b 00 0b d1 f2 03 f8 e0 31 54 39 71 fe f8 e1 2b 23 3a 60 b9 a2 d0 fe 60 d7 a2 d0 fe 16 f9 da 16 30 3a 71 fe f8 e1 2b 2d 0f 16 f8 16 fa 16 f2 71 00 71 fe a0 52 b4 08 b5 09 4a 0b 00 0b d1 f2 03 a2 16 32 16 b9 3a a2 17 00 87 0c f0 92 07 2c 06 75 71 16 fa 16 85 07 10 40 51 02 f0 09 00 f3 9e 02 f0 09 f0 09 a8 07 73 ac 0c 02 d1 f4 0e 16 85 53 02 51 02 77 00 81 73 14 fa a8 09 14 d1 16 01 14 83 73 0b f0 f0 1d 14 f2 17 00 16 89 10 41 55 05 53 05 fd f2 01 00 f2 8b 01 fe 9b 9b 9b 9b 9b 9b 9b 9b 9b 9b 9b 9b 9b 9b 9b 9b 9b fe 71 00 f2 8b 01 fe a5 e6 a5 e7 a1 e5 4a 0b 00 1c d1 18 00 10 fa 10 88 21 01 92 0d 51 12 0c f0 71 fe a5 e6 a5 e7 a1 e5 4a 0a 00 0f d1 18 00 10 fa 10 88 21 01 92 0b 12 04 0c f0 71 fe dc 20 f7 0e a4 20 fe d8 20 f7 0e a0 20 fe 68 7f 80 11 2c 00 fe 68 7b 80 0b 08 00 fe a4 23 b0 0b 1e 00 b0 0c 12 00 d1 42 00 68 7c 80 05 36 00 fe a4 23 b0 0b 05 00 b0 0c 36 00 d1 42 00 68 7f 80 1e 12 00 d0 0e 01 d1 41 00 68 7c 80 0b 2a 00 a0 25 fe a4 26 b0 0b 0f 00 b0 0c 22 00 d1 42 00 68 81 80 0c 7e 00 d0 0d 01 b0 0b 0c 00 b0 0c 7e 00 d1 42 00 68 7c 80 0f 22 00 fe b0 0b 19 00 b0 0c 64 00 d1 42 00 68 7e 80 02 64 00 d0 0d 01 b0 0b 02 00 b0 0c 64 00 d1 42 00 68 81 80 19 64 00 d0 0d 01 b0 0b 07 00 b0 0c 5a 00 d1 42 00 68 80 80 0c 54 00 d0 0d 01 b0 0b 0c 00 b0 0c 54 00 d1 42 00 68 7e 80 07 5a 00 d0 0d 01 b0 0b 1a 00 b0 0c 38 00 d1 42 00 a1 35 a1 75 68 21 80 05 14 00 d0 0e 01 fe a5 e0 f8 7f ae e4 3b f2 7f ae 17 f8 40 ad 21 40 f9 61 71 fe d8 19 f5 3b f0 00 d2 ec 3b 0c f3 92 02 d2 ec 3b a4 1b dc 1c f7 0e 00 c0 01 fd 01 13 00 f0 00 dc 1c 12 3c d2 09 3c 08 42 08 92 19 1c 0a 00 10 46 63 0e 13 01 0c 04 0c f0 fd 03 d4 03 08 43 82 94 00 00 f3 6b 03 08 42 08 63 10 d7 f0 3b 77 0b 04 0b f0 fd 02 10 40 fd 00 30 d1 14 01 31 00 f3 9f 02 00 f2 8b 01 fe a0 26 b0 0b 0d 00 b0 0c 26 00 d1 42 00 68 8f 80 02 7b 00 34 00 00 8e c8 00 b1 0d 00 09 99 94 10 00 00 7e 00 00 71 f0 00 3d 78 3c fe 64 fd 43 46 00 a4 4e d1 41 00 68 7c 80 0d 26 00 a0 26 fe 3d f7 0e fd 59 e2 00 00 d6 3c 18 f7 18 16 fd 03 94 00 00 18 b6 08 00 70 7e 6c 00 10 40 68 0c fd 02 68 0c 01 19 f7 19 16 fd 03 94 00 00 18 b6 08 00 70 7e 6c 00 10 40 68 0c fd 02 68 0c 01 9c 37 ac 02 00 fd 53 00 09 08 43 08 7e 6c 00 f0 09 09 f0 00 fd 3d 10 e1 3c fe a5 e0 18 06 fd 0f 03 08 40 01 19 06 fd 0f 03 08 40 01 16 03 fd 0f 03 17 03 fd 0f 03 14 04 fd 0f 03 01 15 04 fd 0f 03 01 fd 32 fe d8 48 22 3d 14 05 92 0a 0a 02 73 d2 29 3d 14 05 92 04 16 02 77 f8 7b 2a 31 3d 15 01 01 f8 7b 2c 39 3d 16 01 01 f8 7b 2e 41 3d 17 01 01 f8 7b 30 49 3d 18 01 01 40 01 2d d8 48 f7 0e 71 fe fd 43 4a 1e 00 15 d1 b8 01 d8 01 6c 3d d8 00 c2 13 00 84 92 05 13 04 d2 72 3d 00 84 92 04 16 02 a0 4e d1 14 01 dc 01 7f 3d 10 f4 02 00 71 00 9b d4 03 01 f0 03 00 f0 03 d7 d4 03 01 f0 01 00 f0 01 d7 d4 03 01 f0 00 00 f0 00 d7 40 01 2d fe fd 43 4a 1f 00 15 d1 b8 01 d8 01 bb 3d d8 00 c2 13 00 84 92 07 10 02 d2 c1 3d 00 84 92 05 13 04 a0 4e d1 14 01 dc 01 ce 3d 10 f4 02 00 71 d2 80 3d fd 43 4a 1f 00 15 d1 b8 01 d8 01 ec 3d d8 00 c2 13 00 84 92 08 0d 04 d2 f2 3d 00 84 92 07 10 02 a0 4e d1 14 01 dc 01 ff 3d 10 f4 02 00 71 d2 80 3d fd 43 4a 1e 00 15 d1 b8 01 d8 01 1d 3e d8 00 c2 13 00 84 92 0a 0a 02 d2 23 3e 00 84 92 08 0d 04 dc 01 2b 3e 10 f4 02 00 71 d2 80 3d d8 00 3b 3e d8 01 3d 3e f5 10 f9 fe fb ff fe 3d f7 0e fd 59 e2 00 00 83 3e 1c f7 1c 16 fd 03 94 00 00 18 b6 08 00 70 7e 6c 00 10 40 68 0c fd 02 68 0c 01 1d f7 1d 16 fd 03 94 00 00 18 b6 08 00 70 7e 6c 00 10 40 68 0c fd 02 68 0c 01 9c 37 ac 02 00 fd 53 00 09 08 43 08 7e 6c 00 f0 0e 09 fe a5 e0 a8 3f 14 d1 19 01 15 03 fd 0f 02 16 03 fd 0f 02 17 03 fd 0f 03 18 03 fd 0f 03 19 03 fd 0f 03 1a 03 fd 0f 03 1b 03 fd 0f 02 1c 03 fd 0f 03 1d 03 fd 0f 03 14 03 fd 0f 03 1e 03 fd 0f 03 1f 03 fd 0f 03 fd 32 fe d8 25 6d 3f d8 26 c2 3f 64 60 ed 89 d0 66 62 3f d1 03 0e 00 f3 9e 02 f0 09 ac 0a 00 bb 12 d1 12 01 d8 4b 83 3f ba 12 fd 53 da 1f 08 3f ac 14 00 b5 4c 60 ee 89 d0 66 41 3f 00 f3 9e 02 f0 09 64 60 44 83 c0 00 97 10 81 0c f0 fd 03 0c 04 80 04 73 0b 04 fd 02 51 02 62 08 0b f0 10 80 60 36 a3 c0 34 ef 95 02 00 a0 26 d0 bd 01 00 f3 9f 02 f0 09 b4 4c 60 ef 89 c0 66 59 3f 00 f3 9f 02 f0 09 d2 15 3f 00 f3 9e 02 f0 09 d2 47 3f 00 f3 9f 02 f0 09 60 47 a3 d0 fe b4 4c bb 1d ba 12 c1 00 ec 88 3f 60 48 a3 d0 35 ff a4 4e a4 25 fe 60 6f a3 d0 fe ba 12 ad 02 00 b5 4c 60 45 a3 d0 da cc a5 3f a2 cc a8 07 73 ac 0c 02 d1 f4 0e d2 7c 3f da cd b7 3f a2 cd a8 07 74 ac 0c 02 d1 f4 0e d2 7c 3f 9c 5e 60 0e a2 00 53 01 d2 7c 3f 64 60 46 a3 d0 fe b0 12 00 00 35 ef 40 bf 21 ac 1e 00 bb 13 91 2f d2 13 40 b3 13 e4 13 0a 00 1b 40 e4 13 00 00 f2 3f ba 13 60 43 03 40 d2 13 40 60 62 03 40 fd 43 fd 44 fd 30 95 02 00 a4 26 a0 25 35 ff a2 1f 00 f2 8b 01 f0 00 3d 0b 40 91 07 fe b0 0e 50 00 45 be 31 fe ba 12 c0 14 00 ec 26 40 d2 e3 3f a0 4e d2 e3 3f dc 20 40 40 dc 21 40 40 dc 22 40 40 dc 23 40 40 f0 00 d0 bf 01 b6 04 00 e2 01 00 8b 40 e2 02 00 d4 40 e2 03 00 0d 41 d8 20 2b 40 a4 19 b6 17 00 c0 15 00 ec 70 40 c0 10 00 ec 79 40 c0 02 00 ec 82 40 d2 c4 40 19 f2 a0 01 a0 20 d0 bf 01 1e f2 a0 01 a0 20 d0 bf 01 15 f2 a0 01 a0 20 d0 bf 01 d8 21 2b 40 a4 1a b6 17 00 c0 15 00 ec a9 40 c0 10 00 ec b2 40 c0 02 00 ec bb 40 d2 c4 40 1a f2 a1 01 a0 21 d0 bf 01 1f f2 a1 01 a0 21 d0 bf 01 16 f2 a1 01 a0 21 d0 bf 01 e9 2b 40 f0 46 d0 bf 01 e8 2b 40 f0 62 d0 bf 01 d8 22 2b 40 a4 1b b6 17 00 c0 15 00 ec f2 40 c0 10 00 ec fb 40 c0 02 00 ec 04 41 d2 c4 40 1b f2 a2 01 a0 22 d0 bf 01 20 f2 a2 01 a0 22 d0 bf 01 17 f2 a2 01 a0 22 d0 bf 01 d8 23 2b 40 a4 1c b6 17 00 c0 15 00 ec 2b 41 c0 10 00 ec 34 41 c0 02 00 ec 3d 41 d2 c4 40 1c f2 a3 01 a0 23 d0 bf 01 21 f2 a3 01 a0 23 d0 bf 01 18 f2 a3 01 a0 23 d0 bf 01 d8 19 f7 0e a0 19 9c 42 00 f2 d2 00 15 f2 a4 01 b2 12 ba 13 60 43 03 40 fe d8 1a f7 0e a0 1a 9c 42 00 f2 d2 00 16 f2 a5 01 b2 12 ba 13 60 43 03 40 fe d8 1b f7 0e a0 1b 9c 42 00 f2 d2 00 17 f2 a6 01 b2 12 ba 13 60 43 03 40 fe d8 1c f7 0e a0 1c 9c 42 00 f2 d2 00 18 f2 a7 01 b2 12 ba 13 60 43 03 40 fe 15 05 fd 01 fd 0f 03 16 05 fd 01 fd 0f 03 17 05 fd 01 fd 0f 03 18 05 fd 01 fd 0f 03 19 05 fd 01 fd 0f 03 1a 05 fd 01 fd 0f 03 1b 05 fd 01 fd 0f 03 1c 05 fd 01 fd 0f 03 1e 07 fd 01 fd 0f 03 73 06 1f 07 fd 01 fd 0f 03 73 06 20 07 fd 01 fd 0f 03 73 06 21 07 fd 01 fd 0f 03 73 06 22 09 94 02 06 00 fd 0f 03 fd 01 fd 32 8a 0f 6e f0 01 19 f2 23 03 1a f2 23 03 1b f2 23 03 1c f3 23 03 fe a5 e0 f2 7b a8 f2 7b aa f2 7b ac f2 7b ae f2 7f aa f2 7f ac f2 7f ae f2 7c a8 f2 7c aa f2 7c ac f2 7c ae f2 81 a8 f2 81 aa f2 81 ac f2 81 ae f2 7e a8 f2 7e aa f2 80 c0 f2 80 c2 c3 e2 21 00 73 42 a8 3f 14 71 fe d1 51 00 fe a8 3f 34 fd f0 21 2a 7f 42 15 81 00 d8 27 6f 42 d1 04 0e de cf 6d 42 fd f0 21 2a 6d 42 71 9c 95 a6 cf fe 35 00 1d f2 77 00 fd 45 fe 14 04 0c f0 fd 0d 16 05 0c f0 05 fd 0d 15 04 0c f0 fd 0d 17 05 0c f0 05 fd 0d 19 04 0c f0 fd 0d 1e 05 0c f0 05 fd 0d fd 32 fe 0c 87 10 44 80 07 41 10 45 a5 0f fd 45 1d fa a4 25 35 00 1d f0 8d 14 00 92 0a 51 00 77 fd 0d 0c f0 0c 04 00 f0 8d 08 46 86 0c f0 0c 04 92 0a 51 00 0b 04 d3 9f 42 72 3c d8 f1 09 43 40 d1 a1 fe d0 11 0e 9c 3f dc 25 21 43 d1 c8 01 da 2b 26 43 60 85 a3 d0 40 d5 a1 fe 34 ef f0 1f fe d1 c8 01 60 ac a3 d0 40 d5 a1 fe 9c 3f dc 25 46 43 d1 c8 01 da 2b 4b 43 60 86 a3 d0 40 d5 a1 fe 34 ef f0 1f fe d1 c8 01 d0 a2 03 9c 3f dc 25 62 43 d1 c8 01 60 87 a3 d0 40 d5 a1 fe 34 ef f0 1f fe 9c 3f dc 25 7c 43 d1 c8 01 da 2b 43 4b 60 99 a3 d0 40 d5 a1 fe 34 ef f0 1f fe d0 a3 03 9c 3f dc 25 b4 43 d1 c8 01 da 2b b9 43 60 89 83 d0 66 f5 43 da cb fd 43 a2 cb 60 aa a3 d0 9c 1b f0 09 9c 3f 60 bb a3 dd 60 bc a3 22 40 d5 a1 fe 34 ef f0 1f fe d8 66 ee 43 60 88 83 d0 fd 58 6d bb 12 b4 38 b8 12 e2 00 00 d4 43 64 40 d5 a1 fe 60 ad a3 d0 9c 1b ac 03 00 60 af a3 20 d4 02 50 6d d7 60 b1 a3 d0 40 d5 a1 fe 60 3f 89 d0 d2 c1 43 60 ab a3 d0 40 d5 a1 fe 60 40 a9 d0 40 d5 a1 fe 9c 3f dc 25 12 44 34 00 60 fb a2 d0 fe 34 ef f0 1f fe a2 2c a4 1c a4 50 a4 51 a4 18 a4 19 a4 1a a4 1d a4 1e a4 1f a4 26 a4 27 a8 0e 00 a8 0f 00 a8 4b 00 a8 4e 00 b0 12 00 00 b0 13 14 00 b0 15 14 00 b0 17 14 00 b0 19 00 00 b0 0a 00 00 b0 09 00 00 b0 08 00 00 b0 0b 00 00 b0 0c 00 00 b0 0d 00 00 b0 05 00 00 b0 06 00 00 b0 1c 00 00 b0 1d 00 00 b0 1e 00 00 b0 1f 00 00 dc f2 c5 44 b0 13 14 00 b0 17 14 00 b0 15 14 00 b0 0a 14 00 d8 f1 bc 44 b4 10 e2 03 00 d0 44 e2 04 00 eb 44 e2 05 00 12 45 e2 06 00 2d 45 e2 08 00 54 45 e2 0a 00 7b 45 e2 14 00 a2 45 e9 eb 44 e8 54 45 d2 7b 45 b0 0b 51 00 b0 14 32 00 d2 bd 45 b0 0b 4f 00 b0 14 30 00 b0 0d 51 00 b0 18 32 00 b0 0c 4c 00 b0 16 44 00 d2 bd 45 b0 0b 4d 00 b0 14 2f 00 b0 0d 4f 00 b0 18 2d 00 b0 0c 48 00 b0 16 44 00 dc f1 bd 45 b0 1c 4a 00 b0 1d 2b 00 d2 d8 45 b0 0b 4a 00 b0 14 2d 00 b0 0d 4d 00 b0 18 29 00 b0 0c 46 00 b0 16 40 00 d2 bd 45 b0 0b 46 00 b0 14 2a 00 b0 0d 4c 00 b0 18 26 00 b0 0c 44 00 b0 16 3e 00 dc f1 bd 45 b0 1c 44 00 b0 1d 26 00 d2 d8 45 b0 0b 44 00 b0 14 27 00 b0 0d 4a 00 b0 18 22 00 b0 0c 40 00 b0 16 3a 00 dc f1 bd 45 b0 1c 41 00 b0 1d 24 00 d2 d8 45 b0 0b 42 00 b0 14 23 00 b0 0d 46 00 b0 18 1f 00 b0 0c 3e 00 b0 16 37 00 dc f1 bd 45 b0 1c 42 00 b0 1d 1e 00 d2 d8 45 b0 0b 38 00 b0 14 1e 00 b0 0d 3c 00 b0 18 10 00 b0 0c 34 00 b0 16 2c 00 d2 bd 45 dc f2 d5 45 fd 58 6d c0 06 00 ec cf 45 b5 4b d2 d8 45 a8 4b 05 d2 d8 45 a8 4b 03 95 02 00 f0 3b fd 32 91 10 1d f0 83 10 85 04 16 01 04 17 01 04 1e 01 04 fd 32 f0 00 fd 97 04 f2 45 95 02 02 f0 00 fd 97 03 fc 45 40 d2 21 d8 f1 f7 0e 40 d4 61 cb f0 00 e7 20 00 77 46 e7 80 00 86 46 fd 97 02 0d 46 d2 2d 46 f0 00 de 2c f7 0e fd 97 02 22 46 f0 00 de 2c f7 0e fd 97 01 2d 46 cb e7 20 00 59 46 e7 80 00 68 46 f0 00 fd 97 02 38 46 a4 50 a4 51 b0 19 00 00 b0 0a 00 00 d2 2d 46 d8 50 95 46 d8 51 9e 46 a0 50 a4 51 d2 22 46 d8 51 95 46 d8 50 b0 46 a0 51 a4 50 d2 22 46 a0 50 a4 51 00 f2 f3 01 1d f2 af 01 d2 22 46 a0 51 a4 50 00 f2 f3 01 1d f2 af 01 d2 22 46 a0 19 b0 19 00 00 d2 22 46 a0 50 a4 51 b2 19 c2 19 04 00 ec c2 46 a0 18 d2 22 46 a0 51 a4 50 b2 19 c2 19 04 00 ec c2 46 a0 18 d2 22 46 a0 1b b0 19 00 00 d2 22 46 1e f2 1a 03 d8 f1 da 46 1d f2 af 01 d2 de 46 1d f2 1d 03 dc f2 09 47 17 f2 1b 03 16 f2 1c 03 19 fa 14 01 75 19 f0 8c 92 10 40 00 71 fd 0f 03 12 03 0c 04 19 f2 a5 02 14 f2 a5 02 d2 19 47 14 f2 a5 02 16 f2 a5 02 15 f2 a5 02 17 f2 a5 02 d8 f1 f7 0e 00 f2 f4 01 a4 18 a4 19 a4 1a a4 1b a4 1c f0 00 d8 18 40 47 d8 19 4d 47 d8 1b 65 47 d8 1c 5c 47 d2 2b 47 aa 0e 00 f2 f3 01 1d f2 ae 01 d2 21 47 b0 19 00 00 00 f2 f6 01 1d f2 ac 01 d2 5c 47 f0 00 d8 1a 21 47 d2 5c 47 b0 19 00 00 00 f2 f5 01 1d f2 ae 01 d2 5c 47 a5 e0 fe 20 81 04 b4 4b e2 00 00 87 47 bb 12 60 0b 82 22 f0 00 cb e7 40 00 92 47 d2 87 47 d8 1c 87 47 e4 12 00 00 87 47 b3 12 aa 4e e4 12 00 00 ad 47 60 0b 82 22 d2 ae 47 64 a0 1c 00 fa 1d fa 20 87 87 00 94 00 00 10 00 20 06 7e 6e 00 57 02 01 1d 71 f0 0d 08 49 86 f0 01 08 49 87 f0 01 08 49 88 f0 01 08 49 89 f0 01 08 49 8a f0 01 08 49 8b f0 01 08 49 8c f0 01 08 49 8d f0 01 08 49 8e f0 01 08 49 8f f0 01 08 49 90 f0 01 08 49 91 f0 01 08 49 92 f0 01 08 49 93 f0 01 08 49 94 f0 01 08 49 95 f0 02 08 49 96 f0 03 08 49 95 f0 01 08 49 97 f0 01 08 49 98 f0 01 08 49 99 f0 01 09 10 83 04 f0 03 fd 32 1d f2 ae 01 00 f2 f7 01 d2 87 47 35 0f 00 82 10 41 fd 30 1d 82 14 0c 34 0f 1d 82 87 00 1d f2 f9 01 ca e7 08 00 65 49 e7 04 00 73 49 e7 02 00 81 49 e7 01 00 8f 49 e7 09 00 16 49 e7 05 00 2c 49 e7 06 00 21 49 e7 0a 00 0b 49 e7 80 00 93 48 e7 40 00 9d 49 f0 00 d2 51 48 00 84 c9 00 bb 1f c8 80 ba 0d e3 00 00 51 48 fd ca e2 00 00 bb 48 e2 00 02 bb 48 e2 13 02 bb 48 e2 00 01 bb 48 d2 51 48 00 81 88 ba 1f ad 04 00 fd b0 07 00 bb 1f 34 00 e2 00 00 f0 48 e2 04 00 f0 48 1d f2 21 01 00 f2 20 01 00 f6 f0 00 3d df 48 6b 22 82 6b 22 84 6b 22 86 35 ff fe 1d f2 f2 01 00 f2 f1 01 00 f6 f0 00 3d fa 48 6b 22 82 6b 22 84 6b 22 86 35 ff fe 1d f2 d3 00 00 f3 e6 00 d2 5b 48 1d f2 d4 00 00 f3 e7 00 d2 5b 48 1d f2 d5 00 00 f3 e8 00 d2 5b 48 1d f2 d9 00 00 f3 e9 00 d2 5b 48 1d f2 da 00 00 f3 ea 00 d2 5b 48 1d f2 db 00 00 f3 eb 00 d2 5b 48 a0 27 1d f2 dc 00 00 f3 ec 00 d2 5b 48 1d f2 dd 00 00 f3 ed 00 d2 5b 48 ca e7 02 00 0b 49 e7 01 00 16 49 d2 37 49 ca e7 02 00 21 49 e7 01 00 2c 49 d2 42 49 ca e7 08 00 0b 49 e7 04 00 21 49 d2 4d 49 ca e7 08 00 16 49 e7 04 00 2c 49 d2 5a 49 34 00 00 03 7f 6c 00 1d f0 bd 14 0c c9 1d bb 19 e7 01 00 b5 49 d2 e4 49 e2 03 00 cc 49 e2 05 00 d4 49 e2 07 00 dc 49 10 81 08 52 83 d2 e1 49 10 81 08 52 03 d2 e1 49 10 81 08 51 0d d2 e1 49 10 81 08 51 8d f0 21 09 f0 00 3d e4 49 fd 32 d2 51 48 d8 25 f7 0e da 2c f7 0e 42 5c 4a 5c 4a d8 24 4f 4a da 20 12 4a a2 20 9c 3f 1d f2 77 00 60 d0 a9 d0 d2 2e 4a 9c 3f 65 64 d1 03 0e 60 81 83 d0 66 41 4a 00 f3 9e 02 60 82 a3 d0 1d fa 1d f2 77 00 1d f0 8d c9 1d ad 04 00 fd b0 07 00 70 bb 1f 06 a0 24 fe d1 03 0e f0 09 00 f3 9f 02 60 83 a3 d0 fe 1d 82 07 78 9c 3f 60 84 a3 d0 d2 2e 4a d8 24 61 4a fe 00 fa 1d fa 1d 84 0c f0 0c 04 fd 45 fd 31 a0 25 a0 24 c8 9d b2 0d 00 8e fd 03 0c f0 0c 04 10 44 06 98 01 d2 8d 4a 1d 81 07 d2 f8 4a fd 9e 3f e4 1f 01 00 c0 4a e4 1f 02 00 c6 4a e4 1f 03 00 cc 4a e4 1f 04 00 d2 4a e4 1f 05 00 d8 4a e4 1f 06 00 de 4a e4 1f 07 00 e4 4a 08 56 84 d2 e7 4a 08 56 85 d2 e7 4a 08 56 02 d2 e7 4a 08 56 05 d2 e7 4a 08 56 04 d2 e7 4a 08 56 06 d2 e7 4a 08 56 03 d2 e7 4a 08 56 86 b0 0d 00 00 9a 00 07 03 0b f0 0b 04 fd 02 fd 01 fe 1d 83 87 00 05 fd 32 6b 22 83 6b 22 85 6b 22 87 40 d5 a1 fe 9c 3e dc 25 33 4b d8 1b 38 4b da 2b 81 43 da cb 29 4b d1 c8 01 60 8a a3 d0 40 d5 a1 fe d1 c8 01 60 8b a3 d0 d0 dc 01 34 ef f0 1f fe d1 c8 01 60 b2 a3 de 40 d5 a1 fe d1 c8 01 60 8d a3 de 40 d5 a1 fe fd 44 d0 d1 01 fe 8f 00 00 03 7f 14 fa 16 fa 15 fa 17 fa 19 fa 1d fa 1e fa 14 f0 87 92 10 4d 00 75 fd 0d 1d f0 86 92 0a 51 00 71 05 1e 06 92 0b 53 00 77 01 16 f0 87 92 0b 4b 00 fd 0d 71 00 f0 87 92 0a 51 00 08 46 85 15 f0 85 92 14 45 00 75 17 f0 85 92 0f 43 00 71 19 f0 8b 92 13 3c 00 94 08 fc 00 fd 0d 71 fd 32 21 f9 a0 4e d1 14 01 fd 8e 40 00 b1 7f 71 1c 97 fd 01 92 0e 4b 00 fd 0f 03 13 02 10 40 10 81 08 40 0c 54 03 08 40 0a 9c 57 60 9a 83 62 66 e4 4d f0 1d 1c f3 7c 02 1c fa 65 60 fb 89 62 f0 09 1d f3 a6 02 1d f3 a6 02 1d 81 05 60 fc 89 62 f0 09 1d f3 a7 02 1d f3 a7 02 1d 81 05 60 fd 89 62 66 1b 4c d2 ef 4b 60 9c a3 62 d8 1a 28 4c 95 03 00 f0 77 91 13 95 02 02 a4 1a a4 18 f0 00 fd 97 04 31 4c 60 9d 03 62 1c f2 7c 02 f0 00 fd 97 05 40 4c 60 a1 03 62 1c f2 7c 02 f0 00 fd 97 06 4f 4c 60 9d 03 62 1c f2 7c 02 f0 00 fd 97 07 5e 4c 60 9e 03 62 1c f2 7c 02 f0 00 fd 97 08 6d 4c 60 9d 03 62 1c f2 7c 02 f0 00 fd 97 09 7c 4c 60 9e 03 62 1c f2 7c 02 f0 00 fd 97 0a 8b 4c 60 9f 03 62 1c f2 7c 02 f0 00 fd 97 0b 9a 4c 60 a0 03 62 1c f2 7c 02 1d f2 77 00 a8 0e 00 b0 19 00 00 b0 1c 78 00 cb f0 00 e7 20 00 45 4d e7 80 00 45 4d fd 97 01 b8 4c d8 18 db 4c a0 18 60 b3 03 62 1c f2 7c 02 d2 e5 4c a4 18 60 b4 03 62 1c f2 7c 02 cb f0 00 e7 20 00 6e 4d e7 80 00 79 4d fd 97 02 e5 4c f0 00 e7 20 00 45 4d e7 80 00 45 4d fd 97 01 f7 4c dc 18 19 4d a4 18 60 b4 03 62 1c f2 7c 02 d2 23 4d a0 18 60 b3 03 62 1c f2 7c 02 cb f0 00 e7 20 00 50 4d e7 80 00 5f 4d fd 97 02 23 4d a4 50 a4 51 aa 0e b4 0e e2 0a 00 c1 4d d2 b8 4c a4 50 a4 51 b0 19 00 00 d2 b8 4c d8 50 84 4d d8 51 8b 4d a0 50 a4 51 d2 e5 4c d8 51 84 4d d8 50 9f 4d a0 51 a4 50 d2 e5 4c a0 50 a4 51 1d f2 a6 02 d2 e5 4c a0 51 a4 50 1d f2 a6 02 d2 e5 4c b0 19 00 00 d2 e5 4c a0 50 a4 51 b2 19 c2 19 04 00 ec b3 4d 1d f2 a6 02 d2 e5 4c a0 51 a4 50 b2 19 c2 19 04 00 ec b3 4d 1d f2 a6 02 d2 e5 4c c2 19 08 00 ec c1 4d 1d f2 a7 02 d2 e5 4c 95 03 00 f0 77 94 c2 19 06 00 ec e0 4d e4 19 00 00 34 4e a0 1a 60 a3 83 62 66 e4 4d d2 1b 4c 60 a4 83 62 a4 1a 1c f3 7c 02 60 a5 83 62 1c 89 08 40 8c 50 03 60 10 03 01 64 dc 66 00 4e 21 f8 fd 8e b2 07 b1 1e 02 75 00 1d 03 71 10 85 00 83 08 46 85 7f f0 1d 9c 3e 60 8c a3 de f0 09 1e 01 77 00 03 08 46 86 1d 81 77 f0 3b d3 9f 42 40 d1 a1 35 00 fe a0 1a 60 a2 83 62 66 e4 4d d2 1b 4c dc 25 f7 0e fd 45 1d 03 77 10 81 00 8e 08 46 86 0c 04 0c f0 10 45 90 08 55 00 77 1d fa 1d f0 86 10 85 14 00 0b 04 a4 20 a4 21 a4 22 a4 23 a4 25 b0 1f 03 00 1d f2 21 01 00 f3 20 01 00 f3 8b 01 1d 82 0b 40 a4 24 35 ff fe dc 25 f7 0e fd 45 1d 03 77 10 81 00 8e 08 46 86 0c 04 0c f0 10 45 90 09 56 00 77 1d fa 1d f0 86 10 85 14 00 0b 04 a4 20 a4 21 a4 22 a4 23 a4 25 b0 1f 03 00 1d f2 21 01 00 f3 20 01 00 f2 8b 01 1d 82 0b 40 a4 24 35 ff fe dc 25 f7 0e fd 45 1d fa 1d 03 73 10 81 00 8e 08 46 05 0c 04 0c f0 10 45 90 17 36 00 73 1d fa 1d f0 86 10 85 14 00 0b 04 a4 20 a4 21 a4 22 a4 23 a4 25 b0 1f 07 00 1d f2 21 01 00 f3 20 01 00 f2 8b 01 1d 82 0b 40 a4 24 35 ff fe dc 25 f7 0e fd 45 1d 03 73 10 81 00 8e 08 46 05 0c 04 0c f0 10 45 90 17 37 00 73 1d fa 1d f0 86 10 85 14 00 0b 04 a4 20 a4 21 a4 22 a4 23 a4 25 b0 1f 07 00 1d f2 21 01 00 f3 20 01 00 f2 8b 01 1d 82 0b 40 a4 24 35 ff fe 35 ff 4b f4 00 fe 68 21 00 02 18 00 71 35 ff fe d8 25 8c 4f fd 58 ae e3 00 00 87 4f 60 48 a9 d0 fe 60 49 a9 d0 fe d1 c8 01 60 4b a9 d0 40 d5 a1 fe d8 25 a0 4f 60 4a a9 d0 fe d1 c8 01 60 4a a9 d0 40 d5 a1 fe b0 0b 11 00 b0 0c 12 00 d1 42 00 a0 48 68 7b 80 02 1a 00 d0 1a 01 b0 0b 05 00 b0 0c 14 00 d1 42 00 68 80 80 1a 38 00 d0 0d 01 dc 24 f7 0e a4 24 fe d8 24 f7 0e a0 24 fe dc 25 f7 0e a4 25 fe d8 25 f7 0e a0 25 fe d8 23 f7 0e a0 23 fe dc 23 f7 0e a4 23 fe d8 1f f7 0e a0 1f a4 20 d8 24 10 50 a4 23 a0 24 fe a4 24 a0 23 fe d8 20 f7 0e a0 20 a4 1f a4 21 d8 25 28 50 a4 24 a0 25 fe a4 25 a0 24 fe d8 21 f7 0e a0 21 a4 20 a4 22 d8 26 40 50 a4 25 a0 26 fe a4 26 a0 25 fe d8 26 f7 0e a0 26 a4 25 fe 4a 06 00 15 d8 01 5d af d8 00 c2 13 f5 10 f9 71 fe d8 48 6f 50 d1 41 00 68 37 00 11 12 00 d0 0d 01 d1 41 00 fe fd 42 d8 19 f7 0e a0 19 34 ef cb dc 19 98 50 e7 80 00 8c 50 f0 00 d2 7d 50 32 1b 93 50 d2 95 50 9c 0e 1b f8 fe fe fd 42 d8 18 f7 0e a0 18 34 ef b0 0e 18 00 45 fd 31 fd 40 fe dc 18 f7 0e 34 ef ca e7 49 00 ba 50 fe d4 07 ca e7 80 00 f4 50 e7 04 00 cb 50 f0 00 d7 fe 34 00 00 15 0c 04 08 4a 10 10 40 47 10 45 67 08 10 46 67 04 10 40 80 08 40 f8 7d 32 f4 50 f0 09 19 f9 9c 5e 53 01 f2 7d 32 fd 32 00 f2 8b 01 fe 10 fd b0 15 01 00 d0 17 01 f0 00 d8 1b 0d 51 d2 04 51 f0 00 3d 0d 51 dc 1a 04 51 dc 1b 04 51 35 00 00 99 0c f0 08 43 89 10 41 7e 48 00 53 02 f0 00 3d 2a 51 10 81 08 43 06 80 15 24 00 86 73 09 0b f0 10 40 00 f3 9f 02 a4 1b 35 ff d0 f9 01 dc 1b f7 0e a4 1b f8 7f 2e 56 51 fe f2 7f ae 17 86 92 12 2a 02 0b f0 17 f8 17 f2 93 02 fe d8 1b f7 0e a0 1b fe dc 1b f7 0e a4 1b fe a4 18 fe dc 19 f7 0e a4 19 fe c3 e2 80 00 95 51 0c 04 10 41 5a 02 d1 20 00 f3 7d 38 fd 32 fe 0c 04 10 41 5a 02 d1 20 00 f3 80 28 fd 32 fe 95 01 60 da 27 9d 57 a2 27 90 1c 15 03 fd 0f 00 15 0d 0c 20 0c 10 12 03 10 44 67 08 05 10 81 14 04 92 07 14 00 18 03 08 40 04 17 8b fd 01 10 44 63 08 10 40 fd 0f 02 fd 31 71 f0 09 15 03 7e 40 00 1b 06 7e 40 00 fd 0f 03 60 e0 a2 d5 fd 32 00 84 70 fd 0f 03 f0 1d 15 09 f0 1d 10 40 41 10 46 67 04 19 86 f0 2d 10 46 67 04 60 e1 a2 d5 15 1c 10 43 10 81 41 57 02 67 0b 45 73 10 85 f0 3b 7e 40 00 f0 00 fd 3d 15 2d 52 7e 40 00 1a 0f f0 4e 7e 40 00 f0 00 fd 3d 1a 3e 52 7e 40 00 f0 59 60 e2 a2 d5 fd 32 15 16 20 07 24 f0 fe 68 00 25 00 05 78 ff 9c 04 f0 15 21 fd 02 7e 00 00 1a 94 20 07 24 f0 fe 68 00 25 00 05 78 ff f0 15 21 fd 02 7e 00 00 f0 1d 00 0d f0 77 77 f0 1d 08 4a 07 9c 00 7e 50 00 15 19 06 42 07 75 f0 03 77 06 64 15 67 02 f0 0e 10 46 63 08 f0 1d 10 43 67 04 07 19 12 f0 1d 06 10 46 63 08 f0 1d 10 43 67 02 9c 0a 67 02 07 1a 99 f0 5d 73 06 0b 04 10 43 20 04 25 c0 06 60 ff 57 03 67 06 21 9c 31 7e 00 00 fd 32 00 08 f0 3b 09 f0 1d 08 43 03 19 05 f0 1d 7e 40 00 15 85 f0 1d 7e 40 00 f0 09 60 e3 a2 d5 15 07 10 42 60 10 65 02 75 19 85 10 42 64 02 75 fd 32 60 e4 a2 d5 15 0c 10 c1 63 08 45 65 06 67 0b 75 10 85 1b 86 f0 0d 10 43 65 02 60 e5 a2 d5 15 03 66 08 73 1b 83 f0 01 73 60 e6 a2 d5 f0 3b 15 03 7e 50 00 60 e7 a2 d5 65 fd 32 00 05 70 09 f0 1d 77 f0 1d 15 89 10 81 65 0a 43 63 08 10 85 60 e8 02 d5 f0 3b 15 07 06 10 46 47 f0 1d 47 f0 3b 00 0e d4 02 08 08 83 f0 04 08 08 87 f0 04 d7 09 fd 32 15 07 10 42 47 f0 1d 07 71 14 05 f0 1d 75 f0 3b 60 e9 a2 d5 fd 32 00 90 08 4a 17 f0 03 08 4a 18 f0 07 08 4a 17 f0 03 09 14 07 10 81 55 04 10 85 73 00 03 f0 3b 70 60 ea a2 d4 fd 32 00 83 f0 1d 77 15 81 73 00 f3 9e 02 f0 1d 14 03 f0 1d 75 15 8a 7e 40 00 f0 00 fd 3d 15 d0 53 60 eb a2 d5 14 03 f0 1d 77 15 8e 0c f0 10 43 10 81 41 77 60 18 67 0e 10 85 1a 1b f0 09 10 44 62 08 07 75 06 f0 01 63 06 65 08 07 77 06 10 43 44 64 14 53 02 63 0a 14 08 f0 13 75 f0 09 73 0b f0 15 93 f0 09 71 f0 01 73 f0 03 10 81 44 64 14 53 02 63 08 10 85 fd 32 60 ed 82 d5 66 5f 54 f0 09 d1 03 0e 00 f3 9e 02 f0 09 60 ee 82 d5 d1 1e 01 00 88 7f 6c 00 f0 00 3d 45 54 f0 1d 15 8a 7e 40 00 f0 00 fd 3d 15 58 54 60 ef a2 d5 d2 6b 54 f0 09 00 f3 9f 02 fd 32 60 f0 a2 d5 14 83 55 02 73 60 f4 a2 d4 f0 09 15 81 77 f0 09 60 f5 a2 d5 14 83 10 46 43 60 f6 a2 d4 f0 09 15 81 73 f0 1d 00 f3 9e 02 f0 09 15 16 7e 40 00 f0 00 fd 3d 15 a1 54 10 40 f0 1d 06 42 90 02 13 00 07 75 60 f1 02 d5 fd 32 00 09 10 81 71 f0 1d 51 02 47 71 15 86 f0 1d 41 47 41 75 65 64 15 0a 10 42 10 81 47 75 10 85 f0 1d 00 03 f0 13 77 19 87 f0 07 10 44 63 02 77 fd 32 14 01 71 15 89 10 81 57 04 55 01 10 85 73 60 f2 82 d5 f0 1d 15 0a 7e 40 00 f0 00 fd 3d 15 04 55 60 f7 a2 d5 f0 1d 00 1a 08 48 83 f0 1d 9c 1a 7e 40 00 f0 00 3d 16 55 9c 1a 7e 40 00 f0 00 3d 20 55 09 19 97 77 f0 1d 7e 40 00 f0 00 fd 3d 19 35 55 7e 40 00 f0 00 fd 3d 19 3f 55 f0 13 d4 01 a0 19 15 f3 63 00 d7 15 8a 55 02 73 06 10 44 65 02 67 02 60 f3 a2 d5 15 04 10 43 51 02 17 85 10 43 06 51 02 60 f8 a2 d5 15 f2 63 00 17 f3 63 00 15 02 53 03 17 82 53 03 9c 31 00 0c 08 4a 07 10 43 43 7e 40 00 10 40 47 19 0a 06 10 43 43 7e 40 00 10 40 47 0c 94 f0 03 10 44 63 04 67 08 63 06 10 43 67 04 63 04 10 41 67 02 00 83 f0 1d 09 00 f3 9f 02 f0 1d 15 f2 63 00 17 f3 63 00 60 f9 a2 d5 f0 1d 00 16 06 10 81 04 10 46 43 10 83 10 43 f0 1d 10 81 47 9c 31 67 04 05 07 19 88 10 46 43 10 43 f0 1d 47 15 0b 10 43 06 57 03 7e 40 00 10 40 43 17 0b 10 43 06 57 03 7e 40 00 10 40 43 0c 94 f0 0b 10 44 67 04 63 08 67 06 10 43 63 04 67 04 10 41 63 02 f0 3b 15 0b 07 10 43 62 0a 75 f0 01 64 10 77 17 87 07 f0 02 75 f0 04 77 fd 32 60 fa a2 d5 15 08 60 10 75 f0 01 66 0a 73 17 8b f0 03 75 f0 02 73 f0 13 08 40 03 fd 32 60 fb a2 d5 18 89 01 92 05 0f 00 10 44 63 08 17 05 f0 1d 08 50 02 18 be f0 1e 00 10 46 63 01 9c 4b 63 01 10 45 63 04 10 40 63 04 94 00 00 01 08 40 05 10 41 63 08 94 00 00 02 10 43 63 04 94 00 00 02 10 43 63 08 94 00 00 03 10 44 63 08 94 00 00 04 10 44 63 0a 00 10 fd 03 08 4b 95 10 44 20 04 25 00 04 80 00 43 21 18 0e fd 03 10 44 20 04 25 00 04 80 00 43 21 01 0c 94 10 44 65 08 41 65 0c d4 01 10 43 61 08 65 06 61 04 65 04 d7 fd 32 60 fc a2 d5 00 66 10 45 4b f0 1d 77 09 f0 07 08 4a 13 f0 09 08 4a 16 f0 0d 08 4a 13 f0 09 08 48 83 f0 09 08 4a 17 f0 09 08 4a 18 f0 0d 08 4a 17 f0 09 08 48 83 f0 09 08 4a 13 f0 09 08 4a 16 f0 09 08 4a 13 f0 09 08 48 83 f0 09 08 4a 17 f0 09 08 4a 18 f0 0d 08 4a 17 f0 09 08 48 83 f0 07 08 4a 13 f0 05 08 4a 16 f0 03 08 4a 19 14 12 73 f0 13 7e 40 00 f0 00 fd 3d 14 5a 57 10 41 53 03 41 1a 14 f0 27 07 71 20 04 25 c0 06 80 ff 10 43 55 02 65 06 21 fd 02 f0 13 60 fd 02 60 f0 63 fd a4 84 f7 c4 84 07 c4 f0 12 f0 12 84 f7 c4 84 07 c4 f0 18 76 78 84 f7 47 7f 95 02 01 d0 01 02 d3 b9 57 de 28 eb 57 c7 80 c2 08 03 00 ed b0 57 d0 05 01 95 01 60 71 60 00 00 20 fe 19 04 92 07 15 00 1b 04 92 07 14 00 1a 05 92 08 13 00 73 de 28 e0 57 15 07 92 05 10 00 71 0b 04 15 f2 80 00 d2 e8 57 15 06 92 01 15 00 77 01 fd 32 fe 71 d0 03 02 f0 3b 68 63 00 04 11 00 94 17 f8 17 01 01 15 08 01 08 48 0e 92 08 12 00 16 09 04 92 08 09 00 08 40 83 01 19 83 fd 0f 03 00 85 01 92 07 11 00 d0 c0 0e da 28 f7 0e a1 33 a1 73 a1 07 fd 42 a2 28 a0 26 15 02 12 02 14 82 12 02 00 06 10 81 41 74 10 80 a0 1f 60 01 a3 c0 fd 32 34 ef f0 09 15 f3 70 02 14 f3 71 02 f0 1d 60 02 a3 d5 f0 1d 14 f3 72 02 60 03 a3 d4 f0 1d 15 f3 71 02 60 04 a3 d5 15 f3 73 02 15 f2 63 00 60 05 a3 d5 a0 19 14 f2 75 02 f0 13 15 f2 74 02 60 06 a3 d4 fd 32 14 f2 76 02 15 f2 77 02 f0 3b 60 07 a3 d5 fd 40 fe 34 00 65 14 fa 15 fa d8 25 b8 58 da 28 b8 58 60 0d a3 d0 34 ef 14 fb 15 fb fe d8 1f ad 58 e8 c6 58 60 0b a3 d0 d2 ca 58 60 0c a3 d0 34 ef 14 fb d8 20 d7 58 15 fb d2 f7 0e 15 f2 71 02 fe 68 53 80 04 26 00 fe 68 5f 80 08 af 00 fe 60 10 a3 d0 fe da 2a 86 59 16 fa c8 96 ba 0b b5 18 ba 0c b5 19 16 f0 88 0c 04 0c f0 06 10 45 88 60 14 a3 d0 16 84 07 0b 40 78 d8 23 83 59 16 b3 fd 24 07 00 fd b0 c0 00 bb 15 e2 00 00 38 59 e2 40 00 3c 59 e2 80 00 4a 59 e2 c0 00 3c 59 75 d2 4d 59 c4 16 bb 16 c2 16 04 00 ec 38 59 d2 4a 59 71 a0 18 16 11 10 45 0c 04 48 c9 16 e2 05 00 5e 59 08 40 8a fd 0b 1b f3 7f 02 fd 32 c7 96 ba 0b b5 18 d8 18 7d 59 ba 0c b5 19 16 f2 0f 00 a4 18 a2 2a fe a9 18 80 d2 70 59 16 fb fe da 2e 91 59 a2 2e 60 2d a3 d0 fe de 28 8c 59 b4 18 e7 80 00 a1 59 60 35 a3 d0 fe 60 34 a3 d0 fe 60 13 a3 d0 fe c3 e2 54 00 b6 59 60 d1 a9 d0 fe 60 0f a3 d0 fe 60 2d a3 d0 fe 60 15 a3 d0 fe da 1e d1 59 60 2a a3 d0 4c 01 71 fe 60 64 a3 d0 4c 01 71 fe 60 2b a3 d0 4c 02 71 fe 60 65 a3 d0 fe 60 66 a3 d0 fe fd 47 64 95 01 7f 17 08 08 40 8a fd 0f 02 fd 0b 18 15 fd 0f 02 d9 00 09 5a 0c f0 d2 12 5a 92 0c 2f 02 08 40 0a fd 0b 14 09 fd 0b de 29 1d 5a fd 0f 02 1a 06 08 40 0a fd 0f 03 1b 06 08 48 01 fd 0f 03 1c 06 08 48 01 fd 0f 03 da 29 53 5a 0c 84 10 44 57 02 14 0c 94 f0 08 00 10 45 10 81 47 fd 0f 02 1b f2 7d 02 a2 29 dd 04 6a 5c d9 08 6a 5c f8 53 2a 6a 5c da 2a 6f 5a 16 02 0b 04 16 f2 15 00 d2 74 5a a0 19 d2 79 5c a4 19 40 12 22 40 27 62 a8 09 15 11 fa 11 f0 85 92 0d 1c 08 77 70 11 06 10 45 10 81 47 75 7f fd 32 60 18 a3 d1 66 3d 5b f0 09 d1 03 0e 00 f3 9e 02 f0 09 d9 0c ba 5a fd f0 5d 28 22 5b fd f0 5d 2a 22 5b d2 c6 5a fd f0 5e 28 22 5b fd f0 5e 2a 22 5b 60 1a 83 d1 60 1f a3 d1 d8 3a eb 5a a5 05 a5 06 a1 07 a1 08 d3 3e 5c d9 0c 83 67 f2 5d b0 f2 5d b2 f2 61 28 fe 11 88 10 43 5a 02 5b 02 10 45 60 26 a3 d1 53 01 9c 5e a0 ea 60 c3 08 02 c5 11 c0 1a 00 ed 1c 5b d3 38 5c d9 0c 83 67 f2 5d b0 f2 5d b2 f2 61 28 fe d3 5b 5c d2 0e 5b 60 1a a3 d1 d3 38 5c a1 05 a5 06 a5 07 d9 0c 83 67 f2 5d b0 f2 5d b2 f2 61 28 fe f0 09 00 f3 9f 02 fd 32 f0 09 60 1c a3 d1 11 84 10 41 47 45 00 81 77 d9 0c 63 5b 6a 53 01 6b 53 82 9c 10 d2 6b 5b 6a 54 01 6b 54 82 9c 10 11 84 0c 04 45 01 f0 3b 11 86 71 00 41 73 f0 09 d9 0c 8e 5b fd f0 5d 2a d9 5b fd f0 5d 28 d9 5b d2 9a 5b fd f0 5e 2a d9 5b fd f0 5e 28 d9 5b f0 09 60 1d a3 d1 f0 09 00 92 71 f0 01 73 f0 01 08 4a 1a f0 27 09 f0 01 71 f0 01 77 f0 09 60 1e a3 d1 d8 3a eb 5a d3 5b 5c a1 06 a5 05 a5 07 a1 08 d9 0c 83 67 f2 5d b0 f2 5d b2 f2 61 28 fe f0 09 60 1b 83 d1 66 0f 5c f0 09 00 86 08 40 87 f0 3b 09 f0 09 60 1e a3 d1 d8 3a eb 5a d3 5b 5c a1 06 a5 05 a5 07 a1 08 d9 0c 83 67 f2 5d b0 f2 5d b2 f2 61 28 fe f0 09 00 f3 9f 02 fd 32 f0 09 60 24 a3 d1 11 82 10 45 d3 5b 5c a1 05 a5 06 a5 07 d9 0c 83 67 f2 5d b0 f2 5d b2 f2 61 28 fe 11 84 47 45 f0 1d d9 0c 4d 5c 6a 53 01 6b 53 82 9c 00 d2 5e 5c 6a 54 01 6b 54 82 9c 00 f0 13 15 f9 1e f9 11 81 45 d9 0c 59 5c f2 53 2a fe f2 54 3c fe da 2a 79 5c 16 02 0b 04 16 f2 15 00 d2 b5 5c b4 18 e7 80 00 aa 5c bb 0b b4 19 bb 0c b0 0d 02 00 16 97 fd 0b 9a d8 1a 9b 5c 75 94 f0 f8 00 d2 a2 5c 08 40 8a 94 10 08 00 06 d8 19 74 5a d2 b5 5c b4 18 fd b0 7f 00 a0 1a d2 80 5c d9 08 fd 5c f8 53 2a c2 5c 15 f2 62 00 71 d9 04 f0 5c f8 53 aa f0 5c a1 04 0c 14 10 44 62 04 66 08 62 08 66 06 10 43 62 04 66 04 62 03 66 01 f0 07 6a 53 80 6b 53 80 9c 15 fd 32 40 12 22 40 27 62 da 29 f7 0e f0 09 fe d2 c2 5c a4 26 a4 25 a4 22 a4 21 f0 00 d8 26 11 5d d2 08 5d d1 24 02 d8 25 1d 5d f0 00 d2 14 5d e8 25 5d f0 3b d2 00 5d f0 1d d2 00 5d 64 fd 47 15 83 fd 0f 02 d8 27 38 5d 71 fe d1 09 01 fe c3 e2 62 00 90 5d a8 09 15 d8 18 f7 0e a0 18 9c 09 11 07 08 40 01 13 00 0c f0 00 06 10 44 6b 06 10 40 d9 04 6d 5d a1 04 f0 3b d3 77 5d d8 26 a2 5d 6a 53 80 6b 53 80 d2 d2 5a fe 9c 15 0c 94 10 44 62 04 66 08 62 08 66 06 10 43 62 04 66 04 62 03 66 01 fe a0 26 a8 09 14 d2 45 5d 6a 54 80 6b 54 80 d2 d2 5a fe 6a 54 00 6b 54 00 d2 d2 5a fe 9b 9b 9b 9b 9b 9b 9b 9b 9b 9b 9b 9b fe dc 18 f7 0e a4 18 11 07 08 40 00 13 01 0b f0 fe d8 ea d8 5d d8 3a d2 5d fe 9c 5e 53 01 a0 ea fe fe fe f8 53 2a ea 5d f8 54 3c ea 5d 60 28 a3 d0 fe 60 29 a3 d0 fe d9 0b 4a 5e a1 0b d1 03 0e 60 1b 83 d0 66 5b 5e f0 09 00 b4 fd 24 00 10 fd b0 c0 00 e2 00 00 1f 5e e2 40 00 25 5e e2 80 00 2b 5e e2 c0 00 31 5e 08 40 86 d2 34 5e 08 40 06 d2 34 5e 08 40 87 d2 34 5e 08 40 07 f0 3b 09 f0 09 60 1e a3 d0 d8 3a eb 5a a1 05 a5 06 a5 07 a1 08 fe d1 03 0e d9 08 c9 5d 60 25 83 d0 66 5b 5e d2 ff 5d f0 09 00 f3 9f 02 fd 32 f0 09 60 24 a3 d0 fe fd 41 c3 e2 62 00 84 5e 15 04 94 f8 fc 00 fd f0 61 2c 81 5e 16 01 00 d2 93 5e 14 04 94 f8 fc 00 fd f0 62 2a 93 5e 15 01 00 95 01 60 fd 32 71 d1 04 0e de cf f7 0e fd f0 61 2c f7 0e fd f0 62 2a f7 0e 9c 95 a6 cf fe da 1e 7e 67 60 16 a3 d0 fe a8 09 14 b0 12 03 00 d0 08 01 60 ec 89 d0 f0 09 66 d2 5e 60 22 a3 d0 fe 60 23 a3 d0 fe 60 2c a3 d0 fe 60 32 a3 d0 fe 60 30 a3 d0 fe 60 31 a3 d0 fe 60 2e a3 d0 fe 34 ff d8 26 f7 0e a0 26 fe d8 22 6b 5f d8 21 75 5f c9 00 e2 00 00 43 5f e2 01 00 31 5f e2 02 00 4d 5f e2 03 00 3d 5f e2 04 00 57 5f e2 05 00 37 5f e2 06 00 61 5f e2 07 00 2b 5f e8 43 5f d2 61 5f e8 43 5f d2 4d 5f e8 57 5f d2 61 5f e8 57 5f d2 4d 5f e9 4d 5f a0 1b 1c f2 7b 02 fe e9 57 5f a0 1c 1c f2 7b 02 fe e9 4d 5f a0 1d 1c f2 7b 02 fe e9 57 5f a0 1e 1c f2 7b 02 fe e8 7f 5f a0 1f 1c f2 7b 02 fe e8 7f 5f a0 21 1c f2 7b 02 fe f0 1d a0 25 fe 34 ff d8 26 f7 0e a0 26 a0 22 fe d9 00 f7 0e d8 23 f7 0e c9 00 bb 13 c2 13 03 00 ed a9 5f c2 13 06 00 ed f7 0e a1 00 18 0f f0 1d 10 45 10 81 55 02 08 40 0a 0b 40 fd 0b 1b f2 7e 02 fe f0 77 6a 53 83 6b 53 81 19 f2 98 02 f0 3b 6a 53 02 6b 53 83 f0 00 dd 01 de 5f d2 d5 5f 6a 53 83 6b 53 81 f0 3b 6a 53 82 6b 53 83 f0 77 d0 27 02 d9 01 f8 0e 14 85 92 0e 0b 00 77 71 fe 34 ff d8 26 f7 0e a0 26 a0 21 fe da 2d 14 60 a2 2d 60 2d a3 d0 fe de 28 0f 60 60 34 a3 d0 fe a1 03 a8 07 73 b0 00 0c 02 d1 f4 0e 14 f3 7c 02 f0 09 14 8c 10 40 10 81 0b 04 0c f0 fd 02 51 04 14 f9 f2 5f 28 fe 60 be a2 d0 fe 9b 9b 9b 9b 9b 9b 9b 9b 9b 9b fe 95 01 7f dc e9 60 60 6a 54 84 6b 54 84 16 03 fd 0f 03 17 03 fd 0f 03 18 03 fd 0f 03 19 03 fd 0f 03 14 03 fd 0f 03 15 03 fd 0f 03 1d 03 fd 0f 03 fd 32 f2 57 ac f2 57 ae f2 5b aa f8 54 3c a8 60 1f 83 fd 0f 03 f8 53 2a ca 60 d9 04 e9 60 40 2d 22 a2 fd 71 fe 40 2d 22 71 d9 04 f7 0e f0 3b 0c 14 10 44 62 04 66 08 62 08 66 06 10 43 62 04 66 04 62 03 66 01 f0 07 6a 54 80 6b 54 80 de fd d6 60 9c 15 a2 fd a1 04 f8 54 3c f7 0e f2 54 3c 1e f9 40 2d 22 71 fe a8 09 1e 40 2d 22 a1 0c d2 7f 5a f0 3b 6a 54 83 6b 54 81 19 f2 96 02 a1 01 f0 00 d8 1f 0b 61 d2 02 61 16 f2 a0 02 17 f2 a2 02 18 f2 a3 02 f0 00 d8 20 20 61 d2 17 61 19 f2 97 02 f0 00 d8 21 2d 61 d2 24 61 6a 54 82 6b 54 83 a4 1f a4 20 a4 21 a5 01 f0 77 d2 f4 60 da 1e 4b 61 68 53 80 14 2f 00 fe 68 54 80 14 2f 00 fe da 1e 5d 61 68 53 80 0f 24 00 fe 68 54 80 0f 24 00 fe c3 e2 bd 00 f9 61 e2 53 00 0d 62 e2 54 00 24 62 e2 2d 01 3b 62 e2 4a 00 61 62 e2 22 00 af 62 e2 c3 00 c3 62 e2 29 00 e1 62 e2 3b 01 fc 62 e2 44 01 10 63 e2 fe 00 24 63 e2 9e 01 38 63 e2 99 01 58 63 e2 6b 00 5f 63 e2 b6 01 76 63 e2 d0 00 5d 64 e2 a6 01 81 64 e2 76 00 f7 64 e2 a2 01 47 65 e2 2f 00 e0 65 e2 e3 01 e0 65 e2 eb 01 e0 65 e2 4b 00 0f 66 e2 10 01 47 66 e2 68 00 ac 66 e2 56 00 e8 61 fe da 2f f8 61 a2 2f a8 07 09 b0 00 0c 02 d1 f4 0e fe 17 f9 f2 bd 2e a8 07 a2 ac 0c 02 e0 07 97 9f 63 d1 f4 0e fe 17 f9 f2 53 2e f2 54 40 a8 07 a3 ac 0c 02 e0 07 97 9f 63 d1 f4 0e fe 20 f9 f2 53 2e f2 54 40 a8 07 a3 ac 0c 02 e0 07 97 9f 63 d1 f4 0e fe e0 08 14 47 62 d8 12 4a 62 d0 20 00 d0 20 00 a8 07 a6 a0 ac d1 21 00 ac 0c 02 a8 07 a6 e0 07 97 9f 63 d1 f4 0e fe dc 8c 6d 62 dc a5 82 62 dc a6 97 62 a0 8c a8 07 97 ac 0c 02 e0 07 97 9f 63 d1 f4 0e f0 1d d2 e0 b6 a0 a5 a8 07 98 ac 0c 02 e0 07 97 9f 63 d1 f4 0e f0 1d d2 e0 b6 a0 a6 a2 98 a8 07 96 ac 0c 02 e0 07 97 9f 63 d1 f4 0e f0 1d d2 e0 b6 fe 24 f9 f2 22 48 a8 07 a1 ac 0c 02 e0 07 97 9f 63 d1 f4 0e fe 3a 00 22 03 03 17 64 a0 1d a0 a0 a8 07 8d ac 0c 02 e0 07 97 9f 63 d1 f4 0e 00 82 09 72 fe 3a 00 1a 03 03 3a 64 19 f9 f2 29 32 a8 07 8c ac 0c 02 e0 07 97 9f 63 d1 f4 0e fe 1b f9 f2 3b 37 a8 07 8e ac 0c 02 e0 07 97 9f 63 d1 f4 0e fe 14 f9 f2 44 29 a8 07 7c ac 0c 02 e0 07 97 9f 63 d1 f4 0e fe 17 f9 f2 fe 2e a8 07 9e ac 0c 02 e0 07 97 9f 63 d1 f4 0e fe d8 fe 57 63 a0 fe a4 60 a4 61 a8 0e 10 f0 00 f0 00 a8 07 84 ac 0c 02 e0 07 97 9f 63 d0 f4 0e fe 3a 00 1a 03 03 22 65 14 f9 f2 99 29 f2 6b 28 a8 07 86 ac 0c 02 e0 07 97 9f 63 d1 f4 0e fe 10 86 08 40 86 f0 3b 09 f0 09 f0 09 00 03 f0 1d 71 10 84 51 08 fd f2 00 81 72 a8 07 9f ac 0c 02 e0 07 97 9f 63 d1 f4 0e fe a8 07 00 a8 07 97 fd 5e e2 01 00 d5 63 a8 07 98 fd 5e e2 01 00 f6 63 a8 07 97 ac 0c 02 d1 f4 0e c3 e2 4a 00 d3 65 e2 2f 00 0c 66 e2 e3 01 0c 66 e2 eb 01 0c 66 fe a8 07 98 ac 0c 02 d1 f4 0e 51 97 c3 e2 4a 00 d3 65 e2 2f 00 0c 66 e2 e3 01 0c 66 e2 eb 01 0c 66 fe a8 07 96 ac 0c 02 d1 f4 0e 51 98 c3 e2 4a 00 d3 65 e2 2f 00 0c 66 e2 e3 01 0c 66 e2 eb 01 0c 66 fe a8 07 8d fd 5e e2 01 00 26 64 60 f1 aa 02 fe f0 04 9c 10 6a c3 a1 6b c3 81 22 f9 f2 c3 44 f0 04 51 8d fe a8 07 8c fd 5e e2 01 00 49 64 60 f1 aa 02 fe f0 04 9c 10 6a 29 a0 6b 29 80 1a f9 f2 29 34 f0 04 51 8c fe de 32 61 64 a8 07 8e fd 5e e2 01 00 70 64 60 f1 aa 02 fe f0 04 9c 05 6b d0 80 1b f9 f2 d0 36 f0 04 51 8e fe fd 58 7c e3 00 00 8e 64 60 d3 a4 40 fe 20 f7 20 a3 08 40 02 0c f0 fd 0f 03 13 03 7f 70 00 80 01 76 f0 00 fd 3d 20 b1 64 10 43 6a 08 10 41 6a 04 10 40 6a 02 24 8d 10 81 08 40 04 f0 31 09 f0 09 08 10 03 20 f9 f0 3b 9c 15 b0 1a 01 00 c7 24 d4 02 f0 00 3f 20 d2 64 f0 03 b1 1a 03 00 d7 24 8e 7f 80 00 d4 04 00 f0 01 01 f0 00 d7 fd f2 51 7c 6b a6 81 a2 a6 fe 30 fd 58 84 e3 00 00 06 65 60 10 ae 02 31 fe 9c 05 f0 07 9c 05 f0 07 6b 76 80 6b f3 81 1e f9 1f f9 f2 76 3c f2 76 3e 51 84 31 fe fd 58 86 e3 00 00 2f 65 60 fb aa 02 fe 9c 05 f0 07 9c 05 f0 07 6b 99 81 1a f9 1b f9 f2 99 35 f2 99 37 51 86 fe a8 0e 17 da 77 5f 65 fd 58 9e e3 00 00 64 65 fd 58 9f e3 00 00 75 65 fe 60 1f ac d0 fe 51 9e a2 75 da 76 68 65 fd 58 9f e3 00 00 75 65 fe 51 9f a2 76 da 75 86 65 fd 58 9e e3 00 00 64 65 fe fd 31 a2 77 f2 a1 a9 f2 a1 ab f2 a2 a9 f2 a2 ab 0c 85 10 41 80 16 00 9c 7f 14 84 08 48 00 00 f0 17 00 f3 8b 01 f0 1f 00 03 08 4b 80 9c 80 14 0a 10 80 08 10 00 f0 3f 08 48 0e f0 27 15 f8 9c 00 f0 07 00 f3 59 03 00 f3 8b 01 fd 30 fe d8 a6 a9 62 d8 a5 92 62 d8 8c 7d 62 fe da 4e f0 65 a2 4e a8 07 66 ac 0c 02 d1 f4 0e fe a8 07 80 fd 5e e2 01 00 fe 65 4c 00 71 fe a8 07 82 e0 07 97 9f 63 ac 0c 02 d1 f4 0e 51 80 fe a8 07 82 fd 5e e2 01 00 24 66 a8 07 a6 fd 5e e2 01 00 3c 66 fe a8 07 06 ac 0c 02 d1 f4 0e 51 82 fe a8 07 06 ac 0c 02 d1 f4 0e 51 a6 fe 9c 5e b0 00 0a 00 fd 54 51 a6 fe a8 07 87 fd 5e e2 01 00 52 66 fe a8 0e 14 00 f3 9e 02 f0 00 64 f0 00 fd fd a1 e4 f0 01 6a 10 a1 6b 10 81 f0 01 a5 e4 fd fc f0 00 dc 1d 76 66 00 09 10 c1 41 57 02 45 73 10 c0 a8 0e 14 00 f2 9f 02 00 f2 9e 02 14 99 f0 0f 73 10 c3 04 7f 48 00 f0 13 fd 9e 0b 80 06 18 80 04 14 53 02 fd f2 01 a0 b2 51 87 fe a8 07 ae fd 5e e2 00 00 d5 66 d8 31 d0 66 60 e4 ac d0 d8 18 cf 66 a0 18 6b 68 80 14 02 65 08 15 82 61 08 fe 60 e5 ac d0 fe da ce de 66 60 e2 ac d0 fe 60 e3 ac d0 fe 9b 9b 9b 9b 9b fe dc 10 f0 66 d3 c3 10 14 83 fd 0f 02 d0 09 01 d8 22 07 67 d3 0c 67 60 60 a3 d0 d3 13 67 fe 60 60 a3 d0 fe 16 fa 17 fa 18 fa fe 16 fb 17 fb 18 fb fe de 1e 2d 0f 14 fa 14 f2 77 00 71 fe d8 22 35 67 d3 0c 67 60 63 a3 d0 d3 13 67 fe 60 60 a3 d0 fe d8 22 49 67 d3 0c 67 60 61 a3 d0 d3 13 67 fe 60 60 a3 d0 fe 60 5e a3 d0 fe 60 5f a3 d0 fe d9 01 5f 67 d0 05 01 14 f9 16 f9 17 f9 18 f9 d0 05 01 60 5a a3 d0 fe 60 5d a3 d0 fe 60 66 a3 d0 fe 60 5b a3 d0 fe 60 5c a3 d0 fe f2 5e b0 fe d1 19 01 f8 5d b0 92 67 d0 05 01 f2 5e b0 18 f8 d0 05 01 d9 08 ad 67 f8 5d b0 ad 67 a8 07 20 d1 20 00 f3 5e 28 fe a8 07 85 d1 22 00 f3 5e 28 fe d9 08 ca 67 f8 5d b0 ca 67 a8 07 20 d1 20 00 f3 5e 2a fe a8 07 88 d1 22 00 f3 5e 2a fe 60 69 83 d0 66 e0 67 60 6a a3 d0 fe 60 6b a3 d0 fe 60 6c a3 d0 fe 32 16 2d 0f d1 19 01 9b 9b 9b d8 19 f7 0e a0 19 9c 42 00 f2 d2 00 19 f2 a4 01 b1 12 03 00 ba 13 60 43 03 40 fe d8 1a f7 0e a0 1a 9c 42 00 f2 d2 00 1a f2 a5 01 b1 12 03 00 ba 13 60 43 03 40 fe d8 1b f7 0e a0 1b 9c 42 00 f2 d2 00 1b f2 a6 01 b1 12 03 00 ba 13 60 43 03 40 fe d8 1c f7 0e a0 1c 9c 42 00 f2 d2 00 1c f2 a7 01 b1 12 03 00 ba 13 60 43 03 40 fe d8 19 f7 0e a0 19 9c 69 00 f2 d2 00 1e f2 a8 01 ba 12 e2 00 00 f7 0e b3 12 ba 13 60 43 03 40 fe d8 19 f7 0e a0 19 9c 69 00 f2 d2 00 1f f2 a9 01 ba 12 e2 00 00 f7 0e b3 12 ba 13 60 43 03 40 fe d8 19 f7 0e a0 19 9c 69 00 f2 d2 00 20 f2 aa 01 ba 12 e2 00 00 f7 0e b3 12 ba 13 60 43 03 40 fe d8 19 f7 0e a0 19 9c 69 00 f2 d2 00 21 f2 ab 01 ba 12 e2 00 00 f7 0e b3 12 ba 13 60 43 03 40 fe d9 1e f8 0e 15 07 08 48 86 94 00 00 08 19 03 fd 0f 02 1a 03 fd 0f 02 1b 03 fd 0f 02 16 04 fd 0f 03 01 17 04 fd 0f 03 01 18 84 fd 0f 03 01 d8 b3 f8 0e 40 54 22 71 fe d9 1e f8 0e d2 27 69 8a 0f 51 8a 0f 52 8a 0f 53 f0 01 95 00 01 4a 8c 00 05 a0 52 d1 f3 03 f0 00 f2 21 29 f2 21 2b f2 21 33 f2 21 35 f2 21 37 a0 b3 fd 5b fd 5c d2 5f 69 1d 07 08 48 86 94 00 00 08 00 85 92 06 13 00 77 6a 0f 81 f0 00 6a 0f 81 f0 00 6a 21 81 f0 00 6a 21 81 6b 0f 81 6b 21 81 d2 eb 6c f0 00 1a 8a 08 49 15 f0 01 08 49 12 f0 01 1c 02 fd 01 fd fd 78 5a 07 f0 27 0c 84 10 45 53 02 7f fd fc 1a 36 f0 05 08 49 03 f0 05 d4 01 08 49 16 f0 03 08 49 17 f0 05 08 49 16 f0 01 08 49 03 f0 01 08 49 12 f0 01 08 49 15 f0 1d 08 49 12 f0 05 08 49 03 f0 05 d7 f0 1d 71 09 f0 1d 00 01 75 f0 09 60 c0 a3 60 fd 32 f0 09 18 27 d4 01 08 49 17 f0 03 08 49 18 f0 05 08 49 17 f0 01 08 49 03 f0 01 08 49 13 f0 01 08 49 16 f0 09 f0 05 d7 f0 09 75 09 f0 1d 00 01 71 f0 1d 60 c1 a3 60 f0 3b 9c 15 1d 0c 10 41 6b 04 10 45 6b 04 10 46 6b 02 0c 86 f0 1d 10 40 54 01 00 24 77 f0 01 76 f0 01 75 f0 01 08 4a 97 f0 85 10 41 06 04 10 81 61 04 05 09 f0 01 04 65 04 05 07 f0 49 08 4a 97 1a 36 77 f0 01 75 f0 1d 08 49 96 f0 03 08 49 97 f0 1d 10 46 41 61 02 10 41 75 09 65 04 08 49 95 f0 1d 09 10 80 77 f0 01 71 f0 07 08 48 8e f0 03 09 f0 27 f0 01 08 49 97 18 03 08 49 97 1d 06 fd 02 f0 09 9c 16 18 03 f0 09 09 1a 03 f0 09 09 00 03 f0 09 09 fd 32 f0 59 1a 01 71 00 01 71 60 c2 a3 60 fd 32 65 f0 09 1a 0c 02 10 81 10 45 44 71 f0 09 08 48 91 00 91 f0 1d 72 f0 01 73 f0 01 74 f0 01 75 f0 27 08 48 0b 60 c3 a3 60 f0 09 00 81 09 00 f3 9e 02 f0 1d 1a 02 77 09 00 07 10 40 10 81 45 65 04 f0 0b fd 32 1d f2 78 00 00 08 f0 13 08 4a 87 f0 3b 09 1a 95 f0 13 08 49 07 f0 01 7e 40 00 10 41 08 42 09 53 02 f0 3b 77 09 1d 85 08 40 00 fd 01 fd 8e 99 07 ff 7f 1c f2 26 01 f0 1d 1d fa 0c 06 10 45 42 10 46 42 1d 05 fd 0f 03 14 01 f0 09 1a 03 f0 1d 71 00 04 f0 13 09 72 18 03 f0 09 73 f0 05 91 17 fd 32 f0 77 18 f2 27 01 19 20 f0 05 08 40 01 f0 01 08 40 83 f0 01 01 87 1d 94 00 00 30 00 10 40 6b 0c 08 40 06 10 c5 6b 0a 01 f0 1d 00 f2 28 01 17 19 f0 03 08 40 83 01 87 1d 94 00 00 30 00 10 40 6b 0c 10 c5 08 40 06 6b 0a 01 89 ea 0c 56 f0 1d 1a f2 29 01 1b 1e 08 49 18 f0 01 08 40 83 f0 01 01 87 1d 93 00 00 04 00 10 40 6b 0c 10 c5 08 40 06 6b 0a 01 89 ea 08 54 f0 1d 89 ea 0d 55 fd 32 f1 72 01 1d fa 1d f0 89 21 fd 03 10 46 64 02 63 04 fd 8c 32 0a 30 1d f2 78 00 f0 b3 1d fa 1d 1a 21 10 44 5a 04 10 43 4a 6a 08 10 41 6a 04 10 40 6a 02 10 45 6a 01 10 46 6a 01 1b 1c 08 40 01 f0 03 92 05 1d 0e 94 02 00 00 fd 0f 03 00 10 43 6a 08 10 41 6a 04 f0 09 01 fd 32 1d 8c f0 77 10 81 f0 1d 10 83 f0 3b 10 84 f0 3b 00 fa fd 31 1d 0d f0 82 10 43 6b 08 14 0c f0 01 08 40 02 00 35 10 40 52 03 08 49 00 fd 0f 03 20 04 25 00 04 f0 ff 10 45 52 02 62 04 fd 03 21 08 49 03 10 40 63 06 08 49 02 10 45 63 02 08 4b 02 63 02 08 4b 82 63 02 08 48 1f 0c 04 10 45 64 0c f0 55 91 18 fd 32 fd 30 00 85 fd 02 7e 00 00 f0 ef 1d 0a 10 45 5a 06 10 46 5a 01 6a 08 0c 09 f0 21 10 40 5a 05 10 45 4a f0 9f fd 8e 00 0a ce fd 32 1d f2 78 00 f0 59 1d fa 1d 05 21 10 44 5a 08 1b 0b 87 1d 93 00 00 05 00 10 44 5a 04 fd 32 fd 4d 03 92 21 1d f9 1b f9 17 f9 19 f9 f2 0f 3b f2 0f 37 f2 0f 2f f2 0f 33 d2 23 6d fd 8e 72 00 00 18 05 92 06 15 00 77 00 08 09 10 80 73 92 07 14 00 1a 05 92 06 14 00 71 fd 32 a0 4e d2 34 6d d1 14 01 71 f0 1d 60 8c ac d8 f0 09 18 07 01 10 80 10 45 67 0a 1a 08 01 10 80 10 45 41 67 0a 71 9b 9b 9b 9b 9b 9b 9b 9b 9b 9b f2 0f 31 f2 0f 35 6a 14 81 6b 14 81 a1 1e fd fb b0 05 ce 00 d0 d0 02 9b fe fd 40 34 00 d8 b3 f7 0e fd 43 14 f6 fd 31 14 08 08 50 03 f0 21 08 48 0d 00 0f 0c 04 0c f0 f0 1f 08 4a 07 10 43 9c 13 53 0a f0 1d fd 30 f0 1d 75 68 20 01 1b 60 00 00 1e 08 4a 07 0c 04 0c f0 10 43 53 0a 0b 04 0b f0 9c 16 7e 40 00 08 43 89 10 41 57 02 09 10 40 0c 14 f0 27 10 44 67 04 63 08 67 08 63 06 67 02 63 04 67 04 63 02 70 7f fd 32 00 f3 9f 02 fe 68 1c 81 03 3b 00 fe f0 00 d8 18 2f 6e 32 17 f4 6d d2 e7 6d 9b 9b 9b 9b f0 21 16 f2 2b 01 f0 00 d8 18 39 6e 32 18 0b 6e d2 fe 6d 9b 9b 9b 9b f0 21 17 f2 2b 01 f0 00 d8 18 43 6e 32 16 22 6e d2 15 6e 9b 9b 9b 9b f0 21 18 f2 2b 01 d2 e7 6d f0 01 3e 21 17 2f 6e d2 fe 6d f0 01 3e 21 18 39 6e d2 15 6e f0 01 3e 21 16 43 6e d2 e7 6d d8 26 f7 0e a0 26 fd 42 00 9b 0c f0 0c 04 08 43 89 7e 40 00 10 41 53 02 f0 00 3d 65 6e 77 0b f0 0b 04 10 40 09 a4 26 fd 40 fe 7e 68 0f 81 06 13 00 fe 68 20 81 1a 61 00 fe fd 88 03 fd 88 04 fd 88 05 d8 66 f8 0e f2 9a 44 22 f9 19 08 08 40 02 fd 0f 02 13 01 1a 08 08 40 03 fd 0f 02 13 01 1b 08 08 40 04 fd 0f 02 13 01 1c 08 08 40 05 fd 0f 02 13 01 1f 03 08 40 01 20 03 08 40 01 fe dc 67 f7 0e 68 9c 80 05 59 00 fe d8 61 ba 70 d8 62 ba 70 d8 60 b5 70 d8 15 b0 70 d8 19 b0 70 d8 10 b7 6f 60 a6 89 d0 67 fc 6e b2 6f 64 4c 05 71 fe b4 37 c0 01 00 ec 10 6f 60 a7 89 d0 67 38 6f b2 6f d2 19 6f 60 cc 89 d0 67 38 6f b2 6f b0 12 0a 00 a4 4c d1 12 01 d8 4b 33 6f ba 12 fd 53 60 ce a3 d0 a1 14 d2 db 0f 60 ab a9 d0 fe b0 12 c8 00 a4 4c d1 12 01 d8 4b 33 6f ba 12 fd 53 b4 37 e2 ff 00 bc 6f aa 37 b4 37 c0 02 00 ec bc 6f 60 a8 a9 d0 15 9a fd 02 10 45 10 80 45 f0 1d 10 46 06 10 81 61 04 05 f0 3b 04 65 04 07 10 c5 47 19 0d 73 f0 3b 10 81 57 02 51 04 53 02 10 85 f0 09 15 05 f0 3b 43 61 0c f0 4f 60 d1 a3 d0 9c 55 a8 07 73 60 0c a2 02 50 73 60 d2 a3 d0 a0 10 19 f3 7c 02 19 f2 2d 01 fe 60 d0 a3 d0 fe 60 cd a3 d0 fe a0 18 b4 37 e2 ff 00 df 6f e2 03 00 1c 70 e2 05 00 46 70 e2 0a 00 5a 70 e2 0f 00 72 70 c0 c8 00 ec 8e 70 c7 99 c2 08 05 00 ec 08 70 15 04 77 f0 1d 71 19 f0 8d f0 1d 10 81 07 57 02 51 04 53 02 10 85 60 a9 a9 d0 65 fd 32 d2 a7 6f 19 f0 8e 10 45 10 81 07 45 80 06 3d 55 02 73 10 85 d2 fe 6f f0 09 ac 03 00 60 ad a9 d0 15 8d fd 02 10 45 45 10 81 f0 27 10 85 61 0c 60 fe a3 d0 a8 07 74 ac 0c 02 d1 f4 0e f0 09 d2 df 6f f0 09 ac 05 00 60 ad a9 d0 9c 5e 53 01 60 0e a2 02 d2 df 6f f0 09 ac 0a 00 60 ad a9 d0 9c 5e f0 1d 9c 5e 53 02 60 0e a2 02 d2 df 6f f0 09 ac 0f 00 60 ad a9 d0 9c 5e f0 1d 9c 5e f0 1d 9c 5e 53 03 60 0e a2 02 d2 df 6f da fc df 6f f0 09 ac c8 00 60 ad a9 d0 d4 13 9c 5e f0 13 d7 53 14 60 0e a2 02 a8 37 ff a2 fc d2 df 6f 60 e6 a3 d0 fe 60 ec a3 d0 fe d8 61 05 71 c9 15 e2 01 00 13 71 b4 0c af e2 00 00 f2 70 b5 0c 60 fb a3 d0 00 97 0c f0 0c 04 80 03 37 71 f0 1d 08 40 86 f0 3b 09 10 85 0b f0 0b 04 04 a4 62 40 69 22 fe 60 fc a3 d0 a4 60 a4 61 a4 62 a8 0c 00 a8 18 00 a0 63 fe 60 f6 a3 d0 d8 24 f7 0e 40 6f 22 a0 24 fe 60 fd a3 d0 fe d8 60 93 71 d8 15 2d 71 d8 14 98 71 d8 10 42 1c 60 d3 a3 d0 fe 60 e0 83 d0 66 80 71 f0 09 00 f3 9e 02 f0 09 60 e2 83 d0 d8 17 4f 71 60 e4 a3 d0 a0 19 19 f2 42 01 fe 60 e3 a3 d0 f0 09 e9 63 71 a8 07 61 d3 79 71 50 61 d2 8c 71 a8 07 62 d3 79 71 50 62 d2 8c 71 a8 07 66 d3 79 71 50 66 d2 8c 71 9c 1b 60 0c a2 02 fe f0 09 00 f3 9f 02 f0 09 60 e1 a3 d0 a0 19 19 f2 42 01 fe 60 ee a3 d0 fe 60 c9 a3 d0 fe fd 58 ae e3 00 00 ae 71 da e4 0f 72 60 09 a8 d0 fe 60 06 88 d0 66 d0 71 00 f3 9e 02 f0 09 9c 0d 52 64 51 ae a2 e4 60 1d a8 60 60 a4 a9 00 60 a5 a9 60 fe 00 f3 9f 02 f0 09 60 3c 88 d0 66 ea 71 00 f3 9e 02 f0 09 9c 5e 53 05 d2 bf 71 00 f3 9f 02 f0 09 60 03 89 d0 66 04 72 00 f3 9e 02 f0 09 9c 5e 53 0a d2 bf 71 00 f3 9f 02 f0 09 60 04 a9 d0 fe 60 19 89 d0 66 33 72 fd 5a c0 0f 00 ed 2e 72 60 1e a9 d0 ac 0f 00 9c 5e fd 55 50 ae a6 e4 fe 60 4c a9 d0 fe 60 1f a9 d0 fe 60 07 a8 d0 fe 60 08 a8 d0 fe c3 e2 99 01 4d 72 60 fb aa 02 fe fd 58 86 e2 01 00 5a 72 60 fb aa 02 fe 9c 05 f0 07 9c 05 f0 07 6b 99 81 1a f9 1b f9 f2 99 35 f2 99 37 51 86 fe d8 10 7c 72 d8 14 7c 72 71 fe d8 12 92 72 d8 13 92 72 d8 14 92 72 17 08 92 0f 47 04 94 00 04 00 14 02 0c f0 15 02 0c f0 6b 0b 80 da f8 c1 72 71 34 ef d8 12 c0 72 d8 14 c0 72 a0 12 6a 0b 80 6b 0b 81 9c 10 17 88 10 81 47 01 92 10 65 00 fe 16 f9 71 fe 60 d3 a3 d0 fe a8 3f 1c fd 88 00 a1 39 a4 10 a4 11 a4 12 a4 13 a4 14 a4 15 a4 16 a4 17 a8 0c 00 a8 18 00 a4 60 a4 61 a4 62 a4 63 a6 f8 a6 fe 95 01 7f d8 67 35 73 1b f2 78 01 1c f2 71 00 14 f2 78 01 15 f2 78 01 16 f2 62 00 17 f2 78 01 1e 06 92 11 70 00 fd 01 1f 06 92 10 77 00 fd 01 19 06 92 11 71 00 fd 01 1a 06 92 12 71 00 fd 01 71 fe 17 04 92 0f 48 08 14 05 92 10 44 08 73 15 05 92 10 45 08 73 16 05 92 10 48 08 75 1b 01 71 fd 32 19 f2 78 01 1a f2 78 01 1c f2 71 00 71 fe fd 46 fe 03 fe 95 01 60 d8 60 74 74 d8 16 aa 73 d8 15 9d 73 d8 10 89 73 d8 27 81 73 71 fe d1 51 00 d8 24 95 73 fe d8 14 8f 73 19 f9 d8 27 81 73 71 fe d8 62 f7 0e 40 6f 22 fe 19 85 92 06 3e 00 77 71 d8 27 81 73 fe dc 15 b5 73 15 85 92 06 3e 00 77 dc 60 c0 73 19 85 92 06 3f 00 75 dc 15 8f 73 71 00 81 43 f0 09 b4 0c ae da fe 49 74 60 cd a9 d5 bb 12 b3 12 b0 13 00 00 d6 12 fd 59 c0 64 00 ed 13 74 ac 64 00 fd 53 b2 13 9c 0d f0 13 d7 00 06 08 48 06 f0 77 09 ba 13 60 eb 03 42 fd 32 a0 19 a4 16 15 f2 43 01 19 f2 7b 03 a8 0c 00 fe a0 60 a4 16 60 ea a3 d5 ba 12 b9 13 b5 0c 00 83 08 43 00 15 f2 42 01 76 5a 7f 68 07 00 03 37 00 00 04 09 04 10 85 19 05 92 06 3f 00 75 72 5a 7f f0 77 40 69 22 fe 60 af 89 d5 60 b0 a9 d5 fd 59 fd 53 fd 5a fd 55 9c 0d f0 3b 9c 5e f0 3b 60 ae a9 42 a0 60 a4 16 00 83 08 43 00 a8 0c c8 d2 26 74 19 05 92 06 3f 00 75 d8 61 b2 74 b4 18 e2 00 00 b2 74 e2 02 00 9a 74 e2 03 00 ab 74 1b 85 92 04 3c 00 71 d2 b2 74 1c 05 92 04 3c 00 77 1d 85 92 04 3b 00 73 d2 b2 74 1a 85 92 04 3c 00 71 d8 27 81 73 71 fe a6 f8 d8 63 da 74 d8 10 c4 74 71 fe d8 11 f8 0e d8 14 f8 0e a0 11 14 84 92 0e 2e 04 14 f2 2c 01 71 fe a4 63 d2 be 74 19 87 94 00 f8 00 08 40 00 da f8 6d 75 d8 14 f8 0e d8 13 fd 74 14 84 92 04 13 00 d2 04 75 14 85 92 04 14 00 73 d8 13 f8 0e 14 f2 40 01 71 14 f6 b4 37 e2 01 00 2d 75 60 e7 83 d4 f0 09 14 88 10 81 10 45 53 02 10 85 60 e8 a3 d4 d2 64 75 60 d4 a3 d4 f0 09 00 f3 9e 02 f0 09 14 09 10 81 53 01 55 03 10 85 71 00 03 f0 3b 76 fd 32 60 ac a9 d4 00 03 f0 2f 77 14 88 10 81 51 03 53 01 10 85 f0 09 60 dd a3 d4 14 f2 41 01 a2 f9 a0 13 fe 14 84 92 05 15 00 14 f2 d2 03 71 fe 60 d9 a3 02 60 da a3 62 66 a9 75 f0 09 b0 12 0a 00 d1 12 01 d8 4b a5 75 9c 0d ac 0a 00 fd 53 60 dc a3 d4 da f8 af 75 a0 17 d2 af 75 60 db a3 02 f0 09 60 cd a3 d4 f0 09 da f8 d1 75 14 88 10 81 41 53 02 01 0c f0 f0 09 00 81 72 a4 11 a4 12 a4 13 a0 14 a6 f9 a6 f8 fe 14 8a 10 40 10 81 0c f0 45 53 03 01 a4 11 a4 12 a4 13 a6 f8 a6 f9 fe da f8 f7 0e d8 13 f7 0e d8 60 f7 0e d8 61 f7 0e d8 15 82 76 00 85 7e 10 00 9c 05 8a 6f 59 f0 3b 95 02 00 8f 00 12 03 f0 09 9c 36 f0 31 00 83 08 4a 1e f0 3b 8f 00 00 01 7f a0 4d 68 0c 00 08 0d 00 6a 0c 80 fd 5b fd 5c 00 03 08 40 0d 19 87 94 00 f8 00 08 40 00 f0 4f 9c 0f f0 2d 9c 0f f0 16 9c 0f f0 3b 9c 0f 9b f0 1d 95 02 60 8f 00 ff 03 7f 95 02 60 9c 2f f0 3b 9b 00 83 08 40 0e d1 1e 01 6a 0c 00 00 fa 00 8d 09 7f 6c 00 42 f0 00 3d 75 76 fd 9e 3a a4 4d a0 15 fe 60 de a3 40 60 df a3 60 66 7d 76 a0 16 b4 0c e2 c7 00 9d 76 aa 0c b4 0c d2 fc 75 a2 fe a8 0c c7 d2 fc 75 d8 10 c3 76 d8 60 f7 0e d8 61 f7 0e d8 66 bc 76 68 05 80 05 49 00 fe 68 40 80 05 49 00 fe d8 15 a9 76 d8 16 a9 76 60 e5 83 60 00 92 08 43 80 7e 40 00 f0 00 3d d7 76 f0 1d 09 80 06 3e 75 60 c8 83 60 66 f5 76 00 f3 9f 02 f0 09 60 ce a3 60 fe 00 f2 9e 02 f0 09 60 e4 a3 60 f0 09 65 00 81 41 d2 a9 76 c5 19 e2 3f 00 15 77 19 84 10 43 47 75 34 00 f0 3b e8 08 77 e9 36 77 1b 8c 92 06 40 00 10 80 10 45 55 04 10 85 a8 09 1b a8 18 01 d2 a8 77 1c 28 92 06 40 00 10 81 10 40 55 01 71 f0 1d 10 85 10 43 06 d4 01 61 04 65 04 f0 13 d7 10 85 f0 47 07 10 81 10 40 55 03 10 85 1d 26 f0 0f 75 92 06 40 00 f0 1d 10 85 10 40 f0 47 10 43 06 d4 01 65 04 61 04 f0 13 d7 07 10 40 10 81 55 03 56 01 10 85 fd 32 a8 09 1c a8 18 02 d2 a8 77 1a 8d 92 06 40 00 00 10 80 10 45 55 04 10 85 a8 09 1a a8 18 03 f0 77 e8 c6 77 b4 09 e2 1c 00 bb 77 11 f3 44 01 d2 08 77 1c f2 45 01 1d f3 46 01 d2 08 77 15 81 77 f0 09 60 ed a3 d5 f0 09 00 84 05 10 80 72 a4 14 a4 15 a4 16 34 ff b4 18 e2 02 00 f0 77 e2 03 00 f9 77 1b f2 41 01 fe 1c f2 41 01 1d f2 41 01 fe 1a f2 41 01 fe d8 61 f7 0e d8 25 f7 0e a0 25 dc 60 f7 0e 19 81 77 19 f3 7c 02 f0 09 00 81 72 60 f2 a3 d9 19 81 75 fe 34 ef d8 62 f7 0e d8 60 2f 78 d8 61 2f 78 fe d8 1b f7 0e a0 1b a4 1c c5 19 e2 3f 00 f7 0e 19 84 10 43 47 75 fe 34 ef d8 62 f7 0e d8 60 54 78 d8 61 54 78 fe d8 1c f7 0e a0 1c a4 1b c5 19 e2 40 00 f7 0e 19 84 10 43 43 75 fe c3 e2 0c 00 e5 79 d8 61 22 7a 60 f3 a3 d0 f0 09 00 8c 10 41 10 83 0c 04 0c f0 80 06 3e 75 b4 18 e2 03 00 95 78 a8 09 1b d2 98 78 a8 09 1a 11 09 f0 1d 71 10 40 10 81 51 02 f0 1d 9c 04 00 f3 7c 02 00 08 0b f0 0b 04 fd 02 57 03 11 04 51 02 57 02 f0 1d 75 68 06 00 0f b4 00 70 b4 18 e2 03 00 d2 78 a8 09 16 d2 d5 78 a8 09 15 f0 00 00 08 10 41 10 83 47 55 04 71 11 12 f0 1d 77 0b 04 fd 02 92 0f 34 03 10 40 10 81 47 55 02 fd 32 00 04 55 03 57 03 11 02 55 04 f0 31 75 68 0b 00 0c c9 00 b4 18 e2 03 00 17 79 a8 09 19 d2 1a 79 a8 09 18 f0 00 70 00 15 10 41 10 83 57 01 51 02 61 08 57 03 f0 1d 73 f0 1d 0c f0 57 02 11 17 f0 1d 0b 04 fd 02 77 92 0c 49 03 10 40 10 81 57 01 51 02 61 08 57 02 f0 33 9c 10 6a 0b 80 6b 0b 81 f0 45 75 68 0c 00 03 15 00 19 87 94 00 f8 00 08 40 00 a0 25 b4 18 e2 03 00 78 79 a8 09 16 d2 7b 79 a8 09 15 70 00 05 10 81 57 02 73 11 0b f0 1d 77 92 03 16 00 10 45 57 02 fd 32 fd 31 f0 1d 9c 04 00 f3 7c 02 00 07 10 43 10 83 55 03 72 11 03 f0 13 75 fd 32 9c 04 00 f3 7c 02 9c 04 00 f3 7c 02 00 03 41 50 07 11 03 f0 1d 77 fd 32 f0 1d 9c 04 f0 1d 00 8b 54 05 53 02 f0 1d 08 40 06 f0 0b 00 f3 8b 01 f0 1d 00 81 72 a0 61 fd 30 fe d8 22 1d 7a a0 22 e8 1d 7a 60 f4 83 d0 60 f5 a3 d0 e9 05 7a 52 1e 9c 0d ac 1e 00 60 03 a2 02 fe a8 07 60 9c 1b 60 0c a2 02 50 60 fe a8 07 61 9c 1b 60 0c a2 02 50 61 fe 60 f8 a3 d0 fe d8 21 47 7a a0 21 b6 65 00 c0 50 00 ed 47 7a d9 18 47 7a a1 18 60 01 a8 d0 9c 55 a8 07 75 60 0c a2 02 50 75 fe 60 00 a8 d0 fe c3 e2 0c 00 1c 7c d8 61 21 7c 60 fa a3 d0 f0 09 00 8c 10 41 10 83 0c 04 0c f0 80 06 3e 75 1c 09 f0 1d 71 10 40 10 81 51 02 1d 09 f0 1d 71 10 40 10 81 51 02 f0 1d 9c 04 00 f3 7c 02 fd 32 00 08 0b f0 0b 04 fd 02 57 03 1c 04 51 01 57 03 1d 06 f0 1f 51 01 57 02 f0 1d 75 68 06 00 0f b4 00 70 00 0d 10 41 10 83 47 55 04 71 f0 31 08 43 83 17 26 f0 1d 77 0b 04 fd 02 92 0f 34 03 10 40 10 81 47 55 02 71 f0 1d 06 10 43 10 85 d4 01 61 04 65 04 f0 13 d7 07 f0 49 18 25 f0 2d 77 0b 04 fd 02 92 0f 34 03 10 40 10 81 47 45 f0 49 06 10 43 10 85 d4 01 65 04 61 04 f0 13 d7 75 07 f0 1d fd 32 00 05 09 55 03 57 03 17 06 10 40 10 81 55 04 18 06 10 40 10 81 55 04 f0 31 75 68 0b 00 0c c9 00 70 00 15 10 41 10 83 57 01 51 02 61 08 57 03 f0 1d 73 f0 1d 0c f0 57 02 1a 17 f0 1d 0b 04 fd 02 77 92 0c 49 03 10 40 10 81 57 01 51 02 61 08 57 03 1b 17 f0 2d 0b 04 fd 02 77 92 0c 49 03 10 40 10 81 57 01 51 02 61 08 57 02 f0 33 9c 10 6a 0b 80 6b 0b 81 f0 45 00 02 57 02 75 68 0c 00 03 15 00 a0 25 19 87 94 00 f8 00 08 40 00 70 00 05 10 81 57 02 73 17 0b f0 1d 77 92 03 16 00 10 45 57 02 18 0e f0 3b 77 92 03 16 00 10 45 06 47 40 77 07 fd 32 fd 31 f0 1d 9c 04 00 f3 7c 02 00 07 10 43 10 83 55 03 72 17 03 f0 13 75 18 03 f0 13 75 fd 32 9c 04 00 f3 7c 02 9c 04 00 f3 7c 02 00 03 41 50 07 17 03 f0 1d 77 18 03 f0 1d 77 fd 32 f0 1d 9c 04 f0 1d 00 8b 54 05 53 02 f0 1d 08 40 06 f0 0b 00 f3 8b 01 f0 1d 00 81 72 a0 61 fd 30 fe 60 02 a8 d0 fe 60 04 a8 d0 fe e8 2b 7c f0 59 f0 3b b4 18 e2 02 00 40 7c e2 03 00 4d 7c 1b f2 47 01 d2 51 7c 1c f2 48 01 f0 0f 1d f2 49 01 d2 51 7c 1a f2 47 01 f0 00 d8 23 5a 7c d2 51 7c c5 19 e2 3f 00 67 7c 19 84 10 43 47 75 1d f6 1c f6 1a f6 1b f6 a4 61 fe a4 25 d8 60 f7 0e 68 06 80 0f b4 00 fe dc 25 f7 0e a4 25 fe c3 e2 0c 00 99 7c d8 61 9e 7c 60 f9 a3 d0 f0 09 d2 5c 7a 60 03 a8 d0 fe 60 05 a8 d0 fe d8 60 f7 0e 68 99 80 14 10 00 fe 14 86 fd 0f 03 08 40 08 71 fe 9b 9b 9b 9b 9b 9b 9b 9b 9b 9b 9b 9b 9b 9b 9b 9b 9b 9b 9b 9b 9b 9b 9b 9b 9b 9b 9b 9b 9b 9b 9b 9b 9b 9b 9b 9b 9b 9b 9b 9b 9b 9b 9b 9b 9b 9b 9b 9b 9b 9b 9b 9b 9b 9b 9b 9b 9b 9b 9b 9b 9b 9b 9b 9b 9b 9b 9b 9b 9b 9b 9b 9b 9b 9b 9b 9b 9b 9b 9b 9b 9b 9b 9b 9b 9b 9b 9b 9b 9b 9b 9b 9b 9b 9b 9b 9b 9b 9b 9b 9b 9b 9b 9b 9b 9b 9b 9b 9b 9b 9b 9b 9b 9b 9b 9b 9b 9b 9b 9b 9b 9b 9b 9b 9b 9b 9b 9b 9b 9b 9b 9b 9b 9b 9b 9b 9b 9b 9b 9b 9b 9b 9b 9b 9b 9b 9b 9b 9b 9b 9b fe d8 66 58 7d 60 0d a8 d0 fe 60 69 a8 d0 fe d8 66 66 7d 60 0e a8 d0 fe 60 6a a8 d0 fe dc 67 74 7d 60 0f a8 d0 fe 60 7b a8 d0 fe d8 66 88 7d dd 1a f7 0e 68 05 80 12 40 00 fe 68 40 80 12 40 00 fe d8 e8 4d 7f d8 11 c5 7d f8 98 28 a8 7d 14 04 94 fe 01 00 15 84 94 fe 01 00 d9 1a b3 7d 1e 03 08 48 14 71 fe f8 98 3c f8 0e 1e 85 92 04 20 04 77 1e f2 4d 01 71 fe 16 04 92 05 1f 04 17 04 92 06 20 04 18 04 92 04 22 04 19 04 92 03 21 04 1a 04 92 07 22 04 1b 04 92 06 23 04 1c 04 92 08 1f 04 1d 04 92 07 23 04 d2 1b 7f 60 76 a8 d6 f0 09 00 03 f0 09 72 16 0e 0b 04 fd 02 10 81 55 01 57 02 67 08 10 85 17 8e 10 81 0b 04 fd 02 55 01 57 02 67 08 10 85 60 77 a8 d6 f0 09 00 f3 9e 02 f0 09 17 02 10 81 16 03 f0 09 71 60 78 a8 d7 fd 32 17 82 10 85 60 79 a8 d6 f0 09 16 81 77 f0 09 60 7a a8 d6 f0 09 00 f3 9e 02 f0 09 16 87 10 45 53 02 63 08 71 17 f2 71 02 f0 09 60 7d 88 d6 f0 1d 1c fa 1a f2 73 02 1b f2 73 02 9b 1c f2 73 02 1d f2 73 02 f0 09 60 7e a8 d6 f0 09 17 81 47 00 81 71 f0 1d 9c 10 f0 1d 17 06 47 67 04 01 0c f0 16 0b 0b 04 fd 02 10 40 51 01 57 04 01 1a 0d 0b 04 fd 02 10 80 55 03 57 04 67 08 01 1b 0d 0b 04 fd 02 10 80 55 03 57 05 67 08 01 1d 0f 0b 04 fd 02 10 80 55 04 f0 0f 57 04 67 08 01 18 0d 0b 04 fd 02 10 45 f0 3f 57 07 67 08 01 19 13 0b 04 fd 02 10 41 10 83 f0 59 57 03 51 01 57 04 67 08 01 1c f0 99 10 40 80 08 20 0b 04 fd 02 10 80 53 02 55 02 f0 63 10 45 45 57 04 67 08 01 fd 32 16 f9 17 f9 18 f9 19 f9 1a f9 1b f9 1c f9 1d f9 6a 98 80 6b 98 81 f2 98 2c f2 98 2e f2 98 30 f2 98 32 f2 98 34 f2 98 36 a0 e8 00 81 73 6b 40 80 71 fe 1c 04 92 08 23 04 1d 05 92 09 24 04 77 fd 32 1d f2 77 00 71 fe d9 1a f7 0e a1 1a 1e 82 09 77 d2 a6 7f 60 10 a8 de 00 08 0c f0 90 07 22 04 0b f0 0c 04 90 02 10 00 fd 32 60 11 88 de d1 1e 01 64 00 88 7f 6c 00 f0 00 3d 92 7f 1e 84 10 43 4a 4b 60 12 a8 de 00 03 f0 1d 74 1e 8a 10 41 10 81 57 03 80 04 20 77 a0 27 1e f2 4d 01 00 02 75 74 1e f6 a4 27 d2 ed 7f 1e 81 71 60 13 a8 de f0 09 1e 83 10 81 04 1e 81 05 00 87 10 40 10 81 54 02 45 d2 e8 7f 9b 9b 9b 9b 9b 9b 9b 9b 00 83 77 10 80 1e 81 77 f0 1d 1e f2 4d 01 6b 05 80 f2 05 40 f2 05 42 fe f8 98 28 f7 0e 34 ef a4 1b dc 19 f7 0e b0 0e 14 00 45 7d 22 fe 34 ef d4 13 f0 00 d8 1b 23 80 d7 d0 00 01 35 00 1e fa 14 02 0c f0 6b 98 81 15 02 0c f0 00 06 10 c1 0c f0 57 04 1e f0 84 10 81 57 04 f0 17 9c 97 6a 98 80 f0 0b 68 99 00 12 15 00 f2 98 28 f2 98 2a f2 98 3c 15 89 fd 0f 03 13 00 94 00 03 00 16 84 94 08 04 00 00 1c 10 c1 47 67 08 08 4e 00 10 40 fd 9e 12 67 0c 10 45 67 04 10 46 67 04 f0 3b 09 10 c0 18 07 10 42 10 83 57 05 01 16 0a 08 48 0c f0 02 10 42 57 04 01 70 f0 09 9c 10 6a 99 80 fd 32 f2 99 2c f2 99 30 f0 27 9d 15 c0 0c f3 4e 01 d2 ca 80 f0 1d 60 16 a8 62 f0 09 60 17 a8 62 9b f0 1d f0 1d 9c 10 6a 99 00 6b 98 80 35 ff 00 81 72 fe f8 98 3c f7 0e d8 1b f7 0e a0 1b fe a4 1b 60 15 a8 d0 fe a4 1b d2 06 81 d8 65 f7 0e a0 65 f0 09 00 8c 0c f0 0c 04 80 14 11 75 0b f0 0b 04 17 92 01 92 14 11 00 f0 00 94 fc 02 00 07 65 06 00 65 0a 71 d2 30 81 f0 09 60 1a 88 d7 17 83 08 40 82 f0 1d 60 1b a8 d7 f0 09 17 85 09 80 12 13 77 17 f2 1f 00 00 83 f0 1d 72 fe 15 89 fd 0f 03 13 00 94 00 03 00 d2 93 81 9b 9b 9b 9b 9b 9b 9b 9b 9b 9b 9b 9b 9b 9b 9b 9b 9b 9b 9b d8 27 8f 81 71 d8 66 f7 0e 9b 9b 9b 9b 9b 9b 9b 9b 9b 9b 9b 9b 9b 9b 9b 9b 9b 9b 9b 9b 9b 9b 9b 9b 9b 9b 9b 9b 9b 9b 9b 9b 9b a0 65 fe d1 51 00 fe 6b 99 80 d2 50 81 9b 9b 9b 9b 68 98 80 06 9b 00 fe 17 fa 17 f0 82 09 73 00 08 0c 04 0c f0 80 12 14 77 17 0b 10 45 10 81 80 12 13 73 08 40 04 fd 32 f0 09 17 87 09 63 08 92 15 2a 00 f0 13 00 f3 8b 01 00 81 72 a4 65 a4 1b a4 19 9b 9b 9b 9b 9b 9b 9b 9b fe 60 1c a8 d0 fe d2 f7 0e 9b 9b 34 ef a4 1b dc 19 f7 0e b0 0e 14 00 45 e1 2e fe d8 66 f7 0e d8 1b f7 0e a0 1b fe 6a 9a 80 9c 54 ab 0e b0 0f 2c 01 45 88 42 fe 6a 9a 84 9c 54 ab 0e b0 0e f0 00 45 89 02 fe 6a 9a 81 9c 54 ab 0e b0 0f f0 00 45 8a 42 fe 6a 9a 85 9c 54 ab 0e b0 0e f0 00 45 8b 02 fe 6a 9a 82 9c 54 ab 0e b0 0f 78 00 45 8c 42 fe 6a 9a 86 9c 54 ab 0e b0 0e 78 00 45 8d 02 fe 6a 9a 83 9c 54 ab 0e b0 0f 78 00 45 8e 42 fe 6a 9a 87 9c 54 ab 0e fe 9c 1b 1b f9 60 32 a8 02 aa 0f fe dc 60 f7 0e d8 1f f7 0e a0 1f 15 81 77 60 ea a9 60 00 81 42 fe dc 1f f7 0e a4 1f fe a4 10 a4 11 a4 12 b4 0f e2 04 00 c1 82 bb 12 ac 04 00 b9 12 bb 12 b4 0f 60 c8 a9 d0 fe 95 00 00 46 00 46 01 b4 0e c0 06 00 ec e3 82 c0 04 00 ec ea 82 c0 02 00 ec f1 82 b0 12 01 00 d2 64 89 b0 12 04 00 d2 64 89 b0 12 03 00 d2 64 89 b0 12 02 00 d2 64 89 00 0b 0c 04 0c f0 90 15 49 01 77 0b 04 23 88 fd 0d 73 f0 1d 08 48 06 f0 09 60 c9 a9 e3 f0 09 21 91 01 07 09 92 15 49 01 10 80 61 04 00 10 45 61 0e 75 f0 09 24 05 fd 0d 07 73 09 f0 09 60 5a 88 e4 fd 32 f0 09 24 03 08 49 19 60 5b a8 e4 f0 09 24 16 08 40 0a f0 1d 08 42 80 fd 9e 13 7e f0 00 0b 04 10 45 13 02 55 02 00 13 f0 27 10 83 46 45 71 08 42 89 f0 1d 9b fd 9e 0a 08 43 81 fd 32 f0 1d 24 0d 09 10 85 10 46 41 61 04 13 01 08 40 0a 00 08 f0 1d 71 09 94 02 fe 00 fd 32 60 3a a8 e4 f0 09 21 05 45 77 08 48 8f f0 09 60 53 a8 e1 fd 32 f0 09 24 8d 09 f0 01 08 40 0a f0 01 73 09 f0 01 75 f0 09 21 81 09 60 50 a8 e4 24 10 08 42 05 f0 09 10 46 9c 1a 65 04 9b 09 08 40 0a 60 51 88 e1 fd 32 21 08 67 04 75 10 80 08 40 85 24 07 71 08 42 83 f0 1d 09 60 52 a8 e1 f0 09 23 84 09 08 40 04 f0 09 60 4f a8 e3 f0 09 24 05 10 81 08 40 88 f0 09 60 54 88 e4 24 92 09 f0 01 08 48 0a f0 01 73 09 f0 01 75 f0 01 08 42 05 60 55 a8 e4 f0 09 00 f3 9e 02 f0 09 24 0e f0 03 08 4b 93 f0 03 08 4b 94 10 46 65 04 00 03 f0 09 73 21 0b 10 40 67 04 09 10 46 75 06 66 04 23 07 08 48 0c 10 46 65 04 8f 00 00 03 9c 36 7f e4 12 04 00 c0 84 e4 12 03 00 fc 84 e4 12 02 00 3c 85 68 3f 00 0c 12 00 00 81 01 8f 00 48 02 7f 9c 6b f0 77 0d 84 10 43 50 06 0d 89 10 41 50 04 9b 9c 6c 60 10 f0 77 9c 6b 6a 3f 80 f0 00 6a 3f 81 f0 00 6a 3f 83 f0 00 0d 8d 10 44 54 03 10 41 54 02 9b 9c 6c 64 0c f0 b3 d1 10 01 d2 77 85 a0 10 68 3f 00 0c 12 00 00 81 01 0e 84 10 44 60 10 8f 00 30 02 7f 9c 6b f0 77 0d 0b f0 09 10 41 50 02 9b 9c 6c 60 10 0e 06 10 46 f0 1d 64 04 f0 1d 94 fd 32 f0 b3 d1 10 01 d2 77 85 a0 11 68 3f 00 0c 12 00 00 81 01 6a 3f 82 f0 00 8f 00 30 02 7f 9c 6b 0d 84 10 43 50 06 0d 0b 10 41 50 04 60 0a 9b 9c 6c 60 10 0e 0a 10 40 f0 3b 60 08 10 45 60 0a f0 1d f0 b3 d1 10 01 d2 77 85 a0 12 68 3f 00 0c 12 00 00 81 01 8f 00 30 02 7f 9c 6b 0d 84 10 43 50 06 0d 0b 10 41 50 04 60 0d 9b 9c 6c 60 10 0e 0a 10 40 f0 3b 60 08 10 45 60 07 f0 1d f0 b3 d1 10 01 d2 77 85 8f 00 00 02 7f 68 9a 00 15 47 00 91 27 22 03 08 40 08 14 04 92 17 75 00 15 04 92 17 75 00 16 04 92 17 75 00 d8 10 7a 86 d8 11 a1 87 d8 12 78 88 00 07 94 04 fe 00 08 42 09 24 0e fd 0d 92 14 44 02 71 94 04 fe 00 08 42 80 21 0c 92 15 46 02 71 94 0c fc 00 08 41 89 23 0d fd 0d 92 16 48 02 94 00 fc 00 08 48 0c 72 5a 7f 60 56 88 62 f0 09 00 f3 9f 02 f0 09 21 08 10 43 08 42 80 64 08 71 23 08 08 48 86 10 43 61 08 75 00 03 08 43 00 24 05 10 81 08 40 82 60 57 a8 62 f0 09 21 0a f0 1d 71 09 f0 01 73 f0 01 75 23 0a f0 1d 71 09 f0 01 73 f0 01 75 00 0a f0 1d 09 05 f0 01 74 f0 01 75 60 58 88 e4 fd 32 24 87 09 06 40 51 02 07 73 21 01 71 00 81 77 60 59 a8 e4 f0 09 24 85 10 45 63 08 01 f0 1d 00 81 75 f0 1d 21 8b 08 48 8e f0 3b 09 10 45 61 09 01 f0 1d 00 87 0c f0 10 81 42 53 02 d0 9c 02 8a 0f 8e 21 0c 92 16 48 02 94 04 02 00 71 08 41 89 23 08 92 16 49 02 71 08 48 0c 00 04 92 15 46 02 24 0c 92 15 47 02 94 f8 fc 00 75 08 4b 94 72 5a 7f 60 56 88 62 f0 09 24 88 09 06 10 80 10 46 61 04 f0 3b 24 0a 61 04 07 09 f0 01 73 f0 01 71 21 b5 f0 09 10 43 fd 9e 16 d4 01 63 02 67 02 d7 09 f0 01 73 f0 01 75 f0 3b 73 f0 01 71 f0 3b 73 f0 01 75 f0 1d 73 f0 01 71 f0 1d 73 f0 01 75 f0 09 73 f0 01 73 f0 3b 21 0b fd 9e 1a f0 01 08 4a 80 f0 13 9b 23 10 09 f0 01 73 f0 01 71 f0 01 08 48 86 10 43 61 04 8a 0f 54 00 04 72 f0 01 71 24 05 10 80 08 40 82 60 57 a8 62 fd 32 f0 09 60 58 88 60 f0 09 00 01 09 21 07 09 f0 1d 73 f0 01 75 23 07 09 f0 1d 73 f0 01 75 24 07 09 f0 09 73 f0 01 75 f0 1d 60 59 a8 60 f0 09 00 f3 9e 02 f0 09 24 08 10 45 65 08 92 14 74 00 00 03 10 45 41 fd 32 f0 3b 21 8e 08 40 07 f0 3b 09 10 45 65 0c 92 14 74 00 f0 1d 00 8d 0c f0 10 40 10 81 41 53 02 63 08 0b f0 d0 9c 02 00 07 92 15 46 02 08 42 09 24 0e fd 0d 92 14 44 02 71 94 04 fe 00 08 42 80 21 08 92 15 47 02 75 08 42 02 23 08 92 16 49 02 71 08 48 8c 72 5a 7f 60 67 88 62 f0 09 00 f3 9f 02 f0 09 21 0e 10 81 10 43 08 41 83 61 04 f0 1d 08 49 88 23 04 08 48 86 75 00 03 08 43 00 24 05 10 81 08 40 82 60 57 a8 62 fd 32 21 02 09 75 23 0a f0 1d 71 09 f0 01 73 f0 01 75 00 0a f0 1d 09 05 f0 01 74 f0 01 75 60 58 88 e4 fd 32 24 86 09 06 40 41 07 73 21 03 08 48 12 00 81 77 60 59 a8 e4 f0 09 00 f3 9e 02 f0 09 24 85 10 45 63 0c 01 f0 1d 00 84 70 f0 01 71 f0 1d 21 8b 08 48 0f f0 3b 09 10 45 65 0c 01 f0 1d 23 03 f0 27 73 00 8b 0c f0 10 81 41 61 0d 53 02 63 08 d0 9c 02 00 07 92 15 46 02 08 42 09 24 0e fd 0d 92 14 44 02 71 94 04 fe 00 08 42 80 21 0c 92 16 48 02 94 08 04 00 75 08 40 0d 23 0c 92 15 47 02 94 f8 fc 00 71 08 48 0c 72 5a 7f 60 68 88 62 f0 09 00 f3 9f 02 f0 09 23 07 08 48 86 10 43 41 75 00 03 08 43 00 24 05 10 81 08 40 82 60 57 a8 62 f0 09 21 0a f0 1d 71 09 f0 01 73 f0 01 75 23 0a f0 1d 71 09 f0 01 73 f0 01 75 00 0a f0 1d 09 05 f0 01 74 f0 01 75 60 58 88 e4 fd 32 24 86 09 06 40 41 07 73 21 03 08 48 12 00 81 77 60 59 a8 e4 f0 09 24 85 10 45 63 08 01 f0 1d 00 81 71 f0 1d 23 09 f0 31 08 48 8c 10 43 67 06 21 0c 09 f0 1d 09 10 45 10 81 45 65 09 01 00 02 61 08 fd 32 f0 1d 00 08 0c f0 61 08 70 f0 01 77 f0 09 60 4b a8 62 fd 32 00 8a f0 01 10 81 53 02 63 08 0b f0 d0 9c 02 d9 1d f7 0e d8 25 f7 0e a0 25 46 00 46 01 d2 4b 8a 60 34 a8 62 f0 09 00 01 73 23 01 73 21 01 73 22 08 92 09 61 00 94 10 08 00 17 05 92 09 62 00 77 18 88 92 0a 5f 00 94 fe 04 00 0c 05 10 41 80 05 55 fd 32 f0 09 17 f2 7c 02 f0 09 18 f2 7c 02 f0 09 f0 09 fd fb 22 82 14 0a 17 06 10 41 10 83 57 13 18 06 10 41 10 83 57 13 00 f2 8b 01 0c 03 57 16 46 60 3e a8 62 17 f2 63 00 60 5c a8 62 a0 19 f0 1d a4 19 18 f2 78 01 f0 1d 60 5d a8 62 18 fa 18 f0 81 77 f0 09 24 8b 92 14 4b 00 94 08 fc 00 61 0a 73 f0 09 17 f2 63 00 60 5e a8 62 a0 19 f0 1d a4 19 18 81 73 f0 09 60 5f a8 62 f0 09 18 81 77 60 60 a8 62 f0 09 18 f0 84 02 10 83 04 17 f0 84 02 10 83 04 00 03 08 43 00 24 83 08 42 00 60 0c a8 62 4a b0 00 23 d8 00 c2 13 fd 5b fd 5c 17 f9 18 f9 22 f9 d1 14 01 fd 32 14 f9 15 f9 16 f9 23 f9 21 f9 f2 9a 28 f2 9a 2a f2 9a 2c f2 9a 46 f2 9a 42 f2 9a 48 24 01 01 71 d2 32 8b 00 04 f0 3b 09 71 24 8c f0 3b 09 75 f0 1d 08 48 0f f0 3b 09 60 37 88 62 f0 09 00 92 72 f0 01 73 f0 01 08 42 09 f0 1d 09 f0 01 72 f0 01 71 60 38 88 62 f0 09 00 f3 9e 02 f0 09 00 09 10 46 61 04 f0 1d 08 43 80 24 09 77 08 48 8f f0 2f 08 49 07 60 65 88 62 f0 1d 00 01 09 24 02 09 75 60 66 a8 62 f0 09 fd 31 00 91 10 83 04 f0 1d 05 d4 01 7f 6c 00 f0 00 3d f7 8a d7 00 08 10 45 10 81 0c f0 61 08 24 03 f0 0f 01 fd 32 fd 30 00 81 72 60 fe a8 42 95 02 00 f0 3b 91 28 f0 17 00 87 d4 07 7b 01 f0 01 d7 00 f3 fe 01 00 81 72 91 27 9b 9b 9b 9b a4 60 a0 66 a1 3a a0 11 a4 10 a4 12 6a 41 80 6a 41 81 6a 41 82 6a 41 83 6a 41 84 6a 41 85 6a 41 86 6a 41 87 9b 9b f2 11 a8 35 ff a1 12 b0 05 d1 00 d0 d0 02 fe 9b 9b 9b 9b d8 e8 7a 8b 68 9a 80 09 62 00 fe 68 41 80 09 62 00 fe fd 88 00 14 03 fd 0f 03 15 03 fd 0f 03 16 07 94 08 fc 00 fd 0f 03 17 07 94 08 fc 00 fd 0f 03 19 03 fd 0f 03 1a 03 fd 0f 03 1b 03 fd 0f 03 1c 03 fd 0f 03 1d 03 fd 0f 03 1e 03 fd 0f 03 1f 03 fd 0f 03 20 03 fd 0f 03 21 03 fd 0f 03 fd 32 a4 10 a4 11 a4 12 a4 13 a4 14 a4 15 a4 16 a4 17 a8 0c 00 a8 18 00 a4 60 a4 61 a4 62 a4 63 a6 f8 a6 fe 95 01 7f 71 fe d8 66 01 8c 68 05 80 15 40 00 fe 68 40 80 15 40 00 fe dd 1a f7 0e d8 18 f7 0e a0 18 9c 10 6a 05 80 fe d8 1b f7 0e 68 99 80 12 14 00 fe d8 18 f7 0e a0 18 9c 10 6a 40 80 fe 60 7f a8 d0 fe 60 80 a8 d0 fe 1c 84 94 08 fc 00 f0 00 14 84 94 04 04 00 da 5d 55 8c dc 13 53 8c 1c f2 77 00 71 fe 1f f8 20 f8 1d f8 1a f8 1d 04 94 fc 02 00 20 04 94 fc 02 00 18 08 92 12 58 00 94 fc 02 00 19 08 92 11 4c 00 94 02 fc 00 1e 04 92 16 49 02 1a 04 94 02 fc 00 fd 32 1a f2 77 00 1d f2 77 00 20 f2 77 00 1f f2 77 00 17 05 92 00 78 00 77 71 fe d8 18 f7 0e a0 18 9c 83 14 f2 7c 02 19 f2 7c 02 18 f2 7c 02 f0 1d 9b 00 0b 08 43 00 7e 6c 00 f0 00 3d c3 8c 60 88 a8 60 00 8d 09 7f 60 00 51 02 61 08 f0 00 3d d6 8c a4 18 14 f2 77 00 19 f2 77 00 18 f2 77 00 fe 15 fa 60 93 a8 d0 15 fb fe 14 fa 60 94 a8 d0 14 fb fe 1c fa 1c 82 0c 40 f0 00 fd 3d 1c 02 8d 60 96 a8 d0 1c 82 0b 40 1c fb fe 1a 83 c9 1a 73 a0 19 60 95 a8 d0 1a 81 70 a4 19 fe 19 91 0c 40 71 06 10 44 63 02 d4 02 67 04 63 04 d7 67 02 60 98 a8 d0 19 82 0b 40 fe 60 91 a8 d0 fe 17 83 c9 17 73 60 92 a8 d0 17 81 70 fe 60 97 a8 d0 fe f0 09 60 6b a8 60 1b fa 1c fa 14 fa 15 fa 16 fa 17 fa 00 01 77 1b 01 77 1c 02 07 77 14 01 77 15 01 77 16 01 77 17 01 77 0c 06 10 41 90 0d 29 00 fd 32 f0 1d 9c 10 6a 05 80 19 09 fd 0f 02 92 12 3f 0c 77 06 1a 0d fd 0f 02 05 92 13 40 0c 77 14 01 0c f0 fd 32 f0 1d 19 24 0c f0 0c 04 fd 02 05 7e 6c 00 10 42 53 01 fd 0f 03 53 02 0b 04 fd 02 53 03 fd 9e 16 10 45 7e 50 00 43 0b 40 1a 05 f0 0b fd 0f 03 1f 14 01 fd 0f 02 92 12 3f 0c 94 08 04 00 73 f0 1d 00 10 46 63 08 f0 1d 1b 01 71 1c 01 71 00 04 73 f0 09 73 14 12 71 f0 09 73 f0 1d 10 41 10 83 0b 04 fd 02 51 01 53 03 15 12 75 f0 09 73 f0 1d 10 41 10 83 0b 04 fd 02 55 01 53 03 16 04 80 10 48 75 17 01 47 fd 32 1a 04 14 00 0b 40 19 01 07 00 81 73 f0 3b 00 f2 74 02 1b f2 74 02 1c f2 74 02 16 f2 74 02 14 f2 74 02 15 f2 74 02 f0 09 60 4a a8 62 f0 09 1f 02 06 47 f0 1d 9c 10 6a 05 00 f0 1d d1 14 01 1b f3 71 02 1c f3 71 02 14 f3 72 02 15 f3 72 02 16 f3 73 02 1b f2 77 00 1c f2 71 00 14 f2 77 00 15 f2 77 00 16 f2 77 00 19 f2 78 01 1a f2 78 01 f2 05 3e a0 67 fe c3 e2 41 00 b2 8e 60 40 a8 d0 fe de 5d bb 8e 60 81 a8 d0 fe 60 87 a8 d0 fe c3 e2 41 00 cb 8e 60 41 a8 d0 fe da 5d d4 8e 60 81 a8 d0 fe 60 83 a8 d0 fe c3 e2 41 00 e8 8e 60 42 a8 d0 dc 67 58 8d fe 93 10 81 77 91 31 f0 1d 60 1b 89 d0 f0 a9 60 1c 89 d0 f0 b3 60 1d a9 d0 f0 09 91 27 fe c3 e2 41 00 18 8f d8 67 21 8f 60 44 a8 d0 dc 67 58 8d fe da 5d 26 8f 60 86 a8 d0 fe 60 45 a8 d0 fe 60 6c a8 d0 fe c3 e2 41 00 3a 8f 60 45 a8 d0 dc 67 58 8d fe 60 86 a8 d0 fe c3 e2 41 00 4e 8f 60 46 a8 d0 dc 67 58 8d fe 60 82 a8 d0 fe c3 e2 41 00 62 8f 60 47 a8 d0 dc 67 58 8d fe 60 6d a8 d0 fe c3 e2 41 00 7a 8f 60 48 a8 d0 60 49 a8 42 dc 67 58 8d fe d8 13 97 8f 60 7c a8 d0 a0 13 10 8e 10 41 10 83 07 7e 40 00 51 02 10 43 53 0a 1c f9 fe 60 04 a8 d0 fe c3 e2 41 00 ab 8f 60 43 a8 d0 dc 67 58 8d fe 60 84 a8 d0 fe c3 e2 41 00 eb 8f d8 66 cf 8f 60 6e 88 d0 10 05 c9 07 bb 12 77 60 6f a8 d0 10 83 ba 12 70 fe 60 70 88 d0 c9 10 bb 12 10 81 77 60 71 88 d0 10 81 75 60 72 a8 d0 10 83 ba 12 70 fe 60 83 a8 d0 fe 60 73 a8 d0 fe d8 e9 f7 0e d8 26 f7 0e a0 26 60 89 a8 62 f0 09 00 90 f0 00 3d 07 90 fd 03 0c 04 90 0d 41 08 0b 04 77 1e 96 01 92 0d 41 08 10 80 10 45 94 04 fe 00 00 67 0c 73 f0 1d 08 40 06 f0 09 60 8a 88 62 1e 01 09 60 8b a8 62 66 59 90 64 f0 09 00 f3 9e 02 f0 09 1e 8c 08 41 09 f0 27 09 63 0c 92 15 75 00 d2 2f 93 64 f0 09 00 f3 9f 02 f0 09 1e 83 08 40 06 f0 1d 60 8c a8 62 f0 09 00 01 75 1e 06 09 f0 13 08 48 10 20 92 f0 09 92 0d 41 08 10 81 10 45 94 fc fe 00 00 65 0c 71 f0 09 60 8d 88 62 20 96 08 48 8a 10 40 6a 08 10 41 6a 08 08 48 8b 10 43 4b f0 1d 10 45 09 60 8e a8 62 66 ee 90 f0 09 1e 81 09 f0 09 00 f3 9e 02 00 81 77 00 f3 9e 02 f0 1d 1e 03 08 41 09 20 83 08 49 99 f0 27 60 62 a8 60 f0 1d 1e 07 09 63 0c 92 15 75 00 20 87 09 61 0c 92 16 75 00 d2 2f 93 f0 09 1e 81 09 f0 09 00 f3 9f 02 f0 09 1e 03 08 40 06 20 83 08 40 86 f0 1d 60 8f a8 62 f0 09 00 01 73 1e 04 09 f0 13 09 20 06 09 f0 13 08 48 90 21 92 f0 09 92 0d 41 08 10 81 10 45 94 fc 02 00 00 63 0c 77 f0 09 60 90 a8 62 66 8e 91 f0 09 1e 01 09 20 01 09 f0 09 00 f3 9e 02 00 81 75 00 f3 9e 02 00 81 77 00 f3 9e 02 f0 1d 1e 03 08 41 09 20 03 08 49 99 21 83 08 49 0f f0 27 60 62 a8 62 f0 1d 1e 07 09 63 0c 92 15 75 00 20 07 09 61 0c 92 16 75 00 21 87 09 67 0c 92 17 75 00 d2 2f 93 64 f0 09 00 f3 9f 02 f0 09 1e 03 08 40 06 20 03 08 40 86 21 83 08 40 87 f0 1d 9c 1a 60 63 a8 62 f0 09 00 0b 71 f0 4f 08 43 80 7e 40 00 0b 04 1e 10 09 f0 13 08 48 11 f0 3b 08 42 00 7e 40 00 0b 04 20 0b 09 f0 4f 08 42 80 7e 40 00 0b 04 21 10 09 f0 13 08 48 92 f0 3b 08 49 07 7e 40 00 0b 04 1f 28 f0 09 92 0d 41 08 10 c5 94 08 04 00 00 61 0a 75 f0 1d 08 48 0c 10 40 6a 08 10 41 6a 08 08 48 0d 10 43 4b f0 3b 10 40 09 f0 4f 0c f2 92 02 9c 15 fd 32 00 01 09 1e 03 08 48 11 20 01 09 21 03 08 48 92 60 64 a8 62 66 ac 92 f0 09 1e 01 09 21 01 09 fd 32 f0 09 00 f3 9e 02 00 81 73 00 f3 9e 02 00 81 75 00 f3 9e 02 00 81 77 00 f3 9e 02 f0 1d 1e 03 08 41 09 20 03 08 49 99 21 03 08 49 0f 1f 08 f0 13 08 48 09 f0 09 09 f0 27 60 62 a8 62 f0 09 00 f2 8b 01 1e 07 09 63 0c 92 15 75 00 20 07 09 61 0c 92 16 75 00 21 07 09 67 0c 92 17 75 00 1f 87 09 65 0a 92 18 75 00 d2 2f 93 f0 09 00 f3 9f 02 f0 09 1e 0e 08 40 06 10 43 d4 3b 67 02 63 02 d7 10 45 20 0e 08 40 86 10 43 d4 3b 65 02 61 02 d7 10 45 21 0e 08 40 87 10 43 d4 3b 63 02 67 02 d7 10 45 1f 0e 08 40 07 10 43 d4 3b 61 02 65 02 d7 10 45 00 0d 77 f0 0e 75 f0 0e 73 f0 0e 71 f0 0e 77 fd 32 1e 05 10 80 08 40 04 20 05 10 80 08 40 84 21 05 10 80 08 40 85 1f 05 10 80 08 40 05 00 03 08 4a 10 f0 1d 60 61 a8 62 d2 7f 92 f0 13 00 81 72 00 f2 8b 01 fe d8 26 f7 0e a0 26 fe d8 26 f7 0e a0 26 00 8d 0c 04 fd 03 90 17 46 02 61 08 73 6a 04 00 f3 9e 02 00 8a 08 40 06 f0 3b 08 42 09 f0 1d 00 f2 8b 01 fe d8 25 f7 0e a0 25 00 8e 0c 04 0c f0 fd 03 80 16 44 0b 04 0c f0 71 f0 1d 60 74 a8 60 f0 09 00 8c 08 43 80 7e 6c 00 f0 00 3d 90 93 09 60 75 a8 60 f0 09 00 85 f0 09 08 42 89 f0 09 60 9a a8 60 8f 17 00 0a 7f 9c 05 8f 17 ff 0a 7f 00 f2 8b 01 fe da 84 cb 93 a2 84 4e 10 00 01 68 bf 80 15 7a 00 fe 4b dc 00 fe dc e9 f7 0e 4b dc 00 fe 60 3b a8 d0 fe 60 3f a8 d0 fe da 5d ea 93 60 81 a8 d0 fe 60 85 a8 d0 fe e4 05 cd 00 34 95 e4 05 e1 00 48 99 e4 05 ca 00 f1 94 e4 05 d4 00 80 97 e4 05 d7 00 c3 97 fd 5b fd 5c e4 05 c8 00 a8 94 e4 05 c9 00 c5 94 e4 05 cb 00 0e 95 e4 05 cc 00 21 95 e4 05 ce 00 bd 96 e4 05 cf 00 d0 96 e4 05 d0 00 e3 96 e4 05 d1 00 0b 97 e4 05 d2 00 1e 97 e4 05 d3 00 31 97 e4 05 d5 00 9d 97 e4 05 d6 00 b0 97 e4 05 d8 00 0e 98 e4 05 d9 00 2b 98 e4 05 da 00 c0 98 e4 05 db 00 d3 98 e4 05 dc 00 e6 98 e4 05 dd 00 f9 98 e4 05 de 00 0c 99 e4 05 df 00 1f 99 e4 05 e0 00 35 99 e4 05 e2 00 c6 99 e4 05 e3 00 ff 99 e4 05 e4 00 12 9a e4 05 e5 00 25 9a fe a8 07 05 b0 00 0c 02 d1 f4 0e b0 ff ff 00 e4 ff ff 00 38 9a b0 ff 00 00 b0 05 00 00 fe a8 07 80 e0 07 97 e8 9c b0 00 0c 02 d1 f4 0e a8 07 81 b0 00 0c 02 d1 f4 0e b0 ff ff 00 e4 ff ff 00 38 9a b0 05 00 00 b0 ff 00 00 fe a8 07 57 b0 00 0c 02 d1 f4 0e b0 ff ff 00 e4 ff ff 00 38 9a b0 05 00 00 b0 ff 00 00 fe b0 ff ff 00 e4 ff ff 00 38 9a b0 05 00 00 b0 ff 00 00 fe b0 ff ff 00 e4 ff ff 00 38 9a b0 05 00 00 b0 ff 00 00 fe d8 b5 92 95 a0 18 4a a4 00 05 d8 00 c4 99 71 9b 9b a0 b5 fd 5b fd 5c 10 92 fd 0d 0c f4 10 c3 04 7f 38 00 f0 1f fd 0d fd 9e 0b fe 10 fb c3 e3 15 01 72 95 d8 b6 92 95 15 05 a0 19 d2 c1 95 e3 1b 01 82 95 d8 b7 92 95 16 05 a0 19 d2 1a 96 e3 11 01 92 95 d8 b8 92 95 17 05 a0 19 d2 73 96 a8 07 87 e0 07 97 e8 9c b0 00 0c 02 d1 f4 0e b0 ff ff 00 e4 ff ff 00 38 9a b0 05 00 00 b0 ff 00 00 fe fd 40 a0 18 b0 07 8d 00 d1 12 00 10 31 fd 0d 0c f0 78 04 10 c0 f0 1f 7f 38 00 f0 1f 7f 38 00 f0 1f f0 00 dc 19 d5 95 f0 1f 10 c3 04 7f 38 00 f0 1f fd 9e 0b 51 03 53 03 51 02 01 fd 0d fe 60 6c 86 d0 a0 b6 a0 19 d8 01 09 96 a8 07 73 9c 55 60 6d a6 42 fd 50 64 a4 18 fe fd 40 a0 18 b0 07 8d 00 d1 12 00 10 31 fd 0d 0c f0 78 04 10 c0 f0 1f 7f 38 00 f0 1f 7f 38 00 f0 1f f0 00 dc 19 2e 96 f0 1f 10 c3 04 7f 38 00 f0 1f fd 9e 0b 55 05 53 05 55 04 01 fd 0d fe 60 6c 86 d0 a0 b7 a0 19 d8 01 62 96 a8 07 73 9c 55 60 6d a6 42 fd 50 64 a4 18 fe fd 40 a0 18 b0 07 8d 00 d1 12 00 10 2f f0 1f 0c f0 78 04 10 c0 f0 1f 7f 38 00 f0 1f 7f 38 00 f0 1f f0 00 dc 19 87 96 f0 1f 10 c3 04 7f 38 00 fd 0d fd 9e 0b 51 04 57 03 01 fd 0d fe 60 6c 86 d0 a0 b8 a0 19 d8 01 b9 96 a8 07 73 9c 55 60 6d a6 42 fd 50 64 a4 18 fe b0 ff ff 00 e4 ff ff 00 38 9a b0 05 00 00 b0 ff 00 00 fe b0 ff ff 00 e4 ff ff 00 38 9a b0 05 00 00 b0 ff 00 00 fe f2 27 a8 f2 27 aa f2 27 ac f2 27 2e f2 27 30 f2 27 32 f2 27 34 b0 ff ff 00 e4 ff ff 00 38 9a b0 05 00 00 b0 ff 00 00 fe b0 ff ff 00 e4 ff ff 00 38 9a b0 05 00 00 b0 ff 00 00 fe b0 ff ff 00 e4 ff ff 00 38 9a b0 05 00 00 b0 ff 00 00 fe d8 c6 6a 97 4a a7 00 03 a1 e5 a5 e6 a5 e7 d1 18 00 fd 5b fd 5c a0 c6 68 ad 80 03 59 00 a4 48 00 03 7e 00 00 f0 13 b0 ff ff 00 e4 ff ff 00 38 9a b0 05 00 00 b0 ff 00 00 fe 75 9b 9b 9b 9b a0 48 35 00 68 ad 80 02 5c 00 00 03 7e 00 00 fe fe a8 07 4b b0 00 0c 02 d1 f4 0e b0 ff ff 00 e4 ff ff 00 38 9a b0 05 00 00 b0 ff 00 00 fe b0 ff ff 00 e4 ff ff 00 38 9a b0 05 00 00 b0 ff 00 00 fe b0 ff ff 00 e4 ff ff 00 38 9a b0 05 00 00 b0 ff 00 00 fe 4a a9 00 2a a1 e5 a1 e6 a1 e7 d1 18 00 15 f9 fd 5b fd 5c 71 9c 15 b0 1a 01 00 c7 14 d4 02 f0 00 3f 20 e1 97 f0 03 b1 1a 03 00 d7 14 04 00 08 40 00 f2 44 ab b0 ff ff 00 a2 50 a1 40 e4 ff ff 00 38 9a b0 05 00 00 b0 ff 00 00 fe a8 07 5a b0 00 0c 02 d1 f4 0e b0 ff ff 00 e4 ff ff 00 38 9a b0 05 00 00 b0 ff 00 00 fe a2 9d 91 33 da 46 4f 98 b4 1d e2 00 00 41 98 14 85 d6 00 53 02 d7 14 83 08 40 02 d8 27 65 98 71 d2 a3 98 fe a2 46 14 87 92 0b 3e 08 08 40 02 e4 22 07 00 65 98 71 d2 a3 98 fe 34 00 fd 31 00 89 0c 04 fd 01 09 72 fd 03 03 71 00 9e fd 02 f0 00 3d 79 98 fd 0d 0c f0 fd 01 7f a5 00 f0 13 0b 04 42 f0 00 3d 8c 98 fd 0c 0b f0 00 f3 8b 01 fd 30 34 ff a4 27 d2 a3 98 fe a8 07 5e b0 00 0c 02 d1 f4 0e b0 ff ff 00 e4 ff ff 00 38 9a b0 05 00 00 b0 ff 00 00 fe b0 ff ff 00 e4 ff ff 00 38 9a b0 05 00 00 b0 ff 00 00 fe b0 ff ff 00 e4 ff ff 00 38 9a b0 05 00 00 b0 ff 00 00 fe b0 ff ff 00 e4 ff ff 00 38 9a b0 05 00 00 b0 ff 00 00 fe b0 ff ff 00 e4 ff ff 00 38 9a b0 05 00 00 b0 ff 00 00 fe b0 ff ff 00 e4 ff ff 00 38 9a b0 05 00 00 b0 ff 00 00 fe b0 ff ff 00 e4 ff ff 00 38 9a b0 05 00 00 b0 ff 00 00 4b 32 00 fe b0 ff ff 00 e4 ff ff 00 38 9a b0 05 00 00 b0 ff 00 00 fe 9c 05 b4 08 b5 14 0c 04 10 41 56 02 19 15 fd 0d 04 10 81 08 50 01 20 04 25 c0 03 80 ff f0 07 21 08 40 02 c7 10 ba 0a ad 60 02 bb 0a a5 26 9c 0e 3f 04 7c 99 f0 1f 19 fe 4a 9e 00 15 d8 00 c4 99 0c 04 52 02 10 40 71 a1 26 a1 25 19 10 20 04 25 40 00 80 ff f0 07 21 08 40 04 fd 0d 05 f2 4f 33 f2 4f b5 19 fe 19 f3 0f 00 b0 ff ff 00 e4 ff ff 00 38 9a b0 05 00 00 b0 ff 00 00 fe fb fe b0 ff ff 00 e4 ff ff 00 38 9a b0 05 00 00 b0 ff 00 00 fe b0 ff ff 00 e4 ff ff 00 38 9a b0 05 00 00 b0 ff 00 00 fe b0 ff ff 00 e4 ff ff 00 38 9a b0 05 00 00 b0 ff 00 00 fe b0 ff ff 00 e4 ff ff 00 38 9a b0 05 00 00 b0 ff 00 00 fe b0 ff ff 00 e4 ff ff 00 38 9a b0 05 00 00 b0 ff 00 00 fe b0 ff ff 00 e4 ff ff 00 38 9a b0 05 00 00 b0 ff 00 00 fe d9 11 3e 9a a1 11 e0 35 06 22 9b e0 35 05 f8 9a e0 35 04 da 9a e0 35 03 bc 9a e0 35 02 9e 9a e0 35 01 80 9a e0 35 00 62 9a fe aa 35 90 18 fd 8e 80 07 01 7f fd 4d 01 fd 8e b2 07 01 7f 71 e4 05 df 00 29 99 d2 93 9b fe aa 35 90 18 fd 8e 80 07 01 7f fd 4d 02 fd 8e b2 07 01 7f 71 e4 05 df 00 29 99 d2 93 9b fe aa 35 90 18 fd 8e 80 07 01 7f fd 4d 03 fd 8e b2 07 01 7f 71 e4 05 df 00 29 99 d2 93 9b fe aa 35 90 18 fd 8e 80 07 01 7f fd 4d 04 fd 8e b2 07 01 7f 71 e4 05 df 00 29 99 d2 93 9b fe aa 35 90 18 fd 8e 80 07 01 7f fd 4d 05 fd 8e b2 07 01 7f 71 e4 05 df 00 29 99 d2 93 9b fe aa 35 90 18 fd 8e 80 07 01 7f fd 4d 06 fd 8e b2 07 01 7f da 4d 5b 9b da c1 79 9b a1 82 a1 87 71 e4 05 df 00 29 99 d2 93 9b fe de c1 4b 9b aa 35 90 18 fd 8e 80 07 01 7f fd 4d 07 fd 8e b2 07 01 7f da 4d 4c 9b a1 82 a1 87 71 e4 05 df 00 29 99 d2 93 9b fe a1 85 a1 45 71 e4 05 df 00 29 99 d2 93 9b fe de c1 6a 9b 71 e4 05 df 00 29 99 d2 93 9b fe a1 85 a1 45 71 e4 05 df 00 29 99 d2 93 9b fe 71 e4 05 df 00 29 99 d2 93 9b fe a1 82 a1 85 71 e4 05 df 00 29 99 d2 93 9b fe e4 05 ca 00 59 9c e4 05 cc 00 64 9c e4 05 cd 00 59 9c e4 05 ce 00 59 9c e4 05 cf 00 6f 9c e4 05 d0 00 38 9c e4 05 d1 00 85 9c e4 05 d2 00 90 9c e4 05 d3 00 9b 9c e4 05 d4 00 9b 9c e4 05 d5 00 9b 9c e4 05 d6 00 a6 9c e4 05 d7 00 59 9c e4 05 d8 00 d2 9c e4 05 d9 00 d2 9c e4 05 da 00 43 9c e4 05 db 00 b1 9c e4 05 dc 00 b1 9c e4 05 dd 00 bc 9c e4 05 de 00 c7 9c e4 05 e0 00 4e 9c e4 05 e1 00 43 9c e4 05 e2 00 d2 9c e4 05 e3 00 dd 9c e4 05 e4 00 dd 9c e4 05 e5 00 dd 9c b0 05 00 00 b0 ff 00 00 fe 91 0d b0 05 00 00 b0 ff 00 00 fe 91 2a b0 05 00 00 b0 ff 00 00 fe 91 02 b0 05 00 00 b0 ff 00 00 fe 91 1b b0 05 00 00 b0 ff 00 00 fe 91 1a b0 05 00 00 b0 ff 00 00 fe 91 1f b0 05 00 00 b0 ff 00 00 fe 91 0d b0 05 00 00 b0 ff 00 00 fe 91 27 b0 05 00 00 b0 ff 00 00 fe 91 22 b0 05 00 00 b0 ff 00 00 fe 91 29 b0 05 00 00 b0 ff 00 00 fe 91 05 b0 05 00 00 b0 ff 00 00 fe 91 3d b0 05 00 00 b0 ff 00 00 fe 91 32 b0 05 00 00 b0 ff 00 00 fe 91 3e b0 05 00 00 b0 ff 00 00 fe 91 33 b0 05 00 00 b0 ff 00 00 fe 91 42 b0 05 00 00 b0 ff 00 00 fe a8 07 00 a8 07 97 fd 5e e2 01 00 15 9d a8 07 98 fd 5e e2 01 00 2d 9d a8 07 97 ac 0c 02 d1 f4 0e e4 05 c9 00 d4 94 e4 05 cd 00 a1 95 fe a8 07 98 ac 0c 02 d1 f4 0e 51 97 e4 05 c9 00 d4 94 e4 05 cd 00 a1 95 fe a8 07 96 ac 0c 02 d1 f4 0e 51 98 e4 05 c9 00 d4 94 e4 05 cd 00 a1 95 fe 3b 00 00 00 00 2e c7 3b 00 00 00 00 db 29 3b 00 00 00 00 8f 8c 3b 00 00 00 00 35 ef 3b 00 00 00 00 cd 51 3b 00 00 00 00 6c b4 3b 00 00 00 00 f6 16 3b 00 00 00 00 87 79 3b 00 00 00 00 0a dc 3b 00 00 00 00 7f 3e 3b 00 00 00 00 fb a0 3b 00 00 00 00 62 03 3b 00 00 00 00 d5 65 3b 00 00 00 00 30 c8 3b 00 00 00 00 82 2a 3b 00 00 00 00 db 8c 3b 00 00 00 00 26 ef 3b 00 00 00 00 63 51 3b 00 00 00 00 a7 b3 3b 00 00 00 00 d6 15 3b 00 00 00 00 0c 78 3b 00 00 00 00 34 da 3b 00 00 00 00 4e 3c 3b 00 00 00 00 77 9e 3b 00 00 00 00 7b 00 3b 00 00 00 00 a2 62 3b 00 00 00 00 93 c4 3b 00 00 00 00 8a 26 3b 00 00 00 00 88 88 3b 00 00 00 00 78 ea 3b 00 00 00 00 5a 4c 3b 00 00 00 00 43 ae 3b 00 00 00 00 17 10 3b 00 00 00 00 f2 71 3b 00 00 00 00 bf d3 3b 00 00 00 00 7e 35 3b 00 00 00 00 3b 9b 3b 00 00 00 00 f5 f8 3b 00 00 00 00 ad 5a 3b 00 00 00 00 57 bc 3b 00 00 00 00 96 7f 3b 00 00 00 00 2b e1 3b 00 00 00 00 b2 42 3b 00 00 00 00 40 a4 3b 00 00 00 00 b9 05 3b 00 00 00 00 39 67 3b 00 00 00 00 ab c8 3b 00 00 00 00 0f 2a 3b 00 00 00 00 7a 8b 3b 00 00 00 00 d7 ec 3b 00 00 00 00 26 4e 3b 00 00 00 00 7c af 3b 00 00 00 00 bd 10 3b 00 00 00 00 3f d3 9b fe d9 1c 70 9f da e2 d7 9e 18 82 09 78 60 dc a2 d0 18 83 08 40 06 fe dc ed 75 9f a1 1c 00 90 0c f0 0c 04 fd 03 80 04 3b 76 0b 04 0b f0 fd 02 19 8f 01 92 04 3b 02 94 f8 fc 00 10 45 00 65 0c 77 f0 09 60 dd a2 d0 f0 09 18 08 09 75 f0 01 73 f0 01 01 14 07 73 f0 03 92 04 39 02 fd 32 f0 09 60 00 a9 d0 f0 09 19 8b f0 09 08 40 87 f0 09 09 f0 3b 71 60 de 82 d0 f0 09 19 81 77 f0 09 60 78 a3 d0 f0 09 19 8e 08 40 87 f0 09 09 f0 3b 61 0c 92 10 42 00 14 07 75 f0 01 92 10 42 00 18 08 f0 01 00 f0 01 08 48 12 fd 32 f0 09 00 83 f0 09 72 fe 60 df a2 d0 fe 10 07 09 fd 0a 78 f0 01 01 14 07 f0 01 92 04 39 02 78 fd 32 60 01 a9 d4 14 07 75 f0 01 92 0c 55 00 10 04 75 f0 01 00 fd 32 fe fd 88 00 a8 3f 0a de e1 ab 9f 1b f9 d8 ec b2 9f f2 11 a8 d8 e9 b9 9f d0 06 01 d2 c8 9f 9b 0c 86 10 44 54 02 55 01 d0 06 01 d8 ed 37 0f 1e 8d 92 06 54 0c 94 10 08 00 fd 0f 02 0b f0 1e f2 d2 03 d0 06 01 f2 27 a8 f2 27 aa f2 27 ac f2 27 2e f2 27 30 f2 27 32 f2 27 34 f8 59 29 f8 0e 14 84 94 00 00 02 71 fe dc e9 f7 0e d8 ed f7 0e d8 19 f7 0e a0 19 60 05 a9 60 00 8e f0 00 3d 18 a0 0c 04 0c f0 fd 03 80 15 7a 00 f3 8b 01 a4 19 fe dc e9 f7 0e d8 ed f7 0e d8 19 f7 0e a0 19 60 05 a9 60 00 8e f0 00 3d 41 a0 fd 03 0c 04 0c f0 80 01 65 00 f3 8b 01 a4 19 fe 00 8a 0c f0 80 07 56 67 04 74 0b f0 1e 83 67 04 71 00 81 75 d2 4e a1 fe 35 00 a0 26 fd 31 60 02 29 60 8a 0f 69 1e 13 92 06 54 24 08 49 1a f0 01 09 f0 01 08 49 1a fd 0f 02 00 21 0d 92 06 54 24 94 f5 00 0e 08 40 02 13 02 fd 32 1e f2 19 03 21 f2 19 03 0c 86 10 40 90 05 32 00 f0 77 fd 30 d1 14 01 00 81 72 35 ff 21 f6 1e 05 f0 07 77 09 77 21 4b f0 07 01 92 06 53 0c 94 fc 02 08 00 13 00 08 48 0d f0 0f 01 94 f2 0a 00 08 48 06 00 10 41 f0 0f 08 48 07 6a 04 08 48 06 6a 04 08 48 05 6a 04 08 48 04 6a 04 08 48 03 6a 04 08 48 02 6a 04 08 48 0b 65 04 10 41 7e 40 00 53 02 01 fd 32 1e 8f 0b 04 fd 02 7e 00 00 0b f0 10 45 61 0a fd 0c a4 26 c3 e2 99 00 4e a1 14 02 0c f0 15 02 0c f0 f2 98 28 f2 98 2a f2 98 3c 14 f9 15 f9 1e f9 6b 98 81 6a 98 80 d0 7a 02 f2 99 2c f2 99 30 16 f9 18 f9 19 02 0c f0 1a 02 0c f0 19 f9 1a f9 6a 99 80 d0 81 02 9b 9b 9b 9b 9b 9b 9b 9b 9b 9b 9b 9b 9b 9b 9b 9b 9b 9b 9b 9b 9b 9b 9b 9b 9b 9b 9b 9b 9b 9b 9b 9b 9b 9b 9b 9b 9b 9b 9b 9b 9b 9b 9b 9b 9b 9b 9b 9b 9b 9b 9b 9b 9b 9b 9b 9b 9b 9b 9b 9b 9b 9b 9b 9b 9b 9b 9b 9b 9b 9b 9b 9b 9b 9b 9b 9b 9b 9b 9b 9b 9b 9b 9b 9b 9b 9b 9b 9b 9b 9b 9b 9b 9b 9b 9b 9b 9b 9b 9b 9b 9b 9b 9b 9b 9b 9b 9b 9b 9b 9b 9b 9b 9b 9b 9b 9b 9b 9b 9b 9b 9b 9b 9b 9b 9b 9b 9b 9b 9b 9b 9b 9b 9b 9b 9b 9b 9b 9b 9b 9b 9b 9b 9b 9b 9b 9b 9b 9b 9b 9b 9b 9b 9b 9b 9b 9b 9b 9b 9b 9b 9b 9b 9b 9b 9b 9b 9b 9b 9b 9b 9b 9b 9b 9b 9b 9b 9b 9b 9b 9b 9b 9b 9b 9b 9b 9b 9b 9b 9b 9b 9b 9b 9b 9b 9b 9b 9b 9b 9b 9b 9b 9b 9b 9b 9b 9b 9b 9b 9b 9b 9b 9b 9b 9b 9b 9b 9b 9b 9b 9b 9b 9b 9b 9b 9b 9b 9b 9b 9b 9b 9b 9b 9b 9b 9b 9b 9b 9b 9b 9b 9b 9b 9b 9b 9b 9b 9b 9b 9b 9b 9b 9b 9b 9b 9b 9b 9b 9b 9b 9b 9b 9b 9b 9b 9b 9b 9b 9b 9b 9b 9b 9b 9b 9b 9b 9b 9b 9b 9b 9b 9b 9b 9b fe dc e9 f7 0e da e2 f7 0e a2 e2 40 d8 22 fe d2 f4 0f 8a 0f 6e dc f4 d2 a2 b6 06 00 e2 05 00 bd a2 e2 04 00 d2 a2 e2 03 00 c5 a2 e2 02 00 d2 a2 e2 01 00 cd a2 d2 d2 a2 1c 83 08 48 87 d2 d2 a2 1c 83 08 48 8a d2 d2 a2 1c 83 08 42 81 14 f2 77 00 d8 fc e9 a2 d8 fa e0 a2 71 fe 14 85 92 05 11 00 71 71 fe 8a 0f 6d 17 04 92 06 16 00 14 85 92 04 17 00 71 9b 9b 9b 9b 9b 9b 9b 9b 9b 9b 9b 9b 17 f6 17 88 92 06 16 00 94 fe 04 00 71 fe 0f f2 28 03 14 f4 23 03 16 f4 27 03 1a f4 23 03 0c 06 10 44 56 03 57 06 00 88 92 0b 3b 02 fd 03 77 01 72 3c 0c 04 10 40 57 05 1d 13 10 81 57 02 10 45 10 80 47 10 45 67 08 10 80 10 46 67 08 14 0d f0 00 06 04 10 83 10 41 51 02 10 85 07 1c 83 f0 00 71 f0 09 fd 32 1b 0e 77 f0 00 10 c0 57 03 10 45 55 02 77 10 85 16 0c f0 00 10 81 51 04 10 c0 57 02 10 85 1c 07 f0 00 10 45 10 80 41 15 09 75 f0 00 10 c0 55 02 10 85 18 06 75 f0 00 47 55 04 fd 32 f0 00 14 f2 70 03 f0 00 14 fa 14 90 21 0b 04 fd 02 f0 00 fd 3d 07 62 4d fd 03 0c 04 f0 00 1d 03 f0 00 73 1b f2 70 03 f0 00 f0 00 1b fa 1b 90 21 0b 04 fd 02 f0 00 fd 3d 07 85 4d fd 03 0c 04 f0 00 1d 03 f0 00 71 18 f2 70 03 f0 00 f0 00 18 fa 18 90 21 0b 04 fd 02 f0 00 fd 3d 07 a8 4d fd 03 0c 04 f0 09 1d 3f f0 09 75 f0 09 73 f0 09 77 f0 09 71 f0 09 75 f0 09 77 f0 04 73 f0 04 77 f0 04 71 f0 04 75 f0 04 77 f0 02 73 f0 01 75 f0 01 77 f0 01 73 f0 01 71 f0 01 77 10 43 06 67 02 d4 09 63 04 67 04 d7 1c f2 70 03 f0 00 f0 00 64 1b f2 70 03 f0 00 f0 00 64 18 f2 70 03 f0 00 14 f2 70 03 f0 00 16 f2 70 03 f0 00 f0 00 64 f0 00 f0 00 64 fd 32 1d 96 07 10 40 03 4a 10 45 6a 08 10 46 6a 04 10 43 4b 6b 0c fd 9e 14 02 14 fa 18 fa 1b fa 1c fa 16 fa 14 0e 21 0b 04 fd 02 7e 70 00 06 05 57 02 67 04 16 0e 21 0b 04 fd 02 7e 70 00 06 05 53 02 63 04 18 0e 21 0b 04 fd 02 7e 70 00 06 05 51 02 61 04 1b 10 21 0b 04 fd 02 7e 70 00 06 05 10 40 52 02 62 04 1c 10 21 0b 04 fd 02 7e 70 00 06 05 10 40 55 02 65 04 fd 32 f0 00 1d 8a 71 f0 09 75 f0 09 73 f0 09 77 f0 00 f0 00 fd 31 1d 0c 71 f0 01 73 06 10 40 04 62 0c 05 07 0c 03 10 41 43 16 04 07 f0 00 73 18 04 07 f0 00 73 1b 04 07 f0 00 73 1c 04 07 f0 00 73 00 0e 10 41 00 7f a0 00 67 01 fd 02 57 04 67 0b fd 32 00 8e f0 1d 10 40 10 81 57 02 08 43 82 f0 00 09 f0 00 1d 04 71 f0 01 77 16 06 f0 03 71 f0 01 77 18 03 f0 03 75 1b 06 f0 03 75 f0 01 77 1c 03 f0 03 71 f0 00 1d 84 71 f0 01 73 f0 00 1d 84 71 f0 01 77 f0 00 f0 00 1d 84 71 f0 01 73 f0 00 00 18 10 40 57 03 94 fc fe 00 d4 01 08 4c 0a f0 03 08 4c 0b f0 03 d7 08 4c 0a 16 04 73 f0 1d 71 18 03 f0 31 75 1b 04 73 f0 13 75 fd 32 1d 82 05 03 a6 82 4a ab 00 18 a8 09 1d a0 52 d1 f2 03 fd 5b fd 5c d1 4c 0e da 97 de a5 d0 4a 0e fe f2 70 ac d2 da a5 9b 9b 9b 9b 9b 9b 9b 9b 9b 9b 9b 9b 9b 9b 9b 9b 9b 9b 9b 9b 9b 9b 9b 9b 9b 9b 9b 9b 9b 9b 9b 9b 9b 9b 9b 9b 9b 9b 9b 9b 9b 9b 9b 9b 9b 9b 9b 9b 9b 9b 9b 9b 9b 9b 9b 9b 9b 9b 9b 60 e5 89 60 60 e6 a9 42 66 33 a6 60 e7 a9 62 60 e8 a9 60 fe 60 e9 a9 d0 fe 95 02 00 f0 03 68 6d 80 01 23 00 91 3d fe 60 33 a0 d0 fe 60 24 a0 d0 fe 60 25 a0 d0 fe da fb 4f a7 d2 16 a7 15 fa 16 fa 60 34 80 d0 00 87 0c f0 80 1c 34 0b f0 00 02 43 76 17 14 01 92 1b 35 00 94 08 fc 00 f0 0b 77 00 10 45 10 81 67 0c 75 10 83 f0 0f 73 10 87 71 10 43 05 4a 4b 04 f0 09 17 84 08 48 0f 09 f0 09 60 36 a0 d7 f0 09 10 04 73 f0 01 75 60 37 80 d7 fd 32 10 84 73 f0 01 71 f0 09 60 38 a0 d0 f0 09 17 86 08 48 0f f0 09 09 60 39 a0 d7 f0 09 60 3a a0 d0 f0 09 00 06 77 f0 1f 08 48 8b 17 09 10 46 10 80 63 06 08 48 11 f0 17 60 3b a0 d0 fd 32 17 84 f0 1d 09 75 f0 09 10 98 73 f0 01 75 10 81 f0 1d 10 85 f0 1d 10 81 f0 1d 10 85 f0 3b 73 f0 01 71 f0 1d 60 3c a0 d0 a8 07 74 ac 0c 02 d1 f4 0e d2 48 a7 f0 09 17 86 08 42 02 f0 3b 09 f0 09 00 01 09 17 0a 10 45 10 81 63 06 92 25 42 00 fd 32 f0 09 00 81 72 00 f2 8b 01 a2 fb 15 fb 16 fb fe 60 3d a0 d0 fe da 0f 5d a7 60 ca a9 d0 fe 60 cb a9 d0 fe de 0f 6e a7 de 10 75 a7 9b 9b 9b 9b 68 31 80 04 d4 00 fe 68 e5 81 04 d4 00 fe 68 ed 81 04 d4 00 fe da 10 a3 a7 da 0f 9c a7 6a 34 81 da 25 f7 0e d8 ee f7 0e d8 17 f7 0e 71 fe 14 f9 15 f8 d2 8e a7 14 f9 d2 8e a7 68 79 00 08 12 00 00 81 01 71 60 fa a9 41 68 e6 01 08 12 00 00 83 08 42 08 72 3c fd 8f 00 fe 3d f7 0e d8 19 f7 0e 00 8b 0c 04 7f 6c 00 f0 09 0b 04 65 06 f0 00 3d db a7 a4 19 fe 3d f7 0e d8 19 f7 0e 00 8b 0c 04 7f 6c 00 f0 09 0b 04 67 06 f0 00 3d db a7 a4 19 fe 3d f7 0e d8 19 f7 0e 00 8b 0c 04 7f 6c 00 f0 09 0b 04 63 06 f0 00 3d db a7 a4 19 fe 3d f7 0e d8 19 f7 0e 00 8b 0c 04 7f 6c 00 f0 09 0b 04 61 06 f0 00 3d db a7 a4 19 fe d8 20 f7 0e d8 25 f7 0e d2 ce 13 b0 12 00 00 b0 13 00 00 b0 14 00 00 60 25 89 d0 67 e4 a8 5b aa a0 12 b4 38 e2 c8 00 dd a8 fd 58 6d e2 00 00 4d aa bb 13 bb 12 b4 38 e2 00 00 a0 a8 60 41 a9 d0 d3 3e a9 d8 1d 62 aa e4 12 00 00 62 aa b4 38 b8 12 c0 c9 00 ec c0 a8 d6 12 51 6d d7 b4 38 b8 12 60 2a a9 d0 b5 38 d2 70 aa 60 2d 89 d0 fd 58 6d c0 05 00 ed b9 a8 60 43 a9 d0 a0 11 d3 3e a9 d2 7a a8 60 42 a9 d0 d2 70 aa b4 38 bb 14 ac c8 00 b9 14 bb 14 d6 14 51 6d d7 bc 14 12 60 2e a9 d0 a8 38 c8 d2 70 aa 60 33 a9 d0 d2 70 aa b4 38 e2 00 00 54 aa bb 12 55 e2 00 00 37 a9 60 26 a9 d0 b9 12 ee 02 a9 55 bb 13 d2 05 a9 bc 12 13 d3 3e a9 d8 1d 62 aa e4 12 00 00 62 aa d6 12 50 6d d7 b4 38 b9 12 e2 00 00 2b a9 9c 1b 60 2c a9 d0 b5 38 d2 70 aa a8 38 00 9c 1b 60 31 a9 d0 d2 70 aa 60 32 a9 d0 d2 70 aa 34 00 d8 12 50 a9 d8 f0 5b a9 d8 f1 5b a9 d8 10 5b a9 d8 11 74 a9 b0 12 00 00 d2 80 a9 b0 12 01 00 fd 58 6d e2 01 00 26 aa a0 1f d8 10 82 a9 60 27 89 02 d2 86 a9 b0 12 05 00 fd 58 6d e2 05 00 26 aa a0 1f 60 27 89 00 ca f0 00 e7 08 00 a0 a9 e7 04 00 dc a9 e7 20 00 49 aa e7 80 00 3f aa d2 86 a9 a4 1f d8 1e 38 aa d8 1c 38 aa 9c 03 b2 12 d8 12 ba a9 d8 f0 c8 a9 d8 f1 c8 a9 60 28 89 00 ba 13 c1 00 ea 21 aa d2 86 a9 60 28 89 02 ba 13 c1 00 ea 21 aa e4 12 0a 00 21 aa d2 86 a9 a4 1e d8 1f 38 aa d8 1c 38 aa 9c 03 b3 12 d8 12 f6 a9 d8 f0 0b aa d8 f1 0b aa 60 28 89 00 d8 10 0f aa d8 11 18 aa e4 12 00 00 33 aa d2 86 a9 60 28 89 02 e4 12 01 00 33 aa d2 86 a9 e4 12 05 00 33 aa d2 86 a9 a0 1e d2 86 a9 a0 1c d8 f0 6d a9 d8 f1 6d a9 d2 82 a9 a0 1f d2 86 a9 9c 03 f0 05 d2 86 a9 d8 10 86 a9 9c 02 64 a0 1d fe 9c 01 64 fe 60 2f a9 d0 d2 70 aa 60 30 a9 d0 d2 70 aa 60 29 a9 d0 d2 70 aa 60 2b a9 d0 d2 70 aa 60 2c a9 d0 d2 70 aa a4 1c a4 1d a4 1e a4 1f a4 11 a4 12 b0 12 00 00 b0 13 00 00 b0 14 00 00 40 d5 a1 fe d9 0f 8e ab a8 1a 00 a8 36 00 d1 c8 01 0c 05 10 45 80 06 42 60 34 89 62 fd 32 66 4c ab fd 58 6d e2 00 00 44 ab b6 2b 00 c0 2a 00 ec e4 aa c0 28 00 ec ea aa c0 25 00 ec f0 aa c0 20 00 ec f6 aa c0 18 00 ec de aa c0 0e 00 ec fc aa a8 1a 03 d2 02 ab a8 1a 05 d2 02 ab a8 1a 14 d2 12 ab a8 1a 0a d2 12 ab a8 1a 08 d2 12 ab a8 1a 06 d2 12 ab a8 1a 04 d2 12 ab b4 1a fd b6 00 ff 60 36 89 62 66 3d ab d2 22 ab b4 1a fd b6 00 ff 60 35 89 62 66 3d ab d2 22 ab a0 f0 a4 f1 60 37 a9 62 fd 58 6d bb 13 d3 3e a9 ba 12 b5 36 60 39 a9 62 d2 54 ab a0 f1 a4 f0 d2 26 ab 60 3b a9 62 40 d5 a1 fe 60 38 a9 62 40 d5 a1 fe b4 36 bb 12 d6 12 51 6d d7 a1 0f a4 1d a4 1e a4 1f 8f 00 00 03 7f 16 fa 17 fa 17 f0 88 92 0b 52 00 77 10 85 04 16 f0 88 92 0b 53 00 77 10 85 04 1e 85 92 0a 50 00 77 d0 ca 01 d1 c8 01 60 4f a9 de 40 d5 a1 fe 9c 81 dc 25 0f ac d1 c8 01 00 07 0c 04 0c f0 80 0e 3e 1d f0 82 10 81 fd 32 00 07 08 46 06 0b f0 0b 04 1d 81 75 1d f2 77 00 fd 58 6d e2 00 00 00 ac bb 13 60 3d 89 d0 66 00 ac 60 3e a9 d0 a0 10 d3 3e a9 1d 8d 10 80 08 41 0e fd 9e 3d f0 35 09 10 85 d6 12 51 6d d7 b4 39 b8 12 b5 39 c0 15 00 ec 14 ac f0 1d 9c 81 64 40 d5 a1 a4 10 a4 1c a4 1d a4 1e a4 1f fe 34 ef f0 1f fe a2 21 a8 39 00 d2 fc ab 9c 82 dc 25 0f ac d1 c8 01 fd 58 6d e2 00 00 fa ac bb 13 60 3c 89 d0 60 44 89 d0 66 fa ac 60 45 a9 d0 a0 10 d3 3e a9 a4 1c a4 1d a4 1e a4 1f d6 12 51 6d d7 b4 39 b8 12 c0 32 00 ec da ac b5 39 ba 12 c0 14 00 ec 71 ac c0 0a 00 ec 94 ac 60 47 a9 d0 d2 fa ac 1f 86 08 48 81 f0 1d 09 f0 09 60 46 a9 d0 f0 09 d3 09 ad f0 09 9c 55 a8 07 6b 60 0c a2 00 50 6b d2 fa ac 1f 86 08 48 81 f0 1d 09 f0 09 60 46 a9 d0 f0 09 d3 09 ad f0 09 9c 1b b6 65 00 e2 64 00 88 ac e9 c2 ac a8 07 6a 60 0c a2 00 50 6a d2 fa ac a8 07 69 60 0c a2 00 50 69 d2 fa ac a8 07 68 60 0c a2 00 50 68 d2 fa ac 1f 86 08 48 81 f0 1d 09 f0 09 60 46 a9 d0 f0 09 d3 09 ad f0 09 53 01 9c 5e 60 0e a2 00 a8 39 00 64 40 d5 a1 a4 10 a4 1c a4 1d a4 1e a4 1f fe 20 82 03 05 1f 88 10 80 08 50 82 f0 6d 09 20 82 02 04 fe d0 08 0e f8 09 2a 27 ad 6a 09 a1 fd f0 09 28 30 ad 14 81 00 d9 14 f7 0e 71 d1 04 0e de cf f7 0e fd f0 09 28 f7 0e 9c 95 a6 cf fe 68 f3 00 0d 23 00 fd 31 15 f2 16 03 16 f2 16 03 17 f2 17 03 18 f2 17 03 19 f2 17 03 1a f2 16 03 0c f2 18 03 f0 09 70 00 15 10 c1 57 02 10 40 57 04 f0 4f d4 02 08 48 87 f0 05 09 f0 05 d7 14 0e 10 45 10 81 63 0c f0 59 08 48 06 f0 09 09 fd 32 00 16 f0 1d 73 f0 13 7e 6c 00 f0 00 3d a1 ad 10 41 53 06 0c 04 53 02 01 f0 59 76 1e 7f fd 32 d0 82 00 68 f5 00 16 21 00 40 ad 21 0c 08 10 44 57 03 10 45 57 06 00 49 10 c1 7e 60 00 57 02 f0 00 3d d5 ad 7e 60 00 57 02 f0 00 3d df ad 7e 60 00 57 02 f0 00 3d e9 ad 7e 60 00 57 02 67 04 f0 00 3d f5 ad 10 40 47 7e 60 00 10 41 57 02 67 04 f0 00 3d 06 ae 7e 6c 00 10 41 57 01 fd 03 08 49 89 14 1f 08 48 01 fd 01 f0 3b 10 44 5b 04 a0 19 10 81 08 40 00 f0 01 a4 19 f0 1b 08 48 01 10 40 5a 0a 16 08 f0 3b 10 45 53 04 57 02 15 13 0c f0 f0 4f 00 fd 0f 03 08 40 00 4a 6a 0c 08 40 01 f0 2f f0 0f 70 f0 61 76 1e 7f d0 8a 00 68 f4 00 10 40 00 70 a0 24 00 82 0c f0 00 f3 9e 02 f0 09 20 81 73 00 97 7e 6e 00 0c f0 10 45 63 0d fd 03 13 02 63 03 08 46 05 10 44 4b f0 1d fd 40 fd 45 20 fa 00 16 10 41 08 46 02 52 02 08 46 05 53 09 08 46 85 51 05 08 46 86 57 0c 20 0d 07 14 00 10 c1 52 02 53 09 51 05 57 0c f0 bd 76 1e 7f d0 8b 00 fd 4f d0 ca 06 68 7b 00 0c 53 00 00 81 01 fd 66 0c 05 72 1e 7f f0 77 76 1e 7f fe 68 ad 01 0c 38 00 fd 31 0c 86 10 44 53 02 56 01 00 19 f0 04 10 41 7f 8c 00 57 03 67 0c f0 59 10 81 7e 6c 00 f0 27 56 02 57 0c 01 0c 04 10 40 57 14 72 14 16 06 10 45 51 02 53 05 17 06 10 45 f0 3b 51 09 18 05 f0 3b 10 45 71 15 0a f0 95 10 45 43 71 06 45 07 73 14 0a f0 95 10 45 43 75 06 41 07 73 f1 0e 01 76 1e 7f d0 92 00 d8 01 5d af d8 00 c2 13 f5 10 f9 d8 52 87 af 71 fe 10 f4 02 00 d8 52 87 af 71 fe d8 01 5d af d8 00 c2 13 10 f9 d8 52 87 af 71 fe d8 00 c2 13 b4 09 b5 08 f5 10 f9 d8 52 87 af 71 a4 52 fe d8 01 5d af d8 00 c2 13 d8 52 87 af 71 fe 68 9a 00 08 78 00 00 f9 71 60 fb a9 41 4b dc 00 fe dc 89 5b b0 ac 00 00 00 17 10 41 10 80 80 07 30 67 03 65 02 77 10 40 0c 04 0c f0 fd 0f 03 13 03 0c 86 10 40 90 04 20 00 fd 31 dc 22 3e b0 d8 91 ee af d8 a6 ee af 1c 8d 82 0e 19 10 86 08 40 00 0c 04 63 06 04 dc 18 f8 af 14 f2 9d 00 f0 09 dc 19 02 b0 15 f2 9d 00 f0 09 dc 1a 0c b0 16 f2 9d 00 f0 09 dc 1b 16 b0 17 f2 9d 00 f0 09 dc 1c 20 b0 18 f2 9d 00 f0 09 dc 1d 2a b0 19 f2 9d 00 f0 09 dc 1e 34 b0 1a f2 9d 00 f0 09 dc 1f 3e b0 1b f2 9d 00 f0 09 b0 08 03 00 a8 09 14 00 f2 03 02 14 09 92 06 2b 00 61 05 63 04 fe 14 f2 3a 02 d2 c2 b0 fe 91 11 fd 94 0f d8 a6 96 b0 1c 8a 10 86 08 40 00 0c 04 04 63 06 dc 8c 8e b0 dc bc 84 b0 dc a5 8e b0 de 48 84 b0 d2 8e b0 a0 91 1c f9 d8 27 ae b0 71 fe a4 91 d8 27 ae b0 71 fe 1c 8b 82 0f 1b 61 06 63 06 04 10 85 73 a4 91 fd 94 0f d8 27 ae b0 71 fe a4 18 a4 19 a4 1a a4 1b a4 1c a4 1d a4 1e a4 1f d1 51 00 fe cb f0 00 fd b0 80 00 e2 80 00 d1 b0 d2 c2 b0 dc 23 c2 b0 14 f2 3b 02 ba 09 d3 38 b9 b9 08 d3 d8 b2 bc 09 12 bc 09 08 0c 05 10 41 57 02 fe 15 89 92 07 29 00 61 05 63 04 fe 15 f2 3a 02 a8 09 15 00 f2 03 02 cb f0 00 fd b0 80 00 e2 80 00 15 b1 d2 06 b1 dc 23 06 b1 15 f2 3b 02 ba 09 d3 38 b9 b9 08 d3 d8 b2 bc 09 13 bc 09 08 0c 05 10 41 57 02 fe 16 89 92 08 27 00 61 05 63 04 fe 16 f2 3a 02 a8 09 16 00 f2 03 02 cb f0 00 fd b0 80 00 e2 80 00 59 b1 d2 4a b1 dc 23 4a b1 16 f2 3b 02 ba 09 d3 38 b9 b9 08 d3 d8 b2 bc 09 14 bc 09 08 0c 05 10 41 57 02 fe 17 89 92 09 25 00 61 05 63 04 fe 17 f2 3a 02 a8 09 17 00 f2 03 02 cb f0 00 fd b0 80 00 e2 80 00 9d b1 d2 8e b1 dc 23 8e b1 17 f2 3b 02 ba 09 d3 38 b9 b9 08 d3 d8 b2 bc 09 15 bc 09 08 0c 05 10 41 57 02 fe 18 89 92 0a 23 00 61 05 63 04 fe 18 f2 3a 02 a8 09 18 00 f2 03 02 cb f0 00 fd b0 80 00 e2 80 00 e1 b1 d2 d2 b1 dc 23 d2 b1 18 f2 3b 02 ba 09 d3 38 b9 b9 08 d3 d8 b2 bc 09 16 bc 09 08 0c 05 10 41 57 02 fe 19 89 92 0b 21 00 61 05 63 04 fe 19 f2 3a 02 a8 09 19 00 f2 03 02 cb f0 00 fd b0 80 00 e2 80 00 25 b2 d2 16 b2 dc 23 16 b2 19 f2 3b 02 ba 09 d3 38 b9 b9 08 d3 d8 b2 bc 09 17 bc 09 08 0c 05 10 41 57 02 fe 1a 89 92 0c 1f 00 61 05 63 04 fe 1a f2 3a 02 a8 09 1a 00 f2 03 02 cb f0 00 fd b0 80 00 e2 80 00 69 b2 d2 5a b2 dc 23 5a b2 1a f2 3b 02 ba 09 d3 38 b9 b9 08 d3 d8 b2 bc 09 18 bc 09 08 0c 05 10 41 57 02 fe 1b 89 92 0d 1d 00 61 05 63 04 fe 1b f2 3a 02 a8 09 1b 00 f2 03 02 cb f0 00 fd b0 80 00 e2 80 00 ad b2 d2 9e b2 dc 23 9e b2 1b f2 3b 02 ba 09 d3 38 b9 b9 08 d3 d8 b2 00 fa bc 09 19 bc 09 08 f0 09 b0 09 03 00 ba 09 b9 08 d3 d8 b2 d2 10 b4 fe e2 00 00 19 b3 e2 01 00 2c b3 e2 02 00 3f b3 e2 03 00 52 b3 e2 04 00 65 b3 e2 05 00 78 b3 e2 06 00 8b b3 e2 ff ff 9e b3 e2 fe ff b1 b3 e2 fd ff c4 b3 e2 fc ff d7 b3 e2 fb ff ea b3 e2 fa ff fd b3 00 fa 00 8e 77 7e 40 00 20 03 24 00 02 00 ff f0 0f 21 fe 00 fa 00 8e 77 7e 40 00 20 03 24 00 01 80 fe f0 0f 21 fe 00 fa 00 8e 76 7e 60 00 20 03 24 00 00 ab fe f0 17 21 fe 00 fa 00 8e 76 7e 60 00 20 03 24 56 ff 56 fe f0 17 21 fe 00 fa 00 8e 75 7e 60 00 20 03 24 ab fe 00 fe f0 17 21 fe 00 fa 00 8e 75 7e 80 00 20 03 24 80 fe 40 fe f0 1f 21 fe 00 fa 00 8e 75 7e 80 00 20 03 24 00 fe 00 fe f0 1f 21 fe 00 fa 00 8e 77 7e 60 00 20 03 24 00 02 ab ff f0 17 21 fe 00 fa 00 8e 70 7e 60 00 20 03 24 aa 02 00 00 f0 17 21 fe 00 fa 00 8e 70 7e 60 00 20 03 24 55 03 55 00 f0 17 21 fe 00 fa 00 8e 71 7e 60 00 20 03 24 00 04 aa 00 f0 17 21 fe 00 fa 00 8e 71 7e 80 00 20 03 24 80 03 c0 00 f0 1f 21 fe 00 fa 00 8e 71 7e 80 00 20 03 24 00 04 00 01 f0 1f 21 fe a0 22 fd 30 94 00 1c 77 08 43 82 67 08 f0 2c fd 0f 02 09 10 40 10 80 0b 04 0b f0 73 08 43 03 13 01 04 fe 0c 96 f0 1d 10 45 63 04 10 40 63 08 10 41 53 09 10 40 63 08 10 45 63 04 f0 0e 0c 04 10 45 57 0c ba 12 d3 38 b9 d3 10 b7 f0 22 ba 13 d3 38 b9 d3 55 b7 f0 22 ba 14 d3 38 b9 d3 9a b7 f0 22 ba 15 d3 38 b9 d3 df b7 f0 22 ba 16 d3 38 b9 d3 24 b8 f0 22 ba 17 d3 38 b9 d3 69 b8 f0 22 ba 18 d3 38 b9 d3 ae b8 f0 22 ba 19 d3 38 b9 d3 f3 b8 f0 22 f0 2c 90 11 d8 91 02 b7 ac 00 00 d8 a6 e8 ba d8 a5 30 b5 d8 8c f5 b4 e5 12 01 00 c1 b4 ae e5 13 02 00 c8 b4 ae e5 14 06 00 cf b4 ae e5 15 05 00 d6 b4 ae e5 16 04 00 dd b4 ae e5 17 05 00 e4 b4 ae e5 18 04 00 eb b4 ae e5 19 05 00 6b b5 ae d2 6b b5 e5 12 06 00 fc b4 ae e5 13 04 00 03 b5 ae e5 14 01 00 0a b5 ae e5 15 04 00 11 b5 ae e5 16 05 00 18 b5 ae e5 17 02 00 1f b5 ae e5 18 03 00 26 b5 ae e5 19 04 00 6b b5 ae d2 6b b5 e5 12 02 00 37 b5 ae e5 13 03 00 3e b5 ae e5 14 04 00 45 b5 ae e5 15 05 00 4c b5 ae e5 16 01 00 53 b5 ae e5 17 04 00 5a b5 ae e5 18 05 00 61 b5 ae e5 19 06 00 6b b5 ae d2 6b b5 e2 00 00 99 b5 e2 01 00 b1 b5 e2 02 00 b1 b5 e2 03 00 d5 b5 e2 04 00 d5 b5 e2 05 00 05 b6 e2 06 00 05 b6 e2 07 00 37 b6 e2 08 00 67 b6 fe f0 0e 60 a4 aa 62 00 87 f0 04 09 05 75 f0 04 60 a5 aa 62 00 f3 8b 01 fe f0 0e 1c 85 08 08 81 f0 0e 60 a4 aa 62 00 87 f0 04 09 05 75 f0 04 60 a6 aa 62 1c 83 08 40 00 00 f3 8b 01 fe f0 0e 1c 8f 08 08 81 f0 0e 10 c0 08 40 81 51 02 08 08 81 60 a4 aa 62 00 87 f0 04 09 05 75 f0 04 60 a7 aa 62 1c 85 10 85 08 40 00 00 f3 8b 01 fe f0 0e 1c 91 08 08 81 f0 0e 10 c1 08 40 81 51 02 61 08 08 08 81 60 a4 aa 62 00 87 f0 04 09 05 75 f0 04 60 a8 aa 62 1c 85 10 80 08 40 00 00 f3 8b 01 fe f0 0e 1c 8f 08 08 81 10 c3 08 40 81 51 02 61 0a 08 08 81 60 a4 aa 60 00 87 f0 04 09 05 75 f0 04 60 a9 aa 60 1c 85 10 81 08 40 00 00 f3 8b 01 fe f0 0e 1c 90 10 81 7f 60 00 f0 3b 08 40 81 10 c3 51 02 61 08 f0 0e 00 86 09 05 75 fd 0f 02 f0 0e 1c 85 10 80 08 40 02 f0 0e 1c 83 08 40 82 d0 30 02 dc 8c a4 b6 dc a5 b1 b6 dc a6 c1 b6 ac 0c 02 d1 f4 0e f0 1d a0 8c d2 e0 b6 a8 07 98 ac 0c 02 d1 f4 0e f0 1d a0 a5 d2 e0 b6 a8 07 96 ac 0c 02 d1 f4 0e f0 1d a0 a6 a2 98 d2 e0 b6 9b 9b 9b 9b 9b 9b 9b 9b 9b 60 ae aa 60 1c 97 08 40 81 10 83 10 41 7f 70 00 51 07 08 40 02 f0 4f 08 40 01 53 08 01 1c f9 a0 91 00 f3 8b 01 fe 00 87 f0 04 09 05 73 f0 04 00 f3 8b 01 fe d8 91 4e b7 dc 8c 27 b7 dc a5 34 b7 dc a6 41 b7 14 f2 3b 02 a0 18 fe e5 12 01 00 4e b7 14 f2 3b 02 a0 18 fe e5 12 06 00 4e b7 14 f2 3b 02 a0 18 fe e5 12 02 00 4e b7 14 f2 3b 02 a0 18 fe 14 f2 3c 02 a4 18 fe d8 91 93 b7 dc 8c 6c b7 dc a5 79 b7 dc a6 86 b7 15 f2 3b 02 a0 19 fe e5 13 02 00 93 b7 15 f2 3b 02 a0 19 fe e5 13 04 00 93 b7 15 f2 3b 02 a0 19 fe e5 13 03 00 93 b7 15 f2 3b 02 a0 19 fe 15 f2 3c 02 a4 19 fe d8 91 d8 b7 dc 8c b1 b7 dc a5 be b7 dc a6 cb b7 16 f2 3b 02 a0 1a fe e5 14 06 00 d8 b7 16 f2 3b 02 a0 1a fe e5 14 01 00 d8 b7 16 f2 3b 02 a0 1a fe e5 14 04 00 d8 b7 16 f2 3b 02 a0 1a fe 16 f2 3c 02 a4 1a fe d8 91 1d b8 dc 8c f6 b7 dc a5 03 b8 dc a6 10 b8 17 f2 3b 02 a0 1b fe e5 15 05 00 1d b8 17 f2 3b 02 a0 1b fe e5 15 04 00 1d b8 17 f2 3b 02 a0 1b fe e5 15 05 00 1d b8 17 f2 3b 02 a0 1b fe 17 f2 3c 02 a4 1b fe d8 91 62 b8 dc 8c 3b b8 dc a5 48 b8 dc a6 55 b8 18 f2 3b 02 a0 1c fe e5 16 04 00 62 b8 18 f2 3b 02 a0 1c fe e5 16 05 00 62 b8 18 f2 3b 02 a0 1c fe e5 16 01 00 62 b8 18 f2 3b 02 a0 1c fe 18 f2 3c 02 a4 1c fe d8 91 a7 b8 dc 8c 80 b8 dc a5 8d b8 dc a6 9a b8 19 f2 3b 02 a0 1d fe e5 17 05 00 a7 b8 19 f2 3b 02 a0 1d fe e5 17 02 00 a7 b8 19 f2 3b 02 a0 1d fe e5 17 04 00 a7 b8 19 f2 3b 02 a0 1d fe 19 f2 3c 02 a4 1d fe d8 91 ec b8 dc 8c c5 b8 dc a5 d2 b8 dc a6 df b8 1a f2 3b 02 a0 1e fe e5 18 04 00 ec b8 1a f2 3b 02 a0 1e fe e5 18 03 00 ec b8 1a f2 3b 02 a0 1e fe e5 18 05 00 ec b8 1a f2 3b 02 a0 1e fe 1a f2 3c 02 a4 1e fe d8 91 31 b9 dc 8c 0a b9 dc a5 17 b9 dc a6 24 b9 1b f2 3b 02 a0 1f fe e5 19 05 00 31 b9 1b f2 3b 02 a0 1f fe e5 19 04 00 31 b9 1b f2 3b 02 a0 1f fe e5 19 06 00 31 b9 1b f2 3b 02 a0 1f fe 1b f2 3c 02 a4 1f fe e2 00 00 5b b9 e2 01 00 5e b9 e2 02 00 61 b9 e2 03 00 64 b9 e2 04 00 67 b9 e2 05 00 6a b9 e2 06 00 6d b9 9c 24 fe 9c 25 fe 9c 26 fe 9c 27 fe 9c 28 fe 9c 29 fe 9c 2a fe d8 a6 79 ba d8 8e 80 b9 60 ac aa 60 a0 8e f0 0e 60 9f aa 60 66 74 ba a0 26 d3 7c bc 60 a0 0a 60 f0 00 fd 60 f0 00 1b 8c 92 0e 20 00 61 05 63 04 08 40 0a 00 1b f2 51 00 9c 28 f0 00 fd 60 f0 00 65 1b bb 10 43 08 40 0a f0 06 fd 9e 28 08 40 80 f0 18 08 40 0a f0 06 01 55 01 00 08 40 0a f0 06 fd 9e 29 08 40 80 f0 18 08 40 0a f0 06 01 55 01 00 08 40 0a f0 06 fd 9e 2a 08 40 80 f0 31 1b c6 10 43 08 40 0a f0 06 01 f0 2c 51 02 00 08 40 0a f0 06 fd 9e 28 08 40 80 f0 18 08 40 0a f0 06 01 51 01 00 08 40 0a f0 06 fd 9e 27 08 40 80 f0 18 08 40 0a f0 06 01 51 01 00 08 40 0a f0 06 fd 9e 26 08 40 80 f0 18 1b b4 10 43 08 40 0a f0 06 01 51 01 00 08 40 0a f0 06 fd 9e 25 08 40 80 f0 18 08 40 0a f0 06 01 51 01 00 08 40 0a f0 06 fd 9e 24 08 40 80 f0 31 08 40 0a f0 09 01 64 60 9d aa 60 a4 26 fe 60 a1 aa 60 fe 60 f7 ab d0 67 8b ba 90 ba 60 f8 ab d0 f0 09 d2 10 bb 60 f9 ab d0 fe 60 a1 aa d0 fe d8 90 a7 ba 60 a2 aa 42 a0 90 d8 89 a7 ba 60 ad aa 42 fe 00 f3 8b 01 de 98 e7 ba f0 3b 1c 83 09 05 73 f0 1d 00 81 75 60 16 0a 60 fd 60 fd 60 fd 60 1c 81 71 fd 60 65 64 1c 04 73 04 10 85 00 8f 0c 04 0c f0 10 c3 80 10 1d 51 05 53 13 55 02 d2 a9 af fe ba 12 b5 50 ba 13 b5 51 ba 14 b5 52 ba 15 b5 53 ba 16 b5 54 ba 17 b5 55 ba 18 b5 56 ba 19 b5 57 1c 82 05 71 60 f6 ab d0 f0 09 a0 26 14 f2 9d 00 15 f2 9d 00 16 f2 9d 00 17 f2 9d 00 18 f2 9d 00 19 f2 9d 00 1a f2 9d 00 1b f2 9d 00 a4 26 f0 1d 1c 05 10 86 08 40 02 00 8c 0c f0 0c 04 10 43 80 10 1d 08 42 09 f0 0e fd 94 ff 91 34 f0 77 f0 77 f0 77 f0 77 f0 77 f0 77 f0 77 f0 77 f0 4a b4 50 d3 44 bc f0 18 b4 51 d3 44 bc f0 18 b4 52 d3 44 bc f0 18 b4 53 d3 44 bc f0 19 b4 54 d3 44 bc f0 19 b4 55 d3 44 bc f0 1a b4 56 d3 44 bc f0 1a b4 57 d3 44 bc f0 11 9b f0 8b 00 f3 8b 01 14 03 82 0e 1e 15 03 82 0d 21 16 03 82 0e 24 17 03 82 0c 1f 18 03 82 0f 24 19 03 82 0e 21 1a 03 82 10 24 1b 83 82 0f 21 00 81 73 14 f2 4d 02 f0 02 15 f2 4d 02 f0 02 16 f2 4d 02 f0 02 17 f2 4d 02 f0 02 9c 40 18 f2 4d 02 f0 02 19 f2 4d 02 f0 02 1a f2 4d 02 f0 02 1b f2 4d 02 f0 77 14 f2 9d 00 15 f2 9d 00 16 f2 9d 00 17 f2 9d 00 18 f2 9d 00 19 f2 9d 00 1a f2 9d 00 1b f3 9d 00 1c 85 09 05 10 80 73 fd 94 0f 91 11 fd 94 0f a6 98 a4 18 a4 19 a4 1a a4 1b a4 1c a4 1d a4 1e a4 1f fe e2 00 00 67 bc e2 01 00 6a bc e2 02 00 6d bc e2 03 00 70 bc e2 04 00 73 bc e2 05 00 76 bc e2 06 00 79 bc 9c 88 fe 9c 89 fe 9c 8a fe 9c 8b fe 9c 8c fe 9c 8d fe 9c 8e fe dc 18 86 bc 14 f2 9d 00 f0 04 dc 19 90 bc 15 f2 9d 00 f0 04 dc 1a 9a bc 16 f2 9d 00 f0 04 dc 1b a4 bc 17 f2 9d 00 f0 04 dc 1c ae bc 18 f2 9d 00 f0 04 dc 1d b8 bc 19 f2 9d 00 f0 04 dc 1e c2 bc 1a f2 9d 00 f0 04 dc 1f cc bc 1b f2 9d 00 f0 04 fe a1 2f 1f 82 63 01 dc 89 f4 bc dc 88 df bc dc 8b e4 bc fd 94 00 71 fe 91 15 1c 86 09 92 17 1a 04 75 1c f2 5f 00 71 fe fd 94 0f 71 fe dc 89 e3 bf d8 19 03 be a0 19 a4 26 a4 1d a4 1e 34 00 00 8e fd 01 fd 17 90 0c 33 00 f0 00 77 f0 00 fe 14 06 01 13 00 82 0c 2f 15 08 01 82 0f 31 67 03 13 00 16 06 01 82 0e 2b 13 00 17 07 82 11 2d 67 03 13 00 18 05 82 10 27 13 00 19 07 82 13 29 67 03 13 00 1a 05 82 12 23 13 00 1b 87 82 15 25 67 03 13 00 d8 8f 6e bd 94 a0 8f a0 26 fd 94 00 f0 2c 91 11 0c 07 10 41 90 0a 21 00 fe 14 f2 5b 00 f0 04 15 f2 5c 00 f0 04 16 f2 5b 00 f0 04 17 f2 5c 00 f0 04 18 f2 5b 00 f0 04 19 f2 5c 00 f0 04 1a f2 5b 00 f0 04 1b f2 5c 00 f0 04 a4 26 cb f0 00 e7 80 00 b9 bd e7 06 00 c2 bd d2 a9 bd ca e7 09 00 00 bf d2 a9 bd 00 07 fd 00 10 40 73 63 16 14 f2 9d 00 f0 04 15 f2 9d 00 f0 04 16 f2 9d 00 f0 04 17 f2 9d 00 f0 04 18 f2 9d 00 f0 04 19 f2 9d 00 f0 04 1a f2 9d 00 f0 04 1b f2 9d 00 f0 04 34 ff 00 f3 8b 01 a4 19 fe d8 19 e3 be a0 19 34 00 00 8a 90 16 20 04 f0 00 73 f0 00 fe 14 05 82 0c 2f 13 00 15 07 82 0f 31 67 03 13 00 16 05 82 0e 2b 13 00 17 07 82 11 2d 67 03 13 00 18 05 82 10 27 13 00 19 07 82 13 29 67 03 13 00 1a 05 82 12 23 13 00 1b 87 82 15 25 67 03 13 00 1b f2 5c 00 f0 04 1a f2 5b 00 f0 04 19 f2 5c 00 f0 04 18 f2 5b 00 f0 04 17 f2 5c 00 f0 04 16 f2 5b 00 f0 04 15 f2 5c 00 f0 04 14 f2 5b 00 f0 04 cb f0 00 e7 80 00 98 be e7 09 00 a1 be d2 88 be ca e7 06 00 e4 be d2 88 be 00 08 fd 00 10 40 77 67 16 fe 1b f2 9d 00 f0 04 1a f2 9d 00 f0 04 19 f2 9d 00 f0 04 18 f2 9d 00 f0 04 17 f2 9d 00 f0 04 16 f2 9d 00 f0 04 15 f2 9d 00 f0 04 14 f2 9d 00 f0 04 34 ff 00 f3 8b 01 a4 19 fe 00 97 fd 00 0c 04 fd 17 10 41 7f 60 00 53 02 0b 04 53 01 f0 00 73 09 10 40 d2 12 bf 00 8d fd 17 0c 04 90 0c 33 00 f0 00 77 f0 00 d2 2b bf cb f0 00 e7 80 00 1d bf d2 12 bf ca e7 09 00 2b bf e7 06 00 4e bf d2 71 bf c4 00 e2 14 00 7f bf 00 97 fd 00 0c 04 f0 00 10 41 7f 50 00 57 02 0b 04 fd 01 f0 00 77 f0 00 fe d2 12 bf 00 97 0c 04 f0 00 fd 00 10 41 7f 50 00 53 02 0b 04 f0 00 73 f0 00 fd 01 fe c4 00 e2 0c 00 c2 bd d2 12 bf 00 89 fd 00 7f 50 00 f0 17 fd 01 d2 12 bf 34 00 00 94 fd 00 0c 04 10 41 7f 80 00 57 03 0b 04 f0 00 77 09 10 40 fe dc 88 1f c4 00 08 fd 00 10 40 77 67 16 fe 1b f2 9d 00 f0 04 1a f2 9d 00 f0 04 19 f2 9d 00 f0 04 18 f2 9d 00 f0 04 17 f2 9d 00 f0 04 16 f2 9d 00 f0 04 15 f2 9d 00 f0 04 14 f2 9d 00 f0 04 34 ff 00 f3 8b 01 a4 19 fe 60 9e aa 62 fe 60 d2 ab d0 fe 9b 9b 9b 9b 9b 9b 9b 9b 9b 9b 9b 9b 9b 9b 9b 9b 9b 9b 9b 9b 9b 9b 9b 9b 9b 9b 9b 9b 9b 9b 9b 9b 9b 9b 9b 9b 9b 9b 9b 9b 9b 9b 9b 9b 9b 9b 9b 9b 9b 9b 9b 9b 9b 9b 9b 9b 9b 9b 9b 9b 9b 9b 9b 9b 9b 9b 9b 9b 9b 9b 9b 9b 9b 9b 9b 9b 9b 9b 9b 9b 9b 9b 9b 9b 9b 9b 9b 9b 9b 9b 9b 9b 9b 9b 9b 9b 9b 9b 9b 9b 9b 9b 9b 9b 9b 9b 9b 9b 9b 9b 9b 9b 9b 9b 9b 9b 9b 9b 9b 9b 9b 9b 9b 9b 9b 9b 9b 9b 9b 9b 9b 9b 9b 9b 9b 9b 9b 9b 9b 9b 9b 9b 9b 9b 9b 9b 9b 9b 9b 9b 9b 9b 9b 9b 9b 9b 9b 9b 9b 9b 9b 9b 9b 9b 9b 9b 9b 9b 9b 9b 9b 9b 9b 9b 9b 9b 9b 9b 9b 9b 9b 9b 9b 9b 9b 9b 9b 9b 9b 9b 9b 9b 9b 9b 9b 9b 9b 9b 9b 9b 9b 9b 9b 9b 9b 9b 9b 9b 9b 9b 9b 9b 9b 9b 9b 9b 9b 9b 9b 9b 9b 9b 9b 9b 9b 9b 9b 9b 9b 9b 9b 9b 9b 9b 9b 9b 9b 9b 9b 9b 9b 9b 9b 9b 9b 9b 9b 9b 9b 9b 9b 9b 9b 9b 9b 9b 9b 9b 9b 9b 9b 9b 9b 9b 9b 9b 9b 9b 9b 9b 9b 9b 9b 9b 9b 9b 9b 9b 9b 9b 9b 9b 9b 9b 9b 9b 9b 9b 9b 9b 9b 9b 9b 9b 9b 9b 9b 9b 9b 9b 9b 9b 9b 9b 9b 9b 9b 9b 9b 9b 9b 9b 9b 9b 9b 9b 9b 9b 9b 9b 9b 9b 9b 9b 9b 9b 9b 9b 9b 9b 9b 9b 9b 9b 9b 9b 9b 9b 9b 9b 9b 9b 9b 9b 9b 9b 9b 9b 9b 9b 9b 9b 9b 9b 9b 9b 9b 9b 9b 9b 9b 9b 9b 9b 9b 9b 9b 9b 9b 9b 9b 9b 9b 9b 9b 9b 9b 9b 9b 9b 9b 9b 9b 9b 9b 9b 9b 9b 9b 9b 9b 9b 9b 9b 9b 9b 9b 9b 9b 9b 9b 9b 9b 9b 9b 9b 9b 9b 9b 9b 9b 9b 9b 9b 9b 9b 9b 9b 9b 9b 9b 9b 9b 9b 9b 9b 9b 9b 9b 9b 9b 9b 9b 9b 9b 9b 9b 9b 9b 9b 9b 9b 9b 9b 9b 9b 9b 9b 9b 9b 9b 9b 9b 9b 9b 9b 9b 9b 9b 9b 9b 9b 9b 9b 9b 9b 9b 9b 9b 9b 9b 9b 9b 9b 9b 9b 9b 9b 9b 9b 9b 9b 9b 9b 9b 9b 9b 9b 9b 9b 9b 9b 9b 9b 9b 9b 9b 9b 9b 9b 9b 9b 9b 9b 9b 9b 9b 9b 9b 9b 9b 9b 9b 9b 9b 9b 9b 9b 9b 9b 9b 9b 9b 9b 9b 9b 9b 9b 9b 9b 9b 9b 9b 9b 9b 9b 9b 9b 9b 9b 9b 9b 9b 9b 9b 9b 9b 9b 9b 9b 9b 9b 9b 9b 9b 9b 9b 9b 9b 9b 9b 9b 9b 9b 9b 9b 9b 9b 9b 9b 9b 9b 9b 9b 9b 9b 9b 9b 9b 9b 9b 9b 9b 9b 9b 9b 9b 9b 9b 9b 9b 9b 9b 9b 9b 9b 9b 9b 9b 9b 9b 9b 9b 9b 9b 9b 9b 9b 9b 9b 9b 9b 9b 9b 9b 9b 9b 9b 9b 9b 9b 9b 9b 9b 9b 9b 9b 9b 9b 9b 9b 9b 9b 9b 9b 9b 9b 9b 9b 9b 9b 9b 9b 9b 9b 9b 9b 9b 9b 9b 9b 9b 9b 9b 9b 9b 9b 9b 9b 9b 9b 9b 9b 9b 9b 9b 9b 9b 9b 9b 9b 9b 9b 9b 9b 9b 9b 9b 9b 9b 9b 9b 9b 9b 9b 9b 9b 9b 9b 9b 9b 9b 9b 9b 9b 9b 9b 9b 9b 9b 9b 9b 9b 9b 9b 9b 9b 9b 9b 9b 9b 9b 9b 9b 9b 9b 9b 9b 9b 9b 9b 9b 9b 9b 9b 9b 9b 9b 9b 9b 9b 9b 9b 9b 9b 9b 9b 9b 9b 9b 9b 9b 9b 9b 9b 9b 9b 9b 9b 9b 9b 9b 9b 9b 9b 9b 9b 9b 9b 9b 9b 9b 9b 9b 9b 9b 9b 9b 9b 9b 9b 9b 9b 9b 9b 9b 9b 9b 9b 9b 9b 9b 9b 9b 9b 9b 9b 9b 9b 9b 9b 9b 9b 9b 9b 9b 9b 9b 9b 9b 9b 9b 9b 9b 9b 9b 9b 9b 9b 9b 9b 9b 9b 9b 9b 9b 9b 9b 9b 9b 9b 9b 9b 9b 9b 9b 9b 9b 9b 9b 9b 9b 9b 9b 9b 9b 9b 9b 9b 9b 9b 9b 9b 9b 9b 9b 9b 9b 9b 9b 9b 9b 9b 9b 9b 9b 9b 9b 9b 9b 9b 9b 9b 9b 9b 9b 9b 9b 9b 9b 9b 9b 9b 9b 9b 9b 9b 9b 9b 9b 9b 9b 9b 9b 9b 9b 9b 9b 9b 9b 9b 9b 9b 9b 9b 9b 9b 9b 9b 9b 9b 9b 9b 9b 9b 9b 9b 9b 9b 9b 9b 9b 9b 9b 9b 9b 9b 9b 9b 9b 9b 9b 9b 9b 9b 9b 9b 9b 9b 9b 9b 9b 9b 9b 9b 9b 9b 9b 9b 9b 9b 9b 9b 9b 9b 9b 9b 9b 9b 9b 9b 9b 9b 9b 9b 9b 9b 9b 9b 9b 9b 9b 9b 9b 9b 9b 9b 9b 9b 9b 9b 9b 9b 9b 9b 9b 9b 9b 9b 9b 9b 9b 9b 9b 9b 9b 9b 9b 9b 9b 9b 9b 9b 9b 9b 9b 9b 9b 9b 9b 9b 9b 9b 9b 9b 9b 9b 9b 9b 9b 9b 9b 9b 9b 9b 9b 9b 9b 9b 9b 9b 9b 9b 9b 9b 9b 9b 9b 9b 9b 9b 9b 9b 9b 9b 9b 9b 9b 9b 9b 9b 9b 9b 9b 9b 9b 9b 9b 9b 9b 9b 9b 9b 9b 9b 9b 9b 9b 9b 9b 9b 9b 9b 9b 9b 9b 9b 9b 9b 9b 9b 9b 9b 9b 9b 9b 9b 9b fe 9b 9b 9b 9b 9b 9b 9b 9b 9b 9b 9b 9b 9b 9b 9b 9b 9b 9b 9b 9b 9b 9b 9b 9b 9b 9b 9b 9b 9b 9b 9b 9b 9b 9b 9b 9b 9b 9b 9b 9b 9b 9b 9b 9b 9b 9b 9b 9b 9b 9b 9b 9b 9b 9b 9b 9b 9b 9b 9b 9b 9b 9b 9b 9b 9b 9b 9b 9b 9b 9b 9b 9b 9b 9b 9b 9b 9b 9b 9b 9b 9b 9b 9b 9b 9b 9b 9b 9b 9b 9b 9b 9b 9b 9b 9b 9b 9b 9b 9b 9b 9b 9b 9b 9b 9b 9b 9b 9b 9b 9b 9b 9b 9b 9b 9b 9b 9b 9b 9b 9b 9b 9b 9b 9b 9b 9b 9b 9b 9b 9b 9b 9b 9b 9b 9b 9b 9b 9b 9b 9b 9b 9b 9b 9b 9b 9b 9b 9b 9b 9b 9b 9b 9b 9b 9b 9b 9b 9b 9b 9b 9b 9b 9b 9b 9b 9b 9b 9b 9b 9b 9b 9b 9b 9b 9b 9b 9b 9b 9b 9b 9b 9b 9b 9b 9b 9b 9b 9b 9b 9b 9b 9b 9b 9b 9b 9b 9b 9b 9b 9b 9b 9b 9b 9b 9b 9b 9b 9b 9b 9b 9b 9b 9b 9b 9b 9b 9b 9b 9b 9b 9b 9b 9b 9b 9b 9b 9b 9b 9b 9b 9b 9b 9b 9b 9b 9b 9b 9b 9b 9b 9b 9b 9b 9b 9b 9b 9b 9b 9b 9b 9b 9b 9b 9b 9b 9b 9b 9b 9b 9b 9b 9b 9b 9b 9b 9b 9b 9b 9b 9b 9b 9b 9b 9b 9b 9b 9b 9b 9b 9b 9b 9b 9b 9b 9b 9b 9b 9b 9b 9b 9b 9b 9b 9b 9b 9b 9b 9b 9b 9b 9b 9b 9b 9b 9b 9b 9b 9b 9b 9b 9b 9b 9b 9b 9b 9b 9b 9b 9b 9b 9b 9b 9b 9b 9b 9b 9b 9b 9b 9b 9b 9b 9b 9b 9b 9b 9b 9b 9b 9b 9b 9b 9b 9b 9b 9b 9b 9b 9b 9b 9b 9b 9b 9b 9b 9b 9b 9b 9b 9b 9b 9b 9b 9b 9b 9b 9b 9b 9b 9b 9b 9b 9b 9b 9b 9b 9b 9b 9b 9b 9b 9b 9b 9b 9b 9b 9b 9b 9b 9b 9b 9b 9b 9b 9b 9b 9b 9b 9b 9b 9b 9b 9b 9b 9b 9b 9b 9b 9b 9b 9b 9b 9b 9b 9b 9b 9b 9b 9b 9b 9b 9b 9b 9b 9b 9b 9b 9b 9b 9b 9b 9b 9b 9b 9b 9b 9b 9b 9b 9b 9b 9b 9b 9b 9b 9b 9b 9b 9b 9b 9b 9b 9b 9b 9b 9b 9b 9b 9b 9b 9b 9b 9b 9b 9b 9b 9b 9b 9b 9b 9b 9b 9b 9b 9b 9b 9b 9b 9b 9b 9b 9b 9b 9b 9b 9b 9b 9b 9b 9b 9b 9b 9b 9b 9b 9b 9b 9b 9b 9b 9b 9b 9b 9b 9b 9b 9b 9b 9b 9b 9b 9b 9b 9b 9b 9b 9b 9b 9b 9b 9b 9b 9b 9b 9b 9b 9b 9b 9b 9b 9b 9b 9b 9b 9b 9b 9b 9b 9b 9b 9b 9b 9b 9b 9b 9b 9b 9b 9b 9b 9b 9b 9b 9b 9b 9b 9b 9b 9b 9b 9b 9b 9b 9b 9b 9b 9b 9b 9b 9b 9b 9b 9b 9b 9b 9b 9b 9b 9b 9b 9b 9b 9b 9b 9b 9b 9b 9b 9b 9b 9b 9b 9b 9b 9b 9b 9b 9b 9b 9b 9b 9b 9b 9b 9b 9b 9b 9b 9b 9b 9b 9b 9b 9b 9b 9b 9b 9b 9b 9b 9b 9b 9b 9b 9b 9b 9b 9b 9b 9b 9b 9b 9b 9b 9b 9b 9b 9b 9b 9b 9b 9b 9b 9b 9b 9b 9b 9b 9b 9b 9b 9b 9b 9b 9b 9b 9b 9b 9b 9b 9b 9b 9b 9b 9b 9b 9b 9b 9b 9b 9b 9b 9b 9b 9b 9b 9b 9b 9b 9b 9b 9b 9b 9b 9b 9b 9b 9b 9b 9b 9b 9b 9b 9b 9b 9b 9b 9b 9b 9b 9b 9b 9b 9b 9b 9b 9b 9b 9b 9b 9b 9b 9b 9b 9b 9b 9b 9b 9b 9b 9b 9b 9b 9b 9b 9b 9b 9b 9b 9b 9b 9b 9b 9b 9b 9b 9b 9b 9b 9b 9b 9b 9b 9b 9b 9b 9b 9b 9b 9b 9b 9b 9b 9b 9b 9b 9b 9b 9b 9b 9b 9b 9b 9b 9b 9b 9b 9b 9b 9b 9b 9b 9b 9b 9b 9b 9b 9b 9b 9b 9b 9b 9b 9b 9b 9b 9b 9b 9b 9b 9b 9b 9b 9b 9b 9b 9b 9b 9b 9b 9b 9b 9b 9b 9b 9b 9b 9b 9b 9b 9b 9b 9b 9b 9b 9b 9b 9b 9b 9b 9b 9b 9b 9b 9b 9b 9b 9b 9b 9b 9b 9b 9b 9b 9b 9b 9b 9b 9b 9b 9b 9b 9b 9b 9b 9b 9b 9b 9b 9b 9b 9b 9b 9b 9b 9b 9b 9b 9b 9b 9b 9b 9b 9b 9b 9b 9b 9b 9b 9b 9b 9b 9b 9b 9b 9b 9b 9b 9b 9b 9b 9b 9b 9b 9b 9b 9b 9b 9b 9b 9b 9b 9b 9b 9b 9b 9b 9b 9b 9b 9b 9b 9b 9b 9b 9b 9b 9b 9b 9b 9b 9b 9b 9b 9b 9b 9b 9b 9b 9b 9b 9b 9b 9b 9b 9b 9b 9b 9b 9b 9b 9b 9b 9b 9b 9b 9b 9b 9b 9b 9b 9b 9b 9b 9b 9b 9b 9b 9b 9b 9b 9b 9b 9b 9b 9b 9b 9b 9b 9b 9b 9b 9b 9b 9b 9b 9b 9b 9b 9b 9b 9b 9b 9b 9b 9b 9b 9b 9b 9b 9b 9b 9b 9b 9b 9b 9b 9b 9b 9b 9b 9b 9b 9b 9b 9b 9b 9b 9b 9b 9b 9b 9b 9b 9b 9b 9b 9b 9b 9b 9b 9b 9b 9b 9b 9b 9b 9b 9b 9b 9b 9b 9b 9b 9b 9b 9b 9b 9b 9b 9b 9b 9b 9b 9b 9b 9b 9b 9b 9b 9b 9b 9b 9b 9b 9b 9b 9b 9b 9b 9b 9b 9b 9b 9b 9b 9b 9b 9b 9b 9b 9b 9b 9b 9b 9b 9b 9b 9b 9b 9b 9b 9b 9b 9b 9b 9b 9b 9b 9b 9b 9b 9b 9b 9b 9b 9b 9b 9b 9b 9b 9b 9b 9b 9b 9b 9b 9b 9b 9b 9b 9b 9b 9b 9b 9b 9b 9b 9b 9b 9b 9b 9b 9b 9b 9b 9b 9b 9b 9b 9b 9b 9b 9b 9b 9b 9b 9b 9b 9b 9b 9b 9b 9b 9b 9b 9b 9b 9b 9b 9b 9b 9b 9b 9b 9b 9b 9b 9b 9b 9b 9b 9b 9b 9b 9b 9b 9b 9b 9b 9b 9b 9b 9b 9b 9b 9b 9b 9b 9b 9b 9b 9b 9b 9b 9b 9b 9b 9b 9b 9b 9b 9b 9b 9b 9b 9b 9b 9b 9b 9b 9b 9b 9b 9b 9b 9b 9b 9b 9b 9b 9b 9b 9b 9b 9b 9b 9b 9b 9b 9b 9b 9b 9b 9b 9b 9b 9b 9b 9b 9b 9b 9b 9b 9b 9b 9b 9b 9b 9b 9b 9b 9b 9b 9b 9b 9b 9b 9b 9b 9b 9b 9b 9b 9b 9b 9b 9b 9b 9b 9b 9b 9b 9b 9b 9b 9b 9b 9b 9b 9b 9b 9b 9b 9b 9b 9b 9b 9b 9b 9b 9b 9b 9b 9b 9b 9b 9b 9b 9b 9b 9b 9b 9b 9b 9b 9b 9b 9b 9b 9b 9b 9b 9b 9b 9b 9b 9b 9b 9b 9b 9b 9b 9b 9b 9b 9b 9b 9b 9b 9b fe a8 07 82 fd 5e e2 01 00 54 c9 a8 07 a6 fd 5e e2 01 00 6c c9 fe a8 07 06 ac 0c 02 d1 f4 0e 51 82 fe a8 07 06 ac 0c 02 d1 f4 0e 51 a6 fe 9c 5e b0 00 0a 00 fd 54 51 a6 fe 3b 00 00 00 00 2c 0d 3b 00 00 00 00 97 43 3b 00 00 00 00 fb 79 3b 00 00 00 00 58 b0 3b 00 00 00 00 ae e6 3b 00 00 00 00 fd 1c 3b 00 00 00 00 45 53 3b 00 00 00 00 86 89 3b 00 00 00 00 c0 bf 3b 00 00 00 00 f3 f5 3b 00 00 00 00 1f 2c 3b 00 00 00 00 44 62 3b 00 00 00 00 62 98 3b 00 00 00 00 79 ce 3b 00 00 00 00 89 04 3b 00 00 00 00 92 3a 3b 00 00 00 00 94 70 3b 00 00 00 00 8f a6 3b 00 00 00 00 83 dc 3b 00 00 00 00 70 12 3b 00 00 00 00 56 48 3b 00 00 00 00 35 7e 3b 00 00 00 00 0d b4 3b 00 00 00 00 de e9 3b 00 00 00 00 a8 1f 3b 00 00 00 00 6b 55 3b 00 00 00 00 27 8b 3b 00 00 00 00 dc c0 3b 00 00 00 00 8a f6 3b 00 00 00 00 31 2c 3b 00 00 00 00 d1 61 3b 00 00 00 00 6a 97 3b 00 00 00 00 fc cc 3b 00 00 00 00 87 02 3b 00 00 00 00 0b 38 3b 00 00 00 00 88 6d 3b 00 00 00 00 fe a2 3b 00 00 00 00 6d d8 3b 00 00 00 00 d5 0d 3b 00 00 00 00 36 43 3b 00 00 00 00 90 78 3b 00 00 00 00 e3 ad 3b 00 00 00 00 2f e3 3b 00 00 00 00 74 18 3b 00 00 00 00 b2 4d 3b 00 00 00 00 e9 82 3b 00 00 00 00 19 b8 3b 00 00 00 00 42 ed 3b 00 00 00 00 64 22 9b 9b 9b 9b fe 4c 06 71 fe 9b 9b 9b 9b 9b 9b 9b 9b 9b 9b 9b 9b 9b fe da 3f ef ca 60 66 aa d0 a2 3f d8 a6 43 cb d8 a5 11 cb d8 8c 04 cb 60 67 aa d0 60 68 aa d0 fe dc bc 3e cb 60 67 aa d0 60 69 aa d0 fe de 48 3e cb 60 67 aa d0 60 6c aa d0 95 01 00 f0 1d 9c 26 f0 2c 9c 27 f0 2c 9c 28 f0 2c 9c 29 f0 4a 9c 25 f0 63 60 71 aa d0 95 03 64 fe 60 64 aa d0 fe 60 72 aa d0 fe dc 89 58 cb d8 1d 58 cb 14 f2 57 00 15 f2 58 00 fe dc 89 65 cb d8 1e 65 cb 16 f2 32 02 fe a8 07 96 fd 5e e2 01 00 88 cb a8 07 98 fd 5e e2 01 00 8c cb a8 07 97 fd 5e e2 01 00 90 cb 4c 09 71 fe 4c 0c 71 fe 4c 0b 71 fe 4c 0a 71 fe 9b 9b 9b 9b 9b 9b 9b 9b 9b 9b 9b 9b 9b 9b 9b 9b 9b 9b 9b 9b 9b 9b 9b 9b 9b 9b 9b 9b 9b 9b 9b 9b 9b 9b 9b 9b 9b 9b fe f0 00 00 87 10 85 f0 0e 09 10 c0 f0 00 9c 0b 18 05 10 c3 55 1e 01 f0 00 14 05 10 c3 55 1e 01 15 05 10 c3 55 1e 01 16 05 10 c3 55 1e 01 17 85 10 c3 55 1e 01 f2 d0 28 f2 d0 2a f2 d0 2c f2 d0 2e f2 d0 30 f2 d0 32 f2 d1 28 f2 d2 28 f2 d3 28 f2 d6 28 f2 d6 2a f2 d7 28 f2 d8 28 f2 d8 2a f2 d9 28 f2 d6 2c f2 d6 2e a2 31 9b 9b 9b 9b 9b 9b 9b 9b 9b 9b 9b 9b 9b 9b 9b 9b 9b 9b 9b 9b 9b 9b 9b 9b 9b 9b 9b 9b 9b 9b 9b 9b 9b 9b 9b 9b 9b 9b 00 87 09 10 c0 57 01 13 01 fe da 31 81 cc f2 d0 28 f2 d0 2a f2 d0 2c f2 d0 2e f2 3b 29 f2 3b 2b f2 3b 2d f2 3b 2f f2 3b 31 f2 3b 33 f2 3b 35 14 f9 15 f9 16 f9 17 f9 d2 85 cc fe da 30 8f cc 91 0f d2 95 cc fe 91 05 d2 95 cc fe 32 1b 9d cc d2 a6 cc fe 6b d0 80 d2 a6 cc fe 70 fe da 31 a4 cc 18 0f 92 0e 3a 02 0a 00 53 01 51 01 73 00 08 40 00 00 87 92 0c 3f 02 53 01 77 14 f2 93 00 15 f2 93 00 16 f2 93 00 17 f2 93 00 18 f2 93 00 71 00 8c 10 81 10 40 57 01 10 80 10 45 67 08 f0 1d 18 84 10 45 63 05 f0 1d fd 30 d2 bb cb 18 85 7f 55 00 f0 1d 65 64 f0 13 f0 1d 66 09 cd d2 bb cb e0 1c 01 69 cd e0 1c 02 dd cd e0 1c 03 dd cd 18 81 75 00 83 f0 09 75 f0 0e 0c 06 f0 1d 10 43 55 0f 14 8a 75 f0 1d 10 c3 55 11 57 01 01 6a d0 a1 f0 3b f0 63 6a d0 21 0c 06 f0 04 10 43 51 0f 14 8f 92 05 28 02 73 10 c3 53 01 51 11 10 81 73 00 f0 13 18 81 73 00 81 77 a8 1c 01 f0 3b d2 0e cd f0 1d 18 81 75 00 83 f0 09 75 f0 0e 0c 06 f0 1d 10 43 55 0f 14 03 75 f0 1d 15 8a 75 f0 1d 10 c3 55 12 57 01 01 6a d0 a1 f0 3b f0 63 6a d0 21 0c 06 f0 09 10 43 51 0f 15 11 92 05 28 02 73 00 f0 04 10 c3 53 01 51 12 10 81 73 14 93 f0 04 92 05 28 02 73 00 f0 04 10 c3 53 01 51 11 10 81 73 f0 13 18 81 73 00 81 77 f0 3b 60 27 ab 60 60 27 ab 60 d2 0e cd f0 1d 18 81 75 00 83 f0 09 75 f0 0e 0c 06 f0 1d 10 43 55 0f 14 07 75 f0 1d 10 c3 55 11 15 07 75 f0 1d 10 c3 55 11 16 07 75 f0 1d 10 c3 55 12 17 88 75 f0 1d 01 10 c3 55 12 6a d0 a1 14 03 57 01 01 15 05 55 01 57 01 01 16 05 55 02 57 01 01 17 85 55 03 57 01 01 f0 3b e0 1c 03 40 ce 60 29 ab 61 f0 63 60 2a ab 61 f0 3b 6a d0 21 0c 06 f0 1d 10 43 51 0f 17 11 92 05 28 02 73 00 f0 04 10 c3 53 01 51 15 10 81 73 16 13 f0 04 92 05 28 02 73 00 f0 04 10 c3 53 01 51 14 10 81 73 15 13 f0 09 92 05 28 02 73 00 f0 04 10 c3 53 01 51 12 10 81 73 14 93 f0 0e 92 05 28 02 73 00 f0 04 10 c3 53 01 51 11 10 81 73 f0 13 18 81 73 00 81 77 a8 1c 03 f0 3b 60 27 ab 60 d2 0e cd da 31 bf ce d8 c7 54 cc 71 fe d8 27 c7 ce 71 fe d1 51 00 fe 71 fe 71 fe 14 85 65 03 08 40 80 71 fe 71 fe 71 fe 71 fe 71 fe 71 fe 71 fe 60 10 ab d0 66 f4 ce 60 11 ab d0 a1 16 d2 db 0f 60 11 ab d0 fe 60 12 ab d0 fe d9 7c 16 cf d8 a7 11 cf 60 18 ab d0 a0 a7 a1 7b a1 3c fe 60 1e ab d0 fe 60 0f ab d0 fe 60 15 ab d0 fe 60 16 ab d0 fe 60 17 ab d0 fe 60 19 ab d0 14 8b 05 f0 31 04 10 c3 90 0f 41 00 71 15 88 f0 13 73 f0 27 71 f0 13 14 89 10 c3 90 0d 45 00 78 10 81 f0 18 60 1a ab d0 14 81 71 fe 60 1b ab d0 15 8b 05 f0 31 04 10 c3 90 0e 44 00 71 14 88 f0 13 77 f0 27 71 f0 13 15 89 10 c3 90 10 40 00 78 10 81 f0 18 60 1c ab d0 15 81 71 fe 60 13 ab d0 4c 08 71 60 14 ab d0 fe 60 1d ab d0 fe 60 1f ab d0 fe 60 20 ab d0 fe 60 21 ab 42 fe d8 c7 b0 cf 71 fe da 30 f4 d0 d2 f0 d0 1a 04 92 06 1a 00 14 04 92 05 1a 00 15 04 92 06 1c 00 16 04 92 06 18 00 17 84 92 07 1a 00 14 f2 93 00 15 f2 93 00 17 f2 93 00 1a f2 93 00 71 00 88 10 c1 55 06 10 c0 55 02 f0 09 1a 8a f0 13 71 f0 1d 7f 60 00 f0 0e d2 f0 d0 0c 04 10 c3 55 09 1a 04 10 40 55 04 00 18 f0 2c 01 f0 00 0c 04 92 01 13 00 10 81 08 43 05 f0 00 00 9c 5d f0 0e 01 18 96 f0 2c 0c 04 92 01 13 00 71 f0 04 04 10 81 00 7f 80 00 51 02 10 80 00 12 01 0c 04 92 02 11 00 10 81 08 43 05 00 9c 5d f0 0e 01 19 94 0c 04 92 02 11 00 71 f0 04 04 10 81 00 7f 80 00 51 02 10 80 00 12 01 0c 04 92 01 11 00 10 81 08 43 05 00 9c 5d f0 0e 01 1c 15 0c 04 92 01 11 00 71 f0 04 04 10 81 00 10 41 7f 80 00 51 04 05 1a 83 06 51 01 f0 1d 60 2e 2b 60 fd 60 1c 83 04 10 85 fd 60 1c 82 10 80 fd 60 1c 82 10 81 65 64 18 83 51 01 77 f0 04 1c 81 05 60 30 ab 60 18 03 55 01 71 1a 83 07 51 03 0c 04 10 c3 51 05 00 89 92 08 1e 00 00 75 09 10 80 1a 86 f0 27 75 f0 27 71 f0 3b 9b 9b 9b 9b 9b 60 2f ab 62 d2 f8 d0 fe d0 8b 04 fe d2 37 d2 1a 02 10 81 14 36 10 40 73 06 51 02 07 71 06 57 02 10 41 07 77 06 55 02 07 75 06 53 02 10 43 d4 02 73 06 51 02 07 71 06 57 02 07 77 06 55 02 07 75 06 53 02 d7 10 41 90 06 1a 00 01 15 36 10 40 71 06 57 02 07 77 06 55 02 10 41 07 75 06 53 02 07 73 06 51 02 10 43 d4 02 71 06 57 02 07 77 06 55 02 07 75 06 53 02 07 73 06 51 02 d7 10 41 90 06 1a 00 01 16 36 10 40 75 06 53 02 07 73 06 51 02 10 41 07 71 06 57 02 07 77 06 55 02 10 43 d4 02 75 06 53 02 07 73 06 51 02 07 71 06 57 02 07 77 06 55 02 d7 10 41 90 06 1a 00 01 17 b8 10 40 77 06 55 02 07 75 06 53 02 10 41 07 73 06 51 02 07 71 06 57 02 9c 59 10 43 d4 02 77 06 55 02 07 75 06 53 02 07 73 06 51 02 07 71 06 57 02 d7 10 41 90 06 1a 00 01 9c 94 95 08 00 89 02 0b d6 f0 3b 83 07 f0 13 83 07 f0 09 83 07 f0 09 83 07 f0 09 83 07 1b 86 92 06 1a 00 71 00 1b f2 0f 02 f0 06 83 07 f0 06 83 07 1a f2 0f 02 f0 09 d4 06 83 07 f0 04 d7 1a f9 1b fa 1b 86 00 10 80 08 50 80 9c 5b f0 07 83 07 f0 09 83 07 f0 2c 4a b4 00 25 dc 00 40 d2 fb 91 05 68 3b 01 08 1e 00 a2 30 f2 d5 28 f2 d5 2a 0c 05 10 44 80 00 08 00 03 82 04 16 d3 88 d3 d2 9b d2 16 8b 82 04 14 00 08 40 02 56 01 66 01 f0 59 00 02 72 09 16 81 01 f0 1d fd 8e 80 07 01 7f f0 1d 00 92 07 d4 06 7b 07 f0 01 d7 10 80 f0 1d 9c 0d 09 72 06 03 fd 8e b2 07 01 7f 00 f2 8b 01 fd 5b fd 5c b0 05 d6 00 d0 d0 02 fe 14 83 08 40 81 dc 54 f0 d2 dc 55 f0 d2 dc 56 f0 d2 dc 57 f0 d2 dc 58 f0 d2 60 6f ab d0 fe da 44 ec d2 da 36 df d2 60 67 ab d0 60 68 ab d0 a2 44 d2 f0 d2 60 67 ab d0 60 6a ab d0 a2 44 d2 f0 d2 60 69 ab d0 4c 03 71 14 83 08 40 80 fe 71 fe de 36 06 d3 d2 06 d3 14 f9 16 f9 d8 27 0c d3 71 fe d1 51 00 fe 71 fe de 36 18 d3 71 fe 14 f9 71 fe 14 85 65 03 08 40 80 71 fe de 36 34 d3 15 87 92 10 25 00 08 40 01 71 fe 14 f9 15 f9 16 f9 71 fe de 36 42 d3 71 fe 14 f9 15 f9 16 f9 17 f9 71 fe de 36 52 d3 71 fe 14 f9 15 f9 71 fe de 36 5e d3 71 fe 14 f9 15 f9 71 fe de 36 6a d3 71 fe 14 f9 15 f9 71 fe da 36 78 d3 71 d2 c4 d5 14 f9 15 f9 16 f9 17 f9 18 f9 19 f9 1a f9 71 fe 1b 03 08 40 02 1c 91 13 00 fd 0f 03 6b 06 65 02 73 08 40 00 fd 01 f0 00 71 fe 14 f9 a8 07 8e ac 31 0b d1 f5 0e f2 3c 29 a2 32 fe 60 fb a6 d0 fe da 32 c1 d3 60 33 ab 02 fe f0 04 9c 05 6b 30 81 14 f9 f2 30 29 f0 04 51 8e fe da 45 e5 d3 60 6c ab d0 a2 45 a1 3e a1 7d de 44 ea d3 fe 60 6b ab d0 fe 60 6d ab d0 fe da 43 f9 d3 60 63 ab d0 a2 43 60 64 ab d0 66 1f d4 fd 59 c0 0f 00 ec 15 d4 60 66 ab d0 fd 59 fd 53 a1 17 d2 db 0f ac 0f 00 fd 53 a1 17 d2 db 0f 60 65 ab d0 fe 24 82 fd 01 23 82 fd 01 22 82 fd 01 21 82 fd 01 20 82 fd 01 1f 82 fd 01 1e 82 fd 01 1d 82 fd 01 1c 82 fd 01 1b 82 fd 01 1a 82 fd 01 19 82 fd 01 18 82 fd 01 17 82 fd 01 16 82 fd 01 15 82 fd 01 14 82 fd 01 00 82 fd 01 c3 e2 c0 00 2b d8 fe 9b 9b 9b 9b 9b 9b 9b 9b 9b 9b 9b 9b 9b 9b 9b 9b 9b 9b 9b 9b 9b 9b 9b 9b 9b 9b 9b 9b 9b 9b 9b 9b 9b 9b 9b 9b 9b 9b 9b 9b 9b 9b 9b 9b 9b 9b 9b 9b 9b 9b 9b 9b 9b 9b 9b 9b 9b 9b 9b 9b 9b 9b 9b 9b 9b 9b 9b 9b 9b 9b 9b 9b 9b 9b 9b 9b 9b 9b 9b 9b 9b 9b 9b 9b 9b 9b 9b 9b 9b 9b 9b 9b 9b 9b 9b 9b 9b 9b 9b 9b 9b 9b 9b 9b 9b 9b 9b 9b 9b 9b 9b 9b 9b 9b 9b 9b 9b 9b 9b 9b 9b 9b 9b 9b 9b 9b 9b 9b 9b 9b 9b 9b 9b 9b 9b 9b 9b 9b 9b 9b 9b 9b 9b 9b 9b 9b 9b 9b 9b 9b 9b 9b 9b 9b 9b 9b 9b 9b 9b 9b fe da 37 22 d5 60 54 ab d0 4c 10 a2 37 71 fe 60 55 ab d0 4c 10 71 fe da 38 38 d5 60 57 ab d0 4c 0f a2 38 71 fe 60 58 ab d0 4c 0f 71 fe da 3a 4a d5 60 70 ab d0 a2 3a 60 71 ab d0 66 aa d5 fd 58 60 e2 00 00 a6 d5 60 72 ab d0 51 60 14 84 05 f0 54 04 b6 10 27 c0 90 01 ed 7f d5 c0 e8 03 ed 8c d5 c0 60 09 ed 99 d5 60 73 ab d0 fe 60 76 ab d0 9c 55 60 7b ab 02 50 73 fe 60 75 ab d0 9c 55 60 7a ab 02 50 83 fe 60 74 ab d0 9c 55 60 79 ab 02 50 64 fe 60 78 ab d0 60 77 ab d0 fe 60 5b ab d0 4c 0d 71 fe 60 5a ab d0 4c 0e 71 fe 60 52 ab d0 fe f0 00 14 08 73 f0 00 7e 60 00 f0 00 15 08 73 f0 00 7e 60 00 f0 00 16 08 71 f0 00 7e 30 00 f0 00 17 08 73 f0 00 7e 50 00 f0 00 18 08 71 f0 00 7e 30 00 f0 00 19 08 75 f0 00 7e 55 00 f0 00 1a 88 71 f0 00 7e 70 00 f0 00 19 89 10 c3 90 04 13 00 73 10 80 19 87 10 c3 51 01 53 02 01 f0 00 1a 89 10 c3 90 04 13 00 73 10 80 1a 87 10 c3 51 01 53 02 01 f0 00 17 89 10 c3 90 04 13 00 73 10 80 17 87 10 c3 51 01 53 02 01 f0 00 14 09 10 c3 90 04 13 00 73 10 81 15 89 10 c3 90 05 14 00 73 10 81 14 07 10 c3 51 01 53 02 01 15 85 10 c3 53 02 01 f0 04 18 87 10 c0 51 04 53 01 73 18 85 51 01 53 02 01 f0 00 16 87 10 c0 51 04 53 02 73 b4 1c e2 00 00 a7 d6 e2 01 00 b3 d6 e2 02 00 bf d6 e2 03 00 cb d6 a8 07 75 ac 0c 02 d1 f4 0e d2 d9 d6 a8 07 74 ac 0c 02 d1 f4 0e d2 d9 d6 a8 07 73 ac 0c 02 d1 f4 0e d2 d9 d6 9c 0d 60 51 ab 02 ac 01 00 fd 52 d2 d9 d6 16 85 51 01 53 02 01 a2 36 f0 00 fe 9b 9b 9b 9b 9b 9b 9b 9b 9b 9b 9b 9b 9b 9b 9b 9b 9b 9b 9b 9b 9b 9b 9b 9b 9b 9b 9b 9b 9b 9b 9b 9b 9b 9b 9b 9b 9b 9b 9b fe 6a d0 80 6b d0 80 fe 68 02 01 04 13 00 00 01 01 19 0a fd 0f 03 67 0a 66 02 64 02 73 17 89 73 92 04 14 00 08 40 0d 04 73 50 f0 63 17 87 08 08 16 f0 1d 09 05 60 07 ab 60 17 8e f0 1d 10 80 08 40 08 f0 1d 08 08 10 f0 04 60 08 2b 60 fd 60 17 88 7e 25 00 08 40 0a f0 09 65 64 17 95 09 10 40 10 81 53 02 63 0c f0 1d 08 40 06 f0 1d 10 80 08 42 00 60 09 ab 60 17 8d 08 41 09 7e 40 00 f0 13 7e 40 00 f0 3b 60 0a ab 60 f0 0e 68 ca 00 02 78 00 fd 31 15 0b 61 02 73 06 0c 04 fd 0f 00 13 00 0c 84 10 44 56 28 15 f2 07 02 d2 c1 dd fe 68 02 01 04 13 00 d2 20 d8 9b 9b 9b 9b 9b 9b 9b 9b 9b 9b 9b 9b 9b 9b 9b 9b 9b 9b 9b 9b 9b 9b 9b 9b 9b 9b 9b 9b 9b 9b 9b 9b 9b 9b 9b 9b 9b 9b 9b 9b 9b 9b 9b 9b 9b 9b 9b 9b 9b 9b 9b 9b 9b 9b 9b 9b 9b 9b 9b 9b 9b 9b 9b 9b 9b 9b 9b 9b 9b 9b 9b 9b 9b 9b 9b 9b 9b 9b 9b 9b 9b 9b 9b 9b 9b 9b 9b 9b 9b 9b 9b 9b 9b f0 00 68 c0 00 03 1a 00 d2 48 d4 b0 13 00 00 18 09 62 16 60 07 fd 0f 02 13 00 19 0a 67 05 65 04 71 fd 0f 03 fd 01 0d 84 60 08 66 08 6b c0 82 d2 63 e7 68 02 01 04 13 00 00 07 13 00 92 07 0d 00 73 19 0a fd 0f 03 67 0a 66 02 64 02 73 d8 fc c8 d8 14 0a fd 0f 03 92 05 10 00 00 73 04 15 0a fd 0f 03 92 06 12 00 00 73 04 16 0a fd 0f 03 92 07 14 00 00 73 04 18 8c fd 0f 03 92 04 15 00 00 73 08 08 06 17 f9 71 00 82 63 0c f0 3b 60 0b aa 60 f0 4f 68 c0 80 03 1a 00 00 8d f0 13 73 06 10 81 10 40 57 01 07 10 c0 fe d0 e6 08 fe 68 02 01 04 13 00 00 07 13 00 92 07 0d 00 73 19 0a fd 0f 03 67 0a 66 02 64 02 73 14 01 01 15 01 01 16 01 01 18 81 01 17 f9 71 00 82 63 0c f0 4f 68 c0 80 03 1a 00 00 85 77 10 c0 57 01 fe 52 01 10 fd 10 0c 08 10 02 10 40 9c 0d 5a 02 01 fd f2 fe 53 01 10 fd 10 0c 08 10 02 10 40 9c 5e 5a 02 01 fd f2 fe 1b 04 61 08 63 08 1c 04 61 08 63 08 1d 04 61 08 63 08 1e 04 61 08 63 08 1f 04 61 08 63 08 20 04 61 08 63 08 21 04 61 08 63 08 22 04 61 08 63 08 23 04 61 08 63 08 19 07 08 40 02 61 08 63 08 14 04 61 08 63 08 15 04 61 08 63 08 16 04 61 08 63 08 17 84 61 08 63 08 71 fe d8 18 ce d9 f0 00 3e 22 00 89 d9 18 22 92 14 17 00 61 08 63 08 10 81 08 40 08 fd 0f 03 00 f0 09 fd 9e 21 08 40 09 10 43 56 03 08 40 00 f0 1d 00 85 7e 50 00 f0 27 4a 8f 00 0c dc 00 c8 d9 fb a0 18 18 01 01 71 fe d8 1a 14 da f0 00 3e 22 00 cf d9 18 22 92 16 17 00 61 08 63 08 10 81 08 40 08 fd 0f 03 00 f0 09 fd 9e 21 08 40 09 10 43 56 03 08 40 00 f0 1d 00 85 7e 50 00 f0 27 4a 8f 00 0c dc 00 0e da fb a0 1a 18 01 01 71 fe d8 1b 5a da f0 00 3e 22 00 15 da 18 22 92 19 11 00 61 08 63 08 10 81 08 40 08 fd 0f 03 00 f0 09 fd 9e 21 08 40 09 10 43 56 03 08 40 00 f0 1d 00 85 7e 50 00 f0 27 4a 8f 00 0c dc 00 54 da fb a0 1b 18 01 01 71 fe d8 1c a0 da f0 00 3e 22 00 5b da 18 22 92 18 17 00 61 08 63 08 10 81 08 40 08 fd 0f 03 00 f0 09 fd 9e 21 08 40 09 10 43 56 03 08 40 00 f0 1d 00 85 7e 50 00 f0 27 4a 8f 00 0c dc 00 9a da fb a0 1c 18 01 01 71 fe d8 1e e6 da f0 00 3e 22 00 a1 da 18 22 92 1b 11 00 61 08 63 08 10 81 08 40 08 fd 0f 03 00 f0 09 fd 9e 21 08 40 09 10 43 56 03 08 40 00 f0 1d 00 85 7e 50 00 f0 27 4a 8f 00 0c dc 00 e0 da fb a0 1e 18 01 01 71 fe d8 1f 2c db f0 00 3e 22 00 e7 da 18 22 92 18 1b 00 61 08 63 08 10 81 08 40 08 fd 0f 03 00 f0 09 fd 9e 21 08 40 09 10 43 56 03 08 40 00 f0 1d 00 85 7e 50 00 f0 27 4a 8f 00 0c dc 00 26 db fb a0 1f 18 01 01 71 fe d8 21 72 db f0 00 3e 22 00 2d db 18 22 92 1b 19 00 61 08 63 08 10 81 08 40 08 fd 0f 03 00 f0 09 fd 9e 21 08 40 09 10 43 56 03 08 40 00 f0 1d 00 85 7e 50 00 f0 27 4a 8f 00 0c dc 00 6c db fb a0 21 18 01 01 71 fe d8 22 b8 db f0 00 3e 22 00 73 db 18 22 92 1d 15 00 61 08 63 08 10 81 08 40 08 fd 0f 03 00 f0 09 fd 9e 21 08 40 09 10 43 56 03 08 40 00 f0 1d 00 85 7e 50 00 f0 27 4a 8f 00 0c dc 00 b2 db fb a0 22 18 01 01 71 fe d8 23 fe db f0 00 3e 22 00 b9 db 18 22 92 19 21 00 61 08 63 08 10 81 08 40 08 fd 0f 03 00 f0 09 fd 9e 21 08 40 09 10 43 56 03 08 40 00 f0 1d 00 85 7e 50 00 f0 27 4a 8f 00 0c dc 00 f8 db fb a0 23 18 01 01 71 fe d8 24 44 dc f0 00 3e 22 00 ff db 18 22 92 1b 1d 00 61 08 63 08 10 81 08 40 08 fd 0f 03 00 f0 09 fd 9e 21 08 40 09 10 43 56 03 08 40 00 f0 1d 00 85 7e 50 00 f0 27 4a 8f 00 0c dc 00 3e dc fb a0 24 18 01 01 71 fe 19 f9 f0 00 a8 07 8c ac f2 0a d1 f4 0e f2 29 32 fe a0 a2 a8 07 8c fd 5e e2 01 00 67 dc 60 f1 aa 02 fe 6a 29 a0 6b 29 80 1a f9 f2 29 34 51 8c fe 18 fa 15 04 10 43 61 06 18 07 10 43 61 09 63 0c 73 17 8d 10 41 73 06 67 04 61 05 fd 0f 01 fd 01 f8 2b 2a a1 dc f8 2b 2c a1 dc 71 fe 15 fa 16 fa f2 2b 2a f2 2b 2c 15 f9 16 f9 71 fe 60 00 aa 60 fe d8 a1 c2 dc d8 18 c2 dc 17 f2 05 02 fe d8 a1 d5 dc dc 18 d5 dc d8 19 d5 dc 17 f2 06 02 a0 19 fe fd 42 60 01 aa 62 fd 40 fe fd 42 60 02 aa 62 fd 40 fe fd 42 60 03 aa 62 fd 40 fe fd 42 60 04 aa 62 fd 40 fe fd 42 60 05 aa 62 fd 40 fe fd 42 60 06 aa 62 fd 40 fe 60 00 aa d0 f0 04 4a 8e 00 0c dc 00 1b dd fb 18 f9 f2 2b 30 71 fe 91 0d 15 8b 61 02 73 06 0c 04 fd 0f 00 13 00 dc 9f 39 dd 14 f9 71 fe 71 fd 31 00 88 10 c0 67 04 10 c5 67 04 f0 1d 0c 84 10 40 56 03 f0 13 60 f6 2a 60 fd 60 fd 60 14 85 10 80 08 40 8e 65 64 f0 3b 14 94 10 80 08 40 0d f0 36 08 08 15 f0 27 08 42 00 7e 30 00 f0 1d 60 f7 2a 60 fd 60 14 82 09 77 fd 60 14 81 73 fd 60 14 81 77 65 64 14 91 f0 09 10 83 fd 9e 38 08 40 89 f0 1d 9b 09 f0 1d 73 60 f9 aa 60 f0 13 0c 10 10 40 56 03 10 41 56 03 10 42 56 03 10 43 56 1c f0 90 77 32 d2 14 d7 14 03 08 09 19 00 83 08 0a 18 0c 10 10 44 52 1f 10 43 52 03 10 41 52 02 10 40 52 01 73 32 f0 77 f0 18 14 03 08 40 0a 00 81 09 60 f8 2a 60 fd 60 14 85 10 81 08 40 85 fd 60 14 81 09 65 64 14 8a 10 40 10 80 53 03 51 03 53 02 60 fa aa 60 a0 9f 14 03 7f 50 00 0c 12 f0 13 10 41 9c 16 62 0c 66 0c 62 08 66 08 62 05 66 05 00 8c f0 18 10 c0 71 06 7e 60 00 55 02 07 14 83 53 02 01 14 f9 fd 30 a0 9f fe 60 fb aa 02 a0 18 f2 ca 2c fe d8 18 53 de fe 00 81 73 9b 14 91 92 02 79 00 77 10 43 10 83 00 f0 04 fd 9e 0b 57 05 60 fc aa 60 f0 0e 60 fa aa 60 14 03 7f 50 00 0c 12 f0 13 10 41 9c 16 62 0c 66 0c 62 08 66 08 62 05 66 05 00 91 0c 04 f0 18 10 c1 70 06 7e 65 00 80 04 72 10 c0 07 14 a1 10 40 10 83 57 02 f0 0e 73 f0 0e 10 85 04 f0 0e 10 80 f0 0e 10 81 f0 0e 10 83 f0 2c 10 43 06 57 02 14 10 05 03 10 43 67 12 63 0c 67 08 63 06 67 04 63 04 f0 04 6b ca 80 6a ca a0 9c 15 16 f9 f2 ca 2c f0 3b 14 0f 10 c0 02 07 77 f0 1d 08 41 03 f0 1d 09 f0 1d 00 88 10 c0 80 05 73 77 0b 04 60 fd 2a 60 fd 60 fd 60 14 81 73 65 64 14 84 10 c5 63 0a 60 fe aa 60 14 87 10 40 10 81 63 22 01 f0 1d 00 81 72 60 ff aa 42 95 02 00 f0 3b 91 28 f0 27 00 87 d4 06 7b 01 f0 01 d7 00 05 08 52 0a f0 3b 15 90 f0 0e fd 0f 02 92 08 6f 00 10 40 00 73 06 65 0f f0 3b 64 00 02 09 72 15 85 10 41 61 07 01 15 f9 f2 ca 2a 14 f9 a1 12 a0 9e 36 82 a4 18 91 0d f0 2c 60 7c ab 42 66 81 df fd 4c 02 71 fe d8 1b b0 df e4 12 03 00 a0 df 6a c3 a3 f0 04 6a c3 a5 9c 58 f0 1d 4a 2e 00 0c 71 d2 2e e1 6a c3 a3 f0 04 6a c3 a4 9c 57 f0 09 b2 12 a0 1b fe d8 1c df df e4 12 04 00 cf df 6a c3 a7 f0 04 6a c3 a9 9c 58 f0 1d 4a 2e 00 0c 71 d2 2e e1 6a c3 a7 f0 04 6a c3 a8 9c 57 f0 09 b2 12 a0 1c fe d8 1a 0e e0 e4 12 02 00 fe df 6a c3 ab f0 04 6a c3 ad 9c 58 f0 1d 4a 2e 00 0c 71 d2 2e e1 6a c3 ab f0 04 6a c3 ac 9c 57 f0 09 b2 12 a0 1a fe d8 1d cf e0 e4 12 05 00 2d e0 6a c3 af f0 04 6a c3 b1 9c 58 f0 1d 4a 2e 00 0c 71 d2 2e e1 17 f9 1a 8c 82 12 19 65 05 00 71 fd 0f 00 13 00 6a c3 af f0 04 6a c3 b1 f0 09 00 88 77 06 10 c1 80 11 1b 07 f0 1d 1a 88 73 f0 1d 10 85 08 08 06 f0 09 1b 8f 08 40 02 00 9c 4e 10 40 7f 15 00 fd 02 53 01 1a 81 09 f0 1d 9c 6a 6a c3 af f0 04 6a c3 b0 f0 04 6a c3 af f0 04 6a c3 b0 f0 04 6a c3 af f0 04 6a c3 b0 f0 04 6a c3 af f0 04 6a c3 b0 f0 04 6a c3 af f0 04 9c 10 6a c3 b0 f0 1d 00 0b 10 c0 67 08 f0 0e 08 52 0a f0 2c 1b 83 f0 07 01 d0 30 02 a8 07 8d ac 07 0a d1 f4 0e 00 81 09 a0 a0 fe fe d8 19 fe e0 e4 12 01 00 ee e0 6a c3 b3 f0 04 6a c3 b5 9c 58 f0 1d 4a 2e 00 0c 71 d2 2e e1 6a c3 b3 f0 04 6a c3 b4 9c 57 f0 09 b2 12 a0 19 fe d8 18 2d e1 e4 12 00 00 1d e1 6a c3 b7 f0 04 6a c3 b9 9c 58 f0 1d 4a 2e 00 0c 71 d2 2e e1 6a c3 b7 f0 04 6a c3 b8 9c 57 f0 09 b2 12 a0 18 fe f0 04 6a c3 a3 f0 04 6a c3 a2 9c 10 f0 04 6a c3 a7 f0 04 6a c3 a6 9c 10 f0 04 6a c3 ab f0 04 6a c3 aa 9c 10 f0 04 6a c3 af f0 04 6a c3 ae 9c 10 f0 04 6a c3 b3 f0 04 6a c3 b2 9c 10 f0 04 6a c3 b7 f0 04 6a c3 b6 9c 10 b0 12 00 00 a4 18 a4 19 a4 1a a4 1b a4 1c a4 1d fe 23 0c 61 08 08 40 01 fd 01 13 01 fd 0f 03 22 03 65 08 73 14 0c 0c 04 fd 01 fd 0f 00 13 00 10 81 04 15 0c 0c 04 fd 01 fd 0f 00 13 00 10 81 04 16 0c 0c 04 fd 01 fd 0f 00 13 00 10 81 04 17 0c 0c 04 fd 01 fd 0f 00 13 00 10 81 04 18 0c 0c 04 fd 01 fd 0f 00 13 00 10 81 04 19 8c 0c 04 fd 01 fd 0f 00 13 00 10 81 04 d8 a0 0a e2 b0 12 00 00 6a c3 a2 6a c3 a6 6a c3 aa 6a c3 ae 6a c3 b2 6a c3 b6 71 fe a0 18 a0 19 a0 1a a0 1b a0 1c a0 1d 6a c3 a4 6a c3 a8 6a c3 ac 6a c3 b0 6a c3 b4 6a c3 b8 71 fe a8 07 8d fd 5e e2 01 00 39 e2 60 f1 aa 02 fe 6a c3 a1 6b c3 81 22 f9 f2 c3 44 51 8d fe 14 89 10 43 67 09 65 05 71 fd 0b 71 fe 14 f9 f2 c8 28 15 f9 a8 07 0b ac 0c 02 d1 f5 0e fe fe 14 07 10 81 08 40 83 9c a0 00 92 0c f0 75 06 10 c2 7f 80 00 90 19 7b 04 07 10 40 0b f0 d2 54 e2 f0 4f 15 83 06 53 01 f0 1d 9b 14 83 08 08 80 f0 63 60 d0 aa 02 f0 0e 15 8d 07 10 43 55 01 7f 90 00 90 17 77 08 73 14 85 10 85 08 40 82 f0 77 fd 31 15 81 71 60 d1 aa 62 f0 0e 00 05 10 c1 51 01 70 0c 86 10 41 50 04 f0 13 d2 59 e2 16 88 92 17 78 0a 63 12 61 02 60 00 ab 62 15 05 61 08 63 08 71 00 03 75 10 c0 0c 82 54 04 60 01 2b 62 fd 60 9c 68 15 03 08 4b 8c 16 84 00 08 40 00 65 64 f0 1d 9b 16 f9 15 90 09 f0 1d 10 41 10 81 41 7f 80 00 51 03 f0 0e 01 fd 30 fe d8 a0 28 e3 60 05 ab 62 fe 60 06 ab 62 fe 6a c2 a0 6a c2 a1 dc a1 3f e3 de d4 3f e3 91 20 a6 d4 14 fa 15 fa 15 83 63 06 71 71 fe d8 a1 fb e3 95 00 00 f0 1d 9c 4c f0 3b 60 08 aa 60 f0 00 fd 31 0c 04 10 c0 56 02 00 86 10 c1 80 03 71 76 9c 4a 14 18 fd 01 10 41 0c 04 92 01 68 08 55 02 65 05 63 03 09 73 06 08 40 8f 03 00 15 98 fd 01 10 41 0c 04 92 01 68 08 13 00 fd 0f 03 55 01 63 06 71 08 40 00 00 14 0a 0c 04 10 45 51 07 13 02 51 01 15 8c 0c 04 10 45 51 07 fd 0e 13 01 51 01 00 03 77 10 c0 14 06 51 01 10 46 51 01 15 8e 51 01 10 46 10 85 61 08 10 86 61 08 09 73 9c 00 f0 4f 60 09 2a 60 fd 60 14 81 09 fd 60 fd 60 65 64 91 20 14 f2 0d 02 15 f2 0e 02 fd 30 a0 a1 fe dc 23 42 e4 00 07 10 c1 92 02 6a 00 75 16 88 10 c1 92 01 69 00 00 71 00 07 06 10 81 10 40 51 03 16 87 06 10 81 10 40 51 03 f0 1d 60 0c aa d0 f0 04 4a 8e 00 0c dc 00 36 e4 fb 16 f9 f2 c2 2c a4 23 00 f3 8b 01 71 fe 17 f9 f2 c2 2e a8 07 73 ac 0c 02 d0 f4 0e 16 f9 a8 07 8c ac f2 0a d1 f4 0e f2 29 2c a0 a2 fe d8 a2 6b e4 60 f1 aa 02 fe f0 04 9c 10 6a 29 a0 6b 29 80 18 f9 f2 29 30 f0 04 51 8c fe d1 21 00 f0 3b a8 07 4a ac b2 0a d1 f5 0e fe f2 ca 2a f2 c3 34 f2 2b 2e f2 25 38 f2 2b 30 fd 42 34 ef 14 14 92 09 12 00 fd 0f 03 0c 04 10 45 10 80 73 00 53 03 55 02 77 15 19 f0 45 92 09 12 00 fd 0f 02 0c 04 10 40 10 81 73 00 53 07 55 05 77 fd 0f 03 16 1b f0 45 f0 27 92 09 12 00 fd 0f 02 0c 04 10 40 10 81 73 00 53 07 55 03 77 fd 0f 03 17 9d f0 45 f0 27 f0 77 92 09 12 00 fd 0f 02 0c 04 10 41 10 83 73 00 53 07 55 01 77 fd 0f 03 d2 1f e5 f0 45 15 f2 3d 02 60 d8 aa 62 15 f2 3e 02 14 92 10 c1 73 06 53 01 55 01 10 c0 f0 1d 08 40 02 f0 1d 09 d2 a8 e6 60 d4 aa 60 16 f2 3d 02 60 d5 aa 62 16 f2 3e 02 60 d6 aa 60 17 f2 3d 02 60 d7 aa 62 17 f2 3e 02 60 d9 aa 60 14 0f 7f 60 00 f0 13 10 c3 07 53 03 51 02 57 01 75 15 0d 7f 60 00 f0 13 10 c3 07 57 05 51 01 73 16 15 7f 60 00 f0 13 10 c3 07 57 01 55 01 57 02 55 01 53 01 63 08 71 17 0e 7f 60 00 f0 13 10 c3 07 51 03 57 02 55 03 1a 91 f0 1d 13 03 92 07 1a 03 08 40 01 10 c3 57 01 55 03 f0 2c 15 85 7f 40 00 f0 1d 60 da aa 60 f0 1d 14 08 10 46 10 80 55 01 65 05 17 08 10 46 10 80 55 01 65 05 1a 88 10 46 10 80 55 01 65 05 60 db aa 62 14 0d 7f 60 00 f0 13 10 c0 07 65 08 57 02 73 15 1e 7f 60 00 f0 13 10 c3 04 07 53 04 51 02 f0 18 51 02 f0 0e 53 02 55 05 53 01 f0 22 57 02 05 16 21 7f 60 00 f0 13 10 c3 04 07 67 08 57 03 f0 0e 53 03 f0 22 51 02 77 f0 18 7f 30 00 f0 13 53 02 77 05 17 1d 7f 60 00 f0 13 10 c3 04 51 03 57 02 f0 22 55 03 77 f0 18 53 06 f0 0e 57 02 51 01 77 05 1a 97 7f 60 00 f0 13 10 c3 07 61 08 51 03 92 06 19 01 fd 01 08 40 80 13 01 f0 1d 15 f2 3d 02 16 f2 3d 02 17 f2 3d 02 60 dd aa 62 15 f2 3e 02 16 f2 3e 02 17 f2 3e 02 14 86 08 40 04 f0 27 09 60 de aa 60 14 81 75 95 05 00 f0 45 14 81 73 60 df aa 60 14 02 07 75 d2 bd e6 15 02 07 75 16 02 07 75 17 82 07 75 f0 3b d2 81 e8 b0 13 00 00 18 09 62 16 60 07 fd 0f 02 13 00 1a 02 fd 01 19 0a 67 05 65 04 71 fd 0f 03 fd 01 0d 84 60 08 66 08 6b c0 82 d8 9d f2 e6 d8 9c 10 e7 71 fe 6a c0 a3 6a c0 a7 6a c0 ab 6a c0 af 19 84 92 03 15 00 6b c0 81 dc a4 0e e7 6a c0 a1 71 fe 6b c0 82 71 fe fd 42 d8 18 23 e7 a0 18 a4 19 a4 1a a4 1b fe fd 42 d8 19 32 e7 a0 19 a4 18 a4 1a a4 1b fe fd 42 d8 1a 41 e7 a0 1a a4 18 a4 19 a4 1b fe fd 42 d8 1b 50 e7 a0 1b a4 18 a4 19 a4 1a fe da 5d 7a e8 d8 9d 0a e8 d8 9c 0a e8 75 f0 04 d2 ba d7 fd 31 6b c0 83 0c 06 10 43 90 00 03 00 00 8a 82 03 1a 10 44 65 08 08 43 03 71 d2 85 e7 f0 4f 95 00 64 91 20 f0 00 d2 9d e7 65 00 85 09 77 7f 60 00 f0 3b fd 60 00 81 73 65 64 00 b1 09 10 41 10 83 f0 0e 77 f0 0e 57 03 67 08 f0 06 08 08 8a f0 06 08 08 8b f0 0e 08 08 09 f0 06 08 08 08 f0 1d 09 75 f0 13 fd 0f 03 0c 04 55 03 65 07 f0 13 9c 5a 6a c0 a5 f0 01 6a c0 a6 f0 01 6a c0 a7 f0 01 f0 0e 00 8e 65 14 fd 0f 02 f0 0e 71 f0 09 0b 04 10 c0 9c 5a 6a c0 a6 f0 01 6a c0 a5 f0 01 6a c0 a4 f0 01 d2 8e e4 fe 75 95 00 00 4a b1 00 11 dc 00 17 e8 fb 95 00 00 f2 27 30 a0 46 a0 9f a2 4a 68 ca 80 05 72 00 9b b0 05 d0 00 d1 d0 02 fd 5b fd 5c a2 5d fe 91 25 d2 31 e8 14 f9 71 9c 13 f0 31 fd 31 00 a9 9c 3a f0 2c 08 48 08 f0 09 08 48 09 f0 09 08 48 08 f0 18 09 f0 1d 10 83 04 9c 18 67 18 7e 45 00 9c 0b 10 44 10 83 53 08 01 f0 0e 68 36 80 07 39 00 fe dc 66 cc d8 d2 52 d8 91 2f f0 1d fd 9c 6b 15 8f 07 10 c5 57 02 67 08 55 01 75 f0 1d 08 48 06 f0 13 15 f2 40 02 fd 9c 5a 6a c0 a9 f0 02 6a c0 aa f0 02 6a c0 ab d4 59 d8 1a 02 ea f0 00 d7 15 f2 41 02 6a c0 aa f0 02 6a c0 a9 f0 02 6a c0 a8 f0 02 15 fa fd 9c 6b 15 92 09 f0 1d 10 c5 77 f0 18 57 02 f0 13 75 f0 1d 08 48 06 f0 13 15 f2 40 02 fd 9c 5a 6a c0 ad f0 02 6a c0 ae f0 02 6a c0 af d4 59 d8 1b 02 ea f0 00 d7 15 f2 41 02 6a c0 ae f0 02 6a c0 ad f0 02 6a c0 ac f0 02 15 fa fd 9c 6b 15 8f 09 f0 1d 10 40 10 81 53 04 75 f0 18 08 48 06 f0 13 15 f2 40 02 fd 9c 5a 6a c0 a5 f0 02 6a c0 a6 f0 02 6a c0 a7 d4 3b d8 19 02 ea f0 00 d7 15 f2 41 02 6a c0 a6 f0 02 6a c0 a5 f0 02 6a c0 a4 f0 02 15 fa 15 91 fd 9c 6b 09 06 10 40 10 81 53 02 75 f0 1d 08 48 06 f0 13 15 f2 40 02 fd 9c 5a 6a c0 a1 f0 02 6a c0 a2 f0 02 6a c0 a3 d4 1d d8 18 02 ea f0 00 d7 15 f2 41 02 6a c0 a2 f0 02 6a c0 a1 f0 02 6a c0 a0 f0 02 15 fa 15 93 fd 9c 6b 07 09 f0 09 10 41 10 83 57 06 75 f0 13 08 48 06 f0 13 15 f2 40 02 fd 9c 5a 6a c0 ad f0 02 6a c0 ae f0 02 6a c0 af d4 27 d8 1b 02 ea f0 00 d7 15 f2 41 02 6a c0 ae f0 02 6a c0 ad f0 02 6a c0 ac f0 02 f0 2c 15 83 07 09 71 d2 ff e9 9b f0 0e 60 e2 aa 60 d2 36 ea fd 40 34 00 94 00 05 f0 00 08 43 80 15 85 06 10 43 51 02 f0 1d 14 07 07 75 f0 09 7f 32 00 16 07 07 75 f0 09 7f 32 00 17 87 07 75 f0 09 7f 32 00 d2 75 f5 fe 15 fa 16 fa f0 09 15 0f fd 9c 6b 09 10 40 10 81 73 f0 18 75 08 48 06 16 8f 09 07 10 40 10 81 67 08 55 03 f0 0e 08 48 06 f0 13 15 f2 40 02 16 f2 40 02 fd 9c 5a 6a c0 a5 6a c0 ad f0 02 6a c0 a6 6a c0 ae f0 02 6a c0 a7 6a c0 af d4 4f d8 19 00 ee d8 1b 00 ee f0 00 d7 15 f2 41 02 16 f2 41 02 6a c0 a6 6a c0 ae f0 02 6a c0 a5 6a c0 ad f0 02 6a c0 a4 6a c0 ac f0 02 15 fa 16 fa 15 10 fd 9c 6b 09 07 10 40 10 81 53 02 f0 0e 08 48 06 16 8d 09 07 10 40 10 81 53 02 f0 0e 08 48 06 f0 13 15 f2 40 02 16 f2 40 02 fd 9c 5a 6a c0 a1 6a c0 a9 f0 02 6a c0 a2 6a c0 aa f0 02 6a c0 a3 6a c0 ab d4 3b d8 18 00 ee d8 1a 00 ee f0 00 d7 15 f2 41 02 16 f2 41 02 6a c0 a2 6a c0 aa f0 02 6a c0 a1 6a c0 a9 f0 02 6a c0 a0 6a c0 a8 f0 02 15 fa 16 fa 15 16 fd 9c 6b 09 07 10 45 10 80 53 01 7f 75 00 53 01 75 f0 13 08 48 06 16 8e 09 07 10 40 10 81 57 04 75 f0 13 08 48 06 f0 13 15 f2 40 02 16 f2 40 02 fd 9c 5a 6a c0 a5 6a c0 a9 f0 02 6a c0 a6 6a c0 aa f0 02 6a c0 a7 6a c0 ab d4 27 d8 19 00 ee d8 1a 00 ee f0 00 d7 15 f2 41 02 16 f2 41 02 6a c0 a6 6a c0 aa f0 02 6a c0 a5 6a c0 a9 f0 02 6a c0 a4 6a c0 a8 f0 02 15 fa 16 fa f0 0e 16 20 fd 9c 6b 09 07 10 40 10 81 63 08 f0 04 06 7f 40 00 57 01 f0 13 07 57 01 67 08 75 f0 0e 08 48 06 15 9d 09 07 10 40 10 81 67 08 f0 04 06 7f 40 00 53 01 f0 13 07 53 01 63 08 75 f0 0e 08 48 06 f0 13 fd 9c 6b 15 8d 09 10 40 10 81 57 02 75 f0 0e 08 48 06 f0 13 15 f2 40 02 16 f2 40 02 fd 9c 5a 6a c0 a5 6a c0 ad f0 02 6a c0 a6 6a c0 ae f0 02 6a c0 a7 6a c0 af d4 18 d8 19 00 ee d8 1b 00 ee f0 00 d7 15 f2 41 02 16 f2 41 02 6a c0 a6 6a c0 ae f0 02 6a c0 a5 6a c0 ad f0 02 6a c0 a4 6a c0 ac f0 02 15 fa 16 fa 15 05 09 07 f0 04 75 16 95 09 f0 1d 07 10 40 10 81 73 f0 0e 7f 35 00 f0 0e 7f 35 00 f0 0e fd 9c 6b 15 90 f0 09 09 07 77 f0 13 10 40 10 81 57 02 f0 1d 75 15 06 75 f0 09 08 48 06 16 86 75 f0 09 08 48 06 f0 13 15 f2 40 02 16 f2 40 02 fd 9c 5a 6a c0 a9 6a c0 ad f0 02 6a c0 aa 6a c0 ae f0 02 6a c0 ab 6a c0 af d4 0e d8 1a 00 ee d8 1b 00 ee f0 00 d7 15 f2 41 02 16 f2 41 02 6a c0 aa 6a c0 ae f0 02 6a c0 a9 6a c0 ad f0 02 6a c0 a8 6a c0 ac f0 02 15 fa 16 fa 15 13 fd 9c 6b 09 07 10 40 10 81 53 02 f0 09 75 f0 09 08 48 06 16 90 09 07 10 40 10 81 53 02 f0 09 75 f0 09 08 48 06 f0 13 15 f2 40 02 16 f2 40 02 fd 9c 5a 6a c0 a5 6a c0 a9 f0 02 6a c0 a6 6a c0 aa f0 02 6a c0 a7 6a c0 ab d4 0e d8 19 00 ee d8 1a 00 ee f0 00 d7 15 f2 41 02 16 f2 41 02 6a c0 a6 6a c0 aa f0 02 6a c0 a5 6a c0 a9 f0 02 6a c0 a4 6a c0 a8 f0 02 15 fa 16 fa 15 13 fd 9c 6b 09 07 10 40 10 81 53 02 f0 09 75 f0 09 08 48 06 16 90 09 07 10 40 10 81 53 02 f0 09 75 f0 09 08 48 06 f0 13 15 f2 40 02 16 f2 40 02 fd 9c 5a 6a c0 a1 6a c0 a5 f0 02 6a c0 a2 6a c0 a6 f0 02 6a c0 a3 6a c0 a7 d4 1d d8 18 00 ee d8 19 00 ee f0 00 d7 15 f2 41 02 16 f2 41 02 6a c0 a2 6a c0 a6 f0 02 6a c0 a1 6a c0 a5 f0 02 6a c0 a0 6a c0 a4 f0 02 15 fa 16 fa 15 09 f0 0e 09 07 10 40 10 81 71 16 89 f0 0e 09 07 10 40 10 81 71 f0 1d d2 fd ed 9b f0 0e 60 e3 aa 60 d2 31 ee fd 40 34 00 94 00 05 f0 00 08 43 80 15 05 06 10 43 51 02 16 85 06 10 43 51 02 f0 1d 14 07 07 75 f0 09 7f 32 00 17 87 07 75 f0 09 7f 32 00 d2 75 f5 15 fa 16 fa 17 fa f0 09 15 04 fd 9c 6b 75 16 01 75 17 90 09 07 10 40 10 81 55 04 57 02 67 08 55 01 f0 0e 15 05 f0 13 08 48 06 16 05 f0 13 08 48 06 17 85 f0 13 08 48 06 f0 13 15 f2 40 02 16 f2 40 02 17 f2 40 02 fd 9c 5a 6a c0 a1 6a c0 a5 6a c0 a9 f0 02 6a c0 a2 6a c0 a6 6a c0 aa f0 02 6a c0 a3 6a c0 a7 6a c0 ab d4 31 d8 18 40 f2 d8 19 40 f2 d8 1a 40 f2 f0 00 d7 15 f2 41 02 16 f2 41 02 17 f2 41 02 6a c0 a2 6a c0 a6 6a c0 aa f0 02 6a c0 a1 6a c0 a5 6a c0 a9 f0 02 6a c0 a0 6a c0 a4 6a c0 a8 f0 02 15 fa 16 fa 17 fa 15 11 fd 9c 6b 09 07 10 40 10 81 57 02 75 f0 13 08 48 06 16 0e 09 07 10 40 10 81 57 02 75 f0 13 08 48 06 17 8e 09 07 10 40 10 81 57 02 75 f0 13 08 48 06 f0 13 15 f2 40 02 16 f2 40 02 17 f2 40 02 fd 9c 5a 6a c0 ad 6a c0 a5 6a c0 a9 f0 02 6a c0 ae 6a c0 a6 6a c0 aa f0 02 6a c0 af 6a c0 a7 6a c0 ab d4 27 d8 1b 40 f2 d8 19 40 f2 d8 1a 40 f2 f0 00 d7 15 f2 41 02 16 f2 41 02 17 f2 41 02 6a c0 ae 6a c0 a6 6a c0 aa f0 02 6a c0 ad 6a c0 a5 6a c0 a9 f0 02 6a c0 ac 6a c0 a4 6a c0 a8 f0 02 15 fa 16 fa 17 fa 15 0e fd 9c 6b 09 07 10 40 10 81 53 02 75 f0 13 16 03 09 07 75 17 83 09 07 75 15 03 08 48 06 16 03 08 48 06 17 83 08 48 06 f0 13 15 f2 40 02 16 f2 40 02 17 f2 40 02 fd 9c 5a 6a c0 ad 6a c0 a1 6a c0 a9 f0 02 6a c0 ae 6a c0 a2 6a c0 aa f0 02 6a c0 af 6a c0 a3 6a c0 ab d4 1d d8 1b 40 f2 d8 18 40 f2 d8 1a 40 f2 f0 00 d7 15 f2 41 02 16 f2 41 02 17 f2 41 02 6a c0 ae 6a c0 a2 6a c0 aa f0 02 6a c0 ad 6a c0 a1 6a c0 a9 f0 02 6a c0 ac 6a c0 a0 6a c0 a8 f0 02 15 fa 16 fa 17 fa 16 0e fd 9c 6b 09 07 10 40 10 81 53 02 75 f0 13 15 03 09 07 75 17 83 09 07 75 15 03 08 48 06 16 03 08 48 06 17 83 08 48 06 f0 13 15 f2 40 02 16 f2 40 02 17 f2 40 02 fd 9c 5a 6a c0 ad 6a c0 a1 6a c0 a5 f0 02 6a c0 ae 6a c0 a2 6a c0 a6 f0 02 6a c0 af 6a c0 a3 6a c0 a7 d4 1d d8 1b 40 f2 d8 18 40 f2 d8 19 40 f2 f0 00 d7 15 f2 41 02 16 f2 41 02 17 f2 41 02 6a c0 ae 6a c0 a2 6a c0 a6 f0 02 6a c0 ad 6a c0 a1 6a c0 a5 f0 02 6a c0 ac 6a c0 a0 6a c0 a4 f0 02 15 fa 16 fa 17 fa 17 0e fd 9c 6b 09 07 10 40 10 81 53 02 75 f0 13 15 03 09 07 75 16 83 09 07 75 15 12 08 48 06 f0 1d 09 75 06 fd 9c 6b 57 02 f0 04 08 48 06 16 0f 08 48 06 f0 1d 09 75 06 57 02 f0 04 08 48 06 17 8f 08 48 06 f0 1d 09 75 06 57 02 f0 04 08 48 06 f0 13 17 f2 40 02 fd 9c 5a 6a c0 ad f0 02 6a c0 ae f0 02 6a c0 af d4 09 d8 1b 40 f2 f0 00 d7 16 f2 40 02 fd 9c 5a 6a c0 a9 f0 02 6a c0 aa f0 02 6a c0 ab d4 09 d8 1b 40 f2 d8 1a 40 f2 f0 00 d7 15 f2 40 02 fd 9c 5a 6a c0 a5 f0 02 6a c0 a6 f0 02 6a c0 a7 d4 1d d8 1b 40 f2 d8 19 40 f2 d8 1a 40 f2 f0 00 d7 15 f2 41 02 16 f2 41 02 17 f2 41 02 6a c0 ae 6a c0 a6 6a c0 aa f0 02 6a c0 ad 6a c0 a5 6a c0 a9 f0 02 6a c0 ac 6a c0 a4 6a c0 a8 f0 02 15 fa 16 fa 17 fa 15 1b fd 9c 6b 09 f0 27 07 10 41 10 83 51 02 57 04 55 01 53 04 55 01 75 f0 1d 08 48 06 16 1c 09 f0 27 07 10 41 10 83 53 04 57 04 51 01 57 01 55 01 06 57 01 75 07 f0 1d 08 48 06 17 97 09 f0 27 07 10 41 10 83 51 03 7f 70 00 53 06 55 03 75 f0 1d 08 48 06 f0 13 15 f2 40 02 16 f2 40 02 17 f2 40 02 fd 9c 5a 6a c0 ad 6a c0 a5 6a c0 a1 f0 02 6a c0 ae 6a c0 a6 6a c0 a2 f0 02 6a c0 af 6a c0 a7 6a c0 a3 d4 27 d8 1b 40 f2 d8 18 40 f2 d8 19 40 f2 f0 00 d7 34 00 d2 6f f2 94 fd 40 34 00 00 05 f0 00 08 43 80 15 05 06 10 43 51 02 16 05 06 10 43 51 02 17 85 06 10 43 51 02 f0 1d 14 87 07 75 f0 09 7f 32 00 d2 75 f5 94 34 00 15 fa 16 fa 17 fa 15 04 09 07 09 71 16 03 09 07 71 17 83 09 07 71 15 03 f0 09 77 16 03 f0 09 73 17 03 f0 09 77 14 96 09 75 10 40 10 81 63 08 55 02 65 0d f0 0e 08 40 0e f0 06 08 40 0f 91 20 6a c0 a9 f0 02 9c 5a 6a c0 aa f0 02 6a c0 ab f0 04 00 03 08 4a 90 14 90 f0 18 10 41 10 83 09 75 04 06 7f 70 00 51 03 04 15 01 71 16 01 71 17 81 71 17 0b 10 43 10 83 51 05 57 02 67 08 75 16 0b 10 43 10 83 51 03 63 08 51 02 75 15 89 10 43 10 83 51 05 57 02 75 f0 09 00 82 09 71 f0 13 15 05 7f 50 00 f0 13 16 05 7f 50 00 f0 13 17 85 7f 50 00 f0 13 f0 00 00 8e 0c 04 10 41 10 81 90 03 14 00 76 f0 4f 70 14 83 05 09 75 14 82 07 71 16 90 55 02 63 06 f0 1d 04 10 85 f0 18 05 f0 09 10 81 14 8a 10 c0 f0 1d 08 40 82 f0 1d 09 16 85 67 06 51 02 75 f0 00 14 87 f0 3b 10 83 08 40 8d 15 f2 43 02 16 f2 44 02 17 f2 42 02 f0 3b 00 8d 0c 04 10 40 10 81 90 03 10 00 67 08 71 f0 00 cb f0 00 fd b0 80 00 e2 80 00 9d f3 d2 8e f3 00 0c 7f 70 00 f0 3b 10 80 0b 04 fd 0f 02 19 0f 0c 04 f0 07 10 41 fd 02 fd 00 7e 40 00 51 03 0c 8e f0 07 10 41 9c 22 66 07 62 07 66 04 62 04 15 fa 16 fa 17 fa 14 09 09 75 f0 3b 7f 40 00 f0 1d 15 04 05 f0 1d 75 16 04 05 f0 1d 75 17 84 05 f0 1d 75 14 08 10 83 10 41 9c 18 55 03 19 8c 06 f0 0b 10 43 7f 20 00 9c 19 53 02 f0 13 9c 55 f0 2c 14 81 71 14 88 10 c3 51 03 61 08 53 06 f0 13 15 08 10 c3 55 01 65 08 53 03 16 08 10 c3 55 01 65 08 53 03 17 88 10 c3 55 01 65 08 53 03 f0 2c 9c 10 f0 13 14 87 10 83 10 40 63 0a 01 17 07 10 83 10 41 53 02 01 15 07 10 83 10 41 53 03 01 16 89 10 83 10 41 53 03 01 f0 2c 14 f9 15 f9 16 f9 17 f9 6b c0 81 a0 9d 00 f3 8b 01 a8 07 4e ac 0c 02 d1 f4 0e 9b 9b 9b 9b 9b 9b 9b 9b 9b 9b 9b 9b 9b 9b 9b 9b 9b 9b 9b 9b 9b 9b 9b 9b 9b 9b 9b 9b 9b 9b 9b 9b 9b 9b 9b 9b 9b 9b 9b 9b 9b 9b 9b 9b 9b 9b 9b 9b 9b 9b 9b 9b 9b f2 c0 b6 1b 85 00 75 82 05 1d fd 30 fe f0 1d 34 00 4a a1 00 0c dc 00 cf f4 fb 00 0c 0b 04 09 10 c0 92 03 17 00 61 08 77 14 09 10 c1 92 04 15 00 61 08 73 15 0b 07 09 10 c1 92 05 14 00 61 08 73 16 0b 07 09 10 c1 92 05 13 00 61 08 73 17 8b 07 09 10 c1 92 06 12 00 61 08 73 fd 30 6b c0 82 a0 9c 71 14 02 53 04 15 02 53 04 16 02 53 04 17 02 53 04 00 91 71 06 10 41 7f 60 00 55 02 fd 0f 02 13 01 10 40 07 14 03 53 01 01 15 03 53 02 01 16 03 53 03 01 17 83 53 04 01 14 f9 15 f9 16 f9 17 f9 f0 1d 34 ff 00 f3 8b 01 fd 5b fd 5c b0 05 cf 00 d0 d0 02 9b 9b 9b 9b 9b 9b 9b 9b 9b 9b 9b fe e4 13 02 00 c2 f4 f0 1d 00 81 09 9c 5a 6a c0 a0 6a c0 a4 6a c0 a8 6a c0 ac fd 42 34 ef 14 09 07 09 10 c3 90 05 13 00 73 15 09 07 09 10 c3 90 03 14 00 77 16 09 07 09 10 c3 90 04 16 00 77 17 89 07 09 10 c3 90 05 18 00 77 f0 13 e4 13 01 00 d3 f5 b2 13 d2 bd e6 9b 9b 9b 9b 9b 9b 9b 9b b2 13 d2 bd e6 fd 46 6a 05 fe fd 31 0c 06 10 43 90 00 02 00 00 8d fd 0f 03 0c 04 92 04 1a 00 67 01 75 03 72 82 0d 04 10 46 50 01 0e 04 10 46 54 01 00 85 06 10 46 50 01 f0 31 00 94 02 7f 6c 00 f0 27 07 10 81 10 40 51 01 10 41 51 06 01 f0 13 77 46 4b c3 00 fe 6a b7 a1 14 0d 10 80 52 01 62 02 60 07 61 06 08 48 00 16 05 62 0c 08 40 00 17 09 62 02 67 01 60 09 08 40 01 18 09 67 12 66 02 60 01 08 40 00 19 09 67 0e 60 01 65 02 08 40 02 15 8c 92 01 2e 00 63 07 65 08 08 40 02 01 00 f9 70 15 b9 13 03 08 40 02 00 04 10 45 10 81 67 53 10 80 67 01 f0 00 67 01 f0 01 67 01 f0 02 67 01 f0 03 10 85 67 01 f0 05 67 01 f0 09 67 01 08 48 05 f0 3b 04 02 10 81 08 40 01 f0 36 0c a8 10 46 66 01 10 45 66 02 10 40 66 03 10 41 66 04 10 42 56 0b f0 01 10 41 62 0c 66 0c 62 0a 66 0a 62 09 66 09 62 08 66 08 f0 59 14 f2 45 02 60 0a 2a 62 fd 60 14 fa f0 00 14 ff 14 f2 45 02 fd 60 14 fa f0 00 14 ff 14 f2 46 02 fd 60 14 fa f0 00 14 ff 14 f2 46 02 fd 60 14 fa f0 00 14 ff 14 f2 46 02 fd 60 14 fa f0 00 14 ff 14 f2 46 02 fd 60 14 fa f0 00 14 ff 14 85 08 48 00 f0 22 14 f2 45 02 65 64 14 fa f0 00 14 ff f0 1d 14 f2 47 02 f0 3b 9e 00 00 9c 5b 9e 07 64 0c b2 10 43 d4 22 62 01 66 01 d7 d4 0e 62 02 66 02 d7 d4 09 62 03 66 03 d7 d4 07 62 04 66 04 d7 10 44 52 0b 10 43 d4 07 62 05 66 05 d7 d4 07 62 06 66 06 d7 0c 07 d4 59 62 07 66 07 d7 17 0d 10 46 62 06 10 45 62 0c 10 40 62 50 01 19 0f f0 0e 10 46 62 06 10 45 62 0c 10 40 62 50 01 18 0f f0 1d 10 46 62 06 10 45 62 0c 10 40 62 50 01 15 26 f0 04 08 48 07 fd 01 d4 08 7e 50 00 10 42 53 03 f0 00 fd 3d 14 ec f7 7e 30 00 10 41 51 01 f0 00 fd 3d 14 fa f7 d7 77 c8 9e 05 00 f0 3b a5 28 a1 43 a1 83 a0 99 68 0f 80 04 10 00 fe fd 46 6e 05 fe 15 04 10 43 63 02 16 84 10 43 66 04 8a 6f 21 91 0e d8 9a 26 f8 d8 99 16 f8 71 fe 14 8e 82 02 0b 00 10 43 63 05 75 10 85 10 40 04 71 fe a0 92 a0 98 a0 99 a0 9a a0 9b a1 28 a1 29 a1 2a a1 2b a1 43 a1 69 a1 6a a1 83 a4 b6 a4 b7 36 85 36 00 36 80 9b 9b 9b 9b 36 05 50 60 50 60 50 60 00 0a 92 0d 0d 00 64 0b fd 03 01 fe 9b 94 15 fa da 4d 6f f8 d2 05 f9 a1 82 a1 87 d2 05 f9 fe 94 94 94 94 94 94 94 94 94 94 94 94 94 94 94 94 94 94 94 94 94 94 94 94 94 94 94 94 94 94 94 94 94 94 94 94 94 94 94 94 94 94 94 94 94 94 94 94 94 94 94 94 94 94 94 94 94 94 94 94 94 94 94 94 94 94 94 94 94 94 94 94 94 94 94 94 94 94 94 94 94 94 94 94 94 94 94 94 94 94 94 94 94 94 94 94 94 94 94 94 94 94 94 94 94 94 94 94 94 94 94 94 94 94 94 94 94 94 94 94 94 94 94 94 94 94 94 94 94 94 94 94 94 94 94 94 94 94 94 94 94 94 68 bd 00 03 0d 00 8a 6f 21 94 00 90 fd 03 92 03 09 03 63 06 6a 02 71 08 40 86 fd 01 14 83 07 01 77 00 f2 5f 00 fd 31 15 82 63 02 71 a0 b4 d2 6b f9 9b 9b 9b 9b 9b 9b 9b 9b 9b 9b 9b 9b 9b 9b 9b 9b 9b 9b 9b 9b 9b 9b 9b 9b 9b 9b 9b 9b 9b 9b 9b 9b 9b 9b 9b 9b 9b 9b 9b 9b 9b 9b 9b 9b 9b 9b 9b 9b 9b 9b 9b 9b 9b 91 0e f0 00 cb f0 00 fd b0 80 00 e2 80 00 7e f9 d2 6f f9 00 fa 00 a0 09 07 02 71 fd 00 10 41 7f 45 00 fd 02 51 02 f0 22 9c 38 10 83 f0 00 08 40 88 f0 1d 9b 09 10 c0 f0 1d f2 8c 29 fe e4 f8 c8 00 b9 f9 fd 59 fd 53 bb 05 b0 f8 c8 00 fe ba 05 fd 52 fe 9b 9b 9b 9b 9b 9b 9b 9b 9b 9b 9b 9b 9b 9b 9b fe f0 22 fd 60 15 85 07 73 7f 30 00 fd 60 65 64 15 ff f0 00 15 f2 92 00 a0 98 a1 28 a1 69 fe 60 ca aa d5 fe dc 99 fa f9 d8 9a fa f9 fe fd 40 a0 4d 00 90 92 05 0f 00 77 f0 04 76 7e 23 00 f0 09 fd 9e 05 7f ae 09 00 93 81 13 00 93 95 04 00 15 f9 00 90 f0 0e 10 40 10 81 65 20 08 42 88 7f 78 00 65 20 15 f8 f0 04 8f 16 00 03 9c 36 fd 5b fd 5c f0 6d 7f 00 00 00 93 82 6a bd a0 9c 0f f0 1d 9c 0f f0 0e 00 87 67 10 10 80 08 40 0d 8f 16 23 03 f0 1d 9c 0f f0 09 9c 0f f0 3b 00 8b 9c 1e 10 83 08 40 0e f0 0e 10 80 95 06 64 cb f0 00 fd b0 80 00 e2 80 00 87 fa d2 78 fa 6a bd 20 8f 00 99 05 00 8a 09 10 80 7f 78 00 62 20 10 c0 f0 00 9c 3a a4 4d fe d8 9b e4 fa d8 9a e8 fa dc 98 e4 fa d8 97 e4 fa 15 fa 15 83 7f 60 00 60 c5 aa d5 15 08 10 c3 80 06 20 10 80 73 00 8d 10 c3 80 07 26 10 c1 55 01 10 c0 55 01 60 c6 aa d5 15 ff f0 00 15 f2 92 00 a0 97 fe 4b c8 00 fe 00 27 f0 04 10 41 10 81 71 08 43 80 9c 0a 7e 60 00 55 04 07 f0 13 09 10 c0 71 f0 1d 10 83 9c 38 08 40 88 f0 1d 9b 09 10 c0 15 19 05 13 03 10 41 10 81 f0 0e 82 0b 32 63 08 75 00 55 03 f0 3b 7e 40 00 f0 09 0c 8c f0 09 10 41 64 05 60 05 64 05 60 05 f0 0e ac 01 00 56 00 60 cd aa d0 a8 07 60 ac c0 0a d1 f3 0e f0 0e 60 ce aa d0 66 79 fb 60 be 0a d5 65 cb f0 00 fd b0 10 00 e2 10 00 6b fb d2 5c fb 64 fd 4c 01 71 f0 1d 60 7e ab d0 d2 7d fb 60 7d ab d0 f0 27 15 82 07 73 f0 31 60 7f ab d0 f0 1d 17 9f 82 0b 32 63 08 75 00 10 45 10 81 65 1b f0 1d fd 9e 1e 7f 30 00 f0 0e fd 9e 1e 7f 30 00 f0 0e 15 0c 07 71 f0 18 7f 60 00 f0 13 75 f0 09 17 89 f0 27 06 10 42 10 83 61 12 60 80 ab d0 66 e4 fb 60 81 ab d0 f0 0e 4a cd 00 09 17 f9 71 f0 13 60 83 ab d0 f0 09 d2 0c fc f0 13 15 87 07 71 f0 13 7f 50 00 60 82 ab d0 f0 1d 17 89 07 10 45 10 80 07 61 0a 01 f0 1d 15 82 07 75 f0 1d 60 85 ab d0 15 83 f0 2c 73 f0 31 60 7f ab d0 f0 0e 15 84 75 7f 50 00 60 84 ab d0 a8 07 60 ac c1 0a d1 f3 0e 50 60 50 60 f0 0e 15 8a 71 f0 13 10 41 10 81 51 03 01 15 f9 a0 9b a1 2b a1 2a a1 6a fe 14 81 05 f0 1d 60 cb aa d5 f0 1d 14 f2 92 00 00 d6 0c f0 10 43 10 83 90 03 12 00 71 f0 09 10 40 7f 50 00 51 01 61 04 f0 09 77 f0 0e 10 40 10 83 fd 03 57 02 67 05 f0 09 08 4a 17 f0 04 08 4a 18 f0 13 08 43 89 f0 13 09 77 06 7f 60 00 10 41 53 02 0b f0 fd 02 07 10 c0 f0 1d 75 f0 1d 10 80 08 43 04 f0 45 09 10 80 f0 1d 14 86 7f 50 00 f0 0e 05 60 cc aa d5 14 8d 02 10 41 10 83 51 02 53 03 fd 9e 10 01 14 f9 a0 9a fe d8 10 dd fc 9c 10 6a 10 a1 a0 10 fe dc 10 e9 fc 9c 10 6a 10 a0 a4 10 fe a1 29 dc 10 f3 fc 6a 10 a1 14 04 fd 0f 03 fe 15 83 13 01 fe dc 92 13 fd d8 99 14 fd 91 0e 16 f9 d8 27 2e fd d8 98 20 fd 71 fe 91 0e 16 f9 15 f9 d8 27 2e fd 71 fe 15 ff f0 00 15 f2 92 00 d8 27 2e fd 71 fe d1 51 00 fe 00 85 92 0c 22 02 fe d0 01 06 fe 9b 9b 9b f2 cb ac f2 cb ae f2 cb b0 f2 cb b2 f2 cb b4 f2 cb b6 f2 cc ac f2 cc ae f2 cc b0 f2 cc b2 f2 cc b4 f2 cc ba 4b c9 00 fe dc 96 2c ff a1 6b f3 cc aa f2 cb ac f2 cb ae f2 cb b0 f2 cb b2 f2 cb b4 f2 cb b6 f2 cc ac f2 cc ae f2 cc b0 f2 cc b2 f2 cc b4 f2 cc ba 4b c9 00 fe 1b fd 1b fa 1c fa 4a 04 00 09 d8 01 ae fd d8 00 1e fe d2 d5 fd 1b f3 0f 00 1c f3 0f 00 1b 07 21 92 0d 1c 0c 71 fe 1c 07 21 92 0d 1c 0e 71 fe 00 86 92 0e 1c 06 72 fe 40 98 25 71 fe 30 1b 10 fd 02 21 fd 0f 03 13 01 92 0e 1c 06 73 10 80 04 00 85 92 0d 1d 06 77 1c f9 f2 cc 38 71 f0 0e a8 07 73 ac 0c 02 d1 f4 0e f0 0e 1b 8a 10 c2 51 03 7f 70 00 51 0b 01 1b f9 f2 cc 36 f2 cd b2 a0 95 31 9b 9b 9b 9b fe fb fe 1b 04 fd 0f 03 fe 1c 86 fd 0f 03 13 02 fe dc 94 3c fe d8 95 3c fe d8 96 3c fe 71 fe 1b f9 1c f9 71 fe 4a 04 00 21 a1 e5 a1 e6 a1 e7 d1 18 00 71 fe f8 cc 2c 5f fe d8 26 5f fe 16 f2 19 02 fe fe f8 cc 2e 6e fe d8 25 6e fe 17 f2 1a 02 fe fe 14 84 fd 0f 03 fe d8 94 84 fe d8 95 84 fe d8 96 84 fe d0 0f 00 1c f9 1d f9 d0 0f 00 1c fd 1d fd 30 15 fb 4a 06 00 09 d8 01 d0 fe d8 00 de fe f2 cb 3a 1d f9 1c 06 92 0a 16 00 71 04 00 85 92 0a 17 00 75 a0 94 71 a8 07 63 ac 0c 02 d1 f4 0e 1c 89 10 c2 57 04 55 03 57 04 01 1c f9 f2 cb 38 31 fe 1c fc 1d fc 1c f4 02 00 1d f4 02 00 71 fe fb fe 9b 9b 9b 9b 9b 9b 9b 9b 9b 9b 9b fe f8 cc 32 fa fe d8 24 fa fe 19 f2 1c 02 fe fe f8 cc b0 09 ff b0 0b 1b 09 fd 40 d1 01 06 fe f8 cc 34 18 ff d8 23 18 ff 1a f2 1d 02 fe fe 1b f2 33 02 1c f3 33 02 1b f2 17 02 1c f2 17 02 1b fc fe ff ff ff ff ff ff ff ff ff ff ff ff ff ff ff ff ff ff ff ff ff ff ff ff ff ff ff ff ff ff ff ff ff ff ff ff ff ff ff ff ff ff ff ff ff ff ff ff ff ff ff ff ff ff ff ff ff ff ff ff ff ff ff ff ff ff ff ff ff ff ff ff ff ff ff ff ff ff ff ff ff ff ff ff ff ff ff ff ff ff ff ff ff ff ff ff ff ff ff ff ff ff ff ff ff ff ff ff ff ff ff ff ff ff ff ff ff ff ff ff ff ff ff ff ff ff ff ff ff ff ff ff ff ff ff ff ff ff ff ff ff ff ff ff ff ff ff ff ff ff ff ff ff ff ff ff ff ff ff ff ff ff ff ff ff ff ff ff ff ff ff ff ff ff ff ff ff ff ff ff ff ff ff ff ff ff ff ff ff ff ff ff ff ff ff ff ff ff ff ff ff ff ff ff ff ff ff ff ff ff ff 
00 0c 3c 0e b4 0e c7 0e ff 0e 08 0f 25 0f 34 0f 3f 0f 7b 0f a6 0f c7 0f cf 0f e1 0f f3 0f f6 0f f7 0f 28 10 2d 11 5e 11 f7 11 10 13 46 13 4d 13 54 13 5b 13 79 13 7e 13 cb 13 b1 14 2b 15 4a 15 76 15 84 15 cc 15 40 16 bc 18 c9 18 0e 19 36 19 4b 19 60 19 77 19 94 19 a8 19 c7 19 da 19 f5 19 4c 1a cc 1a c7 1b f7 1b f7 1b f7 1b 05 1c 28 1c 7b 1c 7b 1c 7b 1c 7b 1c 7b 1c 7b 1c 7b 1c 7b 1c 7b 1c 7b 1c 8f 1c 8f 1c 8f 1c 8f 1c 8f 1c 8f 1c 8f 1c 8f 1c 8f 1c 8f 1c 8f 1c c6 1c c6 1c d8 1c dd 1c e3 1c e8 1c 1a 1f 8d 1f 92 1f 97 1f cc 1f d1 1f e6 1f eb 1f 35 20 6a 20 88 20 ad 20 b2 20 b7 20 d1 20 2a 21 38 21 46 21 c2 23 d0 23 09 24 17 24 a9 24 b0 24 be 24 13 25 55 25 c5 25 d3 25 14 26 4d 26 e6 27 34 2a 90 2a 8f 2c 8f 2c 8f 2c 8f 2c 8f 2c 8f 2c 8f 2c 8f 2c 8f 2c 8f 2c 8f 2c 8f 2c 8f 2c b2 2c b2 2c b2 2c b2 2c b2 2c cc 2c e5 2c 1e 2d 37 2d 67 2d be 2d e4 2d 0c 2e 1c 2e 39 2e 56 2e 62 2e a8 2e d5 2e e7 2e a0 2f fa 2f 54 30 d6 30 ef 30 fe 30 05 31 c3 31 12 32 a2 32 ce 32 fe 32 2e 33 13 34 2f 34 76 34 ad 34 b3 35 ba 35 c3 35 0c 36 4e 36 01 38 e0 38 bd 39 ca 3a ea 3a 41 3b 7c 3b 0a 3c 0f 3c 12 3c 38 3c 4c 3c 61 3c ec 3c f8 3c 73 3d 7c 3d 8c 3d f9 3d 03 3e 0d 3e 17 3e 21 3e 2b 3e 35 3e ae 3e 24 3f 44 3f 76 3f ec 3f 0c 40 ea 40 30 41 d4 41 ea 41 8e 42 bf 42 c2 42 34 44 23 45 26 45 33 45 40 45 4b 45 60 45 75 45 ad 45 e0 45 00 46 15 46 2a 46 62 46 90 46 a5 46 ba 46 da 46 fa 46 0f 47 24 47 42 47 8b 47 e6 47 05 48 1c 48 44 48 5e 48 6f 48 6f 48 ae 49 af 49 10 4b 22 4b 34 4b 59 4b 5e 4b aa 4b 1f 4c 43 4c 6d 4c 98 4c c8 4c d9 4c dc 4c 05 4d 15 4d 31 4d 5e 4d 91 4e b1 4e bf 4e ca 4e ee 4e 15 4f 4b 4f 68 4f 74 4f b0 4f 2d 50 ba 50 db 50 f2 50 20 51 36 51 40 51 72 51 7d 51 90 51 b2 51 e6 51 25 53 65 53 a6 53 d4 53 dd 53 de 53 e4 53 08 54 3f 54 e9 54 1c 55 5f 55 81 55 b7 55 b5 56 d1 56 ff 56 15 57 59 58 5e 58 7d 58 da 58 e3 58 41 59 2a 5a 38 5a 46 5a 4b 5a 6d 5a 74 5a 08 5b 40 5b 66 5b 6f 5b 78 5b 7b 5b 27 5d 7a 5d d6 5d 04 5e 14 5e 26 5e 38 5e 4a 5e 5c 5e 96 5e a8 5e ba 5e d7 5e da 5e 04 5f 35 5f 3e 5f 41 5f 41 5f 4c 5f c1 5f d6 5f db 5f 0b 60 3b 60 57 60 62 60 6d 60 6d 60 6d 60 6d 60 95 60 bd 60 e5 60 0d 61 35 61 58 61 5e 61 6e 61 87 61 9e 61 a9 61 c7 61 12 62 1e 62 56 62 62 62 79 62 92 62 bc 62 c3 62 d5 62 14 63 49 63 4e 63 65 63 7c 63 a4 63 b6 63 be 63 ea 63 5f 64 68 64 7b 64 8e 64 a1 64 b4 64 f0 64 03 65 0b 65 0e 65 11 65 23 65 23 65 23 65 23 65 23 65 23 65 23 65 23 65 23 65 23 65 23 65 23 65 23 65 23 65 23 65 23 65 23 65 23 65 23 65 23 65 23 65 23 65 23 65 23 65 23 65 23 65 23 65 23 65 23 65 23 65 23 65 23 65 23 65 23 65 23 65 23 65 23 65 23 65 23 65 23 65 23 65 23 65 23 65 23 65 23 65 23 65 23 65 23 65 23 65 23 65 23 65 23 65 23 65 23 65 23 65 23 65 23 65 23 65 23 65 23 65 23 65 23 65 23 65 23 65 23 65 23 65 23 65 23 65 23 65 23 65 23 65 23 65 23 65 23 65 23 65 23 65 23 65 23 65 23 65 23 65 23 65 23 65 23 65 23 65 23 65 23 65 23 65 23 65 23 65 23 65 23 65 23 65 23 65 23 65 23 65 23 65 23 65 23 65 23 65 23 65 23 65 23 65 23 65 23 65 23 65 23 65 23 65 23 65 23 65 23 65 23 65 23 65 23 65 23 65 23 65 23 65 23 65 23 65 23 65 23 65 23 65 23 65 23 65 24 65 54 65 6f 65 e4 65 64 66 1e 67 26 67 2e 67 3c 67 4d 67 62 67 92 67 31 6a 4e 6a ca 6a ec 6a 70 6b cc 6b 28 6c df 6c e2 6d 4c 6f 51 6f 6e 6f 6e 6f 79 6f 9f 6f 5f 70 86 70 86 70 86 70 b0 70 eb 70 00 71 a7 72 a3 73 a8 73 bd 73 da 73 e8 73 e8 73 f1 73 f6 73 24 74 29 74 35 74 35 74 35 74 35 74 57 74 6a 74 7d 74 90 74 36 75 36 75 36 75 36 75 36 75 36 75 36 75 36 75 83 75 24 76 24 76 24 76 8f 76 d8 76 be 79 cc 79 da 79 e8 79 04 7a 1c 7a 60 7a dc 7a ed 7a fe 7a 0f 7b 20 7b 37 7b 46 7b 55 7b 64 7b f5 7b 0a 7c 1b 7c 2d 7c 2d 7c 2d 7c 2d 7c 2d 7c 2d 7c 2d 7c 2d 7c 2d 7c 2d 7c 2d 7c 32 7c 76 7c 7b 7c b5 7c bc 7c fc 7c fc 7c fc 7c fc 7c fc 7c fc 7c fc 7c fc 7c fc 7c fc 7c fc 7c fe 7c 6c 7d dc 7d 4c 7e bc 7e be 7e 2e 7f 9e 7f 0e 80 7e 80 80 80 ee 80 61 81 d1 81 51 82 53 82 c3 82 33 83 a3 83 13 84 15 84 85 84 f5 84 65 85 d5 85 d7 85 4c 86 bc 86 2f 87 9f 87 9f 87 9f 87 9f 87 9f 87 9f 87 9f 87 9f 87 9f 87 9f 87 9f 87 9f 87 9f 87 9f 87 9f 87 9f 87 9f 87 9f 87 9f 87 c3 87 ee 88 33 89 33 89 33 89 33 89 33 89 33 89 33 89 33 89 33 89 33 89 33 89 33 89 33 89 33 89 82 89 35 8a 35 8a 35 8a 6f 8a 7f 8a 8f 8a a2 8a ae 8a b7 8a f0 8a f0 8a f0 8a f0 8a f0 8a f0 8a 02 8b 14 8b 26 8b 38 8b 4a 8b 5c 8b 6e 8b 6e 8b 6e 8b 6e 8b 6e 8b 6e 8b 6e 8b 6e 8b 6e 8b 6e 8b 6e 8b 6e 8b 6e 8b 6e 8b 6e 8b 6e 8b 6e 8b 6e 8b 6e 8b 6e 8b 6e 8b 6e 8b 6e 8b 6e 8b 6e 8b 6e 8b c4 8c c4 8c c4 8c c4 8c c4 8c 16 8e 3c 8f 3c 8f 3c 8f 3c 8f 3c 8f 3c 8f 3c 8f 3c 8f 3c 8f 3c 8f f7 8f ff 90 65 91 a5 91 0a 92 0f 92 14 92 45 93 45 93 45 93 45 93 45 93 45 93 45 93 45 93 45 93 46 93 ca 94 f7 94 21 95 7d 95 c7 95 d5 95 ee 95 23 97 3c 97 4d 97 d9 97 ec 98 4f 99 5e 99 6d 99 7c 99 8b 99 9a 99 a9 99 b8 99 c7 99 d6 99 e5 99 f4 99 03 9a 12 9a 21 9a 30 9a 3f 9a 44 9a 97 9a 13 9b 83 9b 94 9b a8 9b d3 9b dd 9b 4e 9d 5d 9d ad 9d b7 9d fc 9d 80 9e b3 9e c2 9e fb 9e 68 9f 7a 9f a8 9f db 9f 70 a0 0c a2 75 a2 9a a2 54 a3 25 a4 6a a4 dc a7 22 a8 a4 a8 71 a9 4c aa 4c aa 4c aa 4f aa 52 aa 55 aa 58 aa 5f aa 66 aa 6d aa 71 aa 72 aa 84 aa d2 aa e7 aa fc aa 11 ab 26 ab 43 ab 8d ab 90 ab b1 ab 02 ac 05 ac 0d ac 4a ac e5 af 14 b0 4f b0 8a b0 8e b0 98 b0 a2 b0 6f b2 e7 b2 0f b3 10 b4 78 b4 d9 b4 3a b5 58 b6 ea b6 ff b6 33 b8 3e b8 43 b8 48 b8 4d b8 54 b8 5b b8 1e b9 41 b9 d5 ba 74 bb f2 bb 6f bc b1 bc fe bc 28 bd 3f be 53 be 08 bf 44 bf d2 bf 30 c0 b5 c0 fb c0 51 c1 a0 c1 ef c1 f6 c1 fc c1 10 c2 17 c2 2b c2 3b c2 42 c2 56 c2 6a c2 a2 c2 aa c2 b5 c2 95 c8 aa c8 bd c8 d0 c8 e5 c8 f8 c8 0b c9 20 c9 a4 c9 b2 c9 c0 c9 ce c9 dc c9 ea c9 f8 c9 06 ca 14 ca 1d ca c8 ca de ca f4 ca 1b cb 31 cb 47 cb 6e cb 84 cb 9a cb a8 cb 07 cc 7e cc 3e cd 68 cd 92 cd bc cd e6 cd 10 ce 27 ce 3e ce 55 ce 6c ce 83 ce c8 ce d2 ce dc ce e6 ce 51 cf 62 cf 7d cf 3a d0 96 d0 d8 d0 17 d1 94 d1 de d1 df d2 ff d2 1f d3 3f d3 5f d3 7f d3 9f d3 ae d3 ce d3 ee d3 0e d4 2e d4 4e d4 5d d4 7d d4 9d d4 bd d4 dd d4 fd d4 1d d5 2c d5 53 d5 96 d5 bd d5 25 d6 39 d6 4d d6 cc d6 e0 d6 64 d7 6d d7 76 d7 7f d7 88 d7 91 d7 9a d7 a3 d7 d7 d7 0b d8 64 d8 98 d8 dd d8 5a d9 8e d9 c2 d9 d4 d9 08 da 6f da 7c da 7d da 8b da a3 da b5 da e2 da 39 db 40 db 5a db 70 db 7e db f0 db 25 dc e2 dc f5 dc 06 dd 21 dd 3d dd 48 dd 4f dd 85 dd a4 dd af dd c0 dd f1 dd 06 de 18 de 1f de 26 de 31 de 6a de 7b de ac de ba de d2 de dd de 6e df 73 df 78 df 7d df 82 df 92 df d7 df dc df e1 df 09 e0 cd e0 d2 e0 11 e1 22 e1 4d e1 8a e1 96 e1 96 e2 df e2 e6 e2 a5 e3 9f e4 a6 e4 ad e4 b8 e4 de e4 e5 e4 ec e4 f3 e4 fa e4 f9 e5 32 e6 33 e8 5d e8 b3 e8 f8 e8 0e e9 1d e9 2a e9 37 e9 3c e9 06 ea 10 ea 1a ea 5d f1 d3 f1 e3 f1 0d f2 7b f3 9f f3 d6 f3 b5 f5 c0 f5 cb f5 e9 f5 41 f6 6a f7 84 f7 9c f7 9c f7 9c f7 a1 f7 b5 f7 b5 f7 b5 f7 b5 f7 b5 f7 b5 f7 b5 f7 b5 f7 c0 f7 cb f7 d6 f7 ee f7 15 f8 45 f8 45 f8 45 f8 45 f8 45 f8 45 f8 45 f8 45 f8 45 f8 45 f8 45 f8 14 fb 29 fb 3e fb 3e fb 3e fb 3e fb 3e fb 3e fb 3e fb 3e fb 3e fb 3e fb 3e fb 3e fb 3e fb 3e fb 3e fb 3e fb 3e fb 3e fb 3e fb 3e fb 3e fb 3e fb 3e fb 3e fb 3e fb 3e fb 3e fb 3e fb 3e fb 3e fb 3e fb 3e fb 3e fb 3e fb 3e fb 3e fb 3e fb 3e fb 3e fb 3e fb 3e fb 3e fb 3e fb 3e fb 3e fb 3e fb 3e fb 3e fb 3e fb 3e fb 3e fb 3e fb 3e fb 3e fb 3e fb 3e fb 3e fb 3e fb 3e fb 3e fb 3e fb 3e fb 3e fb 3e fb 3e fb 3e fb 3e fb 3e fb 3e fb 3e fb 3e fb 3e fb 3e fb 3e fb 3e fb 3e fb 3e fb 3e fb 3e fb 3e fb 3e fb 3e fb 3e fb 3e fb 3e fb 3e fb 3e fb 3e fb 3e fb 3e fb 3e fb 3e fb 3e fb 3e fb 3e fb 3e fb 3e fb 3e fb 3e fb 3e fb 3e fb 3e fb 3e fb 3e fb 3e fb 3e fb 3e fb 3e fb 3e fb 3e fb 3e fb 3e fb 3e fb 3e fb 3e fb 3e fb 3e fb 3e fb 3e fb 44 fb 53 fb 62 fb 83 fb a5 fb ca fb f2 fb fe fb 0e fc 47 fc 4a fc 50 fc 5d fc 99 fc ca fc a9 fe f2 fe f2 fe fb fe 04 ff 4e ff 79 ff 7c ff 7c ff 7c ff 7c ff 7c ff 7c ff 7c ff 7c ff 7c ff 7c ff 7c ff 7c ff 7c ff 7c ff 7c ff 7c ff 7c ff 7c ff 7c ff 7c ff 7c ff 7c ff 7c ff 7c ff 7c ff 7c ff 7c ff 7c ff 7c ff 7c ff 7c ff 7c ff 7c ff 7c ff 7c ff 7c ff 7c ff 7c ff 7c ff 7c ff 7c ff 7c ff 7c ff 7c ff 7c ff 7c ff 7c ff 7c ff 7c ff 7c ff 7c ff 7c ff 7c ff 7c ff 7c ff 7c ff 7c ff 7c ff 7c ff 7c ff 7c ff 7c ff 7c ff 7c ff 7c ff 7c ff 7c ff 7c ff 7c ff 7c ff 7c ff 7c ff 7c ff 7c ff 7c ff 7c ff 7c ff 7c ff 7c ff 7c ff 7c ff 7c ff 7c ff 7c ff 7c ff 7c ff 7c ff 7c ff 7c ff 7c ff 7c ff 7c ff 7c ff 7c ff 7c ff 7c ff 7c ff 7c ff 7c ff 7c ff 7c ff 7c ff 7c ff 7c ff 7c ff 7c ff 7c ff 7c ff 7c ff 7c ff 7c ff 7c ff 7c ff 7c ff 7c ff 7c ff 7c ff 7c ff 7c ff 7c ff 7c ff 7c ff 7c ff 7c ff 7c ff 7c ff 7c ff 7c ff 7c ff 7c ff 7c ff 7c ff 7c ff 7c ff 7c ff 7c ff 7c ff 7c ff 7c ff 7c ff 7c ff 7c ff 7c ff 7c ff 7c ff 7c ff 7c ff 7c ff 7c ff 7c ff 7c ff 7c ff 7c ff 7c ff 7c ff 7c ff 7c ff 7c ff 7c ff 7c ff 7c ff 7c ff 7c ff 7c ff 7c ff 7c ff 7c ff 7c ff 7c ff 7c ff 7c ff 7c ff 7c ff 7c ff 7c ff 7c ff 7c ff 7c ff 7c ff 7c ff 7c ff 7c ff 7c ff 7c ff 7c ff 7c ff 7c ff 7c ff 7c ff 7c ff 7c ff 7c ff 7c ff 7c ff 7c ff 7c ff 7c ff 7c ff 7c ff 7c ff 7c ff 7c ff 7c ff 7c ff 7c ff 7c ff 7c ff 7c ff 7c ff 7c ff 7c ff 7c ff 7c ff 7c ff 7c ff 7c ff 7c ff 7c ff 7c ff 7c ff 7c ff 7c ff 7c ff 7c ff 7c ff 7c ff 7c ff 7c ff 7c ff 7c ff 7c ff 7c ff 7c ff 7c ff 7c ff 7c ff 7c ff 7c ff 7c ff 7c ff 7c ff 7c ff 7c ff 7c ff 7c ff 7c ff 7c ff 7c ff 7c ff 7c ff 7c ff 7c ff 7c ff 7c ff 7c ff 7c ff 
fe 5b 5b 5b 5b 5b 5b 5b 5b 5b 5b 5b 5b 5b 5b 5b 60 03 a4 62 67 5d 0c 41 0c 60 00 a4 62 67 20 0d 29 0d 60 02 a4 62 67 a3 0c 9a 0c 60 01 a4 62 67 91 0c 35 0c fe 60 05 a4 62 67 bd 0c c4 0c d2 7d 0c 60 04 a4 62 67 b6 0c cb 0c 60 0a a4 62 67 16 0d ee 0c 60 06 a4 62 67 09 0d 10 0c fe a0 73 60 08 a4 62 67 8c 3d 34 44 60 09 a4 62 67 ae 3e 30 41 60 07 a4 62 67 73 3d 0c 40 a4 73 fe a2 34 a2 33 a4 71 9c 0d a0 6f a8 12 00 68 0e 80 07 39 00 fe 9c 0d 68 36 80 07 39 00 fe 9c 0d 68 45 80 09 6c 00 fe 9c 0d a0 bc a0 26 b0 18 10 27 b0 17 30 2a a1 d8 d0 70 06 9c 0d 52 fa 52 fa fe a6 34 a6 33 d2 81 0c a2 34 a6 33 d2 81 0c 60 0b 04 21 d1 05 06 d9 dd d7 0c fe ac 04 00 fd 64 9c 01 fd 4b f0 00 e2 00 00 dc 0c 64 fd 65 71 d2 cb 0c b0 1f 9a 01 ac 04 00 fd 64 9c 01 fd 4b f0 00 b3 1f e5 1f 00 00 f7 0c fd 65 71 fe 9c 0d a0 b3 a0 bc 68 54 81 14 11 00 fe 9c 0d ac 63 00 fd 57 fd 56 fe 9c 0d 68 8e 80 12 63 00 fe 9c 0d a2 50 a1 3e a1 3f a1 40 a1 7e 68 3f 81 06 65 00 fe ff ff ff ff ff ff ff ff ff ff ff ff ff ff ff ff ff ff ff ff ff ff ff ff ff ff ff ff ff ff ff ff ff ff ff ff ff ff ff ff ff ff ff ff ff ff ff ff ff ff ff ff ff ff ff ff ff ff ff ff ff ff ff ff ff ff ff ff ff ff ff ff ff ff ff ff ff ff ff ff ff ff ff ff ff ff ff ff ff ff ff ff ff ff ff ff ff ff ff ff ff ff ff ff ff ff ff ff ff ff ff ff ff ff ff ff ff ff ff ff ff ff ff ff ff ff ff ff ff ff ff ff ff ff ff ff ff ff ff ff ff ff ff ff ff ff ff ff ff ff ff ff ff ff ff ff ff ff ff ff ff ff ff ff ff ff ff ff ff ff ff ff ff ff ff ff ff ff ff ff ff ff ff ff ff ff ff ff ff ff ff ff ff ff ff ff ff ff ff ff ff ff ff ff ff ff ff ff ff ff ff ff ff ff ff ff ff ff ff ff ff ff ff ff ff ff ff ff ff ff ff ff ff ff ff ff ff ff ff ff ff ff ff ff ff ff ff ff ff ff ff ff ff ff ff ff de a8 41 0e fe a2 a8 fd 42 bc 0b 0c fd b6 0b f8 00 f3 0d 03 a8 0e 00 9c 1f d4 0f f0 00 cb e7 80 00 6e 0e d7 00 02 7b 01 aa 0e e0 0e 28 79 0e d2 53 0e 00 f3 34 03 a6 a8 a6 b6 fd 40 fe 00 f2 a5 00 00 84 07 7b 01 06 f0 05 fd 39 00 7d 0e 00 8f 02 07 10 40 08 42 07 f0 27 fd 9e 16 08 42 08 f0 00 cb e7 80 00 a6 0e d2 9b 0e 00 05 09 72 7f 6c 00 a6 a8 a6 b6 fd 40 fe a0 19 a4 1a 40 aa 66 0c 86 10 43 56 02 10 40 d0 51 0c fe 10 fd b4 08 b5 0e 30 1a fb 1b fb 34 ff 10 f2 d6 01 f0 06 fd 42 ac 01 00 fd 52 f0 0b 31 fd 40 b4 0e e3 17 00 f3 0e 18 f2 d4 01 a1 bd e3 18 00 fe 0e 19 f2 d4 01 a1 be fe dc 27 06 0f d0 51 00 70 fe a5 dc a5 dd f0 00 cb e6 f0 00 0c 0f e7 80 00 1f 0f e7 20 00 22 0f fe a1 dc fe a1 dd fe 30 cb e3 04 00 33 0f ca e3 04 00 33 0f fe ff 0c 06 10 41 52 02 10 40 fd 30 fe 30 b4 08 b5 09 c9 00 bb 06 00 f2 0d 03 f0 00 00 04 ae 07 70 06 f0 01 d8 18 4e 0f c9 00 e3 02 00 4e 0f 84 97 46 00 92 fd 9e 70 07 ac 02 00 d4 0f ae 70 00 68 01 01 f0 00 d7 77 1e fe c8 90 00 8e 10 c4 0c 04 0c f0 07 98 0b 04 0b f0 10 c0 84 97 00 72 28 84 07 46 00 8c 01 f0 1d 09 00 7f 6c 00 fd 9e 21 48 a0 26 fe 10 f8 d1 21 00 9c 0e 60 99 04 00 fd 50 d2 c6 0f 9b 0c 04 10 41 10 40 aa 28 b0 0e 28 00 45 07 36 fe 10 f8 d1 20 00 d2 b3 0f 10 88 fd 0d 01 fd f2 fd 9e 55 ac 01 00 fd 57 f0 00 fe a0 1c d9 df eb 0f 10 f2 ac 00 da a3 74 5a d1 30 07 fe a6 b5 fe fe dc 38 10 10 00 81 01 30 71 fd 31 00 f3 e2 01 00 f3 8b 01 fd 30 31 d2 11 10 70 a8 09 14 d4 07 11 02 0c 50 aa 09 d7 00 82 fd 17 a8 0b 1c 40 11 26 fe b0 13 23 00 b0 14 24 00 a4 22 a0 23 a0 24 f0 02 d8 1d 59 10 fd 39 17 59 10 e5 17 14 00 4a 10 a8 0f 00 b0 15 14 00 bc 13 16 a0 27 d3 7f 10 bc 16 13 f0 02 d8 1e 36 10 fd 39 1b 36 10 e5 17 18 00 6d 10 a8 0f 00 b0 15 18 00 bc 14 16 a4 27 d3 7f 10 bc 16 14 d2 36 10 a4 21 a4 25 a4 26 b6 00 10 c0 00 08 ed 90 10 a0 25 fd b0 ff 07 c0 00 04 ed 9c 10 a0 26 e6 01 00 a3 10 a0 21 dc 24 cd 10 dc 23 bc 10 ba 16 b0 16 22 00 b0 0b 00 20 b0 0c 00 2e d2 db 10 ba 16 b0 16 23 00 b0 0b 00 18 b0 0c 00 2b d2 db 10 ba 16 b0 16 24 00 b0 0b 00 12 b0 0c 00 27 a7 ba 16 a3 ba 15 b5 09 d4 03 b0 0d 00 01 11 8c 0c f0 99 10 40 d8 21 f7 10 84 a0 30 aa 09 d7 dc 27 14 11 e8 14 11 a4 1f a4 20 dc 25 0b 11 a0 1f dc 26 11 11 a0 20 d2 cf 11 ba 15 b5 09 d4 03 d8 21 25 11 11 f2 23 00 d2 29 11 11 f2 22 00 aa 09 d7 fe dc 38 46 11 00 81 01 30 71 fd 31 00 f3 e2 01 00 f3 8b 01 fd 30 31 d2 47 11 70 a8 09 14 d4 03 11 02 0c 50 aa 09 d7 00 82 fd 17 a8 0b 18 40 13 26 fe c8 14 bc 0b 13 bc 0c 14 f0 02 d8 1d 66 11 fd 39 17 66 11 e5 17 14 00 7a 11 a8 0f 00 a4 1f a4 20 a4 21 b6 00 10 c0 00 08 ed 8b 11 a0 1f fd b0 ff 07 c0 00 04 ed 97 11 a0 20 fd b0 ff 03 c0 00 02 ed a3 11 a0 21 fd b0 07 00 ae d6 03 f0 03 d7 bc 13 08 bc 14 09 b0 0a 00 01 ac 14 00 b5 09 d4 03 11 86 0c f0 be 99 10 40 aa 09 d7 d3 cf 11 d2 66 11 d8 21 e6 11 14 f2 20 00 15 f2 20 00 16 f2 20 00 17 f2 20 00 d2 f6 11 14 f2 21 00 15 f2 21 00 16 f2 21 00 17 f2 21 00 fe b0 07 18 00 e8 02 12 b0 07 19 00 d8 1d 0f 13 d8 1e 0f 13 34 ff b0 12 14 00 b4 08 b9 12 e7 04 00 20 12 a0 1d a4 1c d2 24 12 a0 1e a0 1c fd b0 04 00 b8 12 bb 17 b5 0a c9 12 b5 0e d4 03 12 fa aa 0a d7 42 69 12 3e 12 49 d8 00 67 12 a8 0f 00 ba 17 b5 0a d4 03 12 ff 12 f2 8c 02 aa 0a d7 00 05 f0 00 7e 00 00 71 d8 1c 64 12 a4 1d fe a4 1e fe fb fe b4 0e bb 06 00 09 70 0c f0 7f 90 00 48 0b f0 aa 0f e1 0f 0a b4 12 aa 0b 13 f7 13 f0 a3 fd 9e 5e fd 01 13 03 fd 0f 03 08 40 01 c9 00 ad 02 00 fd b0 04 00 fd b2 04 00 70 fd 03 7f a0 00 58 02 01 ab 0b 60 19 04 01 53 01 d2 e2 12 52 01 13 f7 13 f0 a7 fd 9e 0d fd 01 13 03 fd 0f 03 08 40 02 c9 00 ad 02 00 fd b0 04 00 fd b2 04 00 70 fd 03 20 04 25 00 08 b0 ff 48 01 21 f0 00 ba 17 b5 0a d4 03 12 06 10 41 6a 10 6b 10 aa 0a f0 02 d7 ab 0a 12 fe ba 17 b5 0a d4 03 12 fb aa 0a d7 d8 1c 0d 13 a4 1d fe a4 1e fe dc 38 27 13 00 81 01 30 71 fd 31 00 f3 e2 01 00 f3 8b 01 fd 30 31 fe dd d2 2d 13 71 fe 14 f2 24 00 15 f2 24 00 16 f2 24 00 17 f2 24 00 f0 17 70 0c 81 44 a1 d2 fe b0 0b 29 02 d0 01 06 b0 0b 26 06 d0 01 06 b0 0b 22 09 d0 01 06 f2 8d a8 f2 8d aa f2 8d ac f2 8d ae f2 8d b0 f2 8d b2 a0 22 14 03 64 04 71 71 40 4c 26 fe a4 1c d0 1c 06 c8 94 00 c8 fd 9e 3a f0 1d 10 85 08 40 88 fd 9e 22 f0 1d fd 9e 22 f0 1d 10 80 08 40 86 fd 9e 22 f0 27 09 f0 13 fd 9e 22 d4 03 7b 07 f0 02 d7 08 40 04 d4 04 9c 2b f0 09 d7 10 83 08 40 01 fd 9e 18 f0 31 10 80 09 7f 70 00 88 10 c0 fe a0 24 c8 90 00 88 fd 03 88 72 fd 02 f0 05 0c 0e 10 43 62 02 66 04 62 04 66 02 10 40 66 0c 10 02 0c f0 00 88 fd 9e 09 6b 04 01 6b 0c c9 10 e2 01 00 05 14 10 f2 0e 03 d2 09 14 10 f2 0f 03 f0 00 f0 00 cb e6 80 00 0b 14 ba 12 bb 13 fd b6 00 f8 bb 06 ba 13 fd b0 ff 00 e2 01 00 55 14 e2 02 00 66 14 e2 03 00 77 14 a4 24 9b 00 99 70 fd 03 7e c0 00 b0 1a ee ee 3e 20 00 46 14 10 40 f0 01 fd 9e 21 fd 02 00 fd 42 d2 a8 14 00 88 70 10 40 fd 03 7e c0 00 b0 18 01 00 d2 85 14 00 88 70 10 41 fd 03 7e c0 00 b0 18 02 00 d2 85 14 00 88 70 10 43 fd 03 7e c0 00 b0 18 04 00 a4 24 9b b0 1a ee ee 3e 20 00 91 14 f0 01 fd 42 00 91 fd 9e 21 fd 02 ba 18 69 00 3d 9c 14 fd 9e 3a 10 c0 10 02 0b f0 a4 18 fd 40 fe d8 13 df 14 a6 a2 a5 de a6 a1 f2 8b b2 f2 8b b4 f2 8b b6 f2 8b b8 f2 8b ba f2 8b bc f2 8b be f2 8b c0 b4 3e e2 27 00 12 15 e2 2d 00 12 15 15 02 67 08 14 02 64 04 18 84 67 08 6a 04 fd f0 89 30 f6 14 18 01 01 d8 27 fd 14 d1 34 07 d1 0f 00 d1 04 0e de cf 0f 15 fd f0 89 30 0f 15 9c 95 a6 cf fe 68 97 01 1a 67 10 f2 3f ad f2 92 b5 f2 93 ad f2 94 af f2 3e b5 a0 27 71 fe d8 1b 49 15 14 f2 32 03 f0 08 15 f2 32 03 f0 08 16 f2 32 03 a0 1b f0 00 dc 27 41 15 f0 01 fe a0 13 17 05 01 0c f0 6a 04 18 85 01 0c f0 6a 04 fd f0 8a 34 63 15 1a 01 00 71 d1 04 0e de cf 73 15 fd f0 8a 34 73 15 9c 95 a6 cf fe 95 00 7f 9c 13 00 82 fd 17 fd 46 23 06 fe d9 c8 91 15 ba 15 c0 1e 00 ec 91 15 fe b0 16 a0 00 f0 00 b3 16 e5 16 00 00 95 15 d8 22 b1 15 14 f2 55 02 1f f2 a7 00 e4 12 01 00 cb 15 b0 16 50 00 f0 00 b3 16 e5 16 00 00 b5 15 d8 22 cb 15 14 f2 55 02 1f f2 a7 00 fe ba 15 bb 1a a0 22 14 fd 14 f0 8a 08 40 00 7f 30 00 10 41 44 01 ba 14 b5 08 10 fa 00 fa 0c fa 00 1c 08 43 00 fd 03 7e 48 00 ba 1a e2 00 00 04 16 fd 9e 37 f0 07 d2 09 16 fd 9e 16 f0 07 0c 0e 10 43 62 04 66 08 62 08 66 08 62 04 10 41 b0 06 05 00 d4 04 ba 15 e2 00 00 2d 16 3e 11 00 2d 16 b3 15 f0 00 b2 06 d7 f0 02 00 81 09 10 fb 00 fb 0c fb a4 22 fe a5 c2 b0 12 00 00 b0 13 16 00 b0 14 15 00 40 31 26 35 ff 34 00 0c 84 10 44 52 04 fd 31 c8 95 1d f3 aa 00 15 0b 10 44 fd 0d 08 40 80 63 04 57 02 16 85 fd 0d 08 40 80 70 00 13 fd 03 92 0d 10 11 73 f0 08 13 02 08 43 08 7e 00 00 fd 02 15 87 10 40 53 02 fd 9e 16 0c 0e 10 43 62 04 66 08 62 08 66 08 62 04 10 41 00 94 fd 03 7e 40 00 10 80 08 43 06 f0 13 09 10 81 04 fd 02 fd 01 d2 c5 17 89 ea 01 1a 89 ea 02 1a 89 ea 03 1a 89 ea 04 1a 89 ea 05 1a 89 ea 06 1a 89 ea 07 1a f0 0f 20 92 fd 0f 03 92 08 04 00 00 10 c1 51 08 08 40 0a 7f 40 00 9c 57 60 1a 84 62 66 86 17 a0 20 60 1b 84 62 fd 42 17 0c 92 0b 13 0a 13 03 04 00 10 c0 57 03 18 0c 92 0a 15 0a 13 03 04 00 10 c0 57 05 00 8a f0 27 d4 01 7f 6c 00 f0 1f d7 fd 40 b3 15 b3 15 1c 84 16 13 b0 0b 09 00 b0 0c 17 00 b0 0d 00 00 9a 10 40 57 05 67 04 1e f2 aa 00 f0 56 0c 0a 10 43 62 04 66 08 62 04 10 41 00 11 fd 9e 31 7e 40 00 10 80 08 43 06 10 41 51 02 73 09 15 84 10 41 51 02 16 83 57 04 01 1e f9 1d 84 00 05 06 55 02 73 07 15 82 55 02 1e a4 9c 57 dc 20 a3 17 20 8f 09 73 f0 04 55 03 f0 13 f0 13 51 03 08 40 0a 60 1f a4 62 20 84 09 55 05 01 89 ea 01 31 89 ea 02 32 89 ea 03 33 89 ea 04 34 89 ea 05 35 89 ea 06 36 89 ea 07 37 f0 0f 15 f2 51 02 00 f2 51 02 0c f2 50 02 fd 42 34 a0 f0 00 d8 27 f8 17 d9 c2 97 18 cb e7 80 00 ea 17 d2 d7 17 3d d7 17 a4 24 dc 25 d7 17 a0 24 d2 d7 17 a4 27 00 fa 0c fa ba 13 b5 09 3d 39 18 34 00 0c 0a 10 43 62 04 66 08 62 04 10 41 11 fa 00 0b fd 9e 31 7e 40 00 10 80 08 43 06 00 fb fd a8 26 f0 12 0c fb f0 00 00 03 10 81 09 b1 16 f6 ff d2 d5 17 ba 14 b5 08 10 fa d8 24 77 18 34 00 11 fa f0 00 3d 47 18 00 88 fd 9e 2b 08 40 84 63 08 fd a8 26 10 fb 00 fb f0 08 9c 2b f0 09 0c fb d4 02 9c 2b f0 09 d7 00 86 7f 30 00 67 04 09 d2 d5 17 0c 02 f0 02 0c fb 00 ff 00 82 43 43 00 f2 50 02 11 02 10 c1 bd 00 14 bd 00 13 bd 00 14 d2 d7 17 95 00 00 ba 14 b5 09 11 f2 50 02 00 f2 50 02 0c fa 0c 82 53 0e 77 20 68 43 00 14 15 00 a5 c9 a0 19 d0 9e 0d fe a0 22 10 fd 10 f2 d6 01 b2 15 a4 22 fe b0 0d 00 00 dc 26 d7 18 b2 0b b1 0c 02 00 ba 13 b5 08 10 ff 10 f2 53 02 ad 08 00 b5 08 10 f2 aa 00 ba 14 b5 08 10 ff 00 ff d8 26 01 19 10 f2 54 02 00 f2 54 02 d2 09 19 10 f2 52 02 00 f2 52 02 f0 04 a0 23 fe d8 18 35 19 a4 23 a0 18 b2 12 e4 12 01 00 21 19 40 32 66 e5 12 02 00 2a 19 95 18 e8 b0 0b 06 00 b0 0c 1d 00 d0 25 06 fe d8 19 44 19 a4 1f a0 19 e4 12 04 00 45 19 fe fd 8d 6a 44 82 fe d8 1a 59 19 a4 19 a0 1a e4 12 04 00 5a 19 fe fd 8d 6a 44 81 fe d8 1b 6e 19 a4 1a a0 1b e4 12 04 00 6f 19 fe fd 8d 6a 44 80 a1 c2 fe d8 1c 93 19 a4 23 a0 1c e4 12 01 00 88 19 40 32 66 b0 0b 18 00 b0 0c 39 00 d0 25 06 fe d8 1d a7 19 a4 23 a0 1d b0 0b 0a 00 b0 0c 55 00 d0 25 06 fe d8 1e c6 19 a4 23 a4 1b a0 1e e4 12 04 00 c6 19 40 21 66 b0 0b 1c 00 b0 0c 71 00 d0 25 06 fe d8 1f d3 19 a0 1f e4 12 04 00 d4 19 fe fd 8d 6a 44 83 fe d8 ac e7 19 dc 20 e7 19 a0 12 f3 2d ab d1 41 00 68 2d 81 08 64 00 00 f3 0a 00 fe d9 b0 0b 1a d1 41 00 68 3f 01 08 6e 00 a8 08 14 d1 09 06 d0 f7 06 10 0f 08 10 00 10 80 f0 23 10 81 fd 9e 0a f0 04 05 00 ad 03 13 03 0c 20 10 45 6b 03 10 40 6b 01 10 45 6b 04 10 46 6b 02 f0 01 10 45 6b 01 f0 08 10 40 02 7e 6c 00 0b 20 13 01 42 f0 00 3d 46 1a fe a8 3f 25 de 64 56 1a a8 3f 2b dc 83 5d 1a f2 06 c9 d8 26 63 1a 71 fe a0 7a a4 86 a6 a0 a4 87 a8 0c 00 a6 a2 a5 de a6 a1 a8 0d 00 14 f9 a0 78 f2 07 a9 f2 07 ab f2 07 ad f2 08 a9 f2 08 ab f2 08 ad f2 09 a9 f2 09 ab f2 09 ad f2 06 a9 f2 06 ab f2 06 ad f2 06 af f2 06 b1 f2 06 b3 f2 06 b5 f2 06 b7 f2 06 b9 f2 06 bb f2 06 bd f2 06 bf f2 06 c1 f2 06 c3 f2 06 c5 f2 06 c7 70 00 f3 0a 00 fe f0 00 dc 23 cc 1a d8 18 e5 1a d8 1c 17 1b d8 1d 49 1b d8 1e 7b 1b d2 cc 1a a8 0b 17 b0 0b 1c 07 d3 ad 1b b0 0b 20 05 d3 ad 1b b0 0b 22 06 d3 ad 1b b0 0b 26 04 d3 ad 1b b0 0b 2a 02 d3 ad 1b b0 0b 2e 00 d3 ad 1b a4 18 d2 cc 1a a8 0b 17 b0 0b 3a 18 d3 ad 1b b0 0b 3c 19 d3 ad 1b b0 0b 40 17 d3 ad 1b b0 0b 44 15 d3 ad 1b b0 0b 46 12 d3 ad 1b b0 0b 48 13 d3 ad 1b a4 1c d2 cc 1a a8 0b 17 b0 0b 56 0a d3 ad 1b b0 0b 58 0b d3 ad 1b b0 0b 5c 09 d3 ad 1b b0 0b 5e 06 d3 ad 1b b0 0b 60 07 d3 ad 1b b0 0b 64 05 d3 ad 1b a4 1d d2 cc 1a a8 0b 17 b0 0b 74 1b d3 ad 1b b0 0b 76 1c d3 ad 1b b0 0b 78 19 d3 ad 1b b0 0b 7a 1a d3 ad 1b b0 0b 7c 17 d3 ad 1b b0 0b 80 15 d3 ad 1b a4 1e d2 cc 1a bc 0b 0c fd b6 0b f8 b0 0d 0a 00 13 84 9a 00 fd 0c 13 f2 a3 00 aa 0b f0 01 fe d9 c8 d4 1b ba 15 c0 1e 00 ec d4 1b fe ac a1 00 dc 1c de 1b ad f2 ff bb 16 f0 00 d8 22 e0 1b b3 16 e5 16 00 00 e0 1b 14 f2 55 02 1f f2 a7 00 fe d1 41 00 68 8e 00 0a 50 00 a0 20 d0 ba 06 15 07 0b 04 06 65 08 0c 04 16 07 0b 04 06 65 08 0c 04 dc 76 26 1c 14 89 92 18 1e 00 10 44 60 2e 73 71 fe d8 76 7a 1c 00 0c fd 03 7e 50 00 10 41 43 10 40 fd 02 0c 08 10 41 51 04 52 02 10 40 14 32 73 06 fd 9e 31 7f 40 00 10 c1 51 03 0b 04 d4 01 f0 00 fd 3d 14 5b 1c fd 9e 6d 7f 40 00 60 0e d7 d4 02 f0 00 fd 3d 14 6d 1c fd 9e 6d 7f 28 00 60 06 d7 a0 76 fe a1 3e de 64 88 1c a8 3f 2b 4b eb 00 fe a8 3f 25 4b e5 00 fe 19 f9 1a f9 1b f9 1c f9 1d f9 1e f9 1f f9 20 f9 f0 14 a8 0b 19 d4 03 f8 8b 26 af 1c 13 f2 7e 00 aa 0b d7 f0 ed a8 0b 1d d4 03 f8 8b 26 c2 1c 13 f2 7e 00 aa 0b d7 fe 95 01 60 16 83 08 40 81 d8 bc d6 1c 14 f9 16 f9 71 fe 60 97 a4 d0 fe 95 01 60 d0 0f 00 60 94 a4 d0 fe 9b 9b 9b 9b 9b 9b 9b 9b 9b 9b 9b 9b 9b 9b 9b 9b 9b 9b 9b 9b 9b 9b 9b 9b 9b 9b 9b 9b 9b 9b 9b 9b 9b 9b 9b 9b 9b 9b 9b 9b 9b 9b 9b 9b 9b 9b 9b 9b 9b 9b 9b 9b 9b 9b 9b 9b 9b 9b 9b 9b 9b 9b 9b 9b 9b 9b 9b 9b 9b 9b 9b 9b 9b 9b 9b 9b 9b 9b 9b 9b 9b 9b 9b 9b 9b 9b 9b 9b 9b 9b 9b 9b 9b 9b 9b 9b 9b 9b 9b 9b 9b 9b 9b 9b 9b 9b 9b 9b 9b 9b 9b 9b 9b 9b 9b 9b 9b 9b 9b 9b 9b 9b 9b 9b 9b 9b 9b 9b 9b 9b 9b 9b 9b 9b 9b 9b 9b 9b 9b 9b 9b 9b 9b 9b 9b 9b 9b 9b 9b 9b 9b 9b 9b 9b 9b 9b 9b 9b 9b 9b 9b 9b 9b 9b 9b 9b 9b 9b 9b 9b 9b 9b 9b 9b 9b 9b 9b 9b 9b 9b 9b 9b 9b 9b 9b 9b 9b 9b 9b 9b 9b 9b 9b 9b 9b 9b 9b 9b 9b 9b 9b 9b 9b 9b 9b 9b 9b 9b 9b 9b 9b 9b 9b 9b 9b 9b 9b 9b 9b 9b 9b 9b 9b 9b 9b 9b 9b 9b 9b 9b 9b 9b 9b 9b 9b 9b 9b 9b 9b 9b 9b 9b 9b 9b 9b 9b 9b 9b 9b 9b 9b 9b 9b 9b 9b 9b 9b 9b 9b 9b 9b 9b 9b 9b 9b 9b 9b 9b 9b 9b 9b 9b 9b 9b 9b 9b 9b 9b 9b 9b 9b 9b 9b 9b 9b 9b 9b 9b 9b 9b 9b 9b 9b 9b 9b 9b 9b 9b 9b 9b 9b 9b 9b 9b 9b 9b 9b 9b 9b 9b 9b 9b 9b 9b 9b 9b 9b 9b 9b 9b 9b 9b 9b 9b 9b 9b 9b 9b 9b 9b 9b 9b 9b 9b 9b 9b 9b 9b 9b 9b 9b 9b 9b 9b 9b 9b 9b 9b 9b 9b 9b 9b 9b 9b 9b 9b 9b 9b 9b 9b 9b 9b 9b 9b 9b 9b 9b 9b 9b 9b 9b 9b 9b 9b 9b 9b 9b 9b 9b 9b 9b 9b 9b 9b 9b 9b 9b 9b 9b 9b 9b 9b 9b 9b 9b 9b 9b 9b 9b 9b 9b 9b 9b 9b 9b 9b 9b 9b 9b 9b 9b 9b 9b 9b 9b 9b 9b 9b 9b 9b 9b 9b 9b 9b 9b 9b 9b 9b 9b 9b 9b 9b 9b 9b 9b 9b 9b 9b 9b 9b 9b 9b 9b 9b 9b 9b 9b 9b 9b 9b 9b 9b 9b 9b 9b 9b 9b 9b 9b 9b 9b 9b 9b 9b 9b 9b 9b 9b 9b 9b 9b 9b 9b 9b 9b 9b 9b 9b 9b 9b 9b 9b 9b 9b 9b 9b 9b 9b 9b 9b 9b 9b 9b 9b 9b 9b 9b 9b 9b 9b 9b 9b 9b 9b 9b 9b 9b 9b 9b 9b 9b 9b 9b 9b 9b 9b 9b 9b 9b 9b 9b 9b 9b 9b 9b 9b 9b 9b 9b 9b 9b 9b 9b 9b 9b 9b 9b 9b 9b 9b 9b 9b 9b 9b 9b 9b 9b 9b 9b 9b 9b 9b 9b 9b 9b 9b 9b 9b 9b 9b 9b fe 14 fa 60 47 a4 d0 d9 d4 8a 1f 15 14 f0 1d 0b 04 fd 02 10 c0 d4 01 06 43 f0 0f 07 43 f0 09 77 d7 0c 06 10 41 90 0e 1b 00 14 07 0c f0 50 02 71 0b f0 00 81 73 14 8e 0b 04 10 81 d4 03 7f 30 00 f0 13 d7 0c 04 60 4a a4 60 15 8e 10 c1 47 75 d4 03 7f 30 00 f0 13 d7 0c 04 60 4b a4 62 14 f0 84 77 10 c0 04 15 f0 84 77 10 c0 04 15 f2 88 02 a1 d4 14 fb fe 60 48 a4 d0 fe 60 49 a4 d0 fe dc 24 cb 1f cb e3 04 00 cb 1f ca e3 04 00 cb 1f 9c 20 00 95 fd 03 0c 04 08 41 0f 10 45 80 03 3e d4 0b 00 f0 01 01 6b 01 d7 a2 b5 84 87 c4 68 45 80 09 6c 00 fe d8 87 05 31 fe dc bc dc 1f 60 62 84 d0 d2 e0 1f 60 60 84 d0 61 a4 4c 04 71 fe 60 8b a4 d0 fe b4 08 b5 0e d8 bc f8 1f 60 84 a4 d0 fe fd 58 89 e3 00 00 08 20 fd 58 8a e3 00 00 0d 20 60 86 a4 d0 fe 60 87 a4 d0 66 2a 20 f0 09 00 f3 9e 02 51 8a 60 88 a4 d0 a8 07 89 ac 89 04 d1 f3 0e fe f0 09 00 f3 9f 02 60 7c a4 d0 fe 95 01 60 dc bc 54 20 14 f8 14 f2 a0 00 dc 11 4c 20 15 f8 15 f2 a0 00 16 f8 16 f2 a0 00 71 fe dc b1 5e 20 14 f8 14 f2 a0 00 dc b3 68 20 15 f8 15 f2 a0 00 71 fe 42 7d 20 7d 20 d8 bc 78 20 60 85 a4 d0 fe 60 8a a4 d0 fe ca fd b0 f0 00 e2 f0 00 00 0c fe d9 d5 91 20 60 50 a4 d0 fe d8 11 a8 20 d9 db a8 20 60 8d a4 d0 00 86 08 42 89 f0 3b 09 a1 db fe 60 5d a4 d0 fe 60 5e a4 d0 fe 60 5f a4 d0 fe 17 87 10 c1 90 18 2c 08 78 00 81 73 60 70 a4 d7 17 87 10 c5 90 19 28 08 73 fe d9 d9 df 20 dc bc df 20 60 43 a4 d0 a1 d9 b0 12 0a 00 ac 40 04 a8 0e 14 d3 f6 20 d8 18 f1 20 fe a0 f3 d0 18 01 a4 18 61 80 d0 bd 00 13 fd 59 c1 00 ec 0d 21 bd 00 13 ae ae 63 a0 fe bd 00 13 ae 63 a0 66 23 21 ba 12 fd 53 f0 09 00 f3 9e 02 a0 18 fe f0 09 00 f3 9f 02 fe d8 bc 33 21 60 77 a4 d0 fe 60 75 a4 d0 fe d8 bc 41 21 60 78 a4 d0 fe 60 7f a4 d0 fe b4 08 b5 0e d8 74 59 21 60 63 84 d0 b8 84 a0 74 a8 10 00 60 b9 84 d0 d3 95 23 d8 1a 6d 21 b4 10 bb 84 60 c4 a4 d0 fe d8 13 73 21 ba 84 a0 13 b4 10 bb 84 d3 95 23 dc 1a 68 21 60 bc a4 d0 66 8e 23 f0 09 00 f3 9e 02 d3 95 23 dc 1a 68 21 d8 14 9c 21 60 bd a4 d0 a8 07 60 fd 5e e2 00 00 f8 21 9c 57 60 18 84 22 b4 07 fd b0 0f 00 ad 30 05 63 80 cb e7 20 00 19 22 e7 80 00 d1 21 e7 08 00 d7 21 e7 04 00 f8 21 f0 00 d2 b7 21 9c 02 64 d2 80 21 ab 07 b4 07 fd b0 0f 00 fd b1 60 00 b5 07 e1 07 6d ec 21 ab 07 fd 5e e2 00 00 d7 21 9c 03 d2 a8 21 aa 07 b4 07 fd b0 0f 00 fd b1 60 00 b5 07 e1 07 6d 0d 22 aa 07 fd 5e e2 00 00 f8 21 9c 03 d2 a8 21 a0 14 9c 01 64 60 be 84 d0 d8 15 28 22 c2 84 64 b0 13 01 00 fd 5e bb 14 9c 57 ba 13 60 17 84 22 cb e7 20 00 82 22 e7 80 00 53 22 e7 08 00 59 22 e7 04 00 6e 22 f0 00 d2 39 22 9c 02 64 d2 80 21 ba 13 c1 00 eb 67 22 9c 58 f0 09 d2 39 22 b2 13 9c 03 d2 33 22 e5 13 01 00 7b 22 9c 58 f0 09 d2 39 22 b3 13 9c 03 d2 33 22 a0 15 9c 01 64 ba 13 60 bf 84 d0 b4 07 e3 60 00 9b 22 b0 08 02 00 d2 4c 23 e3 61 00 a7 22 b0 08 0a 00 d2 4c 23 e3 62 00 b3 22 b0 08 1e 00 d2 4c 23 e3 63 00 bf 22 b0 08 04 00 d2 4c 23 e3 64 00 cb 22 b0 08 0c 00 d2 4c 23 e3 65 00 d7 22 b0 08 1e 00 d2 4c 23 e3 66 00 e3 22 b0 08 02 00 d2 4c 23 e3 67 00 ef 22 b0 08 02 00 d2 4c 23 e3 68 00 fb 22 b0 08 0f 00 d2 4c 23 e3 69 00 07 23 b0 08 14 00 d2 4c 23 e3 6a 00 13 23 b0 08 28 00 d2 4c 23 e3 6b 00 1f 23 b0 08 32 00 d2 4c 23 e3 6c 00 2b 23 b0 08 28 00 d2 4c 23 e3 6e 00 37 23 b0 08 19 00 d2 4c 23 e3 6f 00 43 23 b0 08 09 00 d2 4c 23 d4 f9 9c 01 f0 03 d7 64 fe b4 10 d6 13 b8 08 fd 51 d7 bb 15 c0 64 00 ec 66 23 b5 10 60 c0 84 d0 d2 75 21 60 c1 a4 d0 67 75 23 7b 23 a8 07 90 d2 7e 23 a8 07 71 d2 7e 23 a8 07 72 9c 1b 60 c3 a4 01 fd 50 ba 15 ad 9c ff d2 55 23 f0 09 00 f3 9f 02 fe 55 c0 1d 00 ec bc 23 b0 12 00 00 a8 07 60 d4 0e fd 5e e2 00 00 ae 23 b2 12 aa 07 e0 07 6d ae 23 d7 e5 12 00 00 bf 23 a4 1a fe a0 1a fe d8 bc cb 23 60 79 a4 d0 fe 60 80 a4 d0 fe d8 6f 04 24 14 fa 15 fa 14 01 05 15 86 10 c1 0c f0 78 05 60 72 a4 d0 15 f5 8a 02 15 f4 8a 02 60 93 a4 62 14 04 0b 50 71 04 15 84 0b 50 75 04 14 fb 15 fb fe 60 e5 a4 d0 fe d8 6f 12 24 60 73 a4 d0 fe 60 e6 a4 d0 fe b4 08 b5 0e d9 d7 a2 24 d8 6c 29 24 60 65 84 d0 a0 6c 60 66 84 d0 fd 59 c0 0a 00 ec 3a 24 69 84 68 a4 fe fd 59 c0 1e 00 ed 54 24 dc 12 54 24 fd b7 4d 84 95 a4 67 7e 24 9d 24 d2 76 24 fd b7 67 a4 66 97 24 f0 09 00 f3 9e 02 a0 12 fd 59 c0 1e 00 ed 76 24 60 6a 84 d0 6b a4 67 7e 24 90 24 ac 0a 00 a5 d8 d2 83 24 ac 1e 00 a1 d8 60 6c a4 d0 9c 37 fd 53 a0 25 a1 d7 fe 60 6d 84 d0 d2 6f 24 f0 09 00 f3 9f 02 60 68 a4 d0 fe 60 6e a4 d0 a0 25 fe fd b7 60 71 a4 d0 fe d8 3d b9 24 60 74 a4 d0 fe 60 e2 a4 d0 fe b4 08 b5 0e 60 64 a4 d0 66 03 25 f0 09 00 f3 9e 02 fd 58 8a e3 00 00 fc 24 fd 58 ac e2 00 00 0e 25 60 0f a5 d0 66 03 25 f0 09 00 f3 9e 02 51 ac 60 82 a4 d0 a8 07 8a ac 83 04 d1 f3 0e fe 60 81 84 d0 82 a4 fe f0 09 00 f3 9f 02 60 82 a4 d0 fe 60 10 a5 d0 fe a8 3f 18 95 01 7f d8 bc 46 25 dd d3 32 25 19 f9 17 f9 18 f9 1a f9 1b f9 1c f9 1d f9 d2 35 25 40 52 26 d9 d4 44 25 15 85 92 14 2d 18 77 15 f2 a0 00 71 fe 68 6c 00 11 2c 00 dc 11 53 25 6a 6c 80 71 fe b4 08 b5 0e fd 58 89 e3 00 00 66 25 60 7a a4 d0 fe 60 7b a4 d0 66 ba 25 f0 09 00 f3 9e 02 51 89 d8 6a ab 25 60 7d a4 d0 a0 6a 10 96 fd 9e 04 0c f0 7f 50 00 10 c0 71 06 52 02 da b7 97 25 07 78 f0 00 da b7 a1 25 60 d0 a4 60 a2 b7 10 85 10 c1 51 09 01 a0 24 fe 60 7e a4 d0 9c 5e 53 01 60 98 a4 42 a4 6a fe f0 09 00 f3 9f 02 60 7c a4 d0 fe dc 11 ce 25 60 96 a4 d0 fe 60 76 a4 d0 fe dd d7 fe 25 f0 13 9c 31 0c 88 10 43 62 08 66 08 f0 07 00 f9 9c 13 f0 1d 77 30 68 22 01 13 1b 00 a0 48 35 00 70 00 83 7e 00 00 fe d8 23 13 26 00 85 90 14 27 14 74 16 f2 28 00 60 6f a4 d6 a0 23 fe a8 3f 18 d8 26 3b 26 d8 27 28 26 71 d4 f9 9c 01 f0 03 d7 fe 70 00 88 fd 03 7e c0 00 42 fd 02 f0 00 3d 33 26 9c 3a fe a1 d6 d9 d5 44 26 d0 73 06 a5 d7 68 6c 80 1c 27 00 fe a8 3f 18 95 01 7f 1b 02 6b 05 dc 11 5e 26 6a 6c 80 d9 d6 6d 26 d9 da 68 26 71 fe fd 46 01 01 fe a5 d6 d9 d5 d8 26 14 f9 15 f9 16 f9 17 f9 18 f9 19 f9 1a f9 1b f9 1c f9 fd 31 00 86 fd 03 93 00 00 14 20 8c 97 00 00 04 08 40 07 fd 0f 03 14 0c 70 9d 13 ff 0c 08 10 42 54 07 53 08 52 05 00 9b 08 43 00 0c 04 fd 00 fd 0f 03 10 41 53 13 20 04 25 01 00 e0 ff 10 40 43 43 fd 01 95 01 00 76 0f 00 84 43 fd 03 21 fd 46 72 06 fe 95 02 00 fd 31 00 86 fd 03 93 00 00 12 20 8e 97 00 0c 04 00 04 08 40 07 fd 0f 03 14 0c 70 0c 06 f0 0f 10 42 53 04 00 8d 08 43 00 fd 00 10 41 53 02 fd 02 53 02 20 02 0b 04 00 81 43 0c 0d 10 43 62 04 d4 05 66 08 62 08 d7 66 04 20 19 fd 9e 15 7f 40 00 14 00 10 c1 53 02 10 c0 43 10 c5 43 08 50 07 0b 40 0c 04 00 1a fd 03 7e 68 00 46 fd 02 13 01 f0 00 3d 4a 27 73 10 83 08 40 08 f0 1d 09 10 c0 b0 1a 06 00 b0 08 00 34 b0 09 00 16 b0 0a 00 04 d4 0b f0 00 3f 20 6c 27 f0 04 b1 1a 03 00 b1 0a 80 00 d7 fd 30 94 f0 17 91 21 17 81 41 00 81 75 ba 18 60 4c 84 60 ba 17 4d 84 ba 18 c1 00 ed a0 27 4e a4 d2 e3 27 4f a4 dd d8 e3 27 17 f2 8a 02 60 5c a4 60 00 03 08 43 02 17 82 10 81 d4 04 52 0a 9c 0d f0 00 c7 17 b1 08 a0 00 b1 0a 60 01 3f 10 bd 27 f0 1d d7 17 82 10 80 00 8d d4 0f 7b 01 f0 01 d7 08 52 0a f0 3b 09 a5 d8 fe 94 f0 00 68 52 01 04 29 00 00 88 fd 03 fd 01 93 00 00 14 14 07 04 92 03 26 00 73 00 15 8b 92 02 26 00 71 00 04 10 40 10 85 71 d2 17 28 15 f2 8a 02 9e 00 40 9d 13 20 f0 3b 9e 00 7f 9c 15 14 03 f0 07 71 0c 27 10 43 62 04 d4 05 66 08 62 08 d7 66 04 10 42 62 03 d4 08 66 06 62 06 d7 66 03 10 41 62 02 d4 0a 66 04 62 04 d7 66 02 17 1e 92 04 29 14 08 40 07 00 fd 00 13 03 7f 00 00 f0 00 fd 3d 17 7a 28 7f 68 00 10 c0 53 05 01 00 25 f0 03 08 43 08 fd 00 fd 02 7e 00 00 f0 00 3d 80 28 7e 68 00 46 f0 00 3d 89 28 73 10 83 08 40 08 f0 3b 09 10 c0 16 36 0b 04 f0 0b 92 05 28 14 00 fd 02 7f 00 00 47 10 c0 f0 00 fd 3d 16 c3 28 7f 85 00 47 f0 00 fd 3d 16 ce 28 7f 7d 00 51 02 f0 00 fd 3d 16 da 28 7f 74 00 53 02 0c 04 f0 13 b0 1a 02 00 b0 08 00 09 b0 09 00 15 b0 0a 00 01 d4 17 f0 00 3f 20 e5 28 f0 03 b1 1a 03 00 b1 0a 70 00 d7 00 06 10 c5 43 70 10 c0 16 08 10 c0 55 02 73 10 85 04 14 0d 0c f0 10 c1 51 03 77 10 40 10 85 0b f0 15 8f 0c f0 06 10 c1 50 02 07 41 10 40 10 85 0b f0 16 f3 8a 02 d2 20 2a 9b 9b 9b 9b 9b 9b 9b 9b 9b 9b 9b 9b 9b 9b 9b 9b 9b 9b 9b 9b 9b 9b 9b 9b 9b 9b 9b 9b 9b 9b 9b 9b 9b 9b 9b 9b 9b 9b 9b 9b 9b 9b 9b 9b 9b 9b 9b 9b 9b 9b 9b 9b 9b 9b 9b 9b 9b 9b 9b 9b 9b 9b 9b 9b 9b 9b 9b 9b 9b 9b 9b 9b 9b 9b 9b 9b 9b 9b 9b 9b 9b 9b 9b 9b 9b 9b 9b 9b 9b 9b 9b 9b 9b 9b 9b 9b 9b 9b 9b 9b 9b 9b 9b 9b 9b 9b 9b 9b 9b 9b 9b 9b 9b 9b 9b 9b 9b 9b 9b 9b 9b 9b 9b 9b 9b 9b 9b 9b 9b 9b 9b 9b 9b 9b 9b 9b 9b 9b 9b 9b 9b 9b 9b 9b 9b 9b 9b 9b 9b 9b 9b 9b 9b 9b 9b 9b 9b 9b 9b 9b 9b 9b 9b 9b 9b 9b 9b 9b 9b 9b 9b 9b 9b 9b 9b 9b 9b 9b 9b 9b 9b 9b 9b 9b 9b 9b 9b 9b 9b 9b 9b 9b 9b 9b 9b 9b 9b 9b 9b 9b 9b 9b 9b 9b 9b 9b 9b 9b 9b 9b 9b 9b 9b 9b 9b 9b 9b 9b 9b 9b 9b 9b 9b 9b 9b 9b 9b 9b 9b 9b 9b 9b 9b 9b 9b 9b 9b 9b 9b 9b 9b 7f a1 d5 a0 11 a1 da 14 f2 a0 00 15 f2 a0 00 16 f2 a0 00 fe 68 6c 80 1e 2b 00 fe 68 52 01 04 29 00 00 88 fd 03 fd 01 93 00 00 14 7c 14 07 04 92 03 26 00 73 00 15 8b 92 02 26 00 71 00 04 10 40 10 85 7f 14 88 10 c0 51 02 53 04 10 85 14 f2 8a 02 60 50 a4 62 15 f2 8a 02 60 51 a4 60 14 89 10 c0 57 04 55 02 73 10 85 14 f2 8a 02 60 52 a4 62 9b 9b 9b 9b 9b 9b 9b 9b 9b 9b 9b 9b 9b 9b 9b 9b 9b 9b 9b 9b 9b 9b 9b 9b 9b 9b 9b 9b 9b 9b 9b 9b 9b 9b 9b 9b 9b 9b 9b 9b 9b 9b 9b 9b 9b 9b 9b 9b 9b 9b 9b 9b 9b 9b 9b 9b 9b 9b 9b 9b 9b 9b 9b 9b 9b 9b 9b 9b 9b 9b 9b 9b 9b 9b 9b 9b 9b 9b 9b 9b 9b 9b 9b 9b 9b 9b 9b 9b 9b 9b 9b 9b 9b 9b 9b 9b 9b 9b 9b 9b 9b 9b 9b 9b 9b 9b 9b 9b 9b 9b 9b 9b 9b 9b 9b 9b 9b 9b 9b 9b 9b 9b 9b 9b 9b 9b 9b 9b 9b 9b 9b 9b 9b 9b 9b 9b 9b 9b 9b 9b 9b 9b 9b 9b 9b 9b 9b 9b 9b 9b 9b 9b 9b 9b 9b 9b 9b 9b 9b 9b 9b 9b 9b 9b 9b 9b 9b 9b 9b 9b 9b 9b 9b 9b 9b 9b 9b 9b 9b 9b 9b 9b 9b 9b 9b 9b 9b 9b 9b 9b 9b 9b 9b 9b 9b 9b 9b 9b 9b 9b 9b 9b 9b 9b 9b 9b 9b 9b 9b 9b 9b 9b 9b 9b 9b 9b 9b 9b 9b 9b 9b 9b 9b 9b 9b 9b 9b 9b 9b 9b 9b 9b 9b 9b 9b 9b 9b 9b 9b 9b 9b 9b 9b 9b 9b 9b 9b 9b 9b 9b 9b 9b 9b 9b 9b 9b 9b 9b 9b 9b 9b 9b 9b 9b 9b 9b 9b 9b 9b 9b 9b 9b 9b 9b 9b 9b 9b 9b 9b 9b 9b 9b 9b 9b 9b 9b 9b 9b 9b 9b 9b 9b 9b 9b 9b 9b 9b 9b 9b 9b 9b 9b 9b 9b 9b 9b 9b 9b 9b 9b 9b 9b 9b 9b 9b 9b 9b 9b 9b 9b 9b 9b 9b 9b 9b 9b 9b 9b 9b 9b 9b 9b 9b 9b 9b 9b 9b 9b 9b 9b 9b 9b 9b 9b 9b 9b 9b 9b 9b 9b 9b 9b 9b 9b 9b 9b 9b 9b 9b 9b 9b 9b 9b 9b 9b 9b 9b 9b 9b 9b 9b 9b 9b 9b 9b 9b 9b 9b 9b 9b 9b 9b 9b 9b 9b 9b 9b 9b 9b 9b 9b 9b 9b 9b 9b 9b 9b 9b 9b 9b 9b 9b 9b 9b 9b 9b 9b 9b 9b 9b 9b 9b 9b 9b 9b 9b 9b 9b 9b 9b 9b 9b 9b 9b 9b 9b 9b 9b 9b 9b 9b 9b 9b 9b 9b 9b 9b 9b 9b 9b 9b 9b 9b 9b 9b 9b 9b 9b 9b 9b 9b 9b 9b 9b 9b 9b 9b 9b 9b 9b 9b 9b 9b 9b 9b 9b 9b 9b 9b 9b 9b 9b 9b 9b 9b 9b 9b 9b 9b 9b 9b 9b 9b 9b 9b 9b 9b 9b 9b 9b 9b 9b 9b 9b 9b 9b 9b 9b 9b 9b 9b 9b 9b 9b 9b 9b 9b 9b 9b 9b fe 10 fd 34 00 1b fa 1b ff 1b f2 61 01 b4 12 b8 17 b5 12 d8 1f ab 2c 51 92 50 93 a0 1f 34 80 b0 0e 0a 00 fe d1 30 07 d8 19 cb 2c 42 be 2c bf 2c fe 9c 0e 17 06 00 0b f0 06 67 04 a0 19 fe d8 19 e4 2c 34 ff cb e6 80 00 e4 2c 17 0a 0b f0 f0 15 d8 19 e4 2c 0c f0 fe d1 30 07 d8 1a ff 2c 42 f1 2c f2 2c fe 9c 0e 18 06 00 06 6a 0c 0b f0 a0 1a fe 42 07 2d f1 2c d2 f1 2c d8 1c f1 2c a0 1c 0c 86 10 42 56 03 10 40 18 06 41 57 04 53 04 45 fe d8 1a 36 2d 34 ff cb e6 80 00 36 2d 18 0a 0b f0 f0 15 d8 1a 36 2d 0c f0 fe 00 f2 a1 00 9c 20 00 f0 8e fd 03 08 41 0f d4 07 00 f0 00 01 6a 01 d7 84 87 c4 68 0e 01 11 67 00 a4 76 a0 48 35 00 70 00 03 7e 00 00 7f d2 bf 2d c8 90 00 92 10 c1 fd 03 88 fd 9e 42 7e 60 00 fd 02 08 43 07 f0 00 10 fb fd 42 00 82 55 05 0c 0c 10 43 61 04 65 08 61 08 65 04 10 40 00 94 fd 9e 16 7e 50 00 42 10 c0 08 42 07 f0 3b fd 9e 16 08 42 08 f0 00 cb e7 80 00 b4 2d d2 a9 2d 00 05 09 72 7f 6c 00 fd 40 fe 71 fd f0 0e 35 c8 2d 1a 01 00 d1 04 0e de cf d7 2d fd f0 0e 35 d7 2d 9c 95 a6 cf a8 3f 25 de 64 e3 2d a8 3f 2b fe f2 3d 2b f2 97 29 f2 ab 29 a2 b4 b0 0b 2e 1d d1 42 00 68 44 09 02 2f 00 a0 48 35 00 00 03 7e 00 00 a1 7e a1 3f d0 00 08 68 06 81 06 1d 00 a0 48 35 00 00 03 7e 00 00 fe d1 41 00 68 09 01 16 5d 00 70 00 90 fd 03 7e 90 00 42 fd 02 f0 00 3d 30 2e fd 9e 3a fe b0 0b 4a 14 d1 42 00 68 a5 01 04 53 00 dc 7a 4e 2e a0 48 35 00 00 03 7e 00 00 d0 ea 06 d1 41 00 68 a8 01 14 4a 00 d2 f8 30 b4 08 b5 0e fd 59 c0 64 00 ed 99 2e 60 cc a4 60 66 a1 2e f0 09 00 f3 9e 02 14 87 10 83 04 f0 1d 10 86 ac 64 00 fd 53 9c 37 f0 31 a8 0a 14 d3 54 4e f2 ac 29 a0 79 fe 14 81 78 60 cd a4 60 fe f0 09 00 f3 9f 02 fe dc 79 62 2e d9 b0 0b 1a d1 41 00 68 3f 01 07 76 00 70 00 14 0c 04 fd 03 7e 90 00 46 0b 04 fd 02 f0 00 3d c8 2e fd 9e 3a a0 26 d0 f7 06 d8 77 e0 2e 68 a6 81 01 74 00 fe 68 aa 81 1a 0b 00 fe dc 86 9f 2f cb e6 80 00 9f 2f 00 03 7f 40 00 d8 18 9f 2f f0 00 3d fa 2e 9c 9a f0 01 fd fd 6a a4 a1 fd fc f0 00 a0 18 e5 12 00 00 22 2f b0 12 01 00 b4 0c ad 10 00 b5 0c d2 92 2f e5 13 00 00 36 2f b0 13 04 00 b4 0c ad 10 00 b5 0c d2 92 2f b4 0c ad 10 00 b5 0c a8 0b 18 d1 cb 06 14 19 10 44 07 73 00 06 62 04 fd 02 7f 00 00 f0 00 fd 3d 14 69 2f fd 9e 6d 66 08 15 19 10 44 07 73 00 06 62 04 fd 02 7f 00 00 f0 00 fd 3d 15 84 2f fd 9e 6d 66 08 16 8b 0e 01 00 08 40 01 fd 02 7f 00 00 a8 0b 00 d1 cb 06 a0 87 a2 a0 a4 7a ba 12 b8 13 bb 14 b4 0c fd b3 14 b5 0c fe dc 86 f9 2f cb e6 80 00 f9 2f 00 03 7f 40 00 d8 19 f9 2f f0 00 3d b3 2f 9c 9a f0 01 fd fd 6a a4 a1 fd fc f0 00 a0 19 e5 12 00 00 db 2f b0 12 02 00 b4 0c ad 20 00 b5 0c d2 92 2f e5 13 00 00 ef 2f b0 13 08 00 b4 0c ad 20 00 b5 0c d2 92 2f b4 0c ad 20 00 b5 0c d2 3d 2f fe dc 86 53 30 cb e6 80 00 53 30 00 03 7f 40 00 d8 1a 53 30 f0 00 3d 0d 30 9c 9a f0 01 fd fd 6a a4 a3 fd fc f0 00 a0 1a e5 12 00 00 35 30 b0 12 03 00 b4 0c ad 40 00 b5 0c d2 92 2f e5 13 00 00 49 30 b0 13 0c 00 b4 0c ad 40 00 b5 0c d2 92 2f b4 0c ad 40 00 b5 0c d2 3d 2f fe dc 86 5a 30 17 f9 b4 0c fd b0 03 00 bb 12 b4 0c fd b0 0c 00 bb 13 b4 0c e6 10 00 76 30 6a a4 a1 a0 18 e6 20 00 80 30 6a a4 a1 a0 19 e6 40 00 8a 30 6a a4 a3 a0 1a de a0 d3 30 14 16 10 44 07 73 00 06 62 04 fd 02 7f 00 00 f0 00 fd 3d 14 b4 30 66 08 15 96 10 44 07 73 00 06 62 04 fd 02 7f 00 00 f0 00 fd 3d 15 cc 30 66 08 dc 87 d3 30 16 0f 0e 01 00 08 40 01 62 04 fd 02 7f 00 00 f0 09 d0 0f 00 b0 0b 10 1d d1 42 00 68 0c 01 04 2b 00 a0 48 35 00 00 03 7e 00 00 d0 eb 06 d1 41 00 68 aa 01 1d 10 00 70 a5 e0 d0 0e 01 dc 79 04 31 14 f9 fe a4 87 9c 54 b0 1a 01 00 c7 16 d4 02 f0 00 3f 20 11 31 f0 03 b1 1a 03 00 d7 16 f9 f2 a5 35 f2 a5 37 f2 a5 39 f2 a5 3b f3 a5 35 f3 a5 37 f3 a5 39 f3 a5 3b 60 e1 84 42 b4 0c fd b0 0f 00 e2 09 00 63 31 e2 0d 00 7a 31 e2 06 00 83 31 e2 0e 00 8f 31 e2 07 00 a3 31 e2 0b 00 ba 31 da a4 fe db a4 b4 0d ad 07 00 b7 15 10 00 c1 00 ed 7c 31 f2 a5 b5 f3 a5 b5 fe dc a4 f2 a5 b7 f3 a5 b7 fe dd a4 f2 a5 a9 f2 a5 ab f2 a5 ad fe de a4 b4 0d ad 08 00 b7 15 10 00 c1 00 ed 85 31 f2 a5 b3 fe df a4 b4 0d ad 06 00 b7 15 14 00 c1 00 ed bc 31 f2 a5 b9 f3 a5 b9 fe e0 a4 f2 a5 bb f3 a5 bb fe d8 20 11 32 cb e6 80 00 11 32 00 03 7e 40 00 9c 9a f0 01 fd fd 6a a7 a1 fd fc f0 00 aa 0d b4 0d ad 05 00 b7 15 14 00 c1 00 ed f4 31 a0 77 d2 f6 31 a4 77 a0 20 15 97 0e 01 fd 03 0c 04 10 43 61 04 7f 40 00 08 40 81 00 10 41 51 02 0b 04 fe d8 78 1b 32 d8 20 1b 32 fe c8 10 b1 0b 30 00 00 10 7e 30 00 f0 02 89 0c 04 fd 01 10 40 72 fd 0f 02 d3 74 32 d8 78 57 32 14 87 10 40 07 71 06 52 10 d3 8c 32 00 8c fd 0e 07 10 41 0b 04 fd 00 41 10 40 a0 78 fe 14 87 10 40 07 71 06 56 10 d3 8c 32 00 8c fd 0e 07 10 41 0b 04 fd 00 45 10 40 a4 78 fe 9c 09 14 03 fd 0f 02 0c 8a 10 43 66 04 62 08 66 04 10 40 f0 07 9c 30 fe 9b 14 02 fd 0e f0 03 9c 71 0c 8a 10 43 66 04 62 08 66 04 10 40 fe dd b0 a9 32 d0 ff 00 b0 07 07 00 49 d8 01 bf 32 d8 00 cc 32 10 85 fd 0d 0c f0 01 71 fe 70 10 89 0c f0 10 c2 53 03 0b f0 01 fe fb fe c2 16 1a 00 ea f4 32 b0 16 1a 00 a8 09 1a a8 0a 1b 11 87 21 fd 24 11 12 bb 15 1d fa 12 f2 df 01 f0 01 1d f2 8d 02 dd e0 fd 32 d1 30 07 a5 e0 fe c2 16 1b 00 ea f4 32 b0 16 1b 00 a8 09 1b a8 0a 1a 11 87 21 fd 24 11 12 bb 15 1c fa 12 f2 df 01 f0 01 1c f2 8d 02 dd e0 2d 33 d1 30 07 a5 e0 fe 1c 02 fd 01 1d 02 fd 01 00 82 fd 17 a8 0b 16 d4 03 f2 4e a6 13 f2 da 01 f0 00 13 fa aa 0b d7 1a 02 6b 02 1b 82 6b 02 b0 16 1a 00 a8 09 1a a8 0a 1b 11 87 21 fd 24 11 12 bb 15 1d fa 12 f2 df 01 f0 01 1d f2 8d 02 40 a3 26 dd bb 8b 33 16 fb 17 fb 18 fb 19 fb d1 0e 00 f0 02 1b fa fe 1a 82 0b a0 0c 08 10 41 57 05 56 04 10 40 00 04 57 02 46 77 a1 bb d1 0e 00 1a fa 20 0b fd 01 00 04 67 01 06 62 08 07 77 f0 4f d4 01 1b fa 20 88 fd 9e 21 7f 6c 00 f0 1a 1b fb f0 4f d7 1b fa 20 95 fd 9e 21 7f 6c 00 06 10 c1 60 04 fd 00 60 02 fd 3d 20 f7 33 07 d2 f2 33 20 8c f0 13 71 f0 07 73 f0 13 53 03 10 80 20 8f 10 c1 71 f0 1d fd 9e 21 7f 70 00 06 50 04 01 1a 02 0c a0 16 fb 17 fb 18 fb 19 fb 9b 9b 9b fe f0 00 3d 1b 34 d2 13 34 12 fa f0 00 3d 1d 34 c6 00 c0 40 02 ed 13 34 12 fb d2 13 34 d8 1d 75 34 9c 3a a0 1d 34 00 d8 1b 46 34 a0 1b a0 19 a4 1a 40 a9 26 1a fa c4 00 c0 0c 00 ec 51 34 fe c0 0f 00 ed 58 34 fe ba 1f c0 1a 00 eb 64 34 b1 12 80 00 a8 09 1a b0 1f 1a 00 1b f2 de 01 f0 21 1b f2 dd 01 fe d8 1d ac 34 9c 3a a0 1d 34 00 d8 1b 8d 34 a0 1b a0 19 a4 1a 40 a9 26 1b fa ba 1f c0 1b 00 eb 9b 34 b1 12 80 00 a8 09 1b b0 1f 1b 00 1a f2 de 01 f0 21 1a f2 dd 01 fe fd f0 cf 3a b6 34 1d 01 00 00 82 fd 17 1a 07 10 44 06 64 08 10 40 1b 07 10 44 06 60 08 10 40 16 07 10 44 06 64 08 10 40 17 07 10 44 06 60 08 10 40 18 0c 10 44 06 60 18 10 40 d9 bd ec 34 01 19 8c 10 44 06 60 08 10 40 d9 be fa 34 01 1b f2 dd 01 b0 12 80 00 b0 1f 1a 00 dd b9 1d 35 71 d1 04 0e de cf 1a 35 fd f0 cf 3a 1a 35 9c 95 a6 cf fe a1 b9 70 1c 04 00 08 40 85 f0 3b 1c 8f 0c 04 fd 9e 21 7f 60 00 f0 07 09 73 f0 07 75 d2 3c 35 30 1a 04 0b 20 0b 80 1c 3a 04 10 c1 57 02 41 13 03 fd 0f 03 77 0b 04 f0 0c fd 9e 21 7f 90 00 57 04 67 10 71 06 f0 09 60 32 fd 9e 21 7f 50 00 60 28 f0 00 fd 3d 1c 8b 35 10 c1 fd 9e 21 7f 80 00 50 04 01 16 17 f0 8b 0c 08 fd 9e 0d 13 03 fd 0f 03 08 50 02 10 43 4a f0 1b 01 fd f2 0c 90 10 43 57 05 f0 13 50 04 f0 4f 54 04 53 05 10 43 31 1a 04 0c 20 0c 80 9b fe b0 0b 59 03 d0 01 06 a2 b6 b0 0b 59 16 d0 01 06 f0 00 3d cb 35 d2 c3 35 a4 1d d8 19 e5 35 a0 19 a4 1a a8 0b 14 d4 01 32 13 e2 35 13 f2 da 01 aa 0b d7 f0 00 3d e5 35 c6 00 e3 00 00 c3 35 d8 1a c3 35 a0 1a a4 19 a8 0b 14 d4 01 32 13 06 36 13 f2 db 01 aa 0b d7 d2 c3 35 f0 13 d9 b0 13 36 fe f0 00 dd b0 36 36 a8 0b 16 d4 03 32 13 25 36 d2 2e 36 f0 00 f2 4e a6 13 f2 d7 01 aa 0b d7 f0 02 d2 13 36 f0 00 a8 0b 16 d4 03 f8 4e 26 4a 36 13 fa 13 ff 13 f2 da 01 aa 0b d7 fe 19 fa 1a fa 1b fa 1c fa 19 ff 1a ff 1b ff 1c ff 1c 90 00 10 c3 0c 04 0c f0 dc 1f 70 36 42 41 40 57 03 a4 26 b6 00 80 e6 01 00 7c 36 a0 26 a4 27 c0 00 40 ed 86 36 a0 27 fd b0 ff 3f c0 00 20 ed 97 36 d8 27 5f 37 d2 1e 37 d8 27 dc 36 ac 00 30 d8 20 7c 36 d8 21 bf 36 d8 22 b5 36 d8 23 ae 36 1c 82 57 08 d2 c8 36 1c 85 47 46 45 56 08 d2 c8 36 1c 84 47 46 55 09 d2 c8 36 1c 84 90 0b 5f 00 a8 09 19 a4 21 a4 22 a4 23 a0 20 d2 ad 37 ac 00 70 d8 21 7c 36 d8 20 01 37 d8 22 fa 36 d8 23 ef 36 1c 86 51 07 50 03 57 03 d2 0a 37 1c 82 57 08 d2 0a 37 1c 84 51 09 42 43 d2 0a 37 1c 84 90 0f 6b 00 a8 09 19 a4 20 a4 22 a4 23 a0 21 d2 bc 37 ac 00 10 d8 22 7c 36 d8 20 41 37 d8 21 3a 37 d8 23 31 37 1c 84 51 09 42 43 d2 4b 37 1c 82 53 08 d2 4b 37 1c 85 52 08 41 42 43 d2 4b 37 1c 84 90 0b 73 00 a8 09 19 a4 20 a4 21 a4 23 a0 22 d2 cb 37 ac 00 50 d8 23 7c 36 d8 20 86 37 d8 21 7b 37 d8 22 72 37 1c 84 47 46 55 09 d2 8d 37 1c 86 53 03 54 03 55 07 d2 8d 37 1c 82 53 08 d2 8d 37 1c 84 90 07 67 00 a8 09 19 a4 20 a4 21 a4 22 a0 23 11 06 fd 12 92 0a 5a 00 aa 09 e0 09 1c dd 37 11 06 fd 12 92 0e 66 00 aa 09 e0 09 1c dd 37 11 06 fd 12 92 0a 6e 00 aa 09 e0 09 1c dd 37 11 06 fd 12 92 06 62 00 aa 09 e0 09 1c dd 37 d2 9e 37 a4 1f 1c 8f 77 dc 26 f0 37 10 c4 a0 1f 53 03 44 45 46 75 19 f2 d8 01 1a f2 d8 01 1b f2 d8 01 1c f2 d5 01 fe dd b0 0d 38 d9 e2 0d 38 b0 11 1e 00 dc 6b 21 38 15 f9 16 f9 17 f9 18 f9 1d 06 00 7f 00 00 0b 40 de 0f 2f 38 19 f9 1a f9 1b f9 d1 0f 00 fe dd bc 3d 38 d1 0f 00 d3 ae 38 40 ad 26 fe a1 bc d1 0e 00 1c 04 00 08 40 85 f0 3b 1c 8d fd 9e 21 7f 60 00 f0 07 09 73 f0 13 75 1c 1e fd 9e 0b 10 c3 51 03 52 0b 51 04 10 c4 d4 01 51 04 52 02 51 04 53 08 55 08 56 02 57 08 d7 0c 13 10 43 40 52 07 51 08 52 06 f0 4f 10 43 56 0d 55 08 10 40 1c fe d3 ae 38 d2 aa 38 1e f7 1e 84 10 c1 43 41 60 2c a4 62 1e 85 10 c1 45 47 01 9b 40 ad 26 fe 19 85 92 0a 5a 00 77 1a 85 92 0e 66 00 77 a0 22 a4 1f 1c 86 92 0b 73 00 77 00 1b 85 92 06 62 00 77 19 f2 d8 01 1a f2 d8 01 1b f2 d8 01 1c f2 d5 01 fe b0 18 64 00 b0 19 00 00 d4 ef f0 00 d8 24 16 39 d8 25 23 39 d7 1c 8a fd 9e 0b 0c f0 7f 6c 00 f0 1a d3 4e 39 19 fe 1a fe 1b fe 34 ff a4 24 a4 25 d1 ab 06 d2 e8 38 d3 4e 39 d3 6b 39 34 ff 9c 0b d2 0c 39 d3 4e 39 b2 19 e4 19 03 00 41 39 d3 7c 39 ba 18 ba 18 ad ce ff bb 18 34 ff 9c 0b d2 0c 39 fd 46 ae 06 9b 9b 9b 9b 9b 9b 9b 9b fe 34 00 a8 0b 19 d4 02 13 fa 32 13 67 39 13 f0 89 0c f0 10 c2 53 03 0b f0 01 aa 0b d7 fe 1c 8b fd 9e 21 0c f0 7f 6c 00 f0 1a 78 00 81 73 fe 1c a2 10 c3 fd 9e 1e d4 03 6a 08 6b 08 d7 f0 09 9b 78 f0 09 fd 9e 21 0c f0 7f 6c 00 f0 1a 10 43 10 80 06 42 00 96 10 41 0c 04 c8 1c b1 0b 00 01 b1 0c 80 00 fd c7 98 75 10 40 0b 04 1c 82 07 71 fe d3 4e 39 15 f2 d3 01 16 f2 d3 01 17 f2 d3 01 18 f2 d3 01 d3 7c 39 d2 35 3a 60 2b a4 dc 1e f7 1e 89 0c 04 10 c1 43 55 02 47 71 1c 0a 75 f0 03 10 43 d4 01 4a 4b d7 1e 8c fd 9e 14 7e 40 00 08 40 84 f0 27 09 1c 11 10 c0 d4 03 f0 07 73 f0 04 71 f0 07 73 f0 04 75 d7 60 25 a4 dc 1c 86 43 63 08 08 40 85 f0 3b 60 26 a4 d0 1c 0b 09 fd 9e 21 fd 0f 03 7f 6c 00 47 f0 16 4a a3 00 09 a1 e5 a5 e6 a5 e7 d1 18 00 15 f9 16 f9 17 f9 18 f9 19 f9 1a f9 1b f9 1c f9 f2 ce 38 fd 5b fd 5c 71 d2 68 3a fd 50 60 2e a4 de 1e 83 51 02 01 0c 85 10 41 80 06 58 9c 13 f0 1d 1d 94 fd 0f 03 00 fd 00 7e 00 00 f0 00 fd 3d 1d 9d 3a fd 01 0b 40 0c 0e 9c 16 10 43 66 04 62 08 66 08 62 08 66 04 1d 8b 10 81 08 10 00 f0 04 9c 0a f0 36 0c 96 10 41 c8 80 b1 0b fc ff b1 0c f0 ff 88 10 40 d2 be 3a 52 06 10 40 a2 0f a0 6b b0 05 c9 00 d0 d0 02 fe d1 41 00 68 4c 80 04 34 00 00 94 0b f0 c8 00 b1 0d 00 09 99 7e 00 00 f0 00 3d e1 3a fd 9e 3a fe fd 43 b0 07 09 00 49 a5 e5 a1 e6 a1 e7 d1 18 00 00 05 f0 02 7e 00 00 a8 0b 14 d4 01 d8 01 3a 3b f8 cf 26 12 3b d2 3a 3b 13 9f 0c f0 fd 12 c4 00 c0 0e 00 ed 29 3b 92 08 4a 00 00 77 d2 2f 3b 92 12 49 00 00 73 0b 50 fd 0c 13 f2 da 01 f2 cf a6 aa 0b d7 40 a9 26 fe 15 f9 19 f9 14 03 fd 0f 03 dd ba 52 3b d1 0f 00 fe dd bf 5e 3b 1c f2 a2 00 d1 0f 00 fe 70 1c 04 00 08 40 85 f0 3b 1c 8a fd 9e 21 7f 60 00 f0 1d 09 73 1c f2 a2 00 9b 9b 9b 9b fe 14 02 64 04 dd b8 87 3b d0 0e 00 a1 b8 70 19 87 00 08 40 85 f0 00 09 d2 ce 3b 1a f7 1a 98 10 c1 43 41 10 83 08 40 88 f0 27 10 81 09 f0 13 f0 27 09 f0 07 47 75 04 60 28 a4 62 1a 03 43 71 05 19 8d fd 9e 21 7f 60 00 f0 07 73 f0 07 75 04 60 20 a4 62 19 1d fd 0f 03 10 c1 43 fd 9e 21 7f 60 00 52 04 fd 9e 21 7f 6c 00 51 06 fd 0e 10 c2 50 06 01 0c 92 10 41 52 04 10 c2 51 06 f0 1d 55 06 10 41 56 04 10 40 d2 09 3c 1a 83 45 47 01 fe a4 1b fd 43 fe a0 25 fe 30 dd b0 1a 3c d0 ff 00 b0 07 09 00 49 a5 e5 a1 e6 a1 e7 d1 18 00 00 05 f0 00 7e 00 00 a8 0b 16 a4 19 a4 1a 31 fe 70 00 8c 92 06 20 16 7e 00 00 fd 17 fd 0f 03 fd 46 b7 06 fe a8 0b 18 a8 09 14 d4 03 11 f8 11 f2 6e 01 aa 09 d7 40 b9 26 fe d8 1d eb 3c a0 1d b0 12 14 00 b4 08 b9 12 fd b0 04 00 b8 12 bb 17 b5 0a c9 12 b5 0e d4 03 12 fa aa 0a d7 b4 0e bb 06 00 07 fd 03 7e 90 00 61 14 aa 0f e1 0f 08 9c 3c a0 26 76 1e 13 f7 13 f0 a4 fd 01 13 03 fd 0f 03 08 40 02 c9 00 ad 02 00 fd b0 04 00 fd b2 04 00 70 fd 03 20 04 25 00 08 b0 ff 48 01 21 f0 00 ba 17 b5 0a d4 03 12 06 10 41 6a 10 6b 10 aa 0a f0 02 d7 ab 0a 12 fe ba 17 b5 0a d4 03 12 fb aa 0a d7 a4 1d fe f0 00 dc 26 ec 3c 7f fd 46 be 06 fe da a2 fe 3c 26 f9 16 02 6a 01 17 02 6a 01 70 dc 20 2b 3d 00 9b fd 03 0c 04 0c f0 fd 9e 21 7e 80 00 42 fd 02 0b 04 0b f0 f0 00 3d 20 3d fd 9e 3a d2 45 3d dc 1f 45 3d 00 94 fd 03 0c 04 7e 6c 00 42 0b 04 fd 02 f0 00 3d 3d 3d fd 9e 3a 00 f2 37 03 a2 a3 a1 df b0 17 30 00 b0 16 46 00 24 1b 10 44 66 10 f1 2c 01 6b 10 f0 00 b0 1a 06 80 3e 20 07 60 3d f0 77 6a 10 d2 5b 3d fe 35 00 68 04 81 06 20 00 fe f0 00 dc 19 7c 3d 76 1e 7f fd 47 fd 46 bf 06 fe 35 00 68 93 00 04 18 00 70 fd 31 40 bc 26 00 f2 56 02 0c 06 10 45 50 08 10 40 00 03 08 41 0a d4 02 f0 00 d7 00 03 08 41 0d d4 02 f0 00 d7 00 03 08 41 0c d4 02 f0 00 d7 00 03 08 41 0e d4 02 f0 00 d7 00 03 08 41 0b d4 02 f0 00 d7 00 03 08 41 8e d4 02 f0 00 d7 00 03 08 41 8c d4 02 f0 00 d7 00 03 08 41 8d d4 02 f0 00 d7 d2 a6 3d d8 73 00 3e d0 88 00 d0 bd 06 d8 73 0a 3e d0 84 00 d0 c5 06 d8 73 14 3e d0 83 00 d0 ca 06 d8 73 1e 3e d0 85 00 d0 bb 06 d8 73 28 3e d0 8c 00 d0 cc 06 d8 73 32 3e d0 8f 00 d0 d2 06 a0 23 23 83 08 40 81 1f f2 2f 00 a4 25 f0 00 dc 25 42 3e 32 20 4f 3e d2 42 3e d6 16 f0 00 d7 20 f2 2f 00 a4 25 f0 00 dc 25 5a 3e 32 21 67 3e d2 5a 3e d6 16 f0 00 d7 21 f2 2f 00 a4 25 f0 00 dc 25 72 3e 32 22 7f 3e d2 72 3e d6 16 f0 00 d7 22 f2 2f 00 a4 25 f0 00 dc 25 8a 3e 32 1f 97 3e d2 8a 3e 23 83 08 40 80 a4 23 d6 16 f0 00 d7 f0 13 f0 00 d8 21 a5 3e d2 35 3e b0 18 00 00 35 00 f2 94 ac f2 94 ae f2 94 b0 f2 94 b2 f3 94 a8 68 94 00 07 18 00 00 85 0b f0 7e 00 00 1b 05 10 44 06 60 10 70 00 86 10 c1 67 08 60 02 fd 42 00 8b 10 c1 fd 03 60 05 7e 6c 00 50 02 16 f2 01 03 17 f2 01 03 18 f2 01 03 19 f2 01 03 40 c6 26 00 8e 50 04 55 03 53 06 55 03 57 03 51 06 57 03 76 1e 00 04 0c f0 54 06 7f fd 40 a5 b0 fd fa d0 c0 06 f0 00 dd b0 24 3f a8 0b 16 d4 03 32 13 38 3f 13 fb d2 3c 3f 13 f2 02 03 aa 0b d7 f0 03 d2 2a 3f b4 07 f7 fd b0 f0 00 b5 14 10 f2 07 00 c7 10 ba 0a ad 60 02 bb 0a 3f 03 75 3f a1 b0 b4 07 fd b0 0f 00 fd 64 fd f9 a5 e3 a5 24 a5 e2 3e 16 00 75 3f fe b2 18 e5 18 04 00 8e 3f a1 e3 f0 02 3e 1f 00 7e 3f b0 10 40 00 45 fe b0 10 fa 10 57 fd 0d 13 03 fd 0f 03 0a 00 fd 0b fd 03 06 20 07 26 00 00 00 00 00 00 00 00 00 00 00 00 00 00 00 00 27 00 00 00 00 00 00 00 00 00 00 00 00 00 00 00 00 fd 24 00 07 e8 d7 3f e8 d4 3f ad 18 00 d2 d7 3f ad e8 00 fd 25 25 a0 08 80 ff dd b1 e5 3f 08 50 02 f0 57 21 01 f0 00 fe 42 07 40 06 40 dc 27 06 40 00 8f 0c 20 7f 99 00 10 43 61 14 0b 20 61 32 10 41 fe da a3 74 5a fe 35 00 68 96 00 13 1f 00 00 f2 03 03 70 16 16 10 45 45 f0 09 08 10 03 43 f0 09 08 10 83 41 f0 09 10 81 08 40 02 17 95 10 83 08 40 89 f0 27 09 10 80 71 08 40 84 0b 04 7f 40 00 f0 17 30 00 fb 17 06 7f 40 00 f0 17 09 18 f0 89 0c f0 10 c1 80 1b 2a 75 05 16 f0 8a 0c f0 09 10 c1 80 1a 2c 75 05 19 f0 89 0c f0 10 c1 80 1b 2b 75 05 14 f0 89 0c f0 10 c1 80 1a 2d 75 05 1a f0 89 0c f0 10 c1 80 1c 2c 75 05 15 f0 89 0c f0 10 c1 80 1b 2e 75 05 17 8b fd 02 53 02 f0 00 fd 3d 17 bf 40 0c 8c 10 43 66 04 62 08 66 08 62 08 66 04 0c 05 10 40 42 62 08 17 86 71 06 52 02 10 85 87 17 1e 05 17 85 08 10 88 f0 4f 16 06 10 40 0c f0 51 02 00 84 10 40 66 18 fd 66 06 02 f0 77 77 1e d0 c2 06 c8 93 b1 0b fc ff c2 0b 00 80 ed fb 40 b0 0b 00 00 b1 0c f0 ff ba 0d fd b2 ff ff ae b8 0c c1 00 ed 10 41 ac 00 00 bb 0c b0 0d 00 00 0c 97 da a4 25 41 da a5 2a 41 10 44 d2 2c 41 10 44 d2 2c 41 10 44 98 10 44 fe 35 00 68 97 00 07 39 00 b0 12 00 00 b0 13 01 00 fd 31 00 8a fd 17 92 07 3a 00 06 04 10 81 a8 0e 03 17 f2 04 03 18 f2 04 03 19 f2 04 03 70 40 cf 26 40 cd 66 0d f2 c0 02 0e f2 8f 02 0f f2 08 03 b0 0f 4a 01 45 d0 76 fd 42 f0 00 d8 1c c2 41 f0 00 d8 1c c2 41 dc 1d 79 41 c2 12 00 00 ea bd 41 ef ae 41 b3 13 e5 13 00 00 79 41 00 8a 10 40 0c f0 61 01 b3 12 0b f0 b0 13 01 00 d2 7b 41 00 8a 10 40 0c f0 65 01 b2 12 0b f0 d2 7b 41 a4 1d d2 79 41 77 1e fd 40 30 fd 43 fd 44 46 00 46 01 fd 30 d0 c3 06 a8 0e 03 a0 24 14 f2 c4 02 15 f2 06 03 16 f2 c6 02 f0 a9 d2 d7 41 46 00 a4 1d 34 00 42 35 42 fd 41 c6 00 c0 00 01 ec 35 42 10 04 fd 0d 0c f0 10 fb 00 9a 0c f0 fd 03 13 02 08 43 07 7e 70 00 10 40 fd 02 f0 13 07 09 75 06 13 01 0b f0 34 80 c2 12 00 00 ee 32 42 b0 0e 02 00 45 b1 3d fe 47 00 fe b0 14 24 00 10 04 fd 0d 0c f0 10 fb 00 ba 0c f0 ba 12 b8 14 c0 40 00 ef 52 42 d2 57 42 ba 14 d2 6b 42 ac 40 00 b9 12 e3 00 00 6b 42 fd 03 7e 6c 00 fd 02 d2 7b 42 10 40 fd 03 7e 6c 00 fd 02 d6 06 65 01 b2 12 d7 0b f0 34 80 c2 12 00 00 ef 32 42 b0 0e b4 00 45 b1 3d fe f0 00 dc 18 9b 42 17 03 7f 68 00 a4 18 dc 19 a6 42 18 03 7f 68 00 a4 19 dc 1a b1 42 19 03 7f 68 00 a4 1a dc 23 8e 42 00 03 7e 6c 00 a4 23 d2 8e 42 a0 1c fe 30 c4 00 bb 08 10 9f fd 9e 1e 00 10 c1 6a 08 6b 08 08 40 80 c4 07 c1 00 ed e0 42 08 40 00 fd 9e 1e 7f 6c 00 f0 1f b0 07 ce 00 49 d8 01 2b 43 d8 00 29 43 f5 f0 00 10 fd 10 f9 f0 00 00 8a 10 44 7b 04 68 0a 7b 04 10 c0 a0 1a 71 ba 12 b5 08 d4 02 10 02 0c 58 aa 08 d7 f0 00 b0 0e 5a 00 45 fd 36 a0 1a a0 1b 31 fe fb fe 10 90 0c f0 c8 07 b0 0d 00 00 99 10 c0 08 40 08 0b 40 00 fa 00 ff f0 00 c5 10 bb 09 00 97 0c f0 10 44 c5 00 c1 00 ec 59 43 66 0e d2 5b 43 62 0e 76 10 c0 0b f0 ab 0e 10 f4 02 00 71 31 fe 30 aa 08 aa 0e e0 0e 03 a9 43 10 f7 10 27 fd 9e 0d fd 01 13 03 fd 0f 03 08 40 02 c9 00 ad 02 00 fd b0 04 00 fd b2 04 00 70 fd 03 20 04 25 00 08 b0 ff 48 01 21 00 04 7e 6c 00 48 52 0a d2 e0 43 aa 08 10 f7 10 23 fd 9e 5e fd 01 13 03 fd 0f 03 08 40 01 c9 00 ad 02 00 fd b0 04 00 fd b2 04 00 70 fd 03 7f a0 00 58 02 01 00 07 fd 9e 5e 7e 6c 00 48 53 01 a8 0e 00 31 fe 30 a8 0e 00 10 2d fd 0d fd 9e 5d 00 10 c1 6a 08 6b 08 08 40 00 fd 9e 5d 7f 6c 00 f0 1f 08 40 08 fd 9e 5d 6a 08 6b 08 fd 9e 5d 10 c0 01 fd f2 0c 40 a0 1c c5 10 bb 09 00 97 0c f0 10 41 c5 00 c1 00 ec 2b 44 66 0a d2 2d 44 62 0a 76 10 c0 0b f0 31 fe 35 00 68 95 00 0d 10 00 b0 12 00 00 b0 13 16 00 b0 14 15 00 40 31 26 0c 84 10 44 52 04 fd 31 c8 95 1d f3 aa 00 15 0b 10 44 fd 0d 08 40 80 63 04 57 02 16 85 fd 0d 08 40 80 70 00 14 fd 17 fd 03 92 0d 10 11 f0 08 13 02 08 43 08 7e 00 00 fd 02 15 84 10 40 53 02 0c 0e 10 43 62 04 66 08 62 08 66 08 62 04 10 41 00 94 fd 03 7e 40 00 10 80 08 43 06 f0 13 09 10 81 04 fd 02 fd 01 15 f2 51 02 00 f2 51 02 0c f2 50 02 fd 42 b0 0e 2c 01 45 d3 36 b0 0f 8c 00 45 d5 76 f0 00 d8 27 d9 44 d8 21 12 45 d2 cc 44 a4 27 00 fa 0c fa ba 13 b5 09 0c 0a 10 43 62 04 66 08 62 04 10 41 11 fa 00 08 7e 40 00 10 80 08 43 06 00 fb fd a8 26 f0 12 0c fb f0 00 00 03 10 81 09 b1 16 f6 ff d2 cc 44 ba 14 b5 09 11 f2 50 02 00 f2 50 02 77 1e d0 c1 06 a0 21 fe 00 03 7e 6c 00 b0 0f 3a 00 45 d4 76 fe 00 03 7e 6c 00 b0 0f 1d 00 45 d4 76 fe a0 22 10 fd 10 f2 09 03 a4 22 fe d1 08 06 68 92 01 18 16 00 d1 34 07 a8 08 19 d1 09 06 d0 f8 06 d1 08 06 68 3e 01 0c 3a 00 d1 34 07 a8 08 19 d1 09 06 d0 fb 06 f8 3f ad 96 45 ba 13 e2 14 00 b9 45 d1 08 06 68 93 01 1b 3c 00 d1 34 07 a8 08 15 d1 09 06 d0 f9 06 ba 13 e3 14 00 81 45 d8 24 a7 45 a8 08 16 d2 7a 60 f0 00 fe d2 b9 45 f8 3f ad d3 45 ba 13 e3 15 00 81 45 d1 08 06 68 07 81 05 5b 00 a0 48 35 00 00 83 7e 00 00 dc 83 d2 45 f2 06 c9 fe ba 13 e2 15 00 9d 45 d2 81 45 d2 81 45 f8 92 35 eb 45 a8 08 1a d2 a2 60 d1 08 06 68 94 01 16 66 00 d1 34 07 a8 08 14 d1 09 06 d0 fa 06 d1 08 06 68 3e 01 0c 3a 00 d1 34 07 a8 08 18 d1 09 06 d0 fb 06 d1 08 06 68 3d 01 09 11 00 d1 34 07 a8 08 16 d1 09 06 d0 f6 06 f8 93 ad 4b 46 ba 13 e3 14 00 6e 46 d1 08 06 68 3f 01 08 6e 00 d1 34 07 a8 08 15 d1 09 06 d0 f7 06 ba 13 e3 14 00 6e 46 d8 24 5c 46 a8 08 16 d2 ca 60 f0 00 fe d2 6e 46 f8 93 ad 83 46 ba 13 e2 15 00 36 46 d1 08 06 68 94 01 16 66 00 d1 34 07 a8 08 16 d1 09 06 d0 fa 06 ba 13 e2 15 00 52 46 d2 6e 46 d2 36 46 d1 08 06 68 92 01 18 16 00 d1 34 07 a8 08 17 d1 09 06 d0 f8 06 d1 08 06 68 3e 01 0c 3a 00 d1 34 07 a8 08 17 d1 09 06 d0 fb 06 f8 94 2f c5 46 a8 08 17 d2 f2 60 d1 08 06 68 93 01 1b 3c 00 d1 34 07 a8 08 14 d1 09 06 d0 f9 06 f8 3e 35 e5 46 a8 08 1a d2 1a 61 d1 08 06 68 94 01 16 66 00 d1 34 07 a8 08 15 d1 09 06 d0 fa 06 d1 08 06 68 92 01 18 16 00 d1 34 07 a8 08 18 d1 09 06 d0 f8 06 d1 08 06 68 3d 01 09 11 00 d1 34 07 a8 08 17 d1 09 06 d0 f6 06 d8 78 35 47 14 89 92 14 17 00 10 44 60 0e 71 71 fe 14 89 92 14 37 00 10 44 60 0e 71 71 fe a0 7a a4 86 a8 0c 00 6b a5 81 9c 11 0d 86 10 45 52 03 10 40 18 a1 93 00 00 12 6a 01 fd 02 0b 10 fd 17 fd 00 00 f0 00 fd 3d 18 85 47 10 81 08 10 00 f0 04 9c 0a f0 36 18 0f f0 00 c6 07 e2 00 00 8a 47 7f 00 00 d2 7b 47 fe f2 8c a9 a2 48 b0 05 d7 00 d0 d0 02 18 9b 10 81 f0 31 09 f0 09 f0 1d fd 9e 0a fd 00 0b 04 06 7f 70 00 f0 00 fd 3d 18 cb 47 4a a9 00 2a a1 e5 a1 e6 a1 e7 d1 18 00 15 f9 fd 5b fd 5c 71 9c 15 b0 1a 01 00 c7 14 d4 02 f0 00 3f 20 d2 47 f0 03 b1 1a 03 00 d7 14 04 00 08 40 00 fe d8 7b 04 48 a0 7b 14 09 08 40 01 0c f0 fd 0d 13 00 6b 0c 81 9c 11 0d 86 10 45 52 03 10 40 fe dc 7a 17 48 6b a5 81 0d 86 10 44 52 03 10 40 d2 19 48 18 f9 d0 0f 00 f8 0c b1 27 48 14 84 00 08 40 00 d2 bd 65 6b 0c 81 9b 14 0a 00 08 40 01 0c f0 fd 0d 13 00 0d 86 10 44 52 03 10 40 71 fe 35 ff 10 02 13 01 42 5d 48 5d 48 b4 08 b5 0a 00 85 08 42 83 fd 02 40 ed 66 fe 35 80 a0 27 00 f3 6b 01 35 ff f0 00 00 f2 37 03 fe b4 08 e2 17 00 b7 48 e2 18 00 d6 48 e2 19 00 f7 48 e2 1a 00 14 49 e2 1b 00 36 49 e2 1c 00 55 49 e2 1d 00 78 49 d8 19 b5 48 a0 19 a0 21 d3 99 49 16 14 10 45 51 02 5a 02 f0 3b 10 83 f0 1d 10 c0 5b 02 55 02 a4 19 5d fe d8 1a d4 48 a0 1a d3 99 49 17 12 10 45 51 05 4a f0 3b 10 83 f0 1d 10 c0 4b 55 05 a4 1a 5d fe d8 1b f5 48 a0 1b d3 99 49 18 14 10 45 5a 02 55 02 f0 3b 10 83 f0 1d 10 c0 51 02 5b 02 a4 1b 5d fe d8 1c 12 49 a0 1c d3 99 49 19 10 10 45 55 04 f0 3b 10 83 f0 1d 10 c0 51 04 a4 1c 5d fe d8 1d 34 49 a0 1d d3 99 49 1a 15 10 45 55 02 5a 02 f0 3b 10 83 f0 1d 10 c0 51 03 5b 02 45 a4 1d 5d fe d8 1e 53 49 a0 1e d3 99 49 1b 12 10 45 5a 04 41 f0 3b 10 83 f0 1d 10 c0 45 5b 04 a4 1e 5d fe d8 1f 76 49 a0 1f d3 99 49 1c 16 10 45 51 02 5b 03 41 f0 3b 10 83 f0 1d 10 c0 45 5a 03 55 02 a4 1f 5d fe d8 20 97 49 a0 20 d3 99 49 1d 14 10 45 51 03 5a 03 f0 3b 10 83 f0 3b 10 c0 5b 03 55 03 a4 20 5d fe d9 e0 ab 49 c8 90 00 8a c9 00 06 fd 03 88 fd 02 07 70 a5 e0 fe fe f2 3f ad f2 92 b5 f2 93 ad f2 94 af f2 3e b5 71 de 50 09 4b 9c 7b f0 00 9e 08 00 0c 06 10 44 57 04 56 16 15 14 0c 04 fd 0f 03 00 04 10 c2 92 18 71 38 90 18 71 2c 57 02 73 16 1a 0c 04 fd 0f 03 f0 01 00 04 10 c1 92 15 6b 0e 90 15 6b 0e 0b 04 67 08 71 0c 04 17 1a 0c 04 fd 0f 03 f0 03 00 04 10 c1 92 17 6e 12 90 17 6e 12 0b 04 67 08 71 0c 04 18 1a 0c 04 fd 0f 03 f0 05 00 04 10 c1 92 1a 74 14 90 1a 74 14 0b 04 67 08 71 0c 04 19 1a 0c 04 fd 0f 03 f0 07 00 04 10 c1 92 18 71 18 90 18 71 18 0b 04 67 08 71 0c 04 1a 1a 0c 04 fd 0f 03 f0 09 00 04 10 c1 92 16 6c 18 90 16 6c 18 0b 04 67 08 71 0c 04 1b 1a 0c 04 fd 0f 03 f0 0b 00 04 10 c1 92 14 69 1c 90 14 69 1c 0b 04 67 08 71 0c 04 1c 1a 0c 04 fd 0f 03 f0 0d 00 04 10 c1 92 15 6b 1f 90 15 6b 24 0b 04 67 08 71 0c 04 1d 9a 0c 04 fd 0f 03 f0 0d 00 04 10 c1 92 17 6f 1e 90 17 6f 1e 0b 04 67 08 71 0c 04 a8 0b 15 d1 cb 06 a2 a4 a8 0b 1d d4 07 d1 cb 06 13 a4 b0 1a ff ff c7 13 b1 08 50 00 b1 0a 80 00 f0 00 3f 20 e8 4a fd 9e 86 f0 00 08 40 85 10 c0 06 65 04 61 04 07 ab 0b d7 a8 0b 00 d1 cb 06 a6 a4 fe fe fe fe fe fe fe dd b0 1c 4b d9 e2 1c 4b b0 11 1e 00 d1 34 07 d0 0f 00 f2 3f ad f2 92 b5 f2 93 ad f2 94 af f2 3e b5 d0 0f 00 da b4 3b 4b f2 3d ab fd f0 8d 34 44 4b 1a 01 00 d1 0f 00 d1 04 0e de cf 56 4b fd f0 8d 34 56 4b 9c 95 a6 cf fe a0 1b d2 c7 0f 6a 3d a1 f2 8b b2 f2 8b b4 f2 8b b6 f2 8b b8 f2 8b ba f2 8b bc f2 8b be f2 8b c0 f2 3f ad f2 92 b5 f2 93 ad f2 94 af f2 3e b5 f2 8d a8 f2 8d aa f2 8d ac f2 8d ae f2 8d b0 f2 8d b2 b0 12 16 00 d8 27 a6 4b d8 26 a9 4b d0 0f 00 fe f2 3f ad f2 92 b5 f2 93 ad f2 94 af f2 3e b5 f2 07 a9 f2 07 ab f2 07 ad f2 08 a9 f2 08 ab f2 08 ad f2 09 a9 f2 09 ab f2 09 ad f2 06 a9 f2 06 ab f2 06 ad f2 06 af f2 06 b1 f2 06 b3 f2 06 b5 f2 06 b7 f2 06 b9 f2 06 bb f2 06 bd f2 06 bf f2 06 c1 f2 06 c3 f2 06 c5 f2 06 c7 a4 7d 16 84 97 15 14 01 d8 26 14 4c d1 34 07 71 b0 12 14 00 b0 13 15 00 a0 25 fe f2 3f ad f2 92 b5 f2 93 ad f2 94 af f2 3e b5 1a 84 97 17 14 03 d8 26 3c 4c d1 34 07 71 b0 12 17 00 a0 25 fe f2 3f ad f2 92 b5 f2 93 ad f2 94 af f2 3e b5 a0 7e 16 84 97 14 14 02 d8 26 62 4c d1 34 07 71 b0 12 14 00 b0 13 14 00 a0 25 fe da b4 74 4c f2 3d ab f2 3f ad f2 92 b5 f2 93 ad f2 94 af f2 3e b5 17 84 97 16 14 01 d8 26 91 4c d1 34 07 71 b0 12 14 00 a0 25 fe a8 0d 00 a6 a0 a4 87 a4 86 a8 0c 00 f2 3f ad f2 92 b5 f2 93 ad f2 94 af f2 3e b5 1a 84 97 17 14 03 d8 26 c1 4c d1 34 07 71 b0 12 17 00 a0 25 fe 17 01 73 18 01 73 19 03 73 fd 17 1a 03 73 fd 17 fe a4 1a fe 17 09 73 f0 07 06 10 44 55 02 07 18 09 73 f0 07 06 10 44 51 02 07 19 07 73 f0 07 f0 03 fd 17 1a 07 73 f0 07 f0 03 fd 17 fe d8 84 12 4d a0 84 b0 0e 5a 00 45 fc 36 d0 0f 00 14 02 fd 08 15 02 fd 08 16 82 fd 08 d8 85 2e 4d a0 85 b0 0e 50 00 45 fe 36 d0 0f 00 b4 08 c0 26 00 eb 40 4d a0 80 a4 7f d2 44 4d a0 82 a4 81 d1 20 00 10 14 d4 02 00 f0 07 01 f0 01 d7 d4 04 00 f0 03 01 f0 01 d7 0c f0 fe b4 08 b5 0e d9 b0 7d 4e fd f0 07 b3 78 4e d8 80 af 4d fd 59 c0 90 01 ed 4c 4e 60 c7 a4 d0 66 9e 4d f0 09 00 f3 9e 02 10 87 10 83 04 f0 1d 10 86 ac 90 01 fd 53 9c 37 a8 0a 26 d3 05 4e a0 7f fe f0 09 00 f3 9f 02 60 c9 a4 d0 d3 51 4e f2 06 49 fe d8 83 cd 4d 60 c8 a4 d0 66 9e 4d f0 09 00 f3 9e 02 60 ca a4 d0 a0 83 d3 51 4e f2 06 49 fe fd 59 c0 20 03 ed 4c 4e 60 cb a4 d0 66 00 4e f0 09 00 f3 9e 02 10 87 10 83 04 f0 1d 10 86 ac 20 03 fd 53 9c 37 a8 0a 27 d3 05 4e a0 81 a4 83 f2 06 49 fe a4 83 d2 9e 4d 24 0d fd 9e 21 7f 70 00 d4 0b 7b 06 f0 00 d7 f0 13 b0 1a 06 00 c7 12 9c 3c d4 08 f0 00 3f 20 20 4e f0 04 b1 1a 03 00 b1 0a 40 00 d7 12 92 d4 04 01 f0 01 00 f0 03 d7 d4 02 01 f0 01 00 f0 07 d7 12 f2 0e 00 d2 51 4e 60 c6 a4 d0 fe a8 0a 24 12 a1 fd 9e 3b 03 0c f0 10 c5 5a 02 d4 03 f0 00 00 f0 05 01 d7 f0 00 b0 1a ff ff 3e 20 12 69 4e fd 9e a1 fe 60 c5 a4 d0 fe 24 11 0c f0 fd 9e 42 7f 80 00 d4 0b f0 03 7b 02 d7 0b 50 fe 26 f9 27 f9 dc 7f a1 4e 24 f9 26 f8 26 f2 0e 00 dc 81 ad 4e 24 f9 27 f8 27 f2 0e 00 d1 0f 00 fe d1 41 00 68 8e 00 0a 4a 00 a0 1f d0 ba 06 68 3d 81 03 15 00 a0 48 35 00 fe d8 7c d7 4e 60 04 85 40 a0 7c d2 db 4e 60 05 85 40 d2 a4 10 8e 10 c1 73 06 7f 6c 00 52 04 53 03 01 fd f2 fe 9c 54 b0 1a 01 00 c7 10 d4 02 f0 00 3f 20 f8 4e f0 03 b1 1a 03 00 d7 10 f9 d8 77 10 4f 60 d6 a4 42 fe 60 ce a4 42 fe d8 7c 22 4f 60 04 85 40 a0 7c d2 26 4f 60 05 85 40 d1 a4 10 a0 10 c1 0c f0 0b 04 77 f0 13 fd 9e 04 7f 6c 00 57 03 f0 13 73 0c 04 10 45 03 fd 9e 1c 4b 01 fd f2 fe 10 95 fd 0d fd 0f 03 fd 9e 55 d4 04 00 f0 06 01 f0 01 d7 0c f0 fd f2 ac 01 00 fd 57 fe 10 fd 10 f2 cf 02 ac 01 00 fd 54 fe 10 8d fd 0d fd 9e 55 08 40 06 f0 1d 01 fd f2 00 03 7e 00 00 e0 08 21 98 4f e0 08 22 9e 4f e0 08 23 a4 4f fe a8 07 62 d2 a7 4f a8 07 65 d2 a7 4f a8 07 71 60 99 04 02 f0 3b fd 50 fe fd 58 7c e3 00 00 bd 4f 60 d3 a4 40 fe 60 d4 a4 40 66 2c 50 20 f7 20 a3 08 40 02 0c f0 fd 0f 03 13 03 7f 70 00 80 01 76 f0 00 fd 3d 20 f8 4f 10 43 6a 08 10 41 6a 04 10 40 6a 02 24 8d 10 81 08 40 04 f0 31 09 f0 09 08 10 03 20 f9 f0 3b 9c 15 b0 1a 01 00 c7 24 d4 02 f0 00 3f 20 08 50 f0 03 b1 1a 03 00 d7 24 8e 7f 80 00 d4 04 00 f0 01 01 f0 00 d7 fd f2 51 7c 6b a6 81 a2 a6 fe b4 08 b5 0e 42 ac 50 ac 50 fd 59 c0 32 00 ed a7 50 60 d8 a4 d0 66 b3 50 f0 09 00 f3 9e 02 10 87 10 83 04 f0 1d 10 86 ac 32 00 fd 53 9c 37 60 d9 a4 d0 a8 0a 17 d3 54 4e a0 86 a6 a0 aa 0d dc 7a a6 50 f0 0f a8 0b 18 d1 cb 06 9c 54 14 05 01 92 0a 1a 14 15 05 01 92 0a 1a 17 b0 1a 01 00 c7 14 d4 0e f0 00 3f 20 8f 50 f0 03 b1 1a 03 00 b1 0a 50 00 d7 a8 0b 00 d1 cb 06 fe 60 d7 a4 d0 fe a8 0a 17 d3 54 4e fe f0 09 00 f3 9f 02 fe b0 07 53 00 49 a5 e5 a1 e6 a1 e7 d1 18 00 f8 a5 a9 da 50 f8 a5 ab da 50 f8 a5 ad da 50 d0 e7 06 fe b0 07 57 00 49 a5 e5 a1 e6 a1 e7 d1 18 00 f8 a5 b3 f1 50 d0 e7 06 fe e0 08 1b 0f 51 e0 08 1d 02 51 d1 20 00 d0 e7 06 d1 22 00 d8 1b 0e 51 a0 1b d0 e7 06 fe d1 20 00 a8 07 6d 9c 0e 60 99 04 00 fd 50 d0 e7 06 a1 3e a1 7f de 64 2f 51 a8 3f 2b 4b eb 00 fe a8 3f 25 4b e5 00 fe da a6 3d 51 6b a6 81 d0 0f 00 a4 78 fd f0 a9 2d 4b 51 16 81 00 fd f0 a9 2f 54 51 17 81 00 d1 34 07 d1 0f 00 d1 04 0e de cf 6f 51 fd f0 a9 ad 6d 51 fd f0 a9 2f 6f 51 9c 95 a6 cf fe e0 08 15 7a 51 d0 20 00 d0 22 00 d9 b0 84 51 d0 50 00 00 89 7f 6c 00 42 f0 00 3d 8a 51 fe d8 27 b1 51 de 50 b1 51 d8 18 b1 51 a0 18 a4 22 95 02 00 fd 9c 93 b0 12 00 00 b0 13 00 00 40 17 27 fe f0 00 e4 12 ff ff bc 51 b2 12 b2 13 e5 13 0a 00 cb 51 fd 9c 93 b0 13 00 00 c6 00 e2 00 00 de 51 dc 21 b2 51 c6 00 c0 00 06 ec b2 51 95 02 7f fd 46 19 07 fe d8 27 24 53 d8 22 24 53 a0 22 fd 43 a4 18 a4 21 9b f0 00 9c 8f 95 02 7f a8 0b 15 d1 cb 06 00 08 10 c1 80 19 70 77 10 c0 15 8a 08 50 03 f0 13 fd 9e 85 f0 13 ba 12 60 ef 84 40 15 81 09 ba 12 c0 08 07 ed 2e 52 f7 a4 fe c0 48 03 ed 37 52 f0 a4 fe c0 d0 02 ed 49 52 f1 84 e9 22 53 b0 14 01 00 d2 ec 52 c0 94 02 ed e2 52 f2 84 da a7 d0 52 a2 a7 f4 a4 a8 07 5c ac 0c 02 d1 f5 0e fe 9b 9b 9b 9b 9b 9b 9b 9b fe 00 09 f0 1d d4 03 7b 07 f0 04 d7 15 b3 10 c1 4a 53 02 77 06 5b 02 d4 02 fd 9e 39 63 06 67 06 f0 00 d7 fd 9e 86 60 10 07 75 06 60 10 d4 02 fd 9e 39 61 06 65 06 f0 00 d7 f0 1d 5a 02 07 46 4b 73 00 87 d4 03 7b 07 f0 04 d7 9c 55 a0 5e 00 f2 fe 01 a8 07 5c ac c3 04 61 20 02 54 00 5c 00 f6 00 f2 8b 01 fe b0 14 01 00 ba 12 c0 b2 02 ed df 52 e8 22 53 d2 ec 52 f3 84 de a7 55 52 b0 14 05 00 f5 a4 00 03 08 42 89 d6 14 1e 9f fd 9e 5e fd 01 13 03 fd 0f 03 08 40 01 97 15 10 c4 6a 10 10 c0 00 fd 03 7e 50 00 43 f0 05 01 ac 01 00 fd 54 d7 f0 1d 00 81 09 fe f6 a4 fe f0 00 3d 25 53 34 00 c8 80 a8 0b 15 a8 0b 00 a4 18 a4 21 fe fe fe fe fe fe fe fe fe fe fe fe fe fe fe fe fe fe fe fe fe fe fe fe fe fe fe fe fe fe fe fe fe fe fe fe fe fe fe fe fe fe fe fe fe 42 9f 53 6a 53 d8 7c 77 53 60 04 85 42 a0 7c d2 7b 53 60 05 85 42 f8 a4 66 87 53 60 fa a4 42 d2 8b 53 60 f9 a4 42 10 91 10 c1 0c f0 fd 9e 04 7f 6c 00 51 03 50 07 01 fd f2 fe 9c 1e 60 fb a4 42 fe d8 18 d3 53 a0 18 f0 00 3d ac 53 d8 76 d3 53 c5 00 c0 30 00 ec d3 53 17 ff 17 f3 a0 00 17 86 10 c1 80 1c 25 71 60 fd a4 40 17 f2 ca 02 fe f2 c3 ab f3 c3 ab d0 0f 00 fe d1 20 00 d2 ef 53 d1 21 00 9c 0e 60 99 04 00 fd 50 c3 e2 41 01 07 54 fd 31 0c 06 10 43 56 02 10 40 b0 0e 28 00 45 07 36 5d fe 30 f0 00 a8 09 16 b0 06 02 00 d4 05 11 86 10 44 77 69 10 45 aa 09 b1 06 02 00 d7 31 b0 1c 80 08 b0 1d 80 1c b0 1e 00 05 40 24 27 d8 26 3c 54 a8 2b 0a a6 ac d0 25 07 d8 26 45 54 a6 ac 81 13 04 70 14 f9 b0 1c 80 0c b0 1d 80 17 b0 1e 00 01 a8 09 1b d4 03 11 02 6a 04 aa 09 d7 f0 01 de ac c1 54 ba 17 c0 09 00 ed 7b 54 c0 13 00 ed 84 54 af d2 7c 54 ae bb 0b bc 18 0c d2 a0 54 bc 17 0b ba 18 c0 1d 00 ed 9b 54 c0 26 00 ed 9e 54 ad fe ff d2 9e 54 ad 02 00 bb 0c 1b 01 89 1d 81 89 b1 0b ff ff 1c 01 89 1e 81 89 b0 1f 1d 00 d3 a0 56 a2 a5 a8 0b 00 d1 cb 06 a6 a5 b0 16 1b 00 a8 09 1b a8 0a 1c 11 87 21 fd 24 11 12 bb 15 1e fa 12 f2 df 01 f0 01 1e f2 8d 02 40 24 27 40 55 67 d0 25 07 b0 1c 80 10 b0 1d 80 39 b0 1e 00 02 40 24 27 40 27 67 40 28 a7 81 13 00 53 d8 26 0b 55 a8 2b 0a a6 ac 9c 0b 15 f2 36 03 16 f2 36 03 17 f2 36 03 d0 25 07 a4 69 d8 26 24 55 a6 ac b0 1c 80 0e b0 1d 80 3a b0 1e 00 02 a8 09 15 d4 08 11 05 6a 04 08 40 00 aa 09 d7 d4 03 11 02 6a 04 aa 09 d7 a8 09 15 d4 08 11 f2 3d 03 aa 09 d7 1d f9 40 24 27 40 29 67 d0 25 07 f0 00 c6 00 e2 00 00 78 55 3d 5f 55 bb 1e c4 00 bb 1c c5 00 bb 1d d2 5f 55 fd 44 fd 47 fd 46 26 07 fe d1 0f 00 9c 8f b4 2b c0 0a 00 ec b1 55 c0 04 00 ec aa 55 c0 02 00 ec a3 55 60 27 85 20 9c 8f d2 b5 55 60 26 85 20 d2 b5 55 60 25 85 20 d2 b5 55 60 24 85 20 5d fe 34 00 f0 00 30 f0 00 00 f2 07 03 14 f2 07 03 f0 00 3d c6 55 00 fa 00 ff fd 59 e2 00 00 f4 55 9c 37 b0 06 05 00 d4 07 fd 59 e2 00 00 ef 55 3e 11 00 ef 55 ac 01 00 fd 53 f0 00 b2 06 d7 00 fe ab 2b e0 2b 00 cd 5e 77 28 c3 e2 41 01 39 56 e2 c9 01 51 56 e2 c7 01 22 56 e2 42 01 5a 56 e2 ca 01 72 56 68 c8 01 16 7b 00 d0 2c 07 ba 1f b5 08 c4 10 bb 17 c5 10 bb 18 68 c7 01 06 2f 00 a0 26 d0 21 07 68 41 01 04 3e 00 d3 8a 56 a2 a5 a8 0b 00 d1 cb 06 a6 a5 a0 26 d0 20 07 68 c9 01 02 39 00 d0 2b 07 68 42 01 08 73 00 d3 8a 56 a2 a5 a8 0b 00 d1 cb 06 a6 a5 a0 26 d0 22 07 68 ca 01 0a 7a 00 d3 8a 56 a2 a5 a8 0b 00 d1 cb 06 a6 a5 a0 26 d0 23 07 f0 03 30 da ac a0 56 00 8a bd 1c 0b bd 1d 0c bd 1e 0d 99 d2 b4 56 f0 00 ba 1f b5 08 c8 10 b1 0d 40 01 00 86 99 f0 00 3d af 56 fe f0 00 d8 19 be 56 d2 b5 56 a0 1a a4 19 81 13 04 53 f0 05 81 13 00 53 a4 1a d2 b5 56 f0 00 3d d9 56 d2 d1 56 f0 00 ca e7 0f 00 f7 56 3d d9 56 d8 1a d1 56 9c 16 81 13 04 53 f0 05 81 13 00 53 d2 d1 56 f0 00 3d f7 56 d2 d1 56 f0 00 3d 07 57 d2 ff 56 30 f0 00 3d 07 57 d8 69 07 57 31 d2 ff 56 dc 18 1a 57 fe a0 18 b0 13 00 00 c8 14 d3 e3 57 fd 42 f0 00 cb e7 80 00 d1 57 ca fd b0 0f 00 c1 00 eb 43 57 e2 00 00 27 57 a0 19 d2 c0 57 a4 19 bb 13 e2 09 00 7d 57 e2 05 00 84 57 e2 0a 00 8b 57 e2 06 00 92 57 e2 01 00 a7 57 e2 04 00 ae 57 e2 02 00 99 57 e2 08 00 a0 57 14 03 08 40 00 00 03 10 80 05 9b d2 27 57 b0 0a 03 00 d2 b5 57 b0 0a 05 00 d2 b5 57 b0 0a 01 00 d2 b5 57 b0 0a 07 00 d2 b5 57 b0 0a 00 00 d2 b5 57 b0 0a 02 00 d2 b5 57 b0 0a 04 00 d2 b5 57 b0 0a 06 00 d2 b5 57 00 09 fd 9e 30 ba 0a 70 10 81 04 14 0c d8 19 c9 57 08 40 03 ba 0a 70 68 01 d2 27 57 14 03 08 40 00 00 86 10 80 05 7f 80 00 fd 40 a4 18 fe 00 8f fd 03 10 c1 08 40 04 d4 03 fd 9e 2b f0 03 d7 c9 00 bb 0a c4 00 c1 00 ea 21 58 ec 0c 58 b0 06 00 00 bd 00 0b d2 10 58 b0 06 04 00 b9 0b fd b6 00 fc bb 08 00 87 fd 9e 2b 70 ba 08 69 c5 00 c1 00 ea 4a 58 ec 35 58 b0 06 02 00 bd 00 0c d2 39 58 b0 06 06 00 b9 0c fd b6 00 fc bb 09 00 87 fd 9e 2b 70 ba 09 69 00 8c 64 01 09 ba 0a 70 10 c0 fd 02 0b 04 fe a6 ac d0 25 07 a6 ac f2 c8 2d f2 c8 2f f2 c8 31 f2 c8 33 f2 c8 35 f2 c8 37 1c 83 63 08 71 40 3e 27 d0 25 07 d1 30 07 d8 18 9e 58 a0 18 9c 09 0c 0a 10 43 66 04 62 08 66 04 10 40 f0 07 14 06 06 10 45 d2 9f 58 fe 10 45 5a 05 51 05 5b 03 57 07 55 02 47 45 5a 05 5b 03 55 03 5a 05 5b 05 51 03 5b 03 53 05 5a 05 5b 02 51 02 57 0e 55 04 fd 9e 71 f0 1d 10 40 5b 04 53 11 fd 9e 71 f0 3b d2 9f 58 10 fd 10 f2 d6 01 52 0a fe d1 30 07 d8 19 04 59 a0 19 9c 09 0c 0a 10 43 66 04 62 08 66 04 10 40 f0 07 15 06 06 10 45 d2 05 59 fe 10 45 47 5a 02 5b 04 57 04 5a 07 10 44 5b 08 10 45 51 06 5a 03 53 06 57 0a 5a 04 5b 04 55 02 5b 04 51 02 5a 02 fd 9e 71 f0 1d 10 40 55 06 5b 02 53 09 5a 04 fd 9e 71 f0 3b d2 05 59 42 49 59 81 59 d2 81 59 b4 08 bb 1f a2 ac 10 fb c3 e2 41 01 82 59 e2 c7 01 82 59 e2 ca 01 82 59 9c 3a 34 80 f0 00 3d 81 59 34 ff f0 00 3d 81 59 34 80 d4 05 f0 00 3d 81 59 ca e6 ff 00 81 59 d7 fe 9c 3a 34 c0 f0 00 cb e7 80 00 c7 59 3d 03 5a 34 ff f0 00 cb e7 80 00 c7 59 3d 03 5a 34 c0 d4 05 f0 00 cb e7 80 00 c7 59 3d 03 5a ca e6 ff 00 b4 59 d7 34 ff f0 00 cb e7 80 00 c7 59 3d 03 5a 39 10 b6 59 5d fe c3 e2 41 01 ce 59 fe 34 80 ca e7 09 00 e3 59 e7 06 00 f1 59 f0 00 3d d0 59 d2 ff 59 00 89 10 41 67 02 3d e7 59 10 40 d2 ff 59 00 89 10 41 63 02 3d f5 59 10 40 d2 ff 59 34 ff 5d fe a0 69 34 00 c3 e2 c7 01 0e 5a 30 00 84 fd 03 6a 01 ba 1f b5 08 c8 10 d3 e3 57 34 ff c3 e2 c7 01 28 5a 31 a4 69 5d fe 81 13 04 53 b0 0f 08 00 45 33 77 d0 1f 07 81 13 04 53 b0 0f 08 00 45 33 77 d0 2e 07 81 13 00 53 fe b6 0a 00 e2 00 00 54 5a fe f0 00 3d 54 5a c7 00 b1 0a 00 04 b0 1a cc cc fd 3e 20 35 07 54 5a 9c 2c fe b0 07 cf 00 d0 11 00 d8 19 db 5a 35 80 fd 42 a0 19 b4 08 b5 09 00 95 fd 9e 3a c9 00 bb 15 c8 91 10 41 fd 03 88 fd 02 10 40 ba 15 70 cb e7 80 00 c2 5a 3d db 5a ca bb 08 e7 0a 00 b6 5a ba 08 e7 05 00 bc 5a f0 00 d2 99 5a 00 01 75 d2 b1 5a 00 01 71 d2 b1 5a 00 03 7f 6c 00 d4 0b f0 00 ca bb 08 e7 0a 00 e0 5a ba 08 e7 05 00 fd 5a d7 a4 19 fd 40 fe b4 08 e2 17 00 f2 5a 00 86 10 41 55 02 10 40 d2 db 5a 00 86 10 42 55 03 10 40 d2 db 5a 00 86 10 41 51 02 10 40 d2 db 5a 41 3a 5b 30 35 ff 34 00 15 88 fd 9e 59 08 40 04 f0 1d f0 00 3e 18 15 1a 5b 9c 3c 15 f9 00 90 10 81 7b 04 7e 90 00 08 43 06 48 f0 00 3d 32 5b d2 cf 55 35 00 40 39 27 fe 41 60 5b 30 35 ff 34 00 16 88 fd 9e 59 08 40 04 f0 1d f0 00 3e 18 16 52 5b 9c 3c 16 f9 d2 25 5b 35 00 40 3a 27 fe fd 40 fd 47 fd 46 37 07 fe fd 40 fd 47 fd 46 38 07 fe a0 20 fe b4 08 b5 0e 42 22 5d 5d 5c d8 1a 62 5c d9 de a4 5b a1 de 60 20 a5 d0 a2 a4 a8 0b 23 d1 cb 06 f0 13 a8 0b 00 d1 cb 06 a6 a4 60 14 a5 d0 66 ae 5b d2 bf 5b f0 09 00 f3 9f 02 a4 27 60 15 a5 d0 00 f2 37 03 fe f0 09 00 f3 9e 02 a4 27 60 19 85 e5 fd 59 c0 05 00 ec da 5b 1a a5 00 f2 37 03 fe 9c 37 ac 05 00 fd 53 da a1 05 5c 60 16 a5 d0 66 fd 5b f0 09 00 f3 9e 02 a4 27 a2 a1 60 17 85 e5 d2 05 5c f0 09 00 f3 9f 02 a4 27 60 18 a5 d0 67 19 5c 24 5c b0 13 05 00 a2 a3 a1 df d2 2c 5c b0 13 08 00 a2 a3 a5 df d2 2c 5c b0 13 01 00 a6 a3 a5 df b0 17 30 00 b0 16 64 00 60 22 a5 d0 a0 1a b0 14 01 00 25 9a 0c f0 fd 9e a1 7f 80 00 d4 04 01 f0 00 00 f0 01 d7 fd 03 0b 50 92 0a 4c 13 73 40 c4 26 00 f2 37 03 fe fd 43 a4 18 a4 23 e5 14 03 00 75 5c 60 1c 85 e5 d2 d0 5c 60 1b a5 d0 66 c8 5c f0 09 00 f3 9e 02 a4 27 b2 14 fd b6 13 01 b1 17 f0 ff b1 16 ec ff 00 8f 10 41 0c 04 7f 6c 00 80 0a 4c f0 00 3d 9e 5c f0 00 00 0b fd 03 03 10 45 4a 10 43 80 14 68 25 88 10 45 4a 10 43 80 14 68 00 87 10 c0 fd 02 02 0b 04 d2 3e 5c f0 09 00 f3 9f 02 a4 27 60 1d a5 d0 25 85 08 10 04 f0 27 da a3 ec 5c 9c 5e ba 13 fd 54 60 1e a5 41 d2 f6 5c 9c 0d ba 13 fd 52 60 1f a5 41 26 07 d4 03 7b 02 f0 00 d7 25 9a 0c f0 fd 9e a1 7f 80 00 d4 04 01 f0 00 00 f0 01 d7 fd 03 0b 50 92 14 68 12 73 a4 1a 00 f2 37 03 fe 60 20 a5 d0 fe b4 08 b5 0e 42 35 5d 30 5d 60 21 a5 d0 fe fd 43 a4 18 a4 23 a4 1a a2 a3 a1 df b0 17 30 00 b0 16 46 00 25 04 92 14 68 12 c8 90 00 85 fd 03 88 fd 02 10 9f 10 41 75 5a 0a 56 03 0c f0 fd 9e a1 7f 80 00 d4 04 01 f0 00 00 f0 01 d7 0b 50 92 14 70 00 73 fe a8 09 16 d4 04 f0 00 f8 c8 23 89 5d d2 7f 5d f2 c8 a3 1c 03 08 10 82 11 f2 38 03 f0 43 aa 09 d7 f0 13 f0 00 f8 c8 a3 9c 5d f2 c8 a3 a4 19 a0 18 f0 01 1c 06 fd 9e 77 08 10 82 11 f2 38 03 f0 00 f8 c8 a3 b8 5d f2 c8 a3 a0 19 a0 18 f0 01 1c 03 08 10 82 11 f2 38 03 f0 13 d2 7a 5d a0 18 00 a7 0c f0 fd 03 fd 9e 69 10 c1 08 43 06 7e 40 00 fd 02 42 c6 00 e3 00 00 eb 5d fd 9e 16 08 42 03 7e 60 00 f0 00 3d fc 5d d2 cf 55 95 01 60 d8 bc 11 5e 15 f9 17 f9 19 f9 d0 0f 00 d8 bc 1f 5e 68 66 80 07 48 00 fe 68 6c 80 07 48 00 fe d8 bc 31 5e 68 66 80 0e 56 00 fe 68 6c 80 0e 56 00 fe d8 bc 43 5e 68 66 80 0a 3a 00 fe 68 6c 80 0a 3a 00 fe d8 bc 55 5e 68 66 80 18 46 00 fe 68 6c 80 18 46 00 fe a0 18 fd 43 f0 01 00 08 06 7e 30 00 51 02 07 75 1c a7 fd 0d fd 9e 77 08 40 82 f0 3b 08 40 02 0b 04 fd 02 10 41 0c f0 d4 01 53 02 f0 00 fd 3d 1c b3 5e fd 9e 16 d7 53 02 01 fe da a9 a0 5e 60 fe a4 d0 a2 a9 60 ff a4 d0 4c 16 71 fe 60 00 a5 d0 da aa b6 5e 60 02 a5 d0 a2 aa 4c 17 71 fe d8 27 d6 5e a0 27 60 e4 a4 41 66 c8 5e fe 00 03 08 42 0c fd a4 f0 59 77 28 d0 1c 0d fe a4 27 fe da ab 03 5f de aa 03 5f 00 83 68 08 01 14 87 06 52 02 07 53 02 05 f0 3b 60 01 85 42 f0 63 64 77 28 a2 ab 68 0a 81 19 5f 00 fe 14 85 92 06 19 00 73 da ad 32 5f de ab 32 5f 70 14 99 92 05 1c 00 73 10 c1 d4 01 6a 08 6b 08 d7 75 f0 05 57 03 75 f0 05 73 10 c0 a2 ad fe d0 0f 00 a2 a2 68 8e 80 13 69 00 fe 35 ff fe 95 01 60 d8 bc 4a 5f 16 f9 71 fe b4 08 b5 0e fd 58 ac e2 00 00 5d 5f 60 11 a5 d0 fe d8 6a 65 5f 60 08 85 d0 60 09 a5 d0 66 ba 5f f0 09 00 f3 9e 02 fd 59 c0 f4 01 ec 7f 5f 60 0d a5 d0 fe 9c 37 ac f4 01 fd 53 b4 4a c0 02 00 ed a4 5f c0 04 00 ed 9b 5f 60 0c a5 d0 d2 aa 5f 60 0b 85 d0 07 a5 d2 aa 5f 60 0a 85 d0 07 a5 e0 4a 05 b1 5f aa 4a 9c 55 60 0e a5 42 50 ac fe f0 09 00 f3 9f 02 fe 60 23 a5 d0 d8 26 d5 5f ba 15 fd 52 9c 0d 60 1f a5 42 a0 26 fe 60 12 a5 d0 fe c2 16 1b 00 ea 01 60 b0 16 1b 00 a8 09 1b a8 0a 1c 11 87 21 fd 24 11 12 bb 15 1d fa 12 f2 df 01 f0 01 1d f2 8d 02 dd e0 0a 60 a5 e0 d0 30 07 fe c2 16 1c 00 ea 31 60 b0 16 1c 00 a8 09 1c a8 0a 1b 11 87 21 fd 24 11 12 bb 15 1d fa 12 f2 df 01 f0 01 1d f2 8d 02 dd e0 3a 60 a5 e0 d0 30 07 fe f0 00 3d 43 60 d2 3b 60 12 fa f0 00 3d 43 60 c6 00 c0 80 01 ed 3b 60 12 fb d2 3b 60 68 41 01 12 1e 00 a0 26 d0 20 07 68 42 01 1a 58 00 a0 26 d0 22 07 b4 08 b5 0f dc 19 7a 60 42 69 43 7a 60 da b8 88 60 d1 d1 06 dc 1b 87 60 a2 b8 fe d3 e2 43 16 07 f0 59 f2 3f ad fd 0c fe b4 08 b5 0f dc 19 a2 60 42 69 43 a2 60 da b9 b0 60 d1 d1 06 dc 1b af 60 a2 b9 fe d3 e2 43 1a 07 f0 59 f2 92 b5 fd 0c fe b4 08 b5 0f dc 19 ca 60 42 69 43 ca 60 da ba d8 60 d1 d1 06 dc 1b d7 60 a2 ba fe d3 e2 43 16 07 f0 59 f2 93 ad fd 0c fe b4 08 b5 0f dc 19 f2 60 42 69 43 f2 60 da bb 00 61 d1 d1 06 dc 1b ff 60 a2 bb fe d3 e2 43 17 07 f0 59 f2 94 af fd 0c fe b4 08 b5 0f dc 19 1a 61 42 69 43 1a 61 da bc 28 61 d1 d1 06 dc 1b 27 61 a2 bc fe d3 e2 43 1a 07 f0 59 f2 3e b5 fd 0c fe 35 ff 14 02 fd 01 15 02 fd 01 a2 b2 a6 af 6a fb 81 6b fb 81 de b1 53 61 d3 38 62 d2 54 61 71 40 6b 27 fe a6 b2 a6 ae 71 fe da ae 68 61 15 f9 17 f9 71 fe 14 f9 16 f9 71 fe 35 ff a2 af 6a fb 01 6b fb 01 de b1 82 61 d3 38 62 d2 83 61 71 40 6c 27 fe da b2 9a 61 a0 48 35 00 00 87 92 0e 09 12 7e 00 00 70 fe 71 a6 b2 fe da b0 a7 61 fd 46 66 07 fe 71 fe f0 07 4a b8 00 28 9b a1 e5 a5 e6 a5 e7 d1 18 00 6b 67 80 6a 67 a0 71 fd 5b fd 5c a2 b0 fe d1 41 00 da af d5 61 68 ef 80 1d 25 00 fe a2 b1 e4 13 05 00 0b 62 e4 13 04 00 04 62 e4 13 03 00 fd 61 e4 13 02 00 f6 61 68 db 81 16 74 00 fe 68 db 81 1b 56 00 fe 68 db 81 13 52 00 fe 68 db 81 19 48 00 fe 68 db 81 1c 6a 00 fe a2 b1 d1 41 00 68 b2 81 08 23 00 fe a2 ae da b3 27 62 6b da 81 14 09 10 44 65 04 62 08 73 0b 80 da b1 38 62 71 fe 70 00 98 fd 03 0c 04 93 00 ff fe 7e 70 00 42 0b 04 fd 02 f0 00 3d 4b 62 fd 9e 3a a6 b1 fe d1 41 00 a2 b1 68 da 81 14 23 00 fe f0 00 c6 00 c0 00 04 ec 62 62 00 f9 a0 48 35 00 68 bd 81 03 1c 00 fe f0 00 c6 00 c0 00 07 ec 79 62 fd 47 00 f9 a0 48 35 00 68 fb 81 0e 09 00 fe d8 18 bb 62 a0 18 d1 30 07 00 02 fd 01 14 0a 06 10 45 57 04 45 53 04 41 73 15 0e 06 10 45 53 04 41 57 04 45 73 f0 00 a4 18 fe 68 bb 81 14 19 00 fe da ae ce 62 68 bd 81 07 15 00 fe 68 da 81 14 15 00 fe b0 07 d5 00 49 d8 01 0e 63 d8 00 cc 32 10 f9 71 da b3 0d 63 f0 00 3e 18 14 e9 62 14 f9 f2 da 29 00 91 fd 03 08 43 07 10 41 7e 80 00 52 03 10 c0 09 fd 02 a2 b3 6b da 81 fe 70 10 fd 10 fb fe da b0 34 63 00 f9 9c 13 f0 31 76 b4 9c 5b 0c 89 10 43 d4 3b 60 08 64 08 d7 68 67 80 17 36 00 fe 68 67 00 17 36 00 70 a0 48 35 00 00 87 92 18 36 12 7e 00 00 fe 00 02 fd 00 fe b0 07 d5 00 49 d8 01 0e 63 d8 00 cc 32 10 f9 10 fd 71 10 f2 39 03 fe b0 07 d6 00 49 d8 01 0e 63 d8 00 cc 32 10 f9 10 fd 71 10 f2 3a 03 fe 30 e8 87 63 b0 07 88 00 d2 8b 63 b0 07 89 00 49 d8 01 99 63 d8 00 cc 32 10 81 01 a0 68 10 fd 10 fb 31 71 b0 0e 02 00 fe 30 e8 af 63 b0 07 7a 00 d2 8b 63 b0 07 7b 00 d2 8b 63 30 b0 07 d3 00 d2 8b 63 35 00 a0 19 10 0f fd 0d fd 9e 42 7f 80 00 10 41 51 02 01 a4 18 00 0d 10 44 5b 03 10 40 fd 9e 0c 04 08 41 0f b0 0e 5a 00 45 7a 07 fe d8 19 5e 64 d8 18 5e 64 a0 18 a4 1a c8 00 b1 0d 00 08 ca e6 0f 00 3c 64 ca e7 40 00 0a 64 a0 1a c9 00 e2 06 00 26 64 e2 07 00 2d 64 e2 00 00 38 64 b1 0b 40 ff b1 0c c0 00 d2 3c 64 b1 0c 80 fe d2 3c 64 b1 0b 80 01 b1 0c 40 ff d2 3c 64 b1 0b 80 01 1c 20 dc 1a 44 64 f0 03 99 fd 0c fd 9e 4e 00 fd 03 10 44 5b 08 fd 0d d4 07 00 f0 00 01 f0 00 d7 a4 18 fe 00 82 05 09 35 ff a4 19 fe d8 18 7a 64 a0 18 b0 13 01 00 a4 19 a4 1a a4 1b a4 1c fe d8 19 8d 64 a0 19 b0 13 02 00 a4 18 a4 1a a4 1b a4 1c fe d8 1a a0 64 a0 1a b0 13 03 00 a4 18 a4 19 a4 1b a4 1c fe d8 1b b3 64 a0 1b b0 13 04 00 a4 18 a4 19 a4 1a a4 1c fe 10 fd 9c 3a e0 08 15 d1 64 14 86 73 06 10 40 55 08 d3 e5 64 14 06 10 41 51 08 fd 0c fe 15 86 73 06 10 40 51 08 d3 e5 64 15 06 10 41 55 08 fd 0c fe 34 ff f0 00 3d ef 64 d2 e7 64 fe d8 1c 02 65 a0 1c b0 13 05 00 a4 18 a4 19 a4 1a a4 1b fe 30 b0 07 d4 00 d2 8b 63 a0 20 fe a4 20 fe d8 cc 1c 65 68 d5 81 0f 37 00 fe 68 96 81 0f 37 00 fe ff a2 9d da 46 43 65 b4 1d e2 00 00 38 65 14 85 d6 00 63 02 d7 14 83 08 40 02 d8 27 b0 70 71 fe a2 46 14 87 92 0b 3e 08 08 40 02 d8 27 b0 70 71 fe 14 08 67 07 61 02 73 10 85 04 15 06 65 04 71 10 85 04 16 85 10 85 08 40 07 71 fe aa 1d 14 a1 f0 00 08 48 01 f0 05 08 48 02 f0 0e 10 41 5a 03 10 42 5a 01 10 43 5a 01 10 44 5b 03 08 48 00 5b 02 00 03 7e 6c 00 15 03 7e 6c 00 16 03 7e 6c 00 9c 49 0c 8e 10 43 62 16 66 16 62 0e 66 0e 62 08 66 08 e0 1d 07 dd 65 d2 e3 65 18 83 9b 9b 9b dc 7b 42 48 d2 2a 48 60 93 ab 40 fe 60 90 ab 40 fe 60 91 ab 40 fe 60 92 ab 40 fe 60 93 ab 40 a2 46 fe d2 04 66 da 47 04 66 0c 06 10 44 90 0b 05 00 17 8a 92 10 10 00 61 08 00 04 fd 01 71 d2 64 66 fe 17 0e 10 80 04 92 0f 13 00 61 08 67 02 73 04 00 14 13 0c 04 fd 03 10 80 04 92 0d 11 02 61 0c 63 04 73 00 fd 01 15 13 0c 04 fd 03 10 80 04 92 0e 12 02 61 08 63 04 73 00 fd 01 16 93 0c 04 fd 03 10 80 04 92 0e 13 02 61 04 63 04 73 00 fd 01 15 f2 6e 03 14 f2 6f 03 16 f2 6f 03 6b 8e 81 71 fe f0 1d 60 a1 ab d0 f0 1d 17 92 05 f0 1d 10 81 53 02 f0 1d 06 10 43 57 01 9c 2d f0 1d 60 a2 ab d0 f0 0e 18 8b 92 0d 17 00 77 06 61 08 00 61 08 f0 13 60 a3 ab 62 f0 3b 17 88 10 45 63 0f 10 80 04 07 f0 13 60 a4 ab d0 14 14 f0 05 92 0e 10 00 61 0c 73 06 00 9c 4d 7f 70 00 63 14 04 07 15 10 92 0e 11 00 61 08 73 06 00 7f 70 00 63 14 04 07 16 92 f0 07 92 0f 12 00 61 04 73 06 00 7f 70 00 63 14 04 07 f0 0e 60 a5 ab d0 f0 2c 60 a6 ab d0 f0 0e 60 aa 2b 62 fd 60 00 81 71 65 64 00 01 77 18 87 f0 09 10 45 65 08 01 a2 47 15 f2 6e 03 14 f2 6f 03 16 f2 6f 03 6b 8e 81 fe 60 a7 ab d0 4c 14 71 fe 60 a8 ab d0 4c 11 71 fe d1 41 00 68 ab 09 1d 2e 00 a0 26 d0 30 06 14 f9 a8 07 7c ac 8f 0b d1 f4 0e f2 44 29 fe fe fe 19 09 63 08 65 02 10 85 08 40 80 14 86 10 85 67 03 73 04 71 fe 60 ab ab 42 67 78 67 85 67 19 8a f0 04 fd 9e 05 10 85 08 40 80 fe 19 8a f0 04 fd 9e 05 10 80 08 40 80 fe 19 8a f0 04 fd 9e 05 10 81 08 40 83 fe 9b 9b 9b 9b 9b 9b 9b 9b 9b 9b 9b 9b 9b 9b 9b 9b 9b 9b 9b 9b 9b 9b 9b 9b 9b 9b 9b 9b 9b 9b 9b 9b 9b 9b 9b 9b 9b 9b 9b 9b 9b 9b 9b 9b 9b 9b 9b 9b 9b 9b 9b 9b 9b 9b 9b 9b 9b 9b 9b 9b 9b 9b 9b 9b 9b 9b 9b 9b 9b 9b 9b 9b 9b 9b 9b 9b 9b 9b 9b 9b 9b 9b 9b 9b 9b 9b 9b 9b 9b 9b 9b 9b 9b 9b 9b 9b 9b 9b 9b 9b 9b 9b 9b 9b 9b 9b 9b 9b 9b 9b 9b 9b 9b 9b 9b 9b 9b 9b 9b 9b 9b 9b 9b 9b 9b 9b 9b 9b 9b 9b 9b 9b 9b 9b 9b 9b 9b 9b 9b 9b 9b 9b 9b 9b 9b 9b 9b 9b 9b 9b 9b 9b 9b 9b 9b 9b 9b 9b 9b 9b 9b 9b 9b 9b 9b 9b 9b 9b 9b 9b 9b 9b 9b 9b 9b 9b 9b 9b 9b 9b 9b 9b 9b 9b 9b 9b 9b 9b 9b 9b 9b 9b 9b 9b 9b 9b 9b 9b 9b 9b 9b 9b 9b 9b 9b 9b 9b 9b 9b 9b 9b 9b 9b 9b 9b 9b 9b 9b 9b 9b 9b 9b 9b 9b 9b 9b 9b 9b 9b 9b 9b 9b 9b 9b 9b 9b 9b 9b 9b 9b 9b 9b 9b 9b 9b 9b 9b 9b 9b 9b 9b 9b 9b 9b 9b 9b 9b 9b 9b 9b 9b 9b 9b 9b 9b 9b 9b 9b 9b 9b 9b 9b 9b 9b 9b 9b 9b 9b 9b 9b 9b 9b 9b 9b 9b 9b 9b 9b 9b 9b 9b 9b 9b 9b 9b 9b 9b 9b 9b 9b 9b 9b 9b 9b 9b 9b 9b 9b 9b 9b 9b 9b 9b 9b 9b 9b 9b 9b 9b 9b 9b 9b 9b 9b 9b 9b 9b 9b 9b 9b 9b 9b 9b 9b 9b 9b 9b 9b 9b 9b 9b 9b 9b 9b 9b 9b 9b 9b 9b 9b 9b 9b 9b 9b 9b 9b 9b 9b 9b 9b 9b 9b 9b 9b 9b 9b 9b 9b 9b 9b 9b 9b 9b 9b 9b 9b 9b 9b 9b 9b 9b 9b 9b 9b 9b 9b 9b 9b 9b 9b 9b 9b 9b 9b 9b 9b 9b 9b 9b 9b 9b 9b 9b 9b 9b 9b 9b 9b 9b 9b 9b 9b 9b 9b 9b 9b 9b 9b 9b 9b 9b 9b 9b 9b 9b 9b 9b 9b 9b 9b 9b 9b 9b 9b 9b 9b 9b 9b 9b 9b 9b 9b 9b 9b 9b 9b 9b 9b 9b 9b 9b 9b 9b 9b 9b 9b 9b 9b 9b 9b 9b 9b 9b 9b 9b 9b 9b 9b 9b 9b 9b 9b 9b 9b 9b 9b 9b 9b 9b 9b 9b 9b 9b 9b 9b 9b 9b 9b 9b 9b 9b 9b 9b 9b 9b 9b 9b 9b 9b 9b 9b 9b 9b 9b 9b 9b 9b 9b 9b 9b 9b 9b 9b 9b 9b 9b 9b 9b 9b 9b 9b 9b 9b 9b 9b 9b 9b 9b 9b 9b 9b 9b 9b 9b 9b 9b 9b 9b 9b 9b 9b 9b 9b 9b 9b 9b 9b 9b 9b 9b 9b 9b 9b 9b 9b 9b 9b 9b 9b 9b 9b 9b 9b 9b 9b 9b 9b 9b 9b 9b 9b 9b 9b 9b 9b 9b 9b 9b 9b 9b 9b 9b 9b 9b 9b 9b 9b 9b 9b 9b 9b 9b 9b 9b 9b 9b 9b 9b 9b 9b 9b 9b 9b 9b 9b 9b 9b 9b 9b 9b 9b 9b 9b 9b 9b 9b 9b 9b 9b 9b 9b 9b 9b 9b 9b 9b 9b 9b 9b 9b 9b 9b 9b 9b 9b 9b 9b 9b 9b 9b 9b 9b 9b 9b 9b 9b 9b 9b 9b 9b 9b 9b 9b 9b 9b 9b 9b 9b 9b 9b 9b 9b 9b 9b 9b 9b 9b 9b 9b 9b fe 14 09 65 03 67 0e 08 48 89 fd 01 16 06 0c 04 65 05 63 03 15 86 67 05 61 03 73 04 71 fe 95 00 00 f0 0e 14 ef 10 45 f0 04 08 48 90 f0 09 08 48 89 f0 04 08 48 88 65 03 9c 26 f0 13 08 48 89 f0 04 61 03 9c 27 f0 09 08 48 8f f0 09 08 48 89 f0 04 08 48 8a 65 03 9c 28 f0 13 08 48 89 f0 04 61 03 9c 29 f0 09 08 48 92 f0 09 08 48 89 f0 03 08 48 91 f0 00 7f 25 00 f0 04 9c 25 f0 17 08 48 89 f0 07 9c 28 f0 1d 08 48 93 9c 29 f0 1d 08 48 94 9c 2a f0 1d a2 48 95 05 64 fe da 94 d4 6a 60 4a aa 40 a2 94 b4 28 bb 12 ac 27 00 b9 12 e2 00 00 e7 6a 60 4b aa 40 fe 60 4c aa 40 fe fd ac c0 00 da 92 6b 6b da 90 50 6b da 91 27 6b a2 91 60 40 aa 40 c0 1e 00 ec 0d 6b 60 41 aa 40 fe 60 42 aa 40 a8 07 51 ac 0c 02 d1 f5 0e a2 90 fd ac c0 00 c0 64 00 ec 5b 6b fe 60 43 aa 40 c0 1e 00 ec 36 6b 60 44 aa 40 fe 60 45 aa 40 a8 07 51 ac 0c 02 d1 f5 0e a2 90 fd ac c0 00 c0 64 00 ec 5b 6b fe 60 43 aa 40 c0 64 00 ec 5b 6b fe 60 47 aa 40 a8 07 45 ac 0c 02 d1 f5 0e a2 92 fe 60 48 aa 40 fe 0c 08 10 44 50 02 56 01 66 08 da 55 ad 6b da 52 9c 6b da 51 92 6b 15 85 82 06 0d 77 00 71 d2 cc 6b fe 15 86 92 05 0f 00 73 00 71 fe 15 05 82 05 09 71 00 14 86 92 05 0f 00 73 00 71 fe 15 07 82 05 0e 73 00 fd 0b 14 8a 92 06 10 00 73 00 fd 00 fd 0b 14 f2 ee 03 15 f2 ee 03 71 fe f0 00 f0 00 15 8b 73 f0 1d 10 80 08 50 02 f0 0e 09 d2 f9 6b 60 d5 ab 60 f0 0e 9b 9b 16 8b 92 03 13 00 77 06 61 08 00 61 08 f0 13 f0 3b 15 88 10 81 10 40 53 02 09 07 d2 25 6c f0 13 60 d7 ab 60 f0 0e 60 d8 2b 62 fd 60 00 81 71 65 64 00 01 77 16 87 f0 09 10 45 65 08 01 a2 51 fe da 55 da 6c da 52 d5 6c d2 3f 6c 60 d9 ab d0 60 db ab d0 f0 1d fd 31 00 88 0c f0 10 c1 80 05 10 77 15 03 10 80 73 15 13 06 10 41 7e 35 00 57 01 f0 13 10 80 9c 65 08 50 04 f0 2c 00 91 06 10 41 7e 35 00 53 01 f0 13 10 80 08 54 02 f0 2c 4a bd 00 2e fd 5b fd 5c d8 00 8e 6c d8 01 8e 6c 14 86 92 06 08 03 73 00 71 15 0b f0 45 09 73 07 f0 1d 10 c5 53 01 00 8f f0 45 09 77 07 f0 1d 10 c5 57 01 0b f0 10 c0 fd 30 f0 1d d8 01 cb 6c dc 00 c8 6c 94 95 00 64 91 33 60 dc ab d0 fe 60 dd ab 60 d2 df 6c 60 20 aa d0 fe 60 da ab d0 fe 60 e4 ab d0 fe 60 18 ad d0 fe 15 91 10 81 08 40 09 f0 2c 09 77 f0 2c 10 c2 80 05 09 77 d2 f5 6c 15 04 f0 4f 07 71 14 92 0c 04 f0 0e 71 f0 1d 10 40 10 80 fd 00 7f 30 00 51 01 14 de f0 04 10 45 51 02 53 02 fd 01 10 46 53 01 f0 0e 09 06 10 43 10 81 7e 30 00 fd 9e 79 61 04 01 61 08 00 61 04 f0 00 07 f0 00 75 f0 00 06 f0 00 7e 30 00 fd 9e 79 63 04 01 63 20 00 63 04 f0 00 07 f0 00 77 f0 00 06 f0 00 7e 30 00 fd 9e 79 65 04 01 65 0a 00 65 04 f0 00 07 f0 00 77 f0 04 d2 72 6d 00 09 10 c0 08 42 03 f0 13 09 73 14 c1 0c f0 f0 18 fd 9e 79 65 04 01 65 0a 00 65 04 f0 00 07 f0 00 71 f0 00 06 f0 00 fd 9e 79 67 04 01 67 10 00 67 04 f0 00 07 f0 00 73 f0 00 06 f0 00 fd 9e 79 61 04 01 61 0a 00 61 04 f0 00 73 0b f0 07 d2 c7 6d 60 e7 ab 60 00 8f 10 c1 08 40 08 f0 1d 10 c0 f0 1d 09 77 f0 09 a2 52 b0 05 e2 00 d0 d0 02 fe da 55 47 6f 14 03 10 80 73 00 88 0c f0 10 c1 80 05 10 77 da 54 28 6e da 53 25 6e d2 28 6e 60 e9 ab d0 9b 9b 9b 9b 9b 9b 9b 9b 9b 9b 9b 9b 9b 9b 9b 9b 9b 9b 9b 9b 9b 9b 9b 9b 9b 9b 9b 9b 9b 9b 9b 9b 9b d2 28 6e f0 1d fd 31 14 11 06 10 41 7e 35 00 57 01 f0 13 10 80 08 50 03 f0 2c 00 97 06 10 41 7e 35 00 53 01 f0 13 10 80 08 54 02 9c 60 f0 0e 9c 60 f0 1d da 54 6e 6e da 53 67 6e 4a b2 00 2e d2 75 6e 4a bb 00 2e d2 75 6e 4a bc 00 2e d2 75 6e fd 5b fd 5c f0 00 94 95 00 64 91 33 f0 00 71 14 0b f0 45 09 73 07 f0 1d 10 c5 53 01 00 8f f0 45 09 77 07 f0 1d 10 c5 57 01 0b f0 10 c0 fd 30 f0 1d d8 01 42 6f d8 00 38 6f da 54 c4 6e da 53 bd 6e a2 53 fe 60 ec ab d0 a2 54 fe 60 0b ad d0 f0 00 f0 00 f0 00 14 bc 10 c3 07 51 01 53 04 55 01 53 01 01 9c 10 f0 00 9c 16 f0 00 9c 3a f0 00 9c 19 f0 07 9c 19 f0 07 9c 19 f0 00 9c 19 f0 07 9c 19 f0 07 9c 19 f0 00 9c 10 00 57 01 51 01 80 06 10 9b 73 f0 00 14 09 10 40 06 fd 01 9b 9b fd 00 15 88 10 c1 80 05 0e 73 10 c0 f0 00 f0 00 14 f2 ee 03 15 f2 ee 03 6a 44 a1 a2 55 b0 05 d8 00 d0 d0 02 fe 60 e8 ab d0 fe 60 e5 ab d0 fe 60 ed ab d0 fe 60 19 ad d0 fe 60 fc a4 40 fe da 50 67 6f de 49 67 6f de 48 67 6f 00 81 77 60 9d ab d0 d2 df 67 68 44 81 07 36 00 fe 9c 0e 15 f9 16 f8 16 f2 0e 00 fe da 9b 9e 6f 9c 05 16 f2 07 00 c7 10 ba 0a ad 60 02 bb 0a 9c 5e 3f 13 8e 6f 53 01 a2 9b f2 0b ad f2 0b 2b aa 28 fe 68 5f 01 1d 2d 00 a2 56 4a d8 00 2f dc 00 b0 6f fb 6b 44 01 6a 44 a1 68 44 01 0b 3f 00 9b a2 9c fd 5b fd 5c b0 05 d9 00 d0 d0 02 fe 9b 9b 9b 9b 9b 9b 9b 9b 9b 9b 9b 9b 9b 9b 9b 9b 9b 9b 9b 9b 9b 9b 9b 9b 9b 9b 9b 9b 9b 9b 9b 9b 9b 9b 9b 9b 9b 9b 9b 9b 9b 9b 9b 9b 9b 9b 9b 9b 9b 9b 9b 9b 9b 9b 9b 9b 9b 9b 9b 9b 9b 9b 9b 9b 9b 9b 9b 9b 9b 9b 9b 9b 9b 9b 9b 9b 9b 9b 9b 9b 9b 9b 9b 9b 9b 9b 9b 9b 9b 9b 9b 9b 9b 9b 9b 9b 9b 9b 9b 9b 9b 9b 9b 9b 9b 9b 9b 9b 9b 9b 9b 9b 9b 9b 9b 9b 9b 9b 9b 9b 9b 9b 9b 9b 9b 9b 9b 9b 9b 9b 9b 9b 9b 9b 9b 9b 9b 9b 9b 9b 9b 9b 9b 9b 9b 9b 9b fe 60 07 ad 02 a8 07 8a fd 5e e2 00 00 85 70 f0 0e 60 08 ad 42 f0 0e 6b 44 81 9c 51 f0 0e 60 09 ad 42 16 f9 f2 44 2d fe a8 3f 26 a0 97 b4 08 b5 26 34 00 fd 31 31 9c 96 00 f3 98 01 00 91 fd 03 03 10 44 fd 01 5a 0e b4 26 b5 09 c8 91 89 fe 75 fd 4a 34 00 fd 31 00 89 0c 04 fd 01 09 72 fd 03 03 71 00 9e fd 02 f0 00 3d c4 70 fd 0d 0c f0 fd 00 7f a5 00 f0 13 0b 04 42 f0 00 3d d7 70 fd 0c 0b f0 00 f3 8b 01 fd 30 34 ff a4 27 fe 15 06 07 61 08 73 f0 00 18 89 65 04 66 09 08 40 01 13 01 71 fe b0 11 08 00 44 03 fc 9c 47 fd 5b fd 5c a8 07 a1 fd 5e e2 00 00 3d 71 a8 07 a2 fd 5e e2 00 00 3d 71 a8 07 a3 fd 5e e2 00 00 3d 71 a8 07 00 a8 07 59 ac 0c 02 d1 f4 0e 51 a1 51 a2 51 a3 fe fd 40 a0 4d 17 8a f0 01 08 48 0c f0 03 08 48 0d 6a 8f a1 00 89 67 10 62 02 10 85 08 40 0d 14 f2 38 02 f0 3b 60 96 ab 40 f0 13 15 f2 38 02 f0 3b 60 94 ab 40 f0 13 16 f2 38 02 f0 3b 60 95 ab 40 f0 13 60 97 ab 40 f0 3b 14 83 71 f0 1d 60 98 ab 40 f0 0e 16 83 75 f0 1d 60 99 ab 40 f0 1d 60 9a ab 40 f0 13 14 01 73 16 81 73 f0 13 14 04 10 45 5b 01 15 04 10 45 5b 01 16 84 10 45 5b 01 f0 09 14 05 10 45 53 02 71 16 85 10 45 53 02 75 f0 2c 15 f2 66 03 60 ad ab 40 15 f2 67 03 f0 13 14 f2 68 03 60 ae ab 40 14 f2 69 03 f0 13 16 f2 6a 03 60 af ab 40 16 f2 6b 03 f0 13 60 b0 ab 40 f0 09 14 f2 39 02 15 f2 39 02 16 f2 39 02 f0 6d 17 8b 10 85 09 04 f0 13 10 40 80 05 2f 60 b1 ab 40 17 8d 80 08 2e f0 01 08 48 0c f0 03 08 48 0d f0 6d 14 f2 38 02 f0 2c 60 b2 ab 40 f0 1d 16 f2 38 02 f0 2c 60 b3 ab 40 f0 1d 15 f2 38 02 f0 2c 60 b4 ab 40 f0 1d 60 b5 ab 40 14 f2 39 02 15 f2 39 02 16 f2 39 02 f0 3b 7f 00 00 00 93 82 95 00 64 17 03 08 48 00 00 8b 9c 1e 10 83 08 40 0e f0 0e 10 80 95 06 64 cb f0 00 fd b0 80 00 e2 80 00 91 72 d2 82 72 6a 8f 21 00 8a 09 10 80 7f 78 00 62 20 10 c0 f0 00 9c 3a a4 4d fe f0 3b 14 07 92 04 2c 01 71 f0 00 15 09 92 05 2b 01 61 08 73 f0 00 16 87 92 05 2f 01 75 f0 00 de 4c 47 73 de 4d 47 73 de 4e 47 73 14 f2 38 02 15 f2 38 02 16 f2 38 02 da 4f bd 73 f0 59 60 be ab 40 f0 3b 14 f2 68 03 60 bf ab 40 14 f2 69 03 f0 1d 16 f2 6a 03 60 c0 ab 40 16 f2 6b 03 f0 1d 15 f2 66 03 60 c1 ab 40 15 f2 67 03 f0 3b 60 c2 ab 40 f0 2c 14 f2 68 03 16 f2 6a 03 15 f2 66 03 f0 95 14 f2 69 03 16 f2 6b 03 15 f2 67 03 f0 3b a2 4f 51 a1 51 a2 51 a3 54 00 59 9c 55 d2 52 72 fe 14 f2 38 02 15 f2 38 02 16 f2 38 02 f0 59 14 f2 68 03 da 4e 64 73 60 b6 ab 40 d2 68 73 60 b7 ab 40 14 f2 69 03 f0 1d 16 f2 6a 03 da 4d 7d 73 60 b8 ab 40 d2 81 73 60 b9 ab 40 16 f2 6b 03 f0 1d 15 f2 66 03 da 4c 96 73 60 ba ab 40 d2 9a 73 60 bb ab 40 15 f2 67 03 f0 3b d2 52 72 60 bc ab d0 fe a8 07 a2 ac bd 0b d1 f4 0e 17 f9 f2 bd 2e fe 9b 9b 9b 9b 9b fe f0 59 fd 4d 00 02 e2 59 00 d1 73 60 c4 ab 40 f0 1d d2 52 72 60 c3 ab 40 f0 1d d2 52 72 da 9c e3 73 60 0a ad 40 fe 60 1c ad 40 fe 14 85 55 01 08 40 01 71 fe 60 8d ab d0 fe de 9b fe 73 16 f3 b2 02 14 05 65 08 08 40 01 15 05 67 06 73 f0 00 16 85 67 06 73 f0 00 71 da 9b 23 74 d1 04 0e de cf 23 74 9c 95 a6 cf fe 60 8e ab d0 fe da 64 31 74 4b e6 00 fe 4b ec 00 fe 14 05 61 08 73 fd 01 15 05 66 02 08 40 00 16 07 66 02 64 01 08 40 01 17 85 66 03 08 40 02 a0 1a 71 fe d8 19 69 74 d8 1b 64 74 14 f2 62 03 fe 14 f2 64 03 fe fe d8 1a 7c 74 d8 1b 77 74 14 f2 60 03 fe 14 f2 65 03 fe fe d8 1b 8f 74 d8 1a 8a 74 14 f2 61 03 fe 14 f2 63 03 fe fe d8 1a a0 74 d8 1b 2e 75 60 0f aa d0 4c 12 71 fe 60 10 aa d0 66 29 75 fd 59 c0 1e 00 ec b4 74 60 12 aa d0 fe ac 1e 00 fd 53 60 14 aa d0 95 02 00 8f 00 12 03 f0 09 9c 36 f0 31 00 83 08 4a 1e f0 3b 8f 00 00 01 f0 1d 00 0b 92 08 38 02 61 08 63 08 08 42 08 14 01 77 0c 86 10 43 90 04 29 00 f0 1d 8f 00 28 03 f0 09 95 06 64 f0 09 cb f0 00 fd b0 80 00 e2 80 00 0b 75 d2 fc 74 8f 00 ff 05 00 8a 09 10 80 7f 78 00 f0 3b 10 c0 60 15 aa d0 14 81 73 f0 13 fd 5b fd 5c fe 60 13 aa d0 fe 60 11 aa d0 4c 13 71 fe 17 82 62 07 8a 0f 54 da 97 68 75 d8 fc 7d 75 da 81 5a 75 da 96 5a 75 15 8b 67 06 73 fd 0f 01 08 40 02 10 86 91 3d d8 27 79 75 71 fe 91 3d da 99 73 75 16 89 82 13 10 67 08 08 40 80 00 d8 27 79 75 71 fe d1 51 00 fe 91 32 d2 73 75 fe da 95 23 76 da 96 23 76 95 00 00 00 92 0c 04 0c f0 08 42 83 f0 1d 09 10 c3 80 11 0f f0 01 71 f0 27 f0 09 00 83 08 48 88 f0 1d f0 4f 15 8c 09 05 f0 1d 10 45 10 85 63 06 f0 0e 00 95 08 43 80 7f 30 00 f0 1d 09 07 10 c3 57 01 51 07 0b 04 0b f0 01 9b 9b 9b 9b 9b 9b 9b 9b 9b 9b 9b 9b 9b 9b 9b 9b 68 6e 00 02 38 00 0c 89 10 43 80 01 31 55 01 60 0d 8a 0f 6f 14 05 63 03 65 03 77 15 05 63 03 65 03 77 16 85 63 03 65 03 77 71 fd 31 00 8c 10 c3 51 0a 7f 50 00 53 02 77 10 c0 f0 3b d2 d8 76 fe d8 fc 72 76 14 05 63 03 65 03 77 15 05 63 03 65 03 77 16 85 63 03 65 03 77 da 96 70 76 da 81 70 76 da 93 6b 76 d2 6b 76 8a 0f 6f 00 05 92 06 44 02 77 17 08 92 08 45 00 00 63 09 04 16 02 67 05 0c 85 10 43 80 02 35 8a 0f 6f 71 fe 71 fe 14 07 63 05 65 01 08 40 83 15 07 63 05 65 01 08 40 83 16 87 63 05 65 01 08 40 83 71 fe 72 3c 17 09 10 46 d4 04 63 01 f0 13 d7 16 8a 06 10 46 d4 04 63 01 f0 13 d7 17 a5 05 06 f0 1d 10 81 10 45 57 01 f0 13 10 85 08 50 06 f0 59 07 05 09 10 41 10 81 08 48 83 f0 1d 08 40 81 55 0f 01 f0 3b 9c 10 f0 1d a2 93 fe 95 00 00 91 01 94 60 20 ad 42 f0 1d 34 00 f0 00 f0 09 9c 10 f0 3b 34 80 f0 00 91 01 f0 8e f0 ea f0 75 17 a2 82 02 38 63 05 61 10 03 08 08 80 00 f0 1e 08 08 85 f0 1e 10 85 02 04 08 10 84 f0 41 05 08 48 80 f0 10 d3 dc 7a f0 0c d3 ed 7a f0 0c d3 dc 7a d3 20 7b d3 be 79 f0 0b d3 dc 7a f0 0c d3 ed 7a f0 0b d3 dc 7a d3 20 7b d3 cc 79 f0 0b d3 dc 7a f0 0c d3 ed 7a f0 0b d3 dc 7a 17 84 08 08 00 73 b0 00 00 00 a6 57 d4 12 f0 00 cb e6 80 00 6d 77 a2 57 d7 da 57 1c 7a 17 0a 02 04 10 80 08 50 03 f0 13 05 a6 57 b0 00 00 00 d4 16 f0 00 cb e6 80 00 90 77 a2 57 d7 de 57 60 7a b0 00 00 00 f0 10 d3 dc 7a f0 0c d3 ed 7a f0 0b d3 dc 7a f0 49 17 ae 02 10 41 10 82 06 08 10 80 55 03 f0 18 73 10 42 10 80 08 08 00 f0 23 04 d4 08 08 10 05 f0 01 08 10 00 f0 01 d7 08 50 05 f0 31 08 08 00 05 f0 04 b0 12 00 00 b0 00 00 00 a6 57 d4 11 f0 00 cb e6 80 00 f2 77 a2 57 d7 da 57 1c 7a b2 12 e5 12 07 00 e0 77 17 84 08 08 80 71 f0 11 d3 dc 7a f0 0c d3 ed 7a f0 0b d3 dc 7a d3 20 7b d3 da 79 f0 0b d3 fe 7a f0 0c d3 0f 7b f0 0b d3 fe 7a 17 84 08 08 00 73 b0 00 00 00 a6 57 d4 12 f0 00 cb e6 80 00 41 78 a2 57 d7 da 57 1c 7a 17 0a 02 04 10 80 08 50 03 f0 13 05 a6 57 b0 00 00 00 d4 16 f0 00 cb e6 80 00 64 78 a2 57 d7 de 57 60 7a b0 00 00 00 f0 11 d3 0f 7b f0 0c d3 fe 7a f0 0c d3 0f 7b d3 20 7b d3 cc 79 17 99 08 48 00 f0 16 08 48 80 f0 2c 08 48 00 f0 2c 10 41 10 83 08 00 80 51 03 fe 17 84 08 08 00 73 b0 00 00 00 a6 57 d4 03 f0 00 cb e6 80 00 b5 78 a2 57 d7 da 57 1c 7a 17 0a 02 04 10 80 08 50 03 f0 13 05 a6 57 b0 00 00 00 d4 16 f0 00 cb e6 80 00 d8 78 a2 57 d7 de 57 60 7a b0 00 00 00 f0 10 d3 dc 7a f0 0c d3 ed 7a f0 0c d3 dc 7a d3 20 7b d3 da 79 f0 0b d3 fe 7a f0 0c d3 0f 7b f0 0b d3 fe 7a 17 cf 08 08 00 02 73 f0 0f 04 10 80 08 50 03 f0 08 03 f0 07 05 75 08 48 84 f0 2c 10 40 10 80 02 f0 13 08 40 81 55 09 10 43 10 83 55 03 01 05 f0 08 0c 04 f0 25 82 7f 42 00 08 00 80 51 0e f0 13 82 0b 4b 63 05 08 00 81 75 00 55 09 73 08 00 00 05 f0 18 17 0a 02 04 10 80 08 50 03 f0 13 05 a6 57 b0 00 00 00 d4 16 f0 00 cb e6 80 00 76 79 a2 57 d7 de 57 1c 7a b0 00 00 00 f0 1d 34 00 a4 18 a4 19 17 88 10 85 08 50 06 f0 59 05 f0 13 17 8a 07 75 08 00 81 10 c1 55 0b 01 f0 3b 9c 10 f0 1d 00 8b 7f 60 00 57 02 72 08 52 0a f0 3b 00 f3 8b 01 a2 95 f2 70 2a fd 30 fe 14 8b 10 c1 06 63 05 67 05 63 03 67 03 fe 15 8b 10 c1 06 63 05 67 05 63 03 67 03 fe 16 8b 10 c1 06 63 05 67 05 63 03 67 03 fe 34 00 4a d0 00 16 dc 00 f3 79 fb f2 70 2c 16 f9 71 a6 97 b0 05 db 00 d0 d0 02 fe fe b0 00 00 00 a6 57 d4 13 f0 00 cb e6 80 00 16 7a a2 57 d7 da 57 1c 7a fe 94 17 8c 08 48 00 f0 13 10 80 08 40 04 f0 2c 17 0f 04 02 10 c3 08 00 81 55 09 55 02 01 05 f0 27 00 85 f0 3b 08 48 8a f0 3b 9c 10 f0 3b d8 22 64 7b 60 14 ad 60 00 81 09 a4 18 a4 19 a0 22 f0 1d d2 f5 7b fe 94 34 00 fd 31 0c 0c f0 0e 9c 16 67 04 63 04 67 02 63 02 17 05 f0 31 08 48 00 00 a7 06 02 04 10 80 08 42 07 f0 04 03 10 41 08 52 03 53 01 f0 18 02 10 83 08 40 89 f0 13 09 05 10 c0 10 41 7f 6c 00 57 01 f0 27 17 87 10 80 08 40 07 f0 3b 17 08 10 c3 08 00 81 55 0b 01 00 85 f0 3b 08 48 8a f0 3b 9c 10 f0 3b d8 22 64 7b 60 15 ad 60 00 81 09 a4 18 a4 19 a0 22 f0 1d d2 f5 7b fe f2 9f 3a 1d f9 b0 05 d2 00 d0 d0 02 9b 9b 9b 9b fe 9b 9b 9b 9b 9b 9b 9b 9b 9b 9b 9b 9b 9b 9b 9b 9b 9b d8 66 05 7b d0 e1 0e d0 9d 02 9b 9b 9b 9b 9b 9b fe 17 8e 03 10 c0 10 85 08 50 81 f0 0b 08 50 8b 45 fe 17 94 02 10 c0 f0 02 73 08 48 00 f0 0e 04 08 10 03 f0 12 08 48 00 fe 17 8c 10 c1 10 80 08 50 03 f0 09 08 48 00 fe 17 8c 03 10 c1 08 50 80 41 f0 01 08 50 89 fe 17 8c 03 10 c1 08 50 80 41 f0 01 08 50 88 fe 60 16 ad 60 00 81 09 34 00 f0 3b 95 05 00 17 9d 82 02 38 63 05 61 10 08 40 80 10 83 10 41 00 51 09 08 48 00 f0 1d 10 85 08 40 06 f0 77 17 14 08 48 09 f0 27 08 48 0a f0 27 08 48 0b f0 27 08 48 0c f0 27 00 8d f0 27 f0 27 f0 1d 10 83 08 40 89 f0 31 4a d0 00 16 dc 00 bf 7b fb fd 30 8a 0f 54 17 05 10 81 08 40 06 00 82 09 77 71 17 8b f0 3b 75 08 40 81 10 c3 55 0b 01 f0 22 9c 10 f0 09 a2 96 f2 70 2a 00 f3 8b 01 34 ff fd 5b fd 5c 91 3d fe f0 09 9c 10 f0 3b 34 80 f0 00 91 01 f0 8e f0 ea f0 82 d2 fa 76 16 f9 a8 07 5b ac 17 0d d1 f5 0e f2 70 2c a2 99 fe d8 fc 26 7c 68 73 80 1f 14 00 fe 68 f5 81 1f 14 00 fe a8 1b 02 71 fe 6a de a1 6a de a1 6a de a3 6a de a3 6a de a5 6b de 81 40 01 2d 14 03 77 f0 00 19 06 10 43 63 0e 61 08 1a 06 10 43 63 0e 61 08 1b 86 10 43 63 0e 61 08 c4 00 e3 10 00 74 7c 14 87 92 10 2a 0a 73 f0 00 71 fe 10 f2 a2 03 fe 6b df 81 16 02 65 08 17 02 61 08 18 02 61 08 19 02 65 08 1a 02 61 08 1b 82 61 08 c4 00 e3 0c 00 b3 7c 14 05 92 02 42 00 77 15 05 92 02 43 00 77 14 f2 e5 03 15 f2 e5 03 71 fe d8 18 bb 7c a0 18 fe f2 dd a9 f2 dd ab f2 dd ad f2 dd af f2 dd b1 f2 dd b3 f2 de ab f2 de ad f2 de af f2 de b1 f2 df ad f2 df af f2 df b1 f2 df b3 f2 c5 ab f2 c5 ad f2 c5 af f2 c5 b1 f2 c5 b3 f2 c5 b5 4b c4 00 fe 71 fe d8 19 6b 7d a0 19 14 06 92 08 36 00 73 09 15 85 92 06 39 00 73 da 9e 1d 7d 14 f3 ec 03 f0 3b 3e 22 15 1d 7d 14 f2 ed 03 00 03 f0 04 73 15 89 73 00 f0 27 08 50 04 f0 3b 4a e0 00 07 dc 00 46 7d fd 5b fd 5c d0 1c 0d fe 14 05 92 05 37 00 01 15 85 92 07 3b 00 01 6a cb a1 6b cb 81 6a cb a1 6b cb 81 71 3e 22 14 61 7d 3e 22 15 61 7d fe d8 1a db 7d a0 1a 14 06 92 0c 2e 00 73 09 16 85 92 0a 31 00 73 da 9e 8b 7d 14 f3 ec 03 f0 3b 3e 22 16 8b 7d 14 f2 ed 03 00 03 f0 04 73 16 8b 73 00 f0 27 10 85 08 50 03 f0 3b 4a e1 00 07 dc 00 b6 7d fd 5b fd 5c d0 1c 0d fe 14 05 92 09 2f 00 01 16 85 92 0b 33 00 01 6a cb a3 6b cb 83 6a cb a3 6b cb 83 71 3e 22 14 d1 7d 3e 22 16 d1 7d fe d8 1b 4b 7e a0 1b 14 06 92 10 26 00 73 09 17 85 92 0e 29 00 73 da 9e fb 7d 14 f3 ec 03 f0 3b 3e 22 17 fb 7d 14 f2 ed 03 00 03 f0 04 73 17 8b 73 00 f0 27 10 80 08 50 03 f0 31 4a e2 00 07 dc 00 26 7e fd 5b fd 5c d0 1c 0d fe 14 05 92 0d 27 00 01 17 85 92 0f 2b 00 01 6a cb a5 6b cb 85 6a cb a5 6b cb 85 71 3e 22 14 41 7e 3e 22 17 41 7e fe d8 1c bb 7e a0 1c 14 06 92 14 1e 00 73 09 18 85 92 12 21 00 73 da 9e 6b 7e 14 f3 ec 03 f0 3b 3e 22 18 6b 7e 14 f2 ed 03 00 03 f0 04 73 18 8b 73 00 f0 27 10 85 08 50 03 f0 3b 4a e3 00 07 dc 00 96 7e fd 5b fd 5c d0 1c 0d fe 14 05 92 11 1f 00 01 18 85 92 13 23 00 01 6a cb a7 6b cb 87 6a cb a7 6b cb 87 71 3e 22 14 b1 7e 3e 22 18 b1 7e fe 71 fe d8 19 2d 7f a0 19 14 06 92 08 36 00 73 09 15 85 92 06 39 00 73 da 9e dd 7e 14 f3 ec 03 f0 3b 3e 22 15 dd 7e 14 f2 ed 03 00 03 f0 04 73 15 8b 73 00 f0 27 10 85 08 50 04 f0 3b 4a e4 00 07 dc 00 08 7f fd 5b fd 5c d0 1c 0d fe 14 05 92 05 37 00 01 15 85 92 07 3b 00 01 6a cc a1 6b cc 81 6a cc a1 6b cc 81 71 3e 22 14 23 7f 3e 22 15 23 7f fe d8 1a 9d 7f a0 1a 14 06 92 0c 2e 00 73 09 16 85 92 0a 31 01 73 da 9e 4d 7f 14 f3 ec 03 f0 3b 3e 22 16 4d 7f 14 f2 ed 03 00 03 f0 04 73 16 8b 73 00 f0 27 10 80 08 50 03 f0 3b 4a e5 00 07 dc 00 78 7f fd 5b fd 5c d0 1c 0d fe 14 05 92 09 2f 00 01 16 85 92 0b 33 00 01 6a cc a3 6b cc 83 6a cc a3 6b cc 83 71 3e 22 14 93 7f 3e 22 16 93 7f fe d8 1b 0d 80 a0 1b 14 06 92 10 26 00 73 09 17 85 92 0e 29 01 73 da 9e bd 7f 14 f3 ec 03 f0 3b 3e 22 17 bd 7f 14 f2 ed 03 00 03 f0 04 73 17 8b 73 00 f0 27 10 80 08 50 03 f0 3b 4a e6 00 07 dc 00 e8 7f fd 5b fd 5c d0 1c 0d fe 14 05 92 0d 27 00 01 17 85 92 0f 2b 00 01 6a cc a5 6b cc 85 6a cc a5 6b cc 85 71 3e 22 14 03 80 3e 22 17 03 80 fe d8 1c 7d 80 a0 1c 14 06 92 14 1e 00 73 09 18 85 92 12 21 00 73 da 9e 2d 80 14 f3 ec 03 f0 3b 3e 22 18 2d 80 14 f2 ed 03 00 03 f0 04 73 18 8b 73 00 f0 27 10 80 08 50 04 f0 40 4a e7 00 07 dc 00 58 80 fd 5b fd 5c d0 1c 0d fe 14 05 92 11 1f 00 01 18 85 92 13 23 00 01 6a cc a7 6b cc 87 6a cc a7 6b cc 87 71 3e 22 14 73 80 3e 22 18 73 80 fe 71 fe d8 19 ed 80 a0 19 14 06 92 08 36 00 73 09 15 85 92 06 39 00 73 da 9e 9f 80 14 f3 ec 03 f0 3b 3e 22 15 9f 80 14 f2 ed 03 00 03 f0 04 73 15 89 73 00 f0 27 08 40 02 f0 3b 4a e8 00 07 dc 00 c8 80 fd 5b fd 5c d0 1c 0d fe 14 05 92 05 37 00 01 15 85 92 07 3b 00 01 6a cd a1 6b cd 81 6a cd a1 6b cd 81 71 3e 22 14 e3 80 3e 22 15 e3 80 fe d8 1a 60 81 a0 1a 14 06 92 0c 2e 00 73 09 16 85 92 0a 31 00 73 da 9e 0d 81 14 f3 ec 03 f0 3b 3e 22 16 0d 81 14 f2 ed 03 00 03 f0 04 73 16 8e 73 08 48 06 00 f0 27 10 80 08 50 08 f0 3b 4a e9 00 07 dc 00 3b 81 fd 5b fd 5c d0 1c 0d fe 14 05 92 09 2f 00 01 16 85 92 0b 33 00 01 6a cd a3 6b cd 83 6a cd a3 6b cd 83 71 3e 22 14 56 81 3e 22 16 56 81 fe d8 1b d0 81 a0 1b 14 06 92 10 26 00 73 09 17 85 92 0e 29 00 73 da 9e 80 81 14 f3 ec 03 f0 3b 3e 22 17 80 81 14 f2 ed 03 00 03 f0 04 73 17 8b 73 00 f0 27 10 80 08 50 03 f0 31 4a ea 00 07 dc 00 ab 81 fd 5b fd 5c d0 1c 0d fe 14 05 92 0d 27 00 01 17 85 92 0f 2b 00 01 6a cd a5 6b cd 85 6a cd a5 6b cd 85 71 3e 22 14 c6 81 3e 22 17 c6 81 fe d8 1c 50 82 a0 1c 14 06 92 14 1e 00 73 09 18 85 92 12 21 00 73 da 9e f0 81 14 f3 ec 03 f0 3b 3e 22 18 f0 81 14 f2 ed 03 00 03 f0 04 73 18 9b 73 08 50 04 00 f0 22 10 43 5a 02 10 41 6b 06 6a 06 6b 04 6a 04 6b 02 6a 02 f0 13 4a eb 00 07 dc 00 2b 82 fd 5b fd 5c d0 1c 0d fe 14 05 92 11 1f 00 01 18 85 92 13 23 00 01 6a cd a7 6b cd 87 6a cd a7 6b cd 87 71 3e 22 14 46 82 3e 22 18 46 82 fe 71 fe d8 19 c2 82 a0 19 14 06 92 08 36 00 73 09 15 85 92 06 39 00 73 da 9e 72 82 14 f3 ec 03 f0 3b 3e 22 15 72 82 14 f2 ed 03 00 03 f0 04 73 15 8b 73 00 f0 27 10 80 08 50 03 f0 31 4a ec 00 07 dc 00 9d 82 fd 5b fd 5c d0 1c 0d fe 14 05 92 05 37 00 01 15 85 92 07 3b 00 01 6a ce a1 6b ce 81 6a ce a1 6b ce 81 71 3e 22 14 b8 82 3e 22 15 b8 82 fe d8 1a 32 83 a0 1a 14 06 92 0c 2e 00 73 09 16 85 92 0a 31 01 73 da 9e e2 82 14 f3 ec 03 f0 3b 3e 22 16 e2 82 14 f2 ed 03 00 03 f0 04 73 16 8b 73 00 f0 27 10 80 08 50 03 f0 31 4a ed 00 07 dc 00 0d 83 fd 5b fd 5c d0 1c 0d fe 14 05 92 09 2f 00 01 16 85 92 0b 33 00 01 6a ce a3 6b ce 83 6a ce a3 6b ce 83 71 3e 22 14 28 83 3e 22 16 28 83 fe d8 1b a2 83 a0 1b 14 06 92 10 26 00 73 09 17 85 92 0e 29 00 73 da 9e 52 83 14 f3 ec 03 f0 3b 3e 22 17 52 83 14 f2 ed 03 00 03 f0 04 73 17 8b 73 00 f0 27 10 80 08 50 03 f0 45 4a ee 00 07 dc 00 7d 83 fd 5b fd 5c d0 1c 0d fe 14 05 92 0d 27 00 01 17 85 92 0f 2b 00 01 6a ce a5 6b ce 85 6a ce a5 6b ce 85 71 3e 22 14 98 83 3e 22 17 98 83 fe d8 1c 12 84 a0 1c 14 06 92 14 1e 00 73 09 18 85 92 12 21 00 73 da 9e c2 83 14 f3 ec 03 f0 3b 3e 22 18 c2 83 14 f2 ed 03 00 03 f0 04 73 18 8b 73 00 f0 27 10 80 08 50 03 f0 31 4a ef 00 07 dc 00 ed 83 fd 5b fd 5c d0 1c 0d fe 14 05 92 11 1f 00 01 18 85 92 13 23 00 01 6a ce a7 6b ce 87 6a ce a7 6b ce 87 71 3e 22 14 08 84 3e 22 18 08 84 fe 71 fe d8 19 84 84 a0 19 14 06 92 08 36 00 73 09 15 85 92 06 39 00 73 da 9e 34 84 14 f3 ec 03 f0 3b 3e 22 15 34 84 14 f2 ed 03 00 03 f0 04 73 15 8b 73 00 f0 27 10 80 08 50 03 f0 31 4a f0 00 07 dc 00 5f 84 fd 5b fd 5c d0 1c 0d fe 14 05 92 05 37 00 01 15 85 92 07 3b 00 01 6a 78 a1 6b 78 81 6a 78 a1 6b 78 81 71 3e 22 14 7a 84 3e 22 15 7a 84 fe d8 1a f4 84 a0 1a 14 06 92 0c 2e 00 73 09 16 85 92 0a 31 01 73 da 9e a4 84 14 f3 ec 03 f0 3b 3e 22 16 a4 84 14 f2 ed 03 00 03 f0 04 73 16 8b 73 00 f0 27 10 80 08 50 03 f0 31 4a f1 00 07 dc 00 cf 84 fd 5b fd 5c d0 1c 0d fe 14 05 92 09 2f 00 01 16 85 92 0b 33 00 01 6a 78 a3 6b 78 83 6a 78 a3 6b 78 83 71 3e 22 14 ea 84 3e 22 16 ea 84 fe d8 1b 64 85 a0 1b 14 06 92 10 26 00 73 09 17 85 92 0e 29 00 73 da 9e 14 85 14 f3 ec 03 f0 3b 3e 22 17 14 85 14 f2 ed 03 00 03 f0 04 73 17 8b 73 00 f0 27 10 80 08 50 04 f0 45 4a f2 00 07 dc 00 3f 85 fd 5b fd 5c d0 1c 0d fe 14 05 92 0d 27 00 01 17 85 92 0f 2b 00 01 6a 78 a5 6b 78 85 6a 78 a5 6b 78 85 71 3e 22 14 5a 85 3e 22 17 5a 85 fe d8 1c d4 85 a0 1c 14 06 92 14 1e 00 73 09 18 85 92 12 21 01 73 da 9e 84 85 14 f3 ec 03 f0 3b 3e 22 18 84 85 14 f2 ed 03 00 03 f0 04 73 18 8b 73 00 f0 27 10 80 08 50 03 f0 31 4a f3 00 07 dc 00 af 85 fd 5b fd 5c d0 1c 0d fe 14 05 92 11 1f 00 01 18 85 92 13 23 00 01 6a 78 a7 6b 78 87 6a 78 a7 6b 78 87 71 3e 22 14 ca 85 3e 22 18 ca 85 fe 71 fe d8 19 4b 86 a0 19 14 06 92 08 36 00 73 09 15 85 92 06 39 00 73 da 9e f6 85 14 f3 ec 03 f0 3b 3e 22 15 f6 85 14 f2 ed 03 00 03 f0 04 73 15 90 73 08 40 08 00 f0 1d 10 43 56 03 08 40 00 f0 1d 4a f4 00 07 dc 00 26 86 fd 5b fd 5c d0 1c 0d fe 14 05 92 05 37 00 01 15 85 92 07 3b 00 01 6a 79 a1 6b 79 81 6a 79 a1 6b 79 81 71 3e 22 14 41 86 3e 22 15 41 86 fe d8 1a bb 86 a0 1a 14 06 92 0c 2e 00 73 09 16 85 92 0a 31 01 73 da 9e 6b 86 14 f3 ec 03 f0 3b 3e 22 16 6b 86 14 f2 ed 03 00 03 f0 04 73 16 8b 73 00 f0 27 10 80 08 50 03 f0 31 4a f5 00 07 dc 00 96 86 fd 5b fd 5c d0 1c 0d fe 14 05 92 09 2f 00 01 16 85 92 0b 33 00 01 6a 79 a3 6b 79 83 6a 79 a3 6b 79 83 71 3e 22 14 b1 86 3e 22 16 b1 86 fe d8 1b 2e 87 a0 1b 14 06 92 10 26 00 73 09 17 85 92 0e 29 00 73 da 9e db 86 14 f3 ec 03 f0 3b 3e 22 17 db 86 14 f2 ed 03 00 03 f0 04 73 17 8e 73 08 48 09 00 f0 27 10 80 08 40 03 f0 31 4a f6 00 07 dc 00 09 87 fd 5b fd 5c d0 1c 0d fe 14 05 92 0d 27 00 01 17 85 92 0f 2b 00 01 6a 79 a5 6b 79 85 6a 79 a5 6b 79 85 71 3e 22 14 24 87 3e 22 17 24 87 fe d8 1c 9e 87 a0 1c 14 06 92 14 1e 00 73 09 18 85 92 12 21 00 73 da 9e 4e 87 14 f3 ec 03 f0 3b 3e 22 18 4e 87 14 f2 ed 03 00 03 f0 04 73 18 8b 73 00 f0 27 10 80 08 50 04 f0 45 4a f7 00 07 dc 00 79 87 fd 5b fd 5c d0 1c 0d fe 14 05 92 11 1f 00 01 18 85 92 13 23 00 01 6a 79 a7 6b 79 87 6a 79 a7 6b 79 87 71 3e 22 14 94 87 3e 22 18 94 87 fe da 9e a8 87 71 d2 c3 87 fe 9b 9b 9b 9b 9b 9b 14 f2 0e 00 16 06 82 18 62 00 71 04 14 85 92 1b 68 07 00 71 fe f0 1d 95 07 00 0c 84 10 42 57 04 16 a3 82 19 65 73 fd 9e 2c d4 01 00 f0 01 01 f0 03 d7 d4 01 00 f0 01 01 f0 01 d7 d4 01 00 f0 00 01 f0 00 d7 00 f0 0e 16 85 10 80 08 50 0a f0 4f 4a d1 00 07 dc 00 09 88 d0 eb 0e 71 91 33 89 ec 0b 8a 16 a6 71 f0 3b 08 48 86 f0 03 08 48 87 f0 03 08 48 88 f0 03 08 48 89 f0 03 08 48 8a f0 03 08 48 8b f0 03 08 48 8c f0 0e 16 9e f0 09 08 48 8d f0 03 08 48 8e f0 03 d4 04 08 48 8f f0 03 08 48 90 f0 03 08 48 91 f0 03 d7 8a 0f 8b 14 f2 0e 00 14 9e 9c 37 d4 01 00 f0 01 01 f0 03 d7 d4 01 00 f0 01 01 f0 01 d7 d4 01 00 f0 00 01 f0 00 d7 00 16 83 09 73 04 16 88 10 c1 55 03 71 10 80 04 15 87 f0 09 10 45 65 08 01 a2 9e fd 5b fd 5c b0 05 e3 00 d0 d0 02 fe 9b 9b 9b 9b 9b 9b 9b 9b 9b 9b 9b 9b 9b 9b 9b 9b 9b 9b 9b 9b 9b 9b 9b 9b 9b 9b 9b 9b 9b 9b 9b 9b 9b 9b 9b 9b 9b 9b 9b 9b 9b 9b 9b 9b 9b 9b 9b 9b 9b 9b 9b 9b 9b 9b 9b 9b 9b 9b 9b 9b 9b 9b 9b 9b 9b 9b 9b 9b 9b 9b 9b 9b fe 9b 9b 9b 9b 9b 9b 9b 9b 9b 9b 9b 9b 9b 9b 9b 9b 9b 9b 9b 9b 9b 9b 9b 9b 9b 9b 9b 9b 9b 9b 9b 9b 9b 9b 9b 9b 9b 9b 9b 9b 9b 9b 9b 9b 9b 9b 9b 9c 47 7f 88 22 03 37 7f 00 00 03 37 82 fd 5b fd 5c 9b 9b 9b 9b fe da 9f 6b 89 14 0e 10 85 10 44 67 08 65 04 14 0b 04 fd 0f 03 15 0f 10 44 67 13 66 03 14 0b 04 fd 0f 03 08 40 00 16 8f 10 44 67 17 61 0c 14 0b 04 fd 0f 03 08 40 03 71 fe 17 02 61 08 18 82 61 08 6b 90 81 14 f9 15 f9 16 f9 81 11 00 00 71 fe da 9f 34 8a d8 a2 0f 8a 00 91 77 f0 1d 75 08 40 09 f0 09 09 f0 09 08 42 83 f0 09 0c 8c 10 42 56 01 10 42 56 02 10 42 56 0b f0 3b f0 0e fd 31 00 af 92 0c 2e 00 f0 00 08 41 04 fd 0f 03 0a 00 20 07 24 e0 fd 00 ff 25 00 0d 80 ff f0 2b 21 08 48 17 f0 04 08 48 03 f0 07 08 48 0f f0 02 08 48 83 14 8a 10 42 06 f0 13 10 80 08 50 01 95 00 00 4a d2 00 1d dc 00 fc 89 d0 eb 0e fd 5b fd 5c a0 a2 68 90 81 02 42 00 b0 05 e4 00 d0 d0 02 4a ba 00 10 dc 00 1a 8a d0 eb 0e fd 5b a2 9f a1 45 68 90 81 02 42 00 da 4d 2c 8a a1 85 b0 05 e5 00 d0 d0 02 9b fe f8 c5 2d 3e 8a 16 f2 f2 03 fd 8f 02 81 04 13 60 15 01 04 17 06 61 04 75 10 81 04 18 05 63 03 61 01 73 19 85 63 03 61 01 73 c4 00 e3 1b 00 6d 8a 18 f9 19 f9 a0 19 a0 1a 71 fe f8 c5 2b 7e 8a d8 18 7e 8a 15 f2 f1 03 a0 18 fe f8 c5 31 8e 8a d8 19 8e 8a 18 f2 f3 03 a0 19 fe f8 c5 33 a1 8a d8 1a a1 8a 19 f2 f5 03 f2 c5 33 a0 1a fe d1 20 00 34 ff f0 07 81 04 13 60 fe 71 9b 9b 9b 9b 9b 9b 9b fe f0 27 14 8e 82 04 25 10 c5 77 06 61 04 00 61 0c 75 07 00 83 f0 13 71 60 62 0d 60 fd 60 fd 60 14 85 10 80 08 40 85 65 64 f0 09 14 85 09 06 65 0c 01 00 83 f0 09 77 a2 d3 fe da 36 fb 8a 68 31 81 04 31 00 fe 68 31 89 04 31 00 fe da 36 0d 8b 68 35 81 10 2a 00 fe 68 35 89 10 2a 00 fe da 36 1f 8b 68 36 81 0f 48 00 fe 68 36 89 0f 48 00 fe da 36 31 8b 68 36 81 12 42 00 fe 68 36 89 12 42 00 fe da 36 43 8b 68 37 81 18 10 00 fe 68 37 89 18 10 00 fe da 36 55 8b 68 38 81 18 28 00 fe 68 38 89 18 28 00 fe da 36 67 8b 68 39 81 18 40 00 fe 68 39 89 18 40 00 fe da 39 7b 8b 60 56 ab d0 a2 39 d2 82 8b 60 59 ab d0 d2 82 8b d9 ef 2a 8c da 30 c5 8b d2 8d 8b de 41 96 8b 60 61 ab d0 fe da 41 c2 8b 60 5f ab d0 66 c2 8b fd 59 c0 64 00 ed bb 8b ac 64 00 fd 53 a2 41 9c 55 60 60 ab d0 50 94 d2 c2 8b 60 5e ab d0 d2 c2 8b d2 bf 8c de 41 d2 8b de 40 d2 8b 60 61 ab d0 fe da 41 fe 8b 60 5f ab d0 66 fe 8b fd 59 c0 64 00 ed f7 8b ac 64 00 fd 53 a2 41 9c 55 60 60 ab d0 50 94 d2 fe 8b 60 5e ab d0 d2 fe 8b da 40 bf 8c 60 5c ab d0 66 bf 8c fd 59 c0 c8 00 ed f7 8b ac c8 00 fd 53 a2 40 9c 55 60 60 ab d0 50 91 d2 bf 8c 60 5e ab d0 d2 bf 8c de 41 3b 8c de 40 3b 8c de 42 3b 8c 60 61 ab d0 fe da 41 67 8c 60 5f ab d0 66 67 8c fd 59 c0 64 00 ed 60 8c ac 64 00 fd 53 a2 41 9c 55 60 60 ab d0 50 94 d2 67 8c 60 5e ab d0 d2 67 8c da 40 93 8c 60 5c ab d0 66 93 8c fd 59 c0 c8 00 ed 8c 8c ac c8 00 fd 53 a2 40 9c 55 60 60 ab d0 50 91 d2 93 8c 60 5e ab d0 d2 93 8c da 42 bf 8c 60 62 ab d0 66 bf 8c fd 59 c0 2c 01 ed b8 8c ac 2c 01 fd 53 a2 42 9c 55 60 60 ab d0 50 22 d2 bf 8c 60 5e ab d0 d2 bf 8c 60 5d ab d0 fe 95 00 00 f0 3b 68 0f 00 04 10 00 95 00 00 0c 06 10 43 90 00 02 00 00 0e fd 0f 03 0c 04 92 04 1a 00 67 01 75 03 01 0d 04 10 43 50 01 0e 84 10 43 54 01 14 0f fd 0f 03 0c 04 92 04 1a 00 67 0c 65 08 75 00 15 14 fd 0f 03 0c 04 92 04 1a 00 57 01 67 08 61 0c 77 00 10 85 04 16 16 fd 0f 03 0c 04 92 04 1a 00 61 04 57 02 67 08 61 10 75 00 10 85 04 17 12 fd 0f 03 0c 04 92 04 1a 00 51 01 62 04 75 00 10 85 04 18 12 fd 0f 03 0c 04 92 04 1a 00 51 01 67 0a 62 04 00 73 04 19 96 fd 0f 03 0c 04 92 04 1a 00 57 01 67 08 51 03 63 08 62 08 73 04 00 73 3c 91 42 f0 59 14 89 10 81 04 7f 80 00 f0 1d 05 f0 18 15 02 05 75 16 03 f0 04 05 17 07 05 f0 04 77 f0 09 75 18 04 f0 13 75 05 19 8c f0 04 75 05 f0 0e 04 73 f0 31 75 05 f0 3b 1a b9 08 40 00 fd 0f 03 0c 04 92 7f 0f 00 66 0b 64 18 00 04 20 01 26 00 00 00 00 00 00 00 00 00 00 00 00 00 00 00 00 10 46 52 03 62 01 20 00 f0 45 08 40 01 f0 77 08 40 02 f0 2c 19 02 73 04 14 f2 ef 03 18 f2 f0 03 15 07 04 f0 2c 77 f0 1d 75 16 06 f0 0b 04 7f 40 00 17 83 10 80 04 f0 59 77 32 f0 59 d0 1c 0f 14 0b fd 0f 03 92 04 17 00 00 63 08 75 15 09 fd 0f 03 92 05 16 00 00 75 16 0b fd 0f 03 92 05 15 00 00 67 08 75 18 0a fd 0f 03 92 05 11 00 00 73 09 1a 86 82 04 14 71 04 00 17 f9 da d1 f8 8e 71 00 82 63 0c f0 3b 60 60 ad 60 18 8a 10 45 10 80 53 02 63 06 f0 4a 1a 03 f0 09 05 18 8e f0 2c 06 10 86 67 0a f0 13 07 10 80 55 03 f0 31 60 61 ad 60 f0 1d 1a 8f f0 09 10 40 10 81 55 03 f0 4f 06 10 45 67 08 f0 0e 14 09 10 81 04 7f 60 00 f0 1d 71 15 09 10 81 04 7f 60 00 f0 1d 71 16 09 10 81 04 7f 60 00 f0 1d 71 f0 59 18 87 06 10 46 10 80 67 0a 1a 8e f0 13 07 77 f0 1d 75 06 10 45 10 81 67 0a f0 3b 77 46 68 c0 80 03 1a 00 fd 31 00 8d f0 13 73 06 10 83 10 41 57 02 07 10 c0 fd 30 a2 d1 fe 14 04 71 10 81 04 15 04 71 10 81 04 16 04 71 10 81 04 18 06 92 04 10 00 75 09 1a 87 92 03 11 00 75 09 05 71 00 82 63 0c f0 77 68 c0 80 03 1a 00 fd 31 00 8d f0 13 73 06 10 81 10 40 57 01 07 10 c0 fd 30 fe 68 f6 00 04 12 00 fd 31 0c 84 10 43 50 01 71 f0 0e 00 8a 7e 6c 00 10 c0 51 02 f0 09 72 f0 04 b0 0b 05 00 b0 0c 14 00 00 9f fd 01 72 06 fd 03 0c 24 10 41 88 10 40 0b 04 9c 1c 08 4a 1e 0c 04 5b 01 13 00 62 03 0b 24 01 f0 09 14 a1 10 80 10 45 53 01 f0 09 10 40 7f 50 00 53 01 f0 2c 71 f0 13 73 f0 1d 08 42 00 10 41 7f 50 00 57 02 00 14 73 07 09 66 06 00 7f 70 00 10 81 10 40 53 02 10 41 53 03 01 15 94 f0 13 00 73 10 83 7f 70 00 10 83 10 40 53 02 10 41 53 03 01 87 14 1e 05 f0 59 0c 8c 10 40 20 03 24 33 01 ec fe f0 20 21 fd 66 07 03 f0 95 77 1e 36 84 d0 87 00 fe 68 f7 00 09 3a 00 fd 31 0c 08 10 43 90 0b 22 00 53 01 00 86 0c 04 92 0c 33 00 71 fd 31 00 8d f0 22 fd 0f 03 7e 6c 00 f0 09 08 43 82 f0 1d 14 04 82 0c 2f fe 15 04 82 0f 31 fe 16 04 82 0e 2b fe 17 04 82 11 2d fe 18 04 82 10 27 fe 19 04 82 13 29 fe 1a 04 82 12 23 fe 1b 84 82 15 25 fe 14 f2 5b 00 f0 04 15 f2 5c 00 f0 04 16 f2 5b 00 f0 04 17 f2 5c 00 f0 04 18 f2 5b 00 f0 04 19 f2 5c 00 f0 04 1a f2 5b 00 f0 04 1b f2 5c 00 f0 13 00 db 09 f0 13 fd 00 0c 04 f0 00 10 41 7f 50 00 57 02 0b 04 fd 01 f0 00 77 f0 04 fd 00 0c 04 f0 00 10 41 7f 50 00 57 02 0b 04 fd 01 f0 00 77 f0 04 fd 00 0c 04 f0 00 10 41 7f 50 00 57 02 0b 04 fd 01 f0 00 77 f0 04 fd 00 0c 04 f0 00 10 41 7f 50 00 57 02 0b 04 fd 01 f0 00 77 f0 04 00 16 fd 00 0c 04 f0 00 10 41 7f 50 00 57 02 0b 04 fd 01 f0 00 77 f0 00 77 1e d0 86 00 68 fa 00 04 11 00 00 01 01 16 0a fd 0f 03 67 0a 66 02 64 02 73 15 0a 13 00 67 01 61 02 73 10 85 04 14 8b 92 06 10 00 77 08 40 85 fd 0f 03 71 14 99 f0 3b 09 f0 1d 73 10 80 10 45 53 03 10 46 63 08 f0 3b 10 81 08 40 0d f0 31 87 14 1e 05 f0 1d 14 83 08 48 16 0c 84 10 40 52 03 fd 66 11 01 f0 95 77 1e d0 8d 00 68 f9 00 04 12 00 fd 31 0c 06 10 43 90 00 02 00 00 8d fd 0f 03 0c 04 92 04 1a 00 67 01 75 03 5c d2 91 6a f9 a0 71 0d 04 10 46 50 01 0e 04 10 46 54 01 00 85 06 10 46 50 01 f0 4a 77 1e d0 93 00 68 b9 01 03 11 00 fd 31 0c 06 10 43 90 00 02 00 00 81 01 16 82 66 03 fd 88 00 7a 14 9d 10 46 10 80 08 40 01 63 08 08 48 00 f0 0e 08 50 00 f0 2c 08 48 00 f0 31 10 85 08 40 02 16 f2 f7 03 f0 1d fd 89 00 17 0a f0 4f 08 40 81 f0 90 08 40 80 15 8b f0 77 10 46 d4 1e 66 01 f0 03 d7 f0 3b 7b f0 3b d0 d9 0e fe fd 46 f3 08 fe fd 46 f7 08 fe 68 fa 01 16 4a 00 fd 31 0c 08 10 43 90 12 37 00 65 08 00 01 01 1d 03 06 65 01 1e 03 06 61 01 14 84 61 04 73 04 7a f0 5e 1d 86 10 80 10 46 61 08 f0 13 1e 86 10 80 10 45 61 08 f0 13 1d 8a 07 71 f0 1d 77 06 f0 18 61 08 f0 04 1e 15 10 c1 77 06 61 08 07 57 03 57 01 55 03 53 04 51 01 61 08 53 0a 1d 1a f0 1d 07 71 f0 0e 10 c1 51 01 61 04 57 02 57 02 55 03 53 04 51 01 61 08 53 0a 14 05 f0 63 f0 3b 05 15 11 f0 54 04 7e 40 00 f0 3b 71 f0 40 10 c1 51 04 53 07 16 11 f0 54 04 7e 40 00 f0 3b 71 f0 40 10 c1 51 02 53 07 17 11 f0 54 04 7e 40 00 f0 3b 75 f0 40 10 c1 55 02 53 07 18 11 f0 54 04 7e 40 00 f0 3b 75 f0 40 10 c1 55 04 53 07 19 11 01 f0 54 f0 3b 75 f0 40 f0 3b 00 10 c1 51 04 53 07 1a 12 01 f0 54 04 f0 3b 75 f0 40 f0 3b 00 10 c1 51 02 53 07 1b 13 f0 54 04 7e 40 00 f0 3b 75 f0 40 f0 3b 10 c1 55 02 53 07 1c 93 f0 54 04 7e 40 00 f0 3b 75 f0 40 f0 3b 10 c1 55 04 53 07 f0 0e 14 05 08 40 01 f0 2c 7b f0 3b d0 da 0e fe fe d8 22 7c 93 a0 22 14 fa 14 09 04 08 10 01 f0 05 08 40 02 f0 05 15 f8 16 f8 17 f8 f0 00 16 04 10 44 60 11 17 84 10 44 64 11 15 f2 b9 00 16 f2 ba 00 17 f2 b8 00 fe d8 23 85 93 a0 23 17 fa fe d8 24 8e 93 a0 24 15 fa fe 10 fd 16 fa f0 0f 17 04 10 43 60 08 16 04 10 43 64 08 16 fe 17 fe 15 f9 16 f9 17 f9 19 f8 19 88 13 02 08 10 01 f0 0f 01 e0 20 00 c5 93 e0 20 01 d2 93 e0 20 02 df 93 e0 21 00 ec 93 e0 21 01 f4 93 d2 01 94 e0 21 00 0e 94 e0 21 01 1b 94 d2 23 94 e0 21 00 30 94 e0 21 01 3d 94 d2 4a 94 e0 22 00 52 94 d2 68 94 e0 22 00 68 94 e0 22 01 7b 94 d2 a7 94 e0 22 00 68 94 e0 22 01 a7 94 d2 97 94 e0 22 00 68 94 e0 22 01 7b 94 d2 a7 94 e0 22 01 52 94 d2 7b 94 e0 22 00 a7 94 e0 22 01 7b 94 d2 97 94 e0 22 00 68 94 e0 22 01 a7 94 d2 97 94 e0 22 00 a7 94 e0 22 01 7b 94 d2 97 94 e0 22 02 52 94 d2 97 94 18 f8 9c 5e 18 0b 13 02 fd 0f 03 08 40 01 f0 1f 01 53 01 d2 bb 94 9c 0e 15 07 00 08 40 00 f0 1f 01 ac 01 00 fd 57 d2 bb 94 9c 47 15 07 00 08 40 01 f0 1f 01 fd 5b fd 5c 7f 88 22 03 37 7f 00 00 03 37 d2 bb 94 9c 1b 15 07 00 08 40 03 f0 1f 01 50 83 d2 bb 94 15 84 00 08 40 04 f0 1f 4a 9e 00 15 dc 00 b8 94 fb 15 f9 71 14 0c f0 1f 10 81 08 10 03 f0 09 08 40 04 fe d8 ca f6 94 0c 04 10 41 56 03 9c 0e 1e f2 07 00 a0 ca f2 64 bc f2 64 38 aa 28 c7 1e ba 0a ad 00 02 bb 0a 3f 00 f6 94 ac 01 00 fd 57 fe 14 fd d8 3d 20 95 a0 3d a8 42 04 9c 09 14 87 08 48 01 13 00 0a 00 6a 64 80 6a 64 81 6b 64 80 9c 15 0c f3 87 01 60 52 ac 42 fe f2 64 28 f2 64 2a f2 64 2c 40 05 29 f8 64 3a 41 95 1d 04 10 44 62 04 9b 9b 9b 9b 9b 9b 9b 9b 9b de 69 60 95 00 82 fd 03 00 f9 71 00 f3 8d 01 f0 3f 00 f3 80 01 00 81 73 00 f3 8b 01 a4 18 fe 71 d1 04 0e de cf 7a 95 d8 ca 71 95 a6 cf 9c 95 fe d8 cb 7a 95 a6 cf 9c 95 fe a6 cf fe f0 02 d8 1f c4 95 dc 18 c4 95 a4 18 f8 64 28 b7 95 f8 64 2a a9 95 f8 64 2c 9b 95 d2 c4 95 f2 64 ac 16 f2 2b 02 18 f4 2c 02 d2 c2 95 f2 64 aa 15 f2 2b 02 18 f4 2c 02 d2 c2 95 f2 64 a8 14 f2 2b 02 18 f4 2c 02 f0 1f d2 7d 95 aa 28 a2 8d f2 c7 38 f2 c7 ba d0 20 00 fe 1b fd f2 64 36 4a 8b 00 0a dc 00 e3 95 fb 1b f9 fd fb 6a 64 82 fd fc 71 fe d8 3e 22 97 19 fd a0 3e f2 65 28 f2 65 2a f2 65 2c f2 65 2e fd fb 9c 09 0c 85 10 41 80 03 5e f0 07 32 14 36 96 f0 00 d8 18 13 96 a0 10 14 f9 52 0a 18 15 fd 03 92 07 73 08 00 9c 0d fd 0f 03 7f 80 00 08 40 02 f0 1f 01 6a 65 84 d8 10 3f 96 9c 15 0c f2 87 01 f0 07 6a 65 80 f0 2f 0c 85 10 41 80 04 55 f0 07 32 15 77 96 f0 00 d8 19 57 96 a0 11 15 f9 52 0a 18 12 fd 03 92 08 6d 08 00 9c 0d 7f 80 00 08 40 02 f0 1f 01 6a 65 85 d8 11 80 96 9c 15 0c f2 87 01 f0 07 6a 65 81 f0 2f 0c 85 10 41 80 08 55 f0 07 32 16 b8 96 f0 00 d8 1a 98 96 a0 12 16 f9 52 0a 18 12 fd 03 92 0c 6d 08 00 9c 0d 7f 80 00 08 40 02 f0 1f 01 6a 65 86 d8 12 c1 96 9c 15 0c f2 87 01 f0 07 6a 65 82 f0 2f 0c 85 10 41 80 08 49 f0 07 32 17 f9 96 f0 00 d8 1b d9 96 17 f9 52 0a 18 14 a0 13 fd 03 92 0b 61 0c 00 9c 0d 7f 80 00 08 40 02 f0 1f 01 6a 65 87 d8 13 02 97 9c 15 0c f2 87 01 f0 07 6a 65 83 f0 2f 6b 65 80 6b 65 81 6b 65 82 6b 65 83 fd fc 0c 85 10 41 80 06 5f fe 1a fd f2 64 34 4a 8b 00 0a dc 00 31 97 fb 1a f9 fd fb 6a 64 83 fd fc 71 fe ac 01 00 fd 57 f2 65 34 1a f9 9c 55 60 67 ac 40 fe d8 28 81 97 14 02 5a 0f 15 04 5a 0b 63 04 16 02 5a 08 17 02 5a 0f 18 05 06 60 04 5a 0f 19 07 06 60 04 63 04 5a 0b 1a 05 06 60 04 5a 07 1b 85 06 60 04 5a 0f d8 28 89 97 71 d2 bb 97 fd 31 0c 86 10 44 56 08 10 41 71 0c 04 52 06 10 40 00 17 08 49 83 fd 01 20 07 24 c0 00 60 00 25 00 0a 80 ff f0 27 21 fd 9e 3a 00 fe 00 f3 8b 01 0c fe d1 04 0e de cf d0 97 da 6c d0 97 dc 28 cc 97 f0 17 a6 cf 9c 95 fd 30 35 ff a6 cf a4 28 fe 14 06 fd 0f 03 08 48 0e 15 0a fd 0f 03 60 05 62 03 08 48 0e da 70 95 98 da 71 f7 97 71 fe fd 31 a6 71 00 20 fd 03 fd 01 13 02 fd 0f 03 0a 00 10 44 08 46 07 64 04 5a 02 10 40 20 01 24 20 00 00 00 5a 08 21 0c 06 f0 1f 10 46 56 05 71 f0 6f 77 20 68 a3 81 04 6d 00 de 78 38 98 15 f2 b2 02 de 79 40 98 16 f2 b2 02 fd 31 0c 09 10 44 80 00 4c 66 08 60 11 00 12 fd 03 82 04 6f 0a 00 10 44 5b 08 64 0c 08 46 07 10 40 18 8a fd 0f 02 13 00 64 05 08 48 0e a2 70 71 00 9c 20 01 24 1c 00 00 00 5a 06 21 08 4e 0e f0 0f 08 41 04 77 7f a0 00 57 02 0a f4 67 08 00 f3 8b 01 fd 30 fe fd 31 00 12 fd 03 fd 01 13 02 fd 0f 03 0a 00 08 46 87 92 09 58 18 0c 85 10 44 80 04 43 71 00 91 10 40 20 01 24 e3 ff 00 00 5b 07 21 08 4e 8e f0 0f 00 15 08 49 83 fd 9e 04 20 07 24 40 00 30 01 25 c0 06 80 ff f0 24 21 0c 84 10 40 52 02 fd 30 a6 70 00 f3 8b 01 fe de 78 f4 98 15 f2 b2 02 de 79 fc 98 16 f2 b2 02 fd 31 0c 09 10 44 80 00 4c 66 08 60 11 00 10 fd 03 82 04 6f 0a 00 10 44 5b 08 08 46 87 10 40 18 8a fd 0f 02 13 00 64 05 08 48 0e a2 70 71 00 9c 20 01 24 1c 00 00 00 5a 06 21 08 4e 8e f0 0f 08 41 04 75 7f a0 00 55 02 0a f4 65 08 00 f3 8b 01 fd 30 fe 32 14 5d 99 d8 18 5d 99 a0 18 14 f2 b3 02 fe 32 14 6c 99 d8 18 6c 99 a0 18 14 f2 b4 02 fe 32 14 7b 99 d8 18 7b 99 a0 18 14 f2 b5 02 fe 32 14 8a 99 d8 18 8a 99 a0 18 14 f2 b6 02 fe 32 15 99 99 d8 19 99 99 a0 19 15 f2 b3 02 fe 32 15 a8 99 d8 19 a8 99 a0 19 15 f2 b4 02 fe 32 15 b7 99 d8 19 b7 99 a0 19 15 f2 b5 02 fe 32 15 c6 99 d8 19 c6 99 a0 19 15 f2 b6 02 fe 32 16 d5 99 d8 1a d5 99 a0 1a 16 f2 b3 02 fe 32 16 e4 99 d8 1a e4 99 a0 1a 16 f2 b4 02 fe 32 16 f3 99 d8 1a f3 99 a0 1a 16 f2 b5 02 fe 32 16 02 9a d8 1a 02 9a a0 1a 16 f2 b6 02 fe 32 17 11 9a d8 1b 11 9a a0 1b 17 f2 b3 02 fe 32 17 20 9a d8 1b 20 9a a0 1b 17 f2 b4 02 fe 32 17 2f 9a d8 1b 2f 9a a0 1b 17 f2 b5 02 fe 32 17 3e 9a d8 1b 3e 9a a0 1b 17 f2 b6 02 fe a1 37 a1 77 fe a2 d4 de 6a 4f 9a 1a 83 08 40 04 f2 c4 28 f2 c4 2a f2 c4 2c f2 c4 2e f2 c4 30 f2 c4 32 14 f9 15 f9 16 f9 17 f9 18 f9 19 f9 a1 e5 a1 e6 a1 e7 c4 00 e2 11 00 81 9a 40 20 29 71 d2 85 9a 40 21 29 71 d1 04 0e de cf 94 9a da 6a 94 9a a6 cf 9c 95 a6 cf fe f8 c4 28 bf 9a f8 c4 2a cd 9a f8 c4 2c db 9a f8 c4 2e e9 9a f8 c4 30 f7 9a f8 c4 32 05 9b f8 c4 32 05 9b f0 0f d2 97 9a f2 c4 a8 14 ff 14 f2 b8 02 f0 6f d2 97 9a f2 c4 aa 15 ff 15 f2 b8 02 f0 6f d2 97 9a f2 c4 ac 16 ff 16 f2 b8 02 f0 6f d2 97 9a f2 c4 ae 17 ff 17 f2 b8 02 f0 6f d2 97 9a f2 c4 b0 18 ff 18 f2 b8 02 f0 6f d2 97 9a f2 c4 b2 19 ff 19 f2 b8 02 f0 6f d2 97 9a f8 c4 28 3b 9b f8 c4 2a 47 9b f8 c4 2c 53 9b f8 c4 2e 5f 9b f8 c4 30 6b 9b f8 c4 32 77 9b f8 c4 32 77 9b f0 0f d2 13 9b f2 c4 a8 14 f2 b7 02 f0 6f d2 13 9b f2 c4 aa 15 f2 b7 02 f0 6f d2 13 9b f2 c4 ac 16 f2 b7 02 f0 6f d2 13 9b f2 c4 ae 17 f2 b7 02 f0 6f d2 13 9b f2 c4 b0 18 f2 b7 02 f0 6f d2 13 9b f2 c4 b2 19 f2 b7 02 f0 6f d2 13 9b dc 3d 92 9b 14 fd 14 87 08 48 01 13 00 0a 00 71 fe d8 3f a7 9b a0 3f f2 c1 b0 f2 c1 b2 f2 c1 34 1a f2 be 02 fe 14 04 13 02 63 05 15 09 06 10 44 6b 04 62 06 67 08 18 85 06 10 44 67 09 c6 00 e2 16 00 c9 9b 71 fe a0 19 40 27 69 40 36 a9 71 fe d8 18 dc 9b a0 18 40 26 29 fe dc 19 20 9d d8 40 20 9d 35 00 fd 31 18 f2 e2 02 15 16 fd 9e 21 20 04 25 00 0f e1 ff f0 37 fd 9e 13 f0 c6 21 9c 16 6a 0c 00 3e fd 0f 03 13 02 08 48 87 f0 0f 08 48 83 f0 1f 08 4a 17 f0 2f 08 4a 18 f0 7e 08 4a 17 f0 0f 08 48 83 f0 07 08 48 87 f0 0f 08 41 84 fd 9e 04 20 04 25 50 0f 80 ff f0 49 21 82 12 79 08 48 83 0c 0a f0 f7 10 44 56 0f f0 1f 52 13 f0 fe 17 f2 e3 02 f0 1f 14 f2 07 00 f0 07 14 02 13 01 17 09 60 14 66 05 00 13 02 10 40 17 fe 9c 0e 17 f2 0e 00 f0 0f 18 f2 e2 02 15 85 7f 6c 00 f0 1b 15 02 6a 0c f0 00 00 f3 8b 01 18 f2 e3 02 00 84 7f 6c 00 42 f0 07 9c 55 00 f2 81 01 a8 07 0c ac 0c 02 d1 f4 0e d2 0e 9d 17 fa 17 93 9c 13 82 12 7b 10 44 41 67 05 64 06 08 48 86 f0 67 5b 13 9c 31 0c f3 87 01 f0 0f 17 10 20 07 24 80 00 80 00 25 c0 06 80 ff f0 1d 21 01 00 ac fd 9e 0c d4 01 71 f0 05 70 f0 05 77 f0 05 76 75 74 73 f0 05 72 f0 05 d7 f0 2f 10 44 62 08 08 4b 01 fd 9e 16 f0 4f 08 48 00 66 08 73 00 f3 80 01 00 f3 8b 01 a0 40 a4 18 f3 c5 28 17 f9 35 ff fd 30 fe 18 f2 e2 02 15 88 fd 9e 21 7f 6c 00 f0 1b 15 02 6a 0c f0 00 18 f3 e3 02 c6 00 e2 01 00 42 9d a4 18 fe fd 31 00 83 7f 6c 00 fd 30 a4 18 fe c6 00 e2 00 00 5a 9d f0 00 d2 4e 9d a4 19 fe f2 28 a8 f2 28 aa f2 28 ac 15 0b 10 44 63 0c 61 02 66 01 08 48 80 14 8d 10 44 6b 04 66 0f 61 05 63 05 08 48 00 c6 00 e2 16 00 8b 9d 71 fe fd 31 00 87 10 44 82 04 6e 5a 10 9c 13 71 00 8b 7f 00 00 f0 00 3d 9e 9d fd 9e 3a fd 30 00 f3 8b 01 fe d8 18 b6 9d a0 18 40 2a 29 fe 15 02 13 00 15 f2 e2 02 14 88 fd 9e 49 7f 80 00 f0 1f 14 02 6a 04 f0 00 15 f3 e3 02 3d dd 9d c6 00 e2 17 00 e0 9d a4 18 fe 35 00 fd 31 00 03 7f 80 01 0c 04 10 42 5a 10 f0 1f 77 10 a0 28 68 23 80 03 35 00 fe d8 41 7f 9e a0 41 0c 04 10 41 56 03 16 28 fd 0d 04 10 81 08 50 01 20 04 25 c0 03 80 ff f0 07 21 08 40 02 f0 2f 08 50 03 20 04 25 40 00 80 ff f0 07 21 08 50 04 05 17 14 10 44 66 03 08 40 05 f0 07 13 02 00 f0 2b 08 40 06 f0 0f 01 9c 0e 00 8e f0 00 3d 58 9e d2 4c 9e 08 48 0c 72 f0 17 16 f2 91 01 9c 1b 00 f3 81 01 a8 07 7d 00 f3 8b 01 f2 c7 2c f2 c7 36 f2 c7 aa f3 c7 2a 60 5e ac 40 50 7d aa 28 fe 9c 00 32 18 8b 9e 18 03 66 08 73 32 19 94 9e 19 03 64 12 77 32 1a 9d 9e 1a 03 66 08 73 32 1c a6 9e 1c 03 61 08 77 1b 89 10 44 64 14 62 04 13 02 01 71 fe 32 19 c1 9e d8 18 c1 9e a0 18 19 f2 83 01 fe fd 31 00 22 10 44 fd 03 fd 01 0a 00 13 02 fd 0f 03 08 46 87 92 08 57 09 10 40 f0 03 20 01 24 20 00 00 00 5a 0a 21 0c 06 f0 0f 10 45 56 05 f0 6f 77 20 68 a3 81 04 6d 00 fe f0 00 dc 1b fb 9e a4 1b 32 1c 67 9f 32 14 0e 9f d2 1f 9f 14 ff 14 f2 85 01 f0 0f 1b f8 f0 07 1b f9 d2 fb 9e 32 15 26 9f d2 37 9f 15 ff 15 f2 85 01 f0 0f 1b f8 f0 07 1b f9 d2 fb 9e 32 16 3e 9f d2 4f 9f 16 ff 16 f2 85 01 f0 0f 1b f8 f0 07 1b f9 d2 fb 9e 32 17 56 9f d2 64 9f 17 ff 17 f2 85 01 f0 0f 1b f8 f0 07 1b f9 d2 fb 9e fe 32 1c 79 9f d8 19 79 9f a0 19 40 2f 29 1c f2 82 01 fe c9 1c e2 03 00 86 9f 60 00 ac d0 fe fd 43 60 01 ac d0 4a 8e 00 0c dc 00 95 9f fb 14 f9 15 f9 16 f9 17 f9 1b f9 1c f9 f2 25 38 f0 01 71 fe f8 26 b8 b1 9f a2 59 a2 5a 14 02 fd 01 15 02 fd 01 16 02 fd 01 17 02 fd 01 1c 0a fd 0f 02 67 02 61 04 71 fd 01 1d 8a fd 0f 02 13 00 67 08 73 fd 01 71 fe da 58 6f a0 a2 58 a2 59 f2 26 38 f2 26 3a 9c 4a 60 0a ac 60 00 81 77 60 05 2c 62 1d 06 06 10 45 51 05 05 1c 0e 10 45 08 40 82 51 03 fd 0f 03 13 02 51 02 0c 83 80 0a 3c 65 f0 3f 1c 83 08 48 86 60 0c ac 62 9c 4c f0 3f 1c 89 09 f0 0f 73 f0 4f 08 40 04 60 06 2c 62 fd 60 fd 60 1c 83 08 48 00 65 1c f3 86 01 14 f8 60 08 ac 62 14 8b fd 02 10 41 7f 6c 00 53 03 fd 03 1c 02 13 01 18 89 92 0c 53 12 10 44 64 05 00 f0 0f 14 f2 84 01 18 f2 84 01 40 34 29 fe f0 2f 1c f3 86 01 15 f8 15 82 13 00 f0 17 15 8f a0 1f fd 02 10 42 13 01 7f 6c 00 52 05 fd 03 19 89 92 0e 5a 10 10 44 64 03 00 15 f2 84 01 19 f2 84 01 f2 26 32 a0 22 f0 1f 1c f3 86 01 17 f8 17 82 13 00 f0 17 17 92 a0 20 fd 02 10 43 13 01 7f 6c 00 53 02 54 02 75 fd 03 1b 8b 92 0b 52 10 10 44 66 08 64 03 00 17 f2 84 01 1b f2 84 01 f2 26 36 a0 24 f0 1f 1c f3 86 01 16 f8 16 82 13 00 f0 17 16 91 a0 21 fd 02 10 41 13 01 7f 6c 00 43 52 02 77 fd 03 1a 89 92 0d 55 12 10 44 64 03 00 16 f2 84 01 1a f2 84 01 f2 26 34 a0 23 f1 50 02 35 00 14 fd 15 fd 16 fd 17 fd 32 14 4a a1 1e 0f 82 0c 53 00 fd 9e 3c 08 40 00 f0 0f 08 40 01 14 fa 14 f3 c0 00 f0 17 1e f9 f0 1f 32 15 6b a1 1e 0f 82 0e 5a 00 fd 9e 3c 08 40 00 f0 0f 08 40 01 15 fa 15 f3 c0 00 f0 17 1e f9 f0 1f 32 17 8c a1 1e 0f 82 0b 52 00 fd 9e 3c 08 40 00 f0 0f 08 40 01 17 fa 17 f3 c0 00 f0 17 1e f9 f0 1f 32 16 a9 a1 1e 0f 82 0d 55 00 fd 9e 3c 08 40 00 f0 0f 08 40 01 16 fa 16 f3 c0 00 f0 17 1e f9 0c 83 80 0a 3c 60 09 2c 62 1c 83 08 48 06 fd 60 1c 83 08 40 04 65 1c 83 f0 0f 09 9c 4c f0 47 1c 0e 9c 4a 08 40 0d 06 55 02 fd 0f 02 55 03 01 1d 05 08 40 00 55 06 60 0e ac 62 1d fe f0 1f 9c 00 0c 82 52 05 a2 5a f2 26 28 f2 26 2a f2 26 2c f2 26 2e f2 26 30 f2 26 32 f2 26 34 f2 26 36 35 ff fe 35 00 6a f8 80 6a f8 81 f0 00 0c 05 10 44 80 0c 1c 00 85 92 10 2c 00 77 00 f2 46 03 f0 02 71 f0 00 d8 18 34 a2 d2 2b a2 1b f2 47 03 f0 0f 19 f2 40 03 f0 5f 1b f2 47 03 f0 0f 1a f2 40 03 f0 00 d8 19 53 a2 d2 4a a2 14 f9 15 f9 16 f9 17 f9 18 f9 87 00 18 05 f0 4f 19 f9 1a f9 1b f9 fd 66 11 00 f0 95 77 1e d0 81 00 fe f0 00 c6 00 e2 00 00 97 a2 e2 01 00 86 a2 d2 75 a2 c4 00 e2 12 00 90 a2 a4 19 fe c5 00 e2 79 00 75 a2 a4 19 fe f2 de bc f2 de be f2 de c0 f2 de c2 f2 de c4 f2 de c6 a2 7b d8 27 b7 a2 e0 20 db cd a2 a8 21 18 14 07 82 08 46 67 06 6b 0b 15 85 82 08 45 6b 0b d2 dc a2 a8 21 00 14 04 63 04 6b 0b 15 84 63 0a 6b 0b a8 20 dc 40 4b 29 dc 27 ec a2 d1 51 00 a4 24 fe 71 fe a8 20 dc a8 21 00 14 04 63 04 6b 0b 15 04 63 0a 6b 0b 00 88 fd 03 92 07 51 00 0a 00 fd 31 71 00 f3 9e 01 00 f3 8f 01 00 f3 8b 01 40 4b 29 fd 30 fe a8 20 dc a8 21 18 14 07 82 08 46 67 06 6b 0b 15 85 82 08 45 6b 0b 00 88 fd 03 92 09 4a 00 0a 00 fd 31 71 00 f3 9f 01 00 f3 8f 01 00 f3 8b 01 40 4b 29 fd 30 fe 14 82 67 0a 00 8e 13 02 0a 00 fd 03 92 0e 09 14 66 0e 64 03 71 9c 13 f0 3f 00 90 03 08 4b 00 0a f4 fd 02 f0 00 3d 77 a3 fd 9e 00 14 03 08 10 80 00 84 10 46 62 08 9c 0a 0c 04 10 40 55 04 00 11 fd 01 20 07 24 00 ff 00 ff 25 00 0c f0 ff f0 1f 21 f0 17 77 10 00 fe 0c fe e0 20 dc f6 a3 e0 20 ef 0f a4 a0 2f d8 28 d2 a3 d8 29 db a3 d8 2a e4 a3 d8 2c ed a3 68 de 80 0e 63 00 d2 c6 a6 68 de 80 04 7c 00 d2 47 a5 68 de 80 09 6f 00 d2 c2 a5 68 de 80 0e 79 00 d2 41 a6 68 de 80 13 6e 00 d2 49 a7 a8 20 ee d8 29 06 a4 68 dc 80 05 4b 00 d2 ee a2 68 dc 80 0a 43 00 d2 1f a3 d8 28 1c a4 68 ef 80 15 35 00 d2 ed b7 68 ef 80 1d 25 00 d2 94 b7 f2 de bc f2 de be f2 de c0 f2 de c2 f2 de c4 f2 de c6 de 88 40 a4 14 83 08 48 01 15 f2 c8 01 16 f2 c8 01 17 f2 c8 01 18 f2 c8 01 19 f3 c8 01 15 f2 c9 01 16 f2 cb 01 17 f2 cd 01 18 f2 cf 01 19 f2 e1 01 71 fe c4 00 e2 13 00 d0 a4 a8 20 de a8 21 00 a8 22 00 a8 23 00 a8 24 00 a8 25 00 40 51 29 14 04 63 04 6b 0b 15 04 63 0a 6b 0b 16 04 63 04 6b 0b 17 04 63 0a 6b 0b 18 04 63 04 6b 0b 19 04 63 0a 6b 0b 1a 07 08 48 80 65 07 6b 0f 1b 07 08 48 80 65 0d 6b 0f 1c 07 08 48 80 65 07 6b 0f 1d 87 08 48 80 65 0d 6b 0f 71 fe a8 20 de a8 21 18 a8 22 1e a8 23 18 a8 24 10 a8 25 10 40 51 29 14 05 82 07 74 6b 0b 15 07 82 06 75 67 06 6b 0b 16 05 82 0d 68 6b 0b 17 07 82 0c 69 67 06 6b 0b 18 05 82 12 72 6b 0b 19 07 82 11 73 67 06 6b 0b 1a 0a 82 0b 76 08 48 80 65 02 6b 0f 1b 0a 82 0b 77 08 48 80 65 08 6b 0f 1c 0a 82 11 6b 08 48 80 65 05 6b 0f 1d 8a 82 11 6a 08 48 80 61 02 6b 0f 71 fe a8 20 de a8 21 00 a8 22 00 a8 23 00 a8 24 00 a8 25 00 14 04 63 04 6b 0b 15 04 63 0a 6b 0b 16 04 63 04 6b 0b 17 04 63 0a 6b 0b 18 04 63 04 6b 0b 19 04 63 0a 6b 0b 1a 07 08 48 80 65 07 6b 0f 1b 07 08 48 80 65 0d 6b 0f 1c 07 08 48 80 65 07 6b 0f 1d 07 08 48 80 65 0d 6b 0f 00 88 fd 03 0a 00 92 07 82 00 fd 31 71 00 f3 9e 01 00 f3 8f 01 00 f3 8b 01 40 51 29 fd 30 a4 2f fe a8 20 de a8 21 00 a8 22 1e a8 23 00 a8 24 00 a8 25 00 14 05 82 07 74 6b 0b 15 07 82 06 75 67 06 6b 0b 16 04 63 04 6b 0b 17 04 63 0a 6b 0b 18 04 63 04 6b 0b 19 04 63 0a 6b 0b 1a 07 08 48 80 65 07 6b 0f 1b 07 08 48 80 65 0d 6b 0f 1c 07 08 48 80 65 07 6b 0f 1d 07 08 48 80 65 0d 6b 0f 00 88 fd 03 0a 00 92 0c 76 00 fd 31 71 00 f3 9e 01 00 f3 8f 01 00 f3 8b 01 40 51 29 fd 30 a4 2f fe a8 20 de a8 21 00 a8 22 1e a8 23 00 a8 24 10 a8 25 00 14 05 82 07 74 6b 0b 15 07 82 06 75 67 06 6b 0b 16 04 63 04 6b 0b 17 04 63 0a 6b 0b 18 04 63 04 6b 0b 19 04 63 0a 6b 0b 1a 0a 82 0b 76 08 48 80 65 02 6b 0f 1b 0a 82 0b 77 08 48 80 65 08 6b 0f 1c 07 08 48 80 65 07 6b 0f 1d 07 08 48 80 65 0d 6b 0f 00 88 fd 03 0a 00 92 10 7f 00 fd 31 71 00 f3 9e 01 00 f3 8f 01 00 f3 8b 01 40 51 29 fd 30 a4 2f fe a8 20 de a8 21 18 a8 22 1e a8 23 00 a8 24 00 a8 25 00 14 05 82 07 74 6b 0b 15 07 82 06 75 67 06 6b 0b 16 05 82 0d 68 6b 0b 17 07 82 0c 69 67 06 6b 0b 18 04 63 04 6b 0b 19 04 63 0a 6b 0b 1a 07 08 48 80 65 07 6b 0f 1b 07 08 48 80 65 0d 6b 0f 1c 07 08 48 80 65 07 6b 0f 1d 07 08 48 80 65 0d 6b 0f 00 88 fd 03 0a 00 92 12 6a 00 fd 31 71 00 f3 9e 01 00 f3 8f 01 00 f3 8b 01 40 51 29 fd 30 a4 2f fe a8 20 de a8 21 18 a8 22 1e a8 23 18 a8 24 10 a8 25 10 14 05 82 07 74 6b 0b 15 07 82 06 75 67 06 6b 0b 16 05 82 0d 68 6b 0b 17 07 82 0c 69 67 06 6b 0b 18 05 82 12 72 6b 0b 19 07 82 11 73 67 06 6b 0b 1a 0a 82 0b 76 08 48 80 65 02 6b 0f 1b 0a 82 0b 77 08 48 80 65 08 6b 0f 1c 0a 82 11 6b 08 48 80 65 05 6b 0f 1d 0a 82 11 6a 08 48 80 61 02 6b 0f 00 88 fd 03 0a 00 92 11 75 00 fd 31 71 00 f3 9f 01 00 f3 8f 01 00 f3 8b 01 40 51 29 fd 30 a4 2f fe 9c 13 fd 31 14 0a fd 0f 03 66 04 65 01 08 40 00 15 0a fd 0f 03 64 0b 62 02 08 40 00 16 0a fd 0f 03 64 04 62 02 08 40 00 00 84 10 44 5a 10 71 00 8e 08 41 00 7e 00 00 f0 00 3d 13 a8 fd 9e 3a 00 f3 8b 01 fd 30 fe 14 07 10 44 62 08 10 40 73 15 06 10 44 62 08 10 40 16 06 10 44 62 08 10 40 17 06 10 44 62 08 10 40 18 06 62 08 65 01 63 03 19 04 65 01 63 03 1b 04 10 44 62 08 dc 27 8d a8 34 00 fd 31 00 8a fd 01 09 72 fd 03 03 fd 0f 03 71 00 92 fd 02 f0 00 3d 70 a8 7f 6c 00 fd 00 42 f0 00 3d 7b a8 00 f3 8b 01 fd 30 34 ff a4 27 d2 8e a8 71 d1 04 0e de cf a1 a8 dc 41 9d a8 da 8d a1 a8 a6 cf 9c 95 a6 cf fe 14 05 64 0c 6b 06 71 15 04 56 08 fd 01 16 04 56 08 fd 01 17 06 56 08 6a 10 fd 01 18 07 56 08 60 04 71 fd 01 19 05 56 08 73 fd 01 1a 05 56 08 73 fd 01 1b 07 13 00 62 0a 08 48 00 00 04 92 05 35 04 0c 85 10 44 80 00 01 fd 31 15 f2 fb 02 16 f2 fb 02 17 f2 fb 02 18 f2 fb 02 19 f2 fb 02 1a f2 fb 02 71 f0 0f 00 f2 fc 02 f0 17 0c 96 20 02 27 00 00 00 00 00 00 00 00 00 00 00 00 00 00 00 00 f0 3f 21 f0 00 d8 18 30 a9 d2 27 a9 1b f2 fd 02 14 0a 20 04 25 c0 06 80 ff f0 1d 21 f0 17 fd 30 0c 04 10 44 56 04 00 1d 13 02 fd 0f 03 0a 00 fd 01 08 41 84 fd 03 20 07 24 50 01 b0 fe 25 00 0c a0 ff f0 fe 21 f0 11 77 1e d0 8e 00 fe 1f 86 08 49 1c f0 01 09 36 83 1e 03 08 40 0e 1f 02 fd 01 00 06 82 0d 22 08 44 82 0c 85 10 44 80 07 10 71 f0 1f 22 ab 08 48 84 f0 02 08 48 85 f0 02 08 48 86 f0 02 08 48 87 f0 02 08 48 88 f0 05 08 48 89 f0 05 08 48 8a f0 05 08 48 8b f0 08 08 48 8c 00 f2 fe 02 20 8e 10 44 65 0c 64 06 00 13 02 08 40 01 f0 2f f0 0f 20 f9 1f f2 ff 02 22 03 08 48 8d f0 13 21 f8 f0 07 21 05 13 02 41 61 03 f0 07 83 02 f0 02 83 06 f0 02 83 02 f0 02 83 06 f0 01 21 f9 83 02 fd 31 f0 0f 87 1f 18 05 f0 1f 14 f9 15 f9 16 f9 17 f9 18 f9 19 f9 1a f9 1b f9 1c f9 1e f9 22 f9 f0 1f 00 0b 75 05 09 03 08 48 81 10 45 51 02 0c 84 10 40 51 03 1f f2 56 03 fd 66 11 04 f0 95 77 1e d0 89 00 fe a0 18 fe a0 19 fe a0 1a fe a0 1b fe 14 f9 18 f9 d2 71 aa 15 f9 19 f9 d2 71 aa 16 f9 1a f9 d2 71 aa 17 f9 1b f9 fe da 61 83 aa a2 61 f2 23 38 9c 5e 53 01 60 5b ac 42 fe f0 00 d8 24 84 aa 3d 92 aa a4 26 d2 84 aa a0 26 c6 00 e2 09 00 c8 aa e2 08 00 c8 aa e2 07 00 c8 aa e2 04 00 c1 aa e2 03 00 c1 aa e2 02 00 c1 aa e2 01 00 c1 aa e2 00 00 c1 aa d2 84 aa 68 ee 80 0f 0a 00 fe 00 05 fd 0f 00 13 00 d2 84 aa a0 28 a4 29 a4 2a a4 2b a4 2c a4 18 a4 19 a4 1a a4 1b a4 1c fe a4 28 a0 29 a4 2a a4 2b a4 2c a4 18 a4 19 a4 1a a4 1b a4 1c fe a4 28 a4 29 a0 2a a4 2b a4 2c a4 18 a4 19 a4 1a a4 1b a4 1c fe a4 28 a4 29 a4 2a a0 2b a4 2c a4 18 a4 19 a4 1a a4 1b a4 1c fe 14 08 fd 0f 03 66 06 08 48 0e 15 0a fd 0f 03 60 05 66 03 08 48 0e 16 83 08 48 01 71 fe f0 00 3d 4d ab a4 26 d2 43 ab a0 26 c6 00 e2 09 00 83 ab e2 08 00 83 ab e2 07 00 83 ab e2 04 00 7c ab e2 03 00 7c ab e2 02 00 7c ab e2 01 00 7c ab e2 00 00 7c ab d2 43 ab 68 ee 80 0f 0a 00 fe 00 05 fd 0f 00 13 00 d2 43 ab a0 1c fe 60 02 ac d0 66 b0 ab f2 fe 2e 00 f2 81 01 9c 1b 60 50 ac 42 17 f9 50 9e f0 00 fd 39 00 a8 ab fe fe 10 fd da 88 45 93 a2 88 9c 09 f0 00 10 83 08 48 01 fd 8d 6a dd 81 f0 00 fd 8d 6a dd 82 f0 00 fd 8d 6a dd 83 f0 00 fd 8d 6a dd 84 f0 00 fd 8d 6a dd 85 f0 00 fd 8d 6a dd 86 f0 00 fd 8d 6a dd 87 f0 00 fd 8d 6a dd 88 f0 00 0c f3 87 01 6b dd 81 fe a4 19 fe a0 24 d1 50 00 a4 24 fe fd 31 00 24 10 44 fd 03 fd 01 0a 00 13 02 fd 0f 03 08 46 07 92 1a 11 05 64 04 10 40 f0 03 20 01 24 20 00 00 00 5a 0a 21 0c 06 f0 0f 10 46 56 05 f0 6f 77 20 a2 71 68 a1 81 08 57 00 fe a8 0e 17 fd 58 9e e2 01 00 6d ac fd 58 9f e2 01 00 1f ae da 77 68 ac a2 72 60 90 ac d0 fe 60 1f ac d0 fe da 72 77 ac a2 72 60 90 ac d0 da 73 d4 ac 17 09 7f 6c 00 9c 04 f0 15 10 83 f0 15 95 20 e0 f0 01 60 91 ac d0 fd 31 f0 01 95 00 00 17 05 10 80 f0 0f 73 00 f3 57 03 0c f2 87 01 f0 1f da 74 b4 ac 60 8e ac d0 d2 b8 ac 60 8f ac d0 f0 0f 00 f3 80 01 00 f3 8b 01 f0 0f 00 81 77 da 73 d4 ac a2 73 60 93 ac d0 d2 d8 ac 60 95 ac d0 66 7c ad f0 09 00 f3 9e 02 51 9e 60 97 ac d0 a2 75 da 76 b8 ae fd 58 9f e2 01 00 f8 ac fd 30 fe da 74 64 ad 17 09 7f 6c 00 9c 04 f0 15 10 83 f0 15 95 20 e0 f0 01 60 92 ac d0 fd 31 f0 01 95 00 00 17 05 10 80 f0 0f 73 00 f3 57 03 0c f2 87 01 f0 1f 60 8f ac d0 f0 0f 00 f3 80 01 00 f3 8b 01 f0 0f 00 81 77 a2 74 60 94 ac d0 66 57 ad f0 09 00 f3 9e 02 51 9f a2 76 da 75 b8 ae d2 b8 ae f0 09 00 f3 9f 02 60 99 ac d0 fd 30 fe 60 98 ac d0 66 57 ad f0 09 00 f3 9e 02 51 9f a2 76 da 75 b8 ae d2 b8 ae f0 09 00 f3 9f 02 60 9e ac d0 fd 58 9f e2 01 00 95 ad 60 99 ac d0 fd 30 fe da 74 f8 ad 17 09 7f 6c 00 9c 04 f0 15 10 83 f0 15 95 20 e0 f0 01 60 92 ac d0 fd 31 f0 01 95 00 00 17 05 10 80 f0 0f 73 00 f3 57 03 0c f2 87 01 f0 1f 60 8f ac d0 f0 0f 00 f3 80 01 00 f3 8b 01 f0 0f 00 81 77 a2 74 60 94 ac d0 66 57 ad f0 09 00 f3 9e 02 51 9f a2 76 da 75 b8 ae 60 9b ac d0 fd 30 fe da 75 03 ae 60 98 ac d0 d2 07 ae 60 9d ac d0 66 57 ad f0 09 00 f3 9e 02 51 9f a2 76 da 75 b8 ae 60 9b ac d0 fd 30 fe da 74 a2 ae da 72 2d ae a2 72 60 90 ac d0 17 09 7f 6c 00 9c 04 f0 15 10 83 f0 17 95 20 e0 f0 01 60 92 ac d0 fd 31 f0 01 95 00 00 17 05 10 80 f0 0f 73 00 f3 57 03 0c f2 87 01 f0 1f da 73 66 ae 60 8e ac d0 d2 6a ae 60 8f ac d0 f0 0f 00 f3 80 01 00 f3 8b 01 f0 0f 00 81 77 da 74 86 ae a2 74 60 94 ac d0 d2 8a ae 60 96 ac d0 66 57 ad f0 09 00 f3 9e 02 51 9f a2 76 da 75 b8 ae 60 9c ac d0 fd 30 fe 60 96 ac d0 66 57 ad 51 9f a2 76 da 75 b8 ae 60 9c ac d0 fd 30 fe fd 31 60 9a ac d0 a2 77 f2 a1 a9 f2 a1 ab f2 a2 a9 f2 a2 ab 17 b9 51 02 77 f0 0f 08 40 81 63 0a 77 09 05 f0 1f 13 02 0a 00 04 fd 9e 04 20 07 24 20 01 a0 ff 25 c0 06 80 ff f0 18 21 f0 09 05 f0 2f fd 9e 18 10 82 04 f0 3f 05 10 80 fd 9e 00 60 03 ac d0 00 06 10 40 80 19 0e 71 f0 0f 17 8e fd 9e 18 10 82 04 f0 3f 05 10 80 fd 9e 00 60 04 ac d0 f0 0f 0c 85 10 45 80 16 00 f0 5f 60 0d ac d0 f0 1f 9c 7f 14 84 08 48 00 00 00 03 08 4b 80 17 8f 20 07 24 e0 fe 60 00 25 c0 06 80 ff f0 1f 21 17 f3 8b 01 f0 17 00 f3 8b 01 f0 1f 00 03 08 4b 80 9c 80 14 0a 10 80 08 10 00 f0 3f 08 48 0e f0 27 15 f8 15 8a 10 80 08 10 00 f0 3f 08 48 0e 9c 00 f0 2f 60 1a ac 62 f0 0f 00 f3 8b 01 17 06 fd 9e 04 7f a0 00 60 1b ac 62 f0 17 17 f2 58 03 95 20 e0 f0 01 60 1c ac d0 a0 18 f0 00 d8 19 bb af d2 b2 af f0 03 95 00 00 f0 1f 60 1d ac d0 00 06 08 43 81 fd 9e 16 0c f2 87 01 f0 07 60 1e ac d0 f0 07 00 f3 59 03 00 f3 8b 01 fd 30 fe 10 03 08 10 00 00 8a 06 fd 03 03 fd 01 10 46 62 08 00 f3 98 01 9c 0a 00 0c f0 03 20 04 25 00 0f f0 ff f0 2f 21 f0 17 77 08 00 fe 4b c5 00 fe da 78 4e b0 a2 78 15 f2 07 00 f0 07 17 0d 13 02 08 48 07 82 05 6b f0 17 82 00 00 00 06 f0 00 3d 31 b0 fe 00 fe 00 f2 81 01 f0 07 9c 55 60 37 ac 22 50 21 f0 00 fd 39 00 47 b0 fe da 79 89 b0 a2 79 16 f2 07 00 f0 07 17 0d 13 02 08 48 07 82 03 6b f0 17 82 00 00 00 06 f0 00 3d 6c b0 fe 00 fe 00 f2 81 01 f0 07 9c 55 60 37 ac 22 50 46 f0 00 fd 39 00 82 b0 fe d0 35 09 fe 68 01 01 0d 22 00 d0 3e 09 fe 68 23 01 05 35 00 d0 3d 09 fe a8 3f 37 16 86 08 49 1c f0 01 09 a8 20 db 14 82 65 0c de 7b bc b0 a6 7b 71 fe 92 41 d2 c3 b0 92 43 fd 31 9c 13 0c 05 10 44 80 02 0a 00 88 fd 03 92 04 19 15 62 08 71 00 90 fd 02 7e 00 00 08 41 00 f0 00 3d e3 b0 fd 9e 3a 00 f3 8b 01 d2 65 b2 f0 17 16 f7 00 03 f0 17 77 16 8d 10 45 57 02 67 08 f0 09 10 85 08 40 89 f0 07 60 38 ac 60 f0 0f 16 84 09 f0 17 73 60 39 ac 60 16 f3 56 03 60 3a 2c 60 fd 60 16 83 08 48 10 65 9c 1a 60 3b ac 60 15 f7 00 03 f0 0f 71 16 01 09 15 89 10 45 41 61 0c 77 08 40 85 60 3c ac 60 15 8b 09 70 f0 03 71 f0 03 72 f0 03 73 60 3d 2c 60 fd 60 15 83 08 48 10 65 15 83 08 40 05 00 03 08 43 80 60 3e ac 60 f0 07 16 83 08 40 02 60 3f ac 60 15 83 08 48 0c 00 04 f0 2f 77 09 60 40 2c 60 fd 60 15 82 77 09 65 f0 07 16 81 09 60 41 ac 60 15 03 08 41 07 60 42 ac 60 15 01 09 f0 07 16 08 f0 0f 08 40 06 f0 3f 09 60 43 ac 60 16 f2 56 03 60 44 ac 60 f0 0f 16 82 73 09 60 45 ac 60 00 81 71 60 46 ac 60 f0 0f 15 83 08 40 0a 60 46 ac 60 f0 17 60 4a 2c 60 fd 60 fd 60 15 03 08 40 8d 65 f0 0f 15 82 71 09 60 4b ac 60 f0 0f 60 46 ac 60 60 4c 2c 60 15 88 f0 07 08 42 80 f0 1f 09 65 f0 1f 15 0a 10 85 08 11 0a f0 35 08 49 1e 60 47 2c 60 fd 60 15 08 08 40 0a f0 07 08 48 10 65 15 84 75 09 f0 07 60 48 ac 60 15 86 10 81 45 65 0a 01 f0 1f 60 4d ac 60 f0 0f 00 81 77 16 03 08 40 02 60 49 ac 60 f0 07 16 88 09 10 80 53 02 63 04 01 00 f3 8b 01 00 83 f0 0f 72 fd 30 fe fe fe fe fe fe fe fe 31 a4 28 a4 29 a4 2a 00 87 0a 00 01 92 0e 1a 00 14 f2 c7 01 f0 1f f0 00 cb e6 80 00 85 b2 14 fa d8 29 ad b2 d8 2a c7 b2 00 91 72 00 20 07 24 80 00 80 00 25 00 0a d0 ff f0 67 21 d2 da b2 00 91 73 00 20 07 24 00 ff 80 00 25 00 09 d0 ff f0 67 21 00 f3 8f 01 d2 da b2 00 91 77 00 20 07 24 00 01 80 ff 25 00 09 d0 ff f0 67 21 00 f3 8f 01 00 f3 8b 01 14 f2 c6 01 fe da 5b 0e b3 a2 5b fd 31 00 8a 82 16 3d fd 0f 00 13 00 10 45 14 84 14 0c fd 01 15 f8 16 f8 17 f8 18 f8 fd 30 40 62 29 fe 35 ef f0 00 a4 18 3d a8 b3 cb e7 40 00 25 b3 14 82 10 80 d2 29 b3 14 82 10 81 ca e7 01 00 88 b3 e7 08 00 98 b3 e7 02 00 98 b3 e7 04 00 88 b3 a4 19 a4 1a d8 18 83 b3 c9 00 e2 07 00 7b b3 e2 00 00 7b b3 e2 01 00 7b b3 e2 02 00 7b b3 e2 05 00 73 b3 e2 04 00 73 b3 e2 03 00 73 b3 e2 06 00 73 b3 d2 11 b3 14 03 08 40 82 d2 11 b3 14 03 08 40 02 d2 11 b3 a4 18 d2 11 b3 d8 19 11 b3 a0 19 a4 1a 14 03 08 40 00 d2 11 b3 d8 1a 11 b3 a4 19 a0 1a 14 03 08 40 80 d2 11 b3 a0 18 a4 19 a4 1a ca e7 02 00 08 b4 e7 01 00 00 b4 e7 04 00 00 b4 e7 08 00 08 b4 c9 00 e2 07 00 f0 b3 e2 00 00 f0 b3 e2 01 00 f0 b3 e2 06 00 f0 b3 e2 05 00 f8 b3 e2 04 00 f8 b3 e2 03 00 f8 b3 e2 02 00 f8 b3 d2 11 b3 14 03 08 40 01 d2 11 b3 14 03 08 40 81 d2 11 b3 14 03 08 40 01 d2 11 b3 14 03 08 40 81 d2 11 b3 de 5b 77 b4 da 5c 77 b4 fd 43 93 a2 5c 14 1d 08 40 02 f0 3f fd 0f 03 08 40 03 20 04 25 c0 06 c0 ff f0 35 21 f0 0f fd 0f 02 08 40 04 f0 3f 91 2d 14 fe 00 85 10 40 43 55 08 14 f9 93 00 15 fd 0f 02 13 01 fd 00 f0 0f 10 81 51 05 f0 17 73 08 40 06 f0 07 f0 1f 91 2e 00 fe 00 f3 80 01 00 f3 8b 01 f0 0f 91 20 35 ff fe de 5b d8 b4 da 5c d8 b4 fd 43 93 a2 5c 14 26 08 40 82 f0 3f fd 0f 03 10 44 64 06 08 40 03 20 04 25 c0 06 c0 ff f0 35 21 f0 0f fd 0f 02 60 06 fd 0f 03 08 40 84 f0 3f 91 2d 14 fe 00 94 10 40 fd 01 51 07 61 08 67 08 7f 6c 00 57 02 7f 6c 00 57 02 14 06 fd 0f 02 08 40 04 00 82 55 08 d2 49 b4 fe f2 9e b2 f2 9e b4 f2 9e b6 f2 9e b8 f2 9d b4 f2 9d b6 f2 9d b8 f2 9d ba f2 9f a8 1d 09 10 44 66 0c 08 40 01 fd 01 20 02 64 07 21 02 60 08 22 02 64 08 fd 31 00 89 82 1b 6c 0a 00 fd 03 fd 01 71 f0 0f fd 8d 6a 9f 80 9c 7e f0 0f 00 84 10 81 53 02 f0 0f fd 8d 6a 9f 8d 9c 7d 00 f3 8b 01 fd 30 fe 3a 00 1d 0c 0c 42 b5 fe 1d 03 82 c8 c8 f2 9f 3a 1d f9 b0 05 d2 00 d0 d0 02 fe 93 0c 83 80 17 3c f0 0f 1c f7 f0 1f 0c 84 10 45 f0 17 00 02 64 02 91 17 9b 9b 9b 9b 9b 9b 9b 9b f0 43 1d 99 10 40 6a 50 f0 1f 13 02 10 81 08 40 00 f0 2f 10 82 f0 2f 10 83 f0 2f 10 84 1c 84 10 40 6a 50 f0 17 1c f2 8a 01 f0 00 1d 02 14 01 f1 20 02 00 86 64 01 08 48 0c 72 f0 1f 1d ae f0 0f 10 83 f0 2f 10 82 f0 2f 10 81 f0 2f 10 80 f0 43 08 40 02 f0 5f 10 80 f0 07 10 81 08 40 00 f0 09 10 82 f0 09 10 83 f0 09 10 84 f0 37 91 18 f0 2f 1d 09 13 02 10 41 6b 40 08 40 02 00 03 08 40 05 f1 d0 01 1d 0a 10 40 6a 20 f0 2f 10 44 5a 10 0c 06 f0 42 10 41 5a 06 f0 48 77 20 fd 4d 04 0c 84 5b 04 52 05 00 f3 8b 01 71 f0 0f fd 88 00 fd 88 01 fd 88 02 fd 8e 80 07 01 7f 60 72 ad 42 f0 1f 00 f2 81 01 f0 33 9c 0d f0 0f fd 8e b2 07 01 7f fd 89 00 fd 89 01 fd 89 02 00 f2 8b 01 f0 0f 91 22 fd 30 fe d2 c6 b6 9b e0 0e 06 62 b6 fe c9 00 e2 07 00 74 b6 e2 00 00 74 b6 e2 06 00 74 b6 fe fd 31 35 00 f0 00 3d 78 b6 1b f7 1b 0b fd 0f 03 13 02 10 45 80 1a 6e 73 00 91 0a 00 fd 03 fd 01 08 40 81 53 02 08 48 83 77 13 02 1b 05 10 80 08 40 04 60 20 ac d0 c4 00 bb 0b c5 00 bb 0c 1b 89 10 40 10 81 08 40 00 88 01 00 f3 8b 01 fd 30 35 ff fe e0 0e 06 cc b6 fe fd 31 00 82 47 01 f0 1f fd 8d 6a 9f 8d 9c 7e fd 30 f0 1f 77 10 9c 7d a1 7a a1 3b 4b df 00 a4 28 a4 29 a4 2a a4 2b a0 2c a4 18 a4 19 a4 1a a4 1b a4 1c fe e0 20 ed 68 b7 18 04 62 02 61 05 1a 02 63 0c de 7d 16 b7 1b f2 b2 02 a8 20 ef a8 21 18 a8 22 10 a4 28 fd 31 14 07 82 19 2c 63 05 6b 13 15 07 82 19 2b 63 0b 6b 13 16 07 82 1b 27 63 05 6b 13 17 07 82 1c 26 63 0b 6b 13 00 88 fd 03 0a 00 92 20 2b 00 71 00 f3 9e 01 00 f3 8f 01 00 f3 8b 01 40 20 2a fd 30 40 20 2a fe fe de 7d 70 b7 1b f2 b2 02 a8 20 ef a8 21 00 a8 22 00 a4 28 14 02 6b 13 15 04 63 06 6b 13 16 02 6b 13 17 84 63 06 6b 13 40 20 2a 71 fe de 7d 9c b7 1b f2 b2 02 a8 20 ef a8 21 18 a8 22 10 a4 28 fd 31 14 07 82 19 2c 63 05 6b 13 15 07 82 19 2b 63 0b 6b 13 16 07 82 1b 27 63 05 6b 13 17 07 82 1c 26 63 0b 6b 13 00 88 fd 03 0a 00 92 1b 2b 00 71 00 f3 9f 01 00 f3 8f 01 00 f3 8b 01 40 20 2a fd 30 40 20 2a fe de 7d f5 b7 1b f2 b2 02 a8 20 ef a8 21 00 a8 22 00 a4 28 fd 31 14 02 6b 13 15 04 63 06 6b 13 16 02 6b 13 17 04 63 06 6b 13 00 88 fd 03 0a 00 92 14 3c 00 71 00 f3 5c 03 00 f3 8f 01 00 f3 8b 01 40 20 2a fd 30 fe a4 37 a4 35 a4 36 a0 2d d2 5b b8 a0 2c d2 5b b8 a0 2b d2 5b b8 a0 2a d2 5b b8 a0 29 a4 28 d2 5b b8 a0 28 a4 29 d2 5b b8 a0 38 10 03 08 10 00 00 8a 06 fd 03 03 fd 01 10 46 62 08 00 f3 98 01 9c 0a 00 0c f0 03 20 04 25 00 0f f0 ff f0 2f 21 f0 17 77 08 00 fe d8 28 a0 b8 d8 29 a9 b8 d8 2a b2 b8 d8 2b bb b8 d8 2c c4 b8 d8 2d cd b8 a4 28 68 e2 80 10 18 00 fe a4 29 68 e4 80 06 6e 00 fe a4 2a 68 e5 80 14 6c 00 fe a4 2a 68 e7 80 13 4a 00 fe a4 2c 68 e3 80 06 28 00 fe a4 2d e0 0c 01 f4 b8 e0 0c 02 fb b8 e0 0c 03 02 b9 e0 0c 04 09 b9 e0 0c 05 10 b9 e0 0c 06 17 b9 68 e1 80 04 4a 00 fe 68 e1 80 10 5c 00 fe 68 e1 80 0d 62 00 fe 68 e1 80 0c 56 00 fe 68 e1 80 09 5c 00 fe 68 e1 80 09 4e 00 fe 68 e1 80 06 54 00 fe f8 28 28 29 b9 14 84 10 44 61 08 f8 28 2a 34 b9 15 84 10 44 63 08 f8 28 2c 3f b9 16 84 10 44 61 08 71 fe c3 e2 f2 00 6a b9 e2 ec 00 4f b9 d2 f7 b9 1c 8d fd 01 10 c4 08 40 01 13 00 62 0c 63 05 1b 83 08 40 85 1c f2 b3 03 d2 f7 b9 d8 37 a5 b9 d8 35 d2 b9 d8 36 e1 b9 6b f2 81 15 f9 16 f9 17 f9 18 f9 19 f9 1a f9 1b f9 21 f9 e8 8e b9 1c f9 e8 93 b9 1d f9 e8 98 b9 1e f9 e8 9d b9 1f f9 e8 a2 b9 20 f9 d2 f7 b9 17 f9 18 f9 1a f9 1b f9 1c f9 1d f9 1e f9 1f f9 20 f9 f8 f2 42 f7 b9 21 8d fd 01 10 c4 08 40 01 13 00 62 0c 63 05 21 f2 b3 03 d2 f7 b9 15 f9 16 f9 18 f9 19 f9 1b f9 21 f9 d2 f7 b9 15 f9 16 f9 17 f9 19 f9 1a f9 1c f9 1d f9 1e f9 1f f9 20 f9 21 f9 dc 39 d1 ba 9c 13 a4 39 fd 31 00 88 10 44 fd 03 5a 10 fd 01 71 f0 0f 00 8a fd 02 7e 00 00 f0 00 3d 15 ba 9c 00 c3 e2 e9 00 59 ba e2 eb 00 3b ba e2 ec 00 45 ba e2 f2 00 4f ba 14 05 10 44 08 10 00 d2 71 ba 1d 05 10 44 08 10 00 d2 71 ba 1a 05 10 44 08 10 00 d2 71 ba 14 05 10 44 08 10 00 d2 71 ba c4 00 e2 03 00 6a ba 14 05 10 44 08 10 00 d2 71 ba 15 05 10 44 08 10 00 00 88 06 fd 03 03 10 40 62 08 00 09 f0 07 7e 80 00 fd 9c 0a 42 f0 2f 00 f3 8b 01 fd 30 c3 e2 f2 00 95 ba fe d1 04 0e de cf ce ba d8 35 ab ba d8 36 b7 ba d8 37 c3 ba a6 cf fe f8 f2 34 ce ba f0 17 a6 cf 9c 95 fe f8 f2 36 ce ba f0 17 a6 cf 9c 95 fe f8 f2 32 ce ba f0 17 a6 cf 9c 95 a6 cf fe 71 a6 cf fe 32 15 04 bb dc 1f 65 bb f8 26 b2 f1 ba d8 22 04 bb 15 f2 84 01 19 f2 84 01 d2 04 bb 19 89 92 0e 5a 10 10 44 64 03 00 15 f2 84 01 19 f2 84 01 32 17 35 bb dc 20 6f bb f8 26 b6 20 bb d8 24 35 bb 17 f2 84 01 1b f2 84 01 d2 35 bb 1b 8b 92 0b 52 10 10 44 66 08 64 03 00 17 f2 84 01 1b f2 84 01 32 16 64 bb dc 21 6a bb f8 26 b4 51 bb d8 23 64 bb 16 f2 84 01 1a f2 84 01 d2 64 bb 1a 89 92 0d 55 12 10 44 64 03 00 16 f2 84 01 1a f2 84 01 fe 15 fa 15 f9 fe 16 fa 16 f9 fe 17 fa 17 f9 fe da 5a eb bb de 59 eb bb a2 5a 35 00 00 f9 1e f9 f0 17 fd 43 40 73 69 0c 83 80 0a 3b 60 0b 2c 62 1c 03 08 48 06 fd 60 1c 03 08 40 04 fd 60 1c 03 08 48 06 65 1c 83 f0 0f 09 9c 4c f0 47 60 0f 2c 62 1c 0e 9c 4a 08 40 0d 06 55 02 fd 0f 02 55 03 01 1d 85 08 40 00 55 06 65 f0 17 35 ff 9c 00 f2 26 28 f2 26 2a f2 26 2c f2 26 2e f2 26 30 f2 26 32 f2 26 34 f2 26 36 68 28 80 0b 7d 00 fe da 5a 68 bc de 59 68 bc 35 00 00 f9 1e f9 f0 17 fd 43 40 73 69 0c 83 80 0a 3b 60 0b 2c 62 1c 03 08 48 06 fd 60 1c 03 08 40 04 fd 60 1c 03 08 48 06 65 1c 83 f0 0f 09 9c 4c f0 47 1c 0e 9c 4a 08 40 0d 06 55 02 fd 0f 02 55 03 01 1d 05 08 40 00 55 06 60 0f ac 62 1d fe f0 17 35 ff 9c 00 f2 26 28 f2 26 2a f2 26 2c f2 26 2e f2 26 30 f2 26 32 f2 26 34 f2 26 36 68 c6 80 1c 37 00 fe 10 03 08 10 80 00 8a 06 fd 03 03 fd 01 10 46 62 08 00 f3 98 01 9c 0a a0 18 a4 28 00 a0 08 41 04 82 17 35 10 44 62 02 61 05 75 0c 04 20 07 24 c0 ff 80 fe 25 00 09 80 ff f0 1f 21 0b 04 00 f3 8b 01 fe fd 43 10 03 08 10 80 00 8a 06 fd 03 03 fd 01 10 46 62 08 00 f3 98 01 9c 0a 00 16 f0 03 08 41 84 0c 04 20 07 24 30 02 e0 fe 25 00 09 80 ff f0 37 21 f0 17 fd 31 f0 17 77 10 00 fe da 7f f7 bc 68 df 80 04 71 00 fe 68 fb 81 0f 0a 00 fe c3 e2 f6 00 09 bd 15 fd d2 0b bd 21 fd 31 00 84 73 08 4b 00 f0 6f 00 f3 80 01 00 f3 8b 01 c3 e2 f6 00 25 bd 15 fc fe 21 fc fe a0 3a a4 39 fd f0 ea 2a 41 bd fd f0 ea 36 41 bd fd f0 ea 42 41 bd d2 4a bd f3 ea 2a f3 ea 36 f3 ea 42 fd f0 ea 2c 5f bd fd f0 ea 38 5f bd fd f0 ea 44 5f bd d2 68 bd f3 ea 2c f3 ea 38 f3 ea 44 fd f0 ea 2e 7d bd fd f0 ea 3a 7d bd fd f0 ea 46 7d bd d2 86 bd f3 ea 2e f3 ea 3a f3 ea 46 fd f0 ea 30 9b bd fd f0 ea 3c 9b bd fd f0 ea 48 9b bd d2 a4 bd f3 ea 30 f3 ea 3c f3 ea 48 fd f0 ea 32 b9 bd fd f0 ea 3e b9 bd fd f0 ea 4a b9 bd d2 c2 bd f3 ea 32 f3 ea 3e f3 ea 4a fd f0 ea 34 d7 bd fd f0 ea 40 d7 bd fd f0 ea 4c d7 bd d2 e0 bd f3 ea 34 f3 ea 40 f3 ea 4c d9 05 22 be d9 06 05 be 16 f9 1b f9 1c f9 1d f9 1e f9 1f f9 20 f9 21 f9 22 f9 23 f9 24 f9 25 f9 26 f9 d2 3c be 15 f9 16 f9 17 f9 18 f9 19 f9 1a f9 1c f9 21 f9 22 f9 23 f9 24 f9 25 f9 26 f9 d2 3c be 15 f9 16 f9 17 f9 18 f9 19 f9 1a f9 1b f9 1c f9 1d f9 1e f9 1f f9 20 f9 22 f9 d2 fb b9 30 f5 10 f9 f0 00 9c 1b f0 00 60 8d ac 40 f0 00 50 60 31 fe d8 26 07 bf a0 26 e9 65 be f2 e0 a8 f2 e0 2a d2 74 be f2 e0 aa f2 e0 28 d2 74 be f2 e0 28 f2 e0 2a e9 80 be f2 e2 b4 f2 e2 36 d2 8f be f2 e2 b4 f2 e2 36 d2 8f be f2 e2 34 f2 e2 36 e9 9b be f2 e9 ac f2 e9 34 d2 aa be f2 e9 b4 f2 e9 2c d2 aa be f2 e9 2c f2 e9 34 e9 b6 be f2 e9 ae f2 e9 36 d2 c5 be f2 e9 b6 f2 e9 2e d2 c5 be f2 e9 ae f2 e9 36 e9 d1 be f2 e9 b0 f2 e9 38 d2 e0 be f2 e9 b0 f2 e9 38 d2 e0 be f2 e9 b0 f2 e9 38 e9 ec be f2 e9 b2 f2 e9 3a d2 fb be f2 e9 b2 f2 e9 3a d2 fb be f2 e9 b2 f2 e9 3a e9 04 bf f2 e4 a8 d2 07 bf f2 e4 28 fe d1 04 0e de 8a 13 bf 16 f2 b2 02 dc 38 34 bf 00 81 01 71 fd 31 00 f3 e2 01 00 f3 8b 01 de cf 2f bf da 8a 2f bf f0 17 fd 30 d2 35 bf 71 de cf 41 bf da 8a 41 bf a6 cf 9c 95 a6 cf fe d8 25 d1 bf a0 25 e9 56 bf f2 ec a8 f2 ec 2c d2 65 bf f2 ec 28 f2 ec ac d2 65 bf f2 ec 28 f2 ec 2c e9 71 bf f2 ec aa f2 ec 2e d2 80 bf f2 ec 2a f2 ec ae d2 80 bf f2 ec 2a f2 ec 2e e9 8c bf f2 eb a8 f2 eb 2e d2 9b bf f2 eb 28 f2 eb ae d2 9b bf f2 eb 28 f2 eb 2e e9 a7 bf f2 eb aa f2 eb 30 d2 b6 bf f2 eb 2a f2 eb b0 d2 b6 bf f2 eb 2a f2 eb 30 e9 c2 bf f2 eb ac f2 eb 32 d2 d1 bf f2 eb 2c f2 eb b2 d2 d1 bf f2 eb 2c f2 eb 32 fe d1 04 0e de 66 de bf 19 83 08 40 04 a4 28 a4 29 a4 2a a4 2b a4 2c a4 2d a4 2e a4 2f a4 30 a0 31 17 82 62 08 dc 38 19 c0 00 81 01 30 71 fd 31 00 f3 e2 01 00 f3 8b 01 fd 30 31 de cf 16 c0 da 66 16 c0 f0 17 d2 21 c0 dc 27 20 c0 d0 51 00 71 de cf 2d c0 da 66 2d c0 a6 cf 9c 95 a6 cf fe 1b f9 1c f9 1d f9 1e f9 e9 41 c0 14 f8 14 f2 95 01 e9 4a c0 15 f8 15 f2 95 01 e9 53 c0 16 f8 16 f2 95 01 e8 60 c0 19 f9 e8 71 c0 17 f9 d2 71 c0 17 f9 e8 6a c0 19 f9 d2 71 c0 19 f8 19 83 08 48 06 e8 7e c0 1a f9 e8 8f c0 18 f9 d2 8f c0 18 f9 e8 88 c0 1a f9 d2 8f c0 1a f8 1a 83 08 48 06 e8 98 c0 1b f8 1b f2 9a 01 e8 a1 c0 1c f8 1c f2 9b 01 e8 aa c0 1d f8 1d f2 9c 01 e8 b3 c0 1e f8 1e f2 9c 01 71 fe d8 28 da c0 d8 29 e5 c0 d8 2b f0 c0 a4 28 a4 29 a4 2a a4 2b a4 2c a4 2e a4 2f a4 30 a4 31 68 e6 80 03 3d 00 fe a0 29 a4 28 68 e6 80 03 3d 00 fe a0 2a a4 29 68 e6 80 03 3d 00 fe a0 2c a4 2b 68 e6 80 03 3d 00 fe d8 28 24 c1 d8 29 24 c1 d8 2a 24 c1 d8 2b 24 c1 d8 2c 3f c1 d8 2e 24 c1 d8 2f 24 c1 d8 30 48 c1 d8 31 1f c1 a0 2e d2 26 c1 a4 2e a4 28 a4 29 a4 2a a4 2b a4 2c a0 2d a4 2f a4 30 a4 31 68 e6 80 08 3d 00 fe a4 2c 68 e8 80 10 28 00 fe a4 30 68 e7 80 15 4c 00 fe d8 2a 7c c1 d8 28 87 c1 d8 29 87 c1 d8 2b 87 c1 d8 2c 87 c1 d8 2e 87 c1 d8 2f 87 c1 d8 30 87 c1 a0 28 a4 31 68 e6 80 03 2f 00 fe a0 2b a4 2a 68 e6 80 03 2f 00 fe a4 28 a4 29 a4 2a a4 2b a4 2c a4 2e a4 2f a4 30 a4 31 68 e6 80 03 2f 00 fe d8 28 c0 c1 d8 29 c0 c1 d8 2a c0 c1 d8 2b c0 c1 d8 2c c0 c1 d8 2e d9 c1 d8 2f e4 c1 d8 30 c0 c1 a4 28 a4 29 a4 2a a4 2b a4 2c a4 2e a4 2f a4 30 a4 31 68 e3 80 10 12 00 fe a0 2f a4 2e 68 e6 80 09 2e 00 fe a0 30 a4 2f 68 e6 80 08 2f 00 fe 68 e6 80 03 2f 00 fe a1 74 4b d3 00 fe a0 39 b0 0b 13 00 b0 0c 4a 00 d1 42 00 68 ea 80 0a 54 00 fe 68 e6 80 03 2f 00 fe a0 39 b0 0b 14 00 b0 0c 6c 00 d1 42 00 68 ec 80 03 21 00 fe a0 39 d1 06 06 00 f3 63 01 68 e9 80 03 26 00 fe 68 e6 80 03 3d 00 fe a0 39 b0 0b 06 00 b0 0c 6e 00 d1 42 00 68 e9 80 1a 24 00 fe a0 39 b0 0b 06 00 b0 0c 28 00 d1 42 00 68 eb 80 1c 6e 00 fe 9c 00 dc 27 a0 c2 34 00 fd 31 00 8a fd 01 09 72 fd 03 03 fd 0f 03 71 00 92 fd 02 f0 00 3d 85 c2 7f 6c 00 fd 00 42 f0 00 3d 90 c2 00 f3 8b 01 fd 30 34 ff a4 27 fe 71 fe 9d 4d 38 f0 17 d2 a2 c2 d8 20 b4 c2 a0 20 1a f2 b5 00 fe da 1e 94 c8 a4 28 a4 29 a4 2a a4 2b a4 2c a4 2d a4 2e a4 2f a4 30 a4 31 d2 88 c4 24 03 fd 0f 03 00 84 0a 00 55 02 60 70 ac 60 1f f7 1f 09 43 63 08 77 f0 2f 08 40 8c f0 17 60 71 2c 60 00 03 f0 03 73 65 1f 04 09 f0 21 75 00 88 d4 01 08 48 06 f0 07 75 0c 82 55 0a 00 03 08 4a 87 1f 03 08 49 87 60 72 ac 62 14 f2 e7 01 19 f2 e7 01 15 f2 e7 01 1a f2 e7 01 16 f2 e7 01 1b f2 e7 01 17 f2 e7 01 1c f2 e7 01 18 f2 e7 01 1d f2 e7 01 40 8e 29 60 73 ac 62 24 05 fd 0f 03 10 82 a0 18 fd 43 f0 0f 60 74 ac 62 f0 2f 0c 84 10 41 51 0a f0 2f 1f 0f 7f 6c 00 f0 00 3d 69 c3 f0 0f 09 77 10 82 04 60 75 ac 60 fd 31 00 87 09 73 d4 01 f0 07 d7 40 a1 a9 00 08 10 45 08 44 80 45 65 08 1f 8d 08 42 00 f0 1f 09 10 c1 47 75 08 42 85 60 76 ac 60 f0 04 a0 28 00 07 09 0a 00 74 f0 03 71 1f 85 09 75 10 80 04 60 78 ac 60 1f 01 05 00 06 08 43 83 f0 5f 09 1f 8f f0 37 08 42 88 7f 80 00 f0 2f 09 10 81 51 02 60 77 ac 60 1f 0f 04 10 c1 80 0e 25 10 83 f0 17 10 81 63 08 05 00 8d f0 47 10 c1 80 0f 23 57 04 55 02 63 08 f0 1f fd 30 23 09 08 40 81 82 11 28 65 11 00 25 84 82 11 28 00 23 08 03 d4 1e 65 05 f0 04 d7 25 0a 03 f0 03 d4 1e 65 05 f0 04 d7 0c 06 f0 6f 10 40 55 0a f0 2f 60 79 2c 60 25 fe 65 24 83 10 80 71 60 7a ac 62 f0 0f 60 7b ac 60 9c 13 24 03 f0 0f 05 f0 6f 21 a2 92 0a 1d 20 00 03 fd 02 7f 01 00 08 48 14 f0 00 fd 3d 21 c9 c4 9c 3a f0 07 02 08 40 01 f0 0f 08 49 91 60 7c ac 62 21 05 f0 0f 08 49 91 24 03 10 82 04 60 7d ac 62 9b 9b 4a b5 00 01 dc 00 93 c4 fb a2 1e a1 74 a1 34 a1 35 a1 36 15 f9 16 f9 17 f9 18 f9 19 f9 1a f9 1b f9 1c f9 24 f9 25 f9 f2 e8 28 f2 e8 2a f2 e8 2c f2 e8 2e f2 e8 30 f2 e8 32 f2 e8 34 f2 e8 36 f2 e8 38 f2 e8 3a f2 e8 3e f2 e8 42 f2 e8 48 f2 e8 4a f2 e6 42 f2 e4 2a d2 72 c8 1d 06 fd 0f 00 82 0c 1d 00 03 82 0c 1d 1f 03 82 0d 1f 21 05 82 0b 22 09 77 23 0b fd 0f 03 82 0b 1a 66 03 08 40 81 14 05 82 09 10 fd 0e 0c 85 10 44 80 08 11 71 21 03 08 40 83 60 7e ac 62 21 03 08 48 83 f0 1f 00 17 08 48 09 f0 5f 08 48 00 f0 0f d4 01 08 48 06 f0 07 08 48 00 f0 07 d7 1f 99 f0 1f 08 48 11 f0 3f 08 48 00 f0 0f d4 01 08 48 0e f0 07 08 48 00 f0 07 d7 21 0c f0 2f 10 86 08 11 04 f0 2f 08 49 0f 60 7f ac 62 21 03 08 48 83 f0 1f fd 31 00 1b 08 48 09 f0 1f 08 48 00 f0 07 08 43 08 03 7f 90 00 f0 00 3d 8b c5 f0 0f 08 48 00 1f 9d 08 48 11 f0 1f 08 48 00 f0 07 08 42 08 03 7f 90 00 f0 00 3d a8 c5 f0 0f 10 81 08 40 00 60 80 ac 62 1f 05 f0 0f 08 48 00 21 05 10 80 08 40 83 60 81 ac 62 21 03 08 48 83 f0 0f 00 08 08 40 08 f0 1f 08 48 00 1f 88 08 40 08 f0 1f 08 48 00 f0 1f 21 08 08 48 81 f0 3f 08 48 83 60 82 ac 62 f0 0f 00 0d d4 01 08 48 06 f0 07 08 48 00 f0 07 d7 1f 8d d4 01 08 48 0e f0 07 08 48 00 f0 07 d7 f0 0f 60 83 ac 62 f0 07 00 03 08 48 06 1f 03 08 48 0e f0 1f 00 16 08 43 08 03 7f 90 00 f0 00 3d 32 c6 f0 07 08 48 00 f0 0f 08 48 08 1f a7 08 42 08 03 7f 90 00 f0 00 3d 4a c6 f0 07 08 48 00 f0 17 08 40 0b 43 63 08 08 40 0c 55 04 71 08 48 80 f0 27 08 48 91 60 84 ac 62 f0 17 00 03 08 48 00 1f 03 08 48 80 21 0f f0 1f 08 41 07 f0 3f 08 48 0f f0 3f 08 48 83 60 85 ac 62 f0 2f 21 16 10 85 08 48 92 f0 1b 08 48 93 f0 1b d8 27 a6 c6 d2 95 c6 08 48 83 60 86 ac 62 a0 27 00 f3 8b 01 1f f3 8b 01 f0 1f 21 fe 21 13 f0 0f 08 48 8f f0 0f 08 48 83 f0 0f d8 26 d0 c6 d2 bf c6 60 87 ac 62 a0 26 f0 1f 21 0e 10 80 08 11 0a f0 3d 08 49 1b f0 3f 09 77 60 88 ac 62 21 83 08 4a 82 60 8a ac 62 93 f0 0f 91 17 f0 49 0c 86 10 45 56 02 f0 27 23 97 6a 50 f0 0f 13 02 10 81 08 40 00 f0 2f 10 82 f0 2f 10 83 f0 2f 10 84 1d f2 89 01 f0 31 23 02 14 06 1d fe f1 c0 01 00 0b 72 10 46 62 07 f1 80 01 08 48 1f 23 15 f0 0f 10 83 f0 2f 10 82 f0 2f 10 81 f0 2f 10 80 f0 37 08 40 02 23 fe f0 5f 23 24 10 80 f0 07 10 81 08 40 00 f0 09 10 82 f0 09 10 83 f0 09 10 84 f0 2f 10 41 6b 2c 10 44 64 01 6b 02 08 40 02 f0 27 91 18 f0 ff 23 0a 10 40 6a 20 f0 2f 10 44 5a 10 0c 06 f0 42 10 41 5a 04 f0 48 77 20 1d f9 23 f9 fd 4d 02 0c 83 80 08 11 00 f3 8b 01 00 85 10 44 66 07 73 21 f3 8b 01 71 60 8c ac 62 1f 10 10 c0 0a 00 08 40 80 51 02 08 40 81 47 67 0a 01 21 91 10 c0 0a 00 04 08 40 01 45 08 40 81 57 03 67 0c 01 f0 0f 60 89 ac 42 91 28 f0 2f 00 f3 81 01 00 f3 8b 01 f0 0f 0c 84 10 41 55 0b a4 18 14 b5 fd 0e fd 9e 4d 20 07 24 18 ff 40 00 25 c0 06 80 ff f0 1d fd 9e 4d 24 18 ff 40 00 25 c0 06 80 ff f0 1d fd 9e 4d 24 18 ff 40 00 25 c0 06 80 ff f0 1d 21 fd 9e 4d 14 f2 e4 01 60 8b ac 62 a0 18 f0 0f 14 8d fd 0f 02 10 43 10 84 fd 9e 0b 55 05 01 f0 1f 0c 85 10 43 51 0a 40 fd 8e 80 07 01 7f 60 70 ad 42 f0 1f 00 f2 81 01 f0 33 9c 0d f0 0f fd 8e b2 07 01 7f 9b 9b 71 9b 9b 9b 9b fd 5b fd 5c 91 1a fd 30 14 f9 19 f9 1a f9 1b f9 1c f9 1d f9 a1 12 b0 05 cc 00 d0 d0 02 fe a0 39 a0 35 a8 0c 01 d1 06 06 00 f3 64 01 68 f2 80 0a 54 00 fe a0 39 a8 0c 02 d1 06 06 00 f3 65 01 68 f2 80 0a 54 00 fe a0 39 a8 0c 03 d1 06 06 00 f3 66 01 68 f2 80 0a 54 00 fe a0 39 a0 36 a8 0c 04 d1 06 06 00 f3 67 01 68 f2 80 0a 54 00 fe a0 39 a8 0c 05 d1 06 06 00 f3 68 01 68 f2 80 0a 54 00 fe a0 39 a8 0c 06 d1 06 06 00 f3 69 01 68 f2 80 0a 54 00 fe a0 39 a0 37 a8 0c 07 d1 06 06 00 f3 6a 01 68 f2 80 0a 54 00 fe dc 37 a3 c9 d8 3b a3 c9 a4 37 a4 35 a4 36 a0 3b a0 38 a0 3c fd 31 21 f9 f2 f2 42 0c 87 10 41 80 00 3b 10 40 00 f2 e5 01 0c f2 88 01 15 bc 61 08 d4 06 08 48 98 62 05 9c 15 f0 07 08 48 99 66 05 9c 15 f0 07 d7 08 48 9a 9c 15 f0 07 08 48 9b a0 18 9c 15 f0 07 08 48 9d 9c 15 f0 02 65 06 08 48 9e 9c 15 f0 02 08 48 9f 9c 15 f0 07 77 18 f2 f2 2a 6b e1 80 6a e1 80 6b ea 80 6b f2 80 68 e1 80 04 4a 00 fe f8 9e b2 aa c9 fe f2 9e 32 19 f2 ea 02 fe f8 9e b4 b8 c9 fe f2 9e 34 1a f2 eb 02 fe f8 9e b6 c6 c9 fe f2 9e 36 1b f2 ec 02 fe f8 9e b8 d4 c9 fe f2 9e 38 1c f2 ed 02 fe f8 9d b4 e2 c9 fe f2 9d 34 1a f2 f7 02 fe f8 9d b6 f0 c9 fe f2 9d 36 1b f2 f8 02 fe f8 9d b8 fe c9 fe f2 9d 38 1c f2 f9 02 fe f8 9d ba 0c ca fe f2 9d 3a 1d f2 fa 02 fe 9c 60 f0 19 dc 28 14 ca fe f2 fb a8 f2 fb aa f2 fb ae f2 fb b0 f2 fb b2 f2 fb b4 f2 fb b6 f2 fb ba f2 fb bc f2 fb be a4 38 c4 00 e2 04 00 60 ca e2 05 00 aa ca e2 07 00 6a ca e2 09 00 74 ca e2 0d 00 8f ca e2 10 00 8f ca d2 c6 ca c5 00 e2 46 00 aa ca d2 74 ca c5 00 e2 4b 00 aa ca d2 74 ca 14 09 82 08 70 e8 7e ca 73 fe 71 16 09 82 06 6f e8 89 ca 73 fe 71 15 f9 d2 c6 ca 14 09 82 0f 48 e8 99 ca 73 fe 71 15 09 82 0d 46 e8 a4 ca 73 fe 71 16 f9 d2 c6 ca 14 04 82 05 48 71 15 09 82 08 52 e8 ba ca 73 fe 71 16 09 82 07 58 e8 c5 ca 73 fe 71 71 fe b0 0b 07 00 b0 0c 67 00 d1 42 00 68 fc 80 11 55 00 00 f3 0a 00 fe b0 0b 11 00 b0 0c 55 00 d1 42 00 68 fc 80 07 67 00 00 f3 0a 00 fe b0 0b 09 00 b0 0c 6d 00 d1 42 00 68 fc 80 10 48 00 00 f3 0a 00 d1 04 0e de cf 1a cb da 6d 1a cb f0 17 a6 cf 9c 95 fe b0 0b 10 00 b0 0c 48 00 d1 42 00 68 fc 80 09 6d 00 00 f3 0a 00 fe b0 0b 0d 00 b0 0c 42 00 d1 42 00 68 fc 80 07 4b 00 00 f3 0a 00 fe b0 0b 07 00 b0 0c 4b 00 d1 42 00 68 fc 80 0d 42 00 00 f3 0a 00 d1 04 0e de cf 6d cb da 6d 6d cb f0 17 a6 cf 9c 95 fe b0 0b 05 00 b0 0c 57 00 d1 42 00 68 fc 80 0d 5f 00 00 f3 0a 00 fe b0 0b 0d 00 b0 0c 5f 00 d1 42 00 68 fc 80 05 57 00 00 f3 0a 00 fe f8 9f a8 a0 cb fe f2 9f 28 14 f2 f4 02 fe f2 4f ad 14 04 62 01 63 04 15 04 6b 01 63 04 17 04 6b 01 63 04 18 04 6b 01 63 04 19 04 6b 01 63 04 1a 05 61 07 63 01 01 1b 05 61 07 63 01 01 1d 05 61 07 63 01 01 1e 05 61 07 63 01 01 1f 85 61 07 63 01 01 40 ad 29 dc 27 f7 cb d1 51 00 fe 71 dc 38 06 cc a4 38 fd 31 00 f3 0a 00 fd 30 fe f0 00 d8 18 60 cc d8 19 6f cc d8 1a 42 cc d8 1b 24 cc d8 1c 51 cc d8 1d 33 cc d2 07 cc d8 21 19 cc a0 21 1a f2 4d 03 14 f8 d2 07 cc d8 23 07 cc a0 23 1b f2 4d 03 15 f8 d2 07 cc d8 20 15 cc a0 20 1c f2 4d 03 16 f8 d2 07 cc d8 22 1d cc a0 22 1d f2 4d 03 17 f8 d2 07 cc d8 1e 0d cc a0 1e 1e f2 4d 03 18 f8 d2 07 cc d8 1f 11 cc a0 1f 1f f2 4d 03 19 f8 d2 07 cc a8 3f 27 f2 fb a8 f2 fb aa f2 fb ae f2 fb b0 f2 fb b2 f2 fb b4 f2 fb b6 f2 fb ba f2 fb bc f2 fb be 14 16 10 44 13 02 67 05 66 05 64 02 de 64 b3 cc 08 48 0e fe 08 48 00 01 15 98 10 44 13 02 67 07 60 04 66 01 64 02 de 64 cd cc 08 48 0e fe 08 48 00 01 de 64 d9 cc 16 f2 0f 00 c5 00 e2 1b 00 e2 cc 71 fe fd 31 00 18 fd 03 fd 01 10 44 13 02 fd 0f 03 0a 00 08 46 07 92 1b 1b 18 60 08 10 40 0c 87 10 44 80 16 05 10 40 71 00 8f 20 01 24 e3 ff 00 00 5b 08 21 08 4e 0e f0 0f 00 16 08 49 03 73 fd 9e 04 20 07 24 80 fe b0 00 25 c0 06 80 ff f0 24 21 0c 84 10 41 52 04 fd 30 00 f3 8b 01 fe e8 48 cd 4a 58 00 29 d2 4c cd 4a 59 00 29 d8 01 60 cd d8 00 66 cd f2 fb 28 f2 fb 34 14 f9 1a f9 71 fe 1a f4 02 00 71 fe fb fe e8 72 cd 4a 58 00 29 d2 76 cd 4a 59 00 29 d8 01 8a cd d8 00 90 cd f2 fb 2a f2 fb 36 15 f9 1b f9 71 fe 1b f4 02 00 71 fe fb fe e8 9c cd 4a 58 00 29 d2 a0 cd 4a 59 00 29 d8 01 b4 cd d8 00 ba cd f2 fb 2e f2 fb 3a 17 f9 1d f9 71 fe 1d f4 02 00 71 fe fb fe e8 c6 cd 4a 58 00 29 d2 ca cd 4a 59 00 29 d8 01 de cd d8 00 e4 cd f2 fb 30 f2 fb 3c 18 f9 1e f9 71 fe 1e f4 02 00 71 fe fb fe e8 f0 cd 4a 58 00 29 d2 f4 cd 4a 59 00 29 d8 01 08 ce d8 00 0e ce f2 fb 32 f2 fb 3e 19 f9 1f f9 71 fe 1f f4 02 00 71 fe fb fe f8 fb b0 26 ce b0 0b 07 00 b0 0c 19 00 d1 42 00 68 5b 81 13 2f 00 fe f8 fb b2 3d ce b0 0b 05 00 b0 0c 1d 00 d1 42 00 68 4e 81 03 31 00 fe f8 fb a8 54 ce b0 0b 07 00 b0 0c 22 00 d1 42 00 68 5c 81 18 66 00 fe f8 fb ae 6b ce b0 0b 0a 00 b0 0c 1d 00 d1 42 00 68 4f 81 08 70 00 fe f8 fb aa 82 ce b0 0b 09 00 b0 0c 23 00 d1 42 00 68 5d 81 10 38 00 fe 9c 13 f8 4e 35 8f ce 1a 03 08 40 04 fd 31 00 06 10 44 5a 0b 10 40 15 04 10 44 62 03 16 04 10 44 62 03 17 04 10 44 62 03 18 04 10 44 62 03 19 84 10 44 62 03 71 00 8b 7e 00 00 f0 00 3d bd ce fd 9e 3a fd 30 fe f2 4e 29 f2 4e b5 d2 46 93 fe f2 5c 29 f2 5c b5 d2 46 93 fe f2 5d 29 f2 5d b5 d2 46 93 fe b0 05 e1 00 d0 d0 02 9c 05 0c 04 10 41 56 02 19 15 fd 0d 04 10 81 08 50 01 20 04 25 c0 03 80 ff f0 07 21 08 40 02 c7 10 ba 0a bb 0a a5 26 9c 0e 3f 04 1a cf f0 1f 19 fe 4a 9e 00 15 d8 00 50 cf 0c 04 52 02 10 40 71 a1 26 a1 25 19 10 20 04 25 40 00 80 ff f0 07 21 08 40 04 fd 0d 05 f2 4f 33 f2 4f b5 19 fe 19 f3 0f 00 fe fb 9c 0e 1a f9 19 f8 19 f2 0e 00 18 f8 18 f2 8e 01 fe da 66 7c cf d1 54 0a a2 66 f2 e3 b0 f2 e3 b2 f2 e3 34 60 5c ac 42 50 6b aa 28 fe 6a 2a 80 6a 67 81 6a 67 82 6a e2 80 6a ef 80 6a 0e 81 6a 91 81 6a b1 81 6a b2 81 6a ba 81 6a c0 81 6a db 81 6a fb 81 6a fb 81 6b fb 81 a8 3f 08 a1 6a a1 6b a1 6c a1 6d a1 6e a1 6f a1 70 a1 72 a1 73 a1 74 a1 76 a1 77 a1 78 a1 79 a1 7a a1 7b a1 7c a1 7d a1 7e a1 7f a1 80 a1 81 a1 83 a1 84 a1 2c a1 2d a1 2e a1 2f a1 31 a1 32 a1 33 a1 34 a1 36 a1 37 a1 38 a1 39 a1 3a a1 3b a1 3c a1 3d a1 3e a1 3f a1 40 a1 41 a1 42 a1 44 f2 44 2b f2 15 2e a2 0e 40 57 21 f2 42 28 f2 42 2a f2 42 2c f2 42 2e f2 42 30 f2 42 32 f2 42 34 f2 42 36 f2 42 38 f2 42 3a f2 42 3c d0 c6 09 94 fe d8 18 95 d0 a0 18 30 14 20 08 40 02 f0 1f 08 48 00 f0 0f 10 81 08 40 00 63 18 08 48 00 f0 0f 10 80 fd 9e 65 08 10 04 f0 3f 16 1d 08 40 02 f0 1f 08 48 00 f0 0f 10 81 08 40 00 63 18 08 48 00 f0 0f 10 80 08 10 04 f0 3f f0 5f 16 fe 4a 01 00 07 dc 00 8f d0 fc 14 f9 16 f9 31 71 fe a8 1b 02 14 08 fd 01 61 06 73 fd 0f 03 16 05 fd 01 fd 0f 03 18 05 fd 01 65 05 71 19 05 fd 01 61 05 75 1a 05 fd 01 61 05 75 1b 85 fd 01 65 05 71 18 f2 23 02 19 f2 24 02 1a f2 24 02 1b f2 23 02 71 fe 15 0a 10 44 14 0b fd 0f 03 67 08 73 16 0f 10 44 04 14 0b fd 0f 03 60 30 66 04 08 40 00 18 0f 10 44 04 14 0b fd 0f 03 60 10 66 08 08 40 00 17 8d 10 44 04 14 0b fd 0f 03 60 20 08 40 0a 71 fe d8 18 93 d1 a0 18 20 f9 21 f9 22 f9 23 f9 24 f9 f0 2f 40 c5 29 14 f8 15 f8 16 f8 17 f8 18 f8 19 f8 1a f8 1b f8 1c f8 1d f8 1e f8 1f f8 f0 04 fd 8d 6a 05 81 f0 00 fd 8d 6a 05 81 f0 00 fd 8d 6a 05 83 f0 00 fd 8d 6a 05 83 f0 00 fd 8d 6a 05 85 f0 00 0c 11 10 44 66 02 62 04 66 02 d8 19 7a d1 d2 6b d1 10 40 00 8e 08 4a 07 f0 00 d8 19 8a d1 d2 7e d1 f0 1f 6b 05 81 00 f3 8b 01 fe f0 0b 1e f2 26 02 1f f2 27 02 9c 15 f0 07 1c f2 26 02 1d f2 27 02 f0 06 1a f2 26 02 1b f2 27 02 f0 05 18 f2 26 02 19 f2 27 02 f0 04 16 f2 26 02 17 f2 27 02 f0 03 14 f2 26 02 15 f2 27 02 f0 1f a0 19 f1 30 01 25 f2 2e 02 fe f2 42 3e f2 42 40 f2 42 42 f2 42 44 f2 42 46 f2 66 2e f2 66 30 f2 66 32 f2 66 34 f2 66 36 f2 66 38 f2 66 3a f2 40 29 f2 cf 2c f2 55 2e a0 26 a0 4a a0 67 a0 88 a0 89 a0 9f a0 a1 a0 a7 a0 b1 a0 e9 a0 ec a0 ed a0 f7 a1 07 a1 10 a1 1a a1 33 a1 d3 a2 0a a2 0b a2 0d a2 0e a2 12 a2 27 a2 28 9b 9b a2 58 a2 5a a2 5e a2 84 a2 8e a2 e5 a0 a8 35 ff 50 a0 fd 5b fd 5c a5 20 a5 21 a5 22 a5 23 a8 3a 00 a8 3b 00 a8 3c 00 a8 3d 00 94 9b 9b f2 c0 36 f2 11 28 9b 9b 9b f2 46 2d f2 21 2b f2 14 29 f2 05 3e f2 98 38 f2 98 3a f2 1c 2a f2 a0 43 f2 a0 45 f2 6d 36 f2 6d 34 f2 78 38 f2 78 36 f2 78 3a f2 83 2b f2 6f 2f f2 70 ab f2 ca 2c f2 ca 2a f2 99 2b f2 15 28 a0 ba a0 bb a0 fa a0 8b a0 f4 a6 5d a0 fb a4 b0 6a 1b 81 6b 1b 81 6a 19 81 6b 19 81 6a ca 80 6b ca 80 a6 c1 a6 4d d0 71 05 fe fe d8 19 fe d2 a0 19 9c 51 fd fb fd 8d 6a 9f 81 f0 00 fd 8d 6a 9f 82 aa 0e e0 0e 06 9f d3 fd fc fe d8 1a 1e d3 a0 1a 9c 51 fd fb fd 8d 6a 9f 83 f0 00 fd 8d 6a 9f 84 aa 0e e0 0e 06 9f d3 fd fc fe d8 1b 3e d3 a0 1b 9c 51 fd fb fd 8d 6a 9f 85 f0 00 fd 8d 6a 9f 86 aa 0e e0 0e 06 9f d3 fd fc fe d8 1c 5e d3 a0 1c 9c 51 fd fb fd 8d 6a 9f 87 f0 00 fd 8d 6a 9f 88 aa 0e e0 0e 06 9f d3 fd fc fe d8 1d 7e d3 a0 1d 9c 51 fd fb fd 8d 6a 9f 89 f0 00 fd 8d 6a 9f 8a aa 0e e0 0e 06 9f d3 fd fc fe d8 1e 9e d3 a0 1e 9c 51 fd fb fd 8d 6a 9f 8b f0 00 fd 8d 6a 9f 8c aa 0e e0 0e 06 9f d3 fd fc fe f0 1f fd 8d 6a 9f 80 6b 9f 80 9c 7e fd fc fe d8 19 cd d3 a0 19 9c 51 fd fb fd 8d 6a 9e 81 f0 00 fd 8d 6a 9e 82 aa 0e e0 0e 05 4e d4 fd fc fe d8 1a ed d3 a0 1a 9c 51 fd fb fd 8d 6a 9e 83 f0 00 fd 8d 6a 9e 84 aa 0e e0 0e 05 4e d4 fd fc fe d8 1b 0d d4 a0 1b 9c 51 fd fb fd 8d 6a 9e 85 f0 00 fd 8d 6a 9e 86 aa 0e e0 0e 05 4e d4 fd fc fe d8 1c 2d d4 a0 1c 9c 51 fd fb fd 8d 6a 9e 87 f0 00 fd 8d 6a 9e 88 aa 0e e0 0e 05 4e d4 fd fc fe d8 1d 4d d4 a0 1d 9c 51 fd fb fd 8d 6a 9e 89 f0 00 fd 8d 6a 9e 8a aa 0e e0 0e 05 4e d4 fd fc fe f0 1f fd 8d 6a 9e 80 6b 9e 80 9c 7e fd fc fe d8 19 7c d4 a0 19 9c 51 fd fb fd 8d 6a 9d 81 f0 00 fd 8d 6a 9d 82 aa 0e e0 0e 06 1d d5 fd fc fe d8 1a 9c d4 a0 1a 9c 51 fd fb fd 8d 6a 9d 83 f0 00 fd 8d 6a 9d 84 aa 0e e0 0e 06 1d d5 fd fc fe d8 1b bc d4 a0 1b 9c 51 fd fb fd 8d 6a 9d 85 f0 00 fd 8d 6a 9d 86 aa 0e e0 0e 06 1d d5 fd fc fe d8 1c dc d4 a0 1c 9c 51 fd fb fd 8d 6a 9d 87 f0 00 fd 8d 6a 9d 88 aa 0e e0 0e 06 1d d5 fd fc fe d8 1d fc d4 a0 1d 9c 51 fd fb fd 8d 6a 9d 89 f0 00 fd 8d 6a 9d 8a aa 0e e0 0e 06 1d d5 fd fc fe d8 1e 1c d5 a0 1e 9c 51 fd fb fd 8d 6a 9d 8b f0 00 fd 8d 6a 9d 8c aa 0e e0 0e 06 1d d5 fd fc fe f0 1f fd 8d 6a 9d 80 6b 9d 80 9c 7e fd fc fe e0 0e 05 32 d5 fe fd 31 00 87 f0 00 3d 36 d5 47 01 f0 1f fd 8d 6a 9e 8b 9c 7d fd 30 f0 1f 77 10 68 9d 80 0d 18 00 fe 24 02 60 07 25 02 60 06 26 02 64 09 27 02 64 08 28 02 64 0a fd 31 00 89 82 0e 16 0a 00 fd 03 fd 01 71 f0 0f fd 8d 6a 9d 80 9c 7e f0 0f 00 84 10 81 53 02 f0 0f fd 8d 6a 9d 8d 9c 7d 00 f3 8b 01 fd 30 fe e0 0e 06 9c d5 fe fd 31 00 87 f0 00 3d a0 d5 47 01 f0 1f fd 8d 6a 9d 8d 9c 7d fd 30 f0 1f 77 10 68 9f 80 1a 6e 00 fe 1f 04 63 04 64 05 20 04 63 04 64 06 21 02 64 08 22 82 61 06 da 5e 23 d6 a2 5e 71 24 f8 24 85 10 45 55 02 71 60 2d 2c 60 fd 60 24 85 10 85 08 40 09 65 da 8e fa d5 60 51 2c 60 d2 fe d5 60 2e 2c 60 24 81 09 f0 2f 24 8a 10 80 08 41 0a f0 3f 08 49 1b 65 24 81 09 60 2f ac 60 24 87 10 40 10 81 51 02 01 24 f9 fe 71 fe 9c 6e d8 ed 32 d6 60 29 ac 40 9c 00 fe 60 fd ac 40 9c 00 fe 9c 6e d8 ed 46 d6 60 2a ac 40 9c 00 fe 60 fe ac 40 9c 00 fe 9c 6e 60 2b ac 40 9c 00 da 5f cb d6 a2 5f 23 f7 23 86 13 00 47 67 04 73 fd 31 f0 07 23 0c 10 46 08 40 04 d4 03 63 02 f0 07 d7 00 0d 10 46 f0 07 d4 03 08 42 03 63 02 d7 77 60 30 ac 60 23 fe f0 0f 00 f2 8b 01 23 03 08 40 08 60 31 2c 60 fd 60 23 03 08 41 09 65 23 97 09 f0 0f 10 45 43 63 04 f0 07 fd 0f 00 f0 17 fd 0f 03 47 08 42 04 73 60 32 ac 60 23 85 09 43 f0 03 01 23 f9 fd 30 fe 9c 6e da d0 d9 d6 60 22 ac 40 9c 00 fe 60 cb ac 40 9c 00 fe 9c 6e dc fc ed d6 60 ff ac 40 9c 00 fe 60 2c ac 40 9c 00 da 60 63 d7 a2 60 93 29 f7 29 89 08 42 00 7f 6c 00 47 67 08 60 33 2c 60 fd 60 00 81 77 fd 60 91 15 29 83 08 40 06 65 f0 2f 00 83 08 40 86 f0 2f 60 36 2c 60 29 8d 10 44 d4 08 66 01 f0 01 62 01 f0 0f d7 65 f0 5f 29 83 08 48 00 60 34 ac 60 f0 0f 00 f2 8b 01 f0 1f 29 83 08 41 09 60 35 ac 60 29 87 09 10 45 43 63 08 01 29 f9 93 f0 0f 91 22 fe 9c 6e 60 27 ac 40 9c 00 fe 9c 6e 60 24 ac 40 9c 00 fe 9c 6e 60 26 ac 40 9c 00 fe 9c 6e 60 25 ac 40 9c 00 fe 9c 6e 60 23 ac 40 9c 00 fe 9c 6e 60 21 ac 40 9c 00 fe 9c 6e 60 28 ac 40 9c 00 fe a0 38 1b 03 08 10 00 00 8a 06 fd 03 03 fd 01 10 46 62 08 00 f3 98 01 9c 0a 00 0c f0 03 20 04 25 00 0f f0 ff f0 2f 21 f0 17 77 08 00 fe 68 fb 80 05 1d 00 fe a0 38 14 03 08 10 00 00 8a 06 fd 03 03 fd 01 10 46 62 08 00 f3 98 01 9c 0a 00 0c f0 03 20 04 25 00 0f f0 ff f0 2f 21 f0 17 77 08 00 fe 68 fb 80 07 19 00 fe 9c 13 fd 31 00 0a fd 03 10 44 5a 0b 10 40 fd 02 14 04 10 44 65 08 15 06 10 44 63 06 10 45 16 08 10 44 61 03 63 04 10 45 19 86 10 44 65 08 67 06 15 f2 95 01 16 f2 4e 03 17 f2 4f 03 19 f2 c2 00 71 f8 5b b1 54 d8 40 f2 2a 00 8b 7e 00 00 f0 00 3d 59 d8 fd 9e 3a fd 30 fe a0 38 1b 03 08 10 00 00 8a 06 fd 03 03 fd 01 10 46 62 08 00 f3 98 01 9c 0a 00 0c f0 03 20 04 25 00 0f f0 ff f0 2f 21 f0 17 77 08 00 fe 68 fb 80 07 22 00 fe 9c 13 f8 5c 35 a4 d8 1a 03 08 40 04 fd 31 00 06 10 44 5a 0b 10 40 15 04 10 44 62 03 16 04 10 44 62 03 17 04 10 44 62 03 18 04 10 44 62 03 19 84 10 44 62 03 71 00 8b 7e 00 00 f0 00 3d d2 d8 fd 9e 3a fd 30 fe 9c 13 fd 31 c6 00 e2 00 00 ea d8 a0 18 de 65 fd d8 1b 83 08 40 04 1b f3 0f 00 6a 4f 81 d2 00 d9 6a 4f 81 00 0f 10 44 dc 18 0b d9 65 08 72 5a 0b 10 40 a4 18 15 07 fd 0f 03 10 44 66 08 16 06 10 44 61 08 77 01 17 8a 10 44 61 08 77 fd 03 0c 04 01 71 00 95 7e 00 00 f0 00 3d 34 d9 fd 9e 3a de cf 46 d9 da 65 46 d9 f0 17 d1 04 0e de cf 55 d9 da 65 55 d9 a6 cf 9c 95 fd 30 a6 cf fe a0 38 14 03 08 10 00 00 8a 06 fd 03 03 fd 01 10 46 62 08 00 f3 98 01 9c 0a 00 0c f0 03 20 04 25 00 0f f0 ff f0 2f 21 f0 17 77 08 00 fe 68 fb 80 0a 1d 00 fe a0 38 15 03 08 10 00 00 8a 06 fd 03 03 fd 01 10 46 62 08 00 f3 98 01 9c 0a 00 0c f0 03 20 04 25 00 0f f0 ff f0 2f 21 f0 17 77 08 00 fe 68 fb 80 10 17 00 fe b0 0b 10 00 b0 0c 17 00 d1 42 00 68 4f 81 04 6a 00 fe a0 38 1b 03 08 10 00 00 8a 06 fd 03 03 fd 01 10 46 62 08 00 f3 98 01 9c 0a 00 0c f0 03 20 04 25 00 0f f0 ff f0 2f 21 f0 17 77 08 00 fe 68 fb 80 09 23 00 fe 9c 13 d1 04 0e f8 5d 35 17 da 1a 03 08 40 04 da 6e 1e da 6a 64 80 fd 31 00 06 10 44 5a 0b 10 40 15 04 10 44 62 03 16 04 10 44 62 03 17 04 10 44 62 03 18 04 10 44 62 03 19 84 10 44 62 03 71 00 95 7e 00 00 f0 00 3d 4c da fd 9e 3a de cf 6c da da 6e 5e da f0 17 fd 30 de cf 6c da da 6e 6c da a6 cf 9c 95 a6 cf fe f8 4f 2d 7b da f2 4f 2d 16 f2 54 03 fe fe 9c 0e 1b f8 1b f2 0e 00 1c f9 6a 4f 81 fe da 65 7c cf d1 54 0a a2 65 f2 4f 39 f2 4f b7 60 5c ac 42 50 6b aa 28 fe da 62 b4 da a2 62 f2 4f 3b 9c 5e 53 01 60 5b ac 42 fe a4 38 14 04 62 01 63 04 15 05 61 07 63 01 01 16 84 04 08 40 05 da 63 d3 da 40 fd 29 71 fe 17 8b 13 00 92 1a 3c 00 65 05 08 40 81 71 fe 4a ad 00 29 dc 00 eb da fb fd 5b fd 5c a2 63 f2 fe 28 f2 fe 2a f2 fe 2c f2 fe ae 14 f9 15 f9 16 83 08 40 00 71 0c 82 56 04 f0 0f 16 0c 05 09 f0 1f 08 10 02 f0 0f 08 40 00 f0 27 f0 17 16 07 08 40 01 fd 00 55 10 17 f2 b1 02 b0 05 da 00 d0 d0 02 9b 9b 9b 9b 9b fe f0 bf 15 f2 4d 03 fe de 63 59 db b0 0b 1b 00 b0 0c 46 00 d1 42 00 68 fd 80 1a 16 00 00 f3 0a 00 fe b0 0b 1a 00 b0 0c 16 00 d1 42 00 68 fe 80 1b 46 00 00 f3 0a 00 fe 0c 0b d4 07 10 44 66 04 62 08 66 04 d7 fe d8 27 45 93 35 00 fd 31 31 9c 04 00 e2 fd 03 03 c9 00 e2 00 00 b9 db e2 01 00 bf db e2 02 00 c5 db e2 03 00 cb db e2 04 00 d1 db e2 05 00 d7 db e2 06 00 dd db 08 49 84 d2 e0 db 08 49 82 d2 e0 db 08 49 83 d2 e0 db 08 49 00 d2 e0 db 08 49 03 d2 e0 db 08 49 02 d2 e0 db 08 49 04 d2 e0 db 08 49 01 0c 04 fd 0f 03 10 44 5a 10 89 72 0b 04 75 fd 4a 35 00 fd 31 00 88 fd 03 03 fd 0f 03 10 44 71 00 99 08 49 00 fd 02 7f 00 00 f0 00 3d 09 dc 7f 6c 00 42 f0 00 3d 12 dc 08 48 0c 00 f3 8b 01 fd 30 35 ff a4 27 fe da 64 88 dc a2 64 a1 f9 9c 31 fd 31 f0 1f 00 84 80 1a 1d 77 f0 4f 9c 7f 14 f8 16 f2 0f 00 9c 80 14 08 08 10 00 f0 3f 08 48 0e 0c 02 56 06 00 05 f0 0f 08 42 03 f0 27 15 f8 15 88 08 10 00 f0 3f 08 48 0e f0 07 9c 00 f0 2f 0c 82 52 07 f0 0f 00 03 f0 37 09 60 5a ac 42 00 fe 00 f3 8b 01 fd 30 d2 e1 dc fd 31 14 02 13 01 15 02 13 01 16 02 13 00 00 b2 13 02 fd 0f 03 80 1a 1e 77 f0 0f 08 46 00 f0 17 08 41 84 0a 00 fd 03 fd 9e 04 fd 01 20 07 24 80 01 80 01 25 00 0c 80 ff f0 1e 21 fd 01 08 4e 0d f0 17 0c 02 56 06 00 8d 08 46 07 20 01 24 20 00 00 00 56 0a 21 75 d0 1f 0e fe da 67 f4 dc 60 54 ac 42 a2 67 9c 5e 53 01 60 5b ac 42 fe 9c 0e 17 f9 16 f8 16 f2 0e 00 18 f8 18 f2 8e 01 fe da 68 20 dd d1 54 0a a2 68 f2 e0 ac f2 e0 b0 f2 e0 2e 60 53 ac 42 50 6c aa 28 fe de 68 2a dd 16 83 08 40 04 71 d1 04 0e de cf 3a dd da 68 3a dd a6 cf 9c 95 a6 cf fe dc 3d 47 dd 68 95 81 16 4a 00 fe 68 64 80 02 11 00 fe 1e 05 10 44 62 04 73 1f 04 10 44 66 08 20 84 10 44 64 08 fd f0 95 3d 6c dd 1e f2 0e 00 fd f0 95 3f 76 dd 1f f2 0e 00 fd f0 95 41 80 dd 20 f2 0e 00 40 0b 2a 71 fe f0 00 c6 00 e2 00 00 9b dd e2 0c 00 96 dd d2 85 dd fd 31 d2 85 dd a2 69 68 64 80 14 18 00 fe da 69 ae dd 68 65 80 01 79 00 fe 9c 0e 1b f9 1a f8 1a f2 0e 00 1c f8 1c f2 8e 01 fe da 6a f0 dd 0c 06 10 41 56 02 10 40 9c 05 1a f2 07 00 c7 10 ba 0a ad 60 02 bb 0a 9c 5e 3f 13 e3 dd 53 01 a2 6a f2 c4 b4 f2 c4 b8 f2 c4 36 aa 28 fe de 5b 05 de da 6b 05 de a2 6b 15 f9 16 f9 17 f9 18 f9 91 1e fe 15 02 65 04 16 02 65 04 17 02 67 04 18 82 67 04 71 fe 68 27 80 10 7b 00 fe 68 27 80 0b 7d 00 fe 9c 0e 1e f9 1d f8 1d f2 0e 00 fe da 6c 69 de 1d 85 fd 0f 03 13 02 0c 06 10 41 56 02 10 40 9c 05 1d f2 07 00 c7 10 ba 0a ad 60 02 bb 0a 9c 5e 3f 13 5b de 53 01 a2 6c f2 23 ba f2 23 3c aa 28 1d 02 13 01 fe 9c 0e 19 f9 18 f8 18 f2 0e 00 1a f8 1a f2 8e 01 fe da 6d ab de 0c 06 10 41 56 02 10 40 9c 05 18 f2 07 00 c7 18 ba 0a ad 60 02 bb 0a 9c 5e 3f 13 9e de 53 01 a2 6d f2 fc b0 f2 fc b4 f2 fc 32 aa 28 fe 9c 0e 1d f9 1c f8 1c f2 0e 00 6a 64 81 fe da 6e d1 de d1 54 0a a2 6e f2 5d b9 f2 5d 3b 60 53 ac 42 50 6c aa 28 fe f7 d1 54 0a 60 53 ac 42 50 6c fe b4 42 1d 83 fd 0f 03 da 6f ef de 60 10 ac d0 d2 f3 de 60 13 ac d0 4a 97 00 0a d8 01 0b df d8 00 11 df 71 a2 6f 60 11 ac d0 1d f3 53 03 fe 1d f4 02 00 71 fe 94 00 84 08 42 08 73 a6 6f b4 42 71 60 12 ac d0 1d f3 53 03 aa 42 b4 42 e2 05 00 4d df e2 06 00 53 df e2 07 00 59 df e2 08 00 5f df e2 09 00 65 df f0 0f 00 f3 80 01 00 f3 8b 01 fe f2 c6 a8 d2 42 df f2 c6 aa d2 42 df f2 c6 ac d2 42 df f2 c6 ae d2 42 df f2 c6 b0 f2 95 3b d2 42 df 60 14 ac d0 fe 60 15 ac d0 fe 60 16 ac d0 fe 60 17 ac d0 fe d8 18 8d df 60 18 ac d0 a0 18 fe 60 19 ac d0 fe f0 00 3d 9c df a4 26 d2 92 df a0 26 c6 00 e2 06 00 cd df e2 05 00 cd df e2 04 00 cd df e2 03 00 c6 df e2 02 00 c6 df e2 01 00 c6 df e2 00 00 c6 df d2 92 df 68 ee 80 0f 0a 00 fe 00 05 fd 0f 00 13 00 d2 92 df a0 18 a4 19 fe a4 18 a0 19 fe a8 20 ed de 7c ec df 15 f3 b2 02 dc 27 f6 df d1 51 00 d2 f7 df 71 d1 04 0e de cf 06 e0 da 7c 06 e0 a6 cf 9c 95 a6 cf fe da 7f cc e0 d2 af e0 15 02 10 80 16 05 10 80 08 40 02 14 03 fd 9e 1d f0 0f 00 8d d4 01 08 43 00 f0 0f 08 43 80 f0 0f d7 9c 00 15 03 08 48 00 16 03 08 48 00 00 82 09 77 0c 83 80 04 45 f0 0f 15 08 10 80 08 40 02 fd 9e 1d 60 4e ac 22 15 86 fd 9e 00 08 48 00 f0 0f 16 08 10 80 08 40 02 fd 9e 1d 60 4e ac 22 16 86 fd 9e 00 08 48 00 f0 0f 15 05 10 80 08 40 02 16 05 10 80 08 40 02 9c 1d 60 58 ac 22 9c 00 f0 0f 15 05 10 80 08 40 02 16 05 10 80 08 40 02 14 03 fd 9e 1d 00 f2 5d 03 0c f2 5e 03 60 4f ac 22 4a ae 00 12 00 f2 0f 00 0c f2 0f 00 dc 00 c0 e0 fb fd 5b fd 5c a2 7f 68 b1 81 07 6a 00 fe a4 18 a4 19 fe a4 28 a4 29 a4 2a a4 2b a4 2c a4 2d a4 2e a4 2f a4 30 a4 31 a5 20 a5 21 a5 22 a5 23 a8 3a 00 a8 3b 00 a8 3c 00 a8 3d 00 dc 38 0f e1 00 81 01 71 fd 31 00 f3 e2 01 00 f3 8b 01 fd 30 fe 71 fe 9c 0e 16 f9 15 f8 15 f2 0e 00 17 f8 17 f2 8e 01 fe da 7c 4c e1 9c 05 10 f2 07 00 c7 18 9c 0e 3f 01 4c e1 fd 5b fd 5c b0 10 08 00 44 03 bc a2 7c aa 28 f2 ed aa f2 ed ae f2 ed 2c fe 14 05 13 00 08 48 80 15 05 13 00 08 48 82 16 05 13 00 08 48 83 17 05 13 00 08 48 81 18 09 13 02 62 04 64 04 08 48 80 19 07 13 00 60 0c 08 48 84 1a 09 13 00 64 08 62 01 08 48 85 71 fe da 64 92 e1 4b e7 00 fe 4b ed 00 fe da 7e 95 e2 a2 7e d2 d9 e1 00 01 75 0c 83 80 05 4b f0 0f 21 86 05 f0 0f 71 51 02 fd 8d 60 9f ac 62 21 88 10 40 10 81 43 63 08 71 fd 8d 60 a0 ac 62 21 8a 10 41 10 83 47 67 0a 55 02 71 fd 8d 60 a1 ac 62 4a 95 00 30 dc 00 e2 e1 fb fd 5b fd 5c 14 f9 15 f9 16 f9 17 f9 18 f9 19 f9 1a f9 21 f9 23 f8 f2 d6 29 f2 d6 2b f2 d6 2d f2 d6 2f f2 d6 31 f2 d6 33 f2 d6 35 f2 d6 43 f2 d6 c7 00 8a 82 0a 5b 10 44 66 08 75 10 40 71 d2 95 e2 20 f7 20 84 10 80 55 03 fd 8d 60 bd ac 62 20 84 73 f0 07 71 fd 8d 60 c2 ac 62 20 01 75 0c 8a 10 41 80 00 39 f0 9f 80 05 4b f0 1f fd 8d 60 be 2c 62 fd 60 20 f3 56 03 65 20 84 71 f0 0f 09 fd 8d 60 bf ac 62 a8 0e 20 00 f3 9e 02 f0 2f fd 8d 60 c0 ac 62 20 05 f0 3f 08 40 86 fd 8d 60 c1 ac 62 f0 4f 20 81 09 fd 8d 60 8c ac 62 20 85 10 40 51 03 01 fe da 7d de e2 a2 7d 0c 06 10 41 56 02 10 40 10 f2 07 00 f0 05 1c 11 08 48 86 13 02 f0 01 82 15 32 64 05 f0 17 82 00 00 00 06 f0 00 3d bf e2 fe 00 fe f0 0f 00 f2 81 01 f0 07 9c 55 60 59 ac 22 50 1c f0 00 fd 39 00 d7 e2 fe 1d 03 08 48 02 71 fe fd 31 d2 53 e3 0c 03 80 05 14 1d 05 10 45 47 67 08 00 01 75 1c 86 46 65 08 08 49 88 60 b1 2c 60 fd 60 1c 83 08 40 05 65 1d 8b 10 40 08 48 00 43 63 04 08 48 80 1c 02 75 09 60 b4 ac 62 1c 86 73 f0 0f 08 48 11 60 b5 2c 60 fd 60 1c 03 08 41 09 fd 60 1c 81 09 65 f0 0f 1c 01 09 1d 00 1a 06 10 41 10 83 51 04 1b 86 10 41 10 83 51 04 4a 96 00 30 dc 00 5c e3 fb 1a f9 1b f9 f2 d5 35 f2 d5 37 d2 7e e3 1d 88 08 40 82 65 01 08 40 80 71 1d 02 61 0c f0 0f 60 b3 ac 62 4a 92 00 30 dc 00 87 e3 fb fd 5b fd 5c 1d f9 f2 d5 3b f2 96 37 f2 96 39 f2 96 29 f2 96 bb a0 cc 68 96 81 09 2b 00 fe da 89 9e e4 a2 89 f0 00 3d ab e3 1b f7 00 03 f0 1f 73 0c 05 10 40 80 01 0d 1b 8e 0a 00 09 10 c0 80 05 22 73 f0 17 08 48 10 fd 8d 60 b8 ac 62 1b 8c 0a 04 09 13 02 f0 17 7f 80 00 53 02 14 88 fd 9e 09 08 48 01 13 00 f0 2f fd 8d 60 ba ac 62 1c 05 04 10 45 5b 05 00 85 f0 3f 08 42 83 fd 8d 60 bb 2c 62 1b 81 71 fd 60 1b 85 08 40 82 13 01 65 00 05 10 81 08 40 09 1b 81 09 1c 8d 13 02 4b 6b 08 08 40 01 f0 0c 08 48 05 00 01 09 f0 0f 1b 83 08 42 80 1c 05 08 48 04 5a 04 1b 04 10 45 5a 04 fd 8d 60 b9 ac 62 1b fe 1c fe 00 99 fd 03 0a 00 10 82 10 41 80 04 24 08 46 00 77 f0 0f 08 41 84 7f 80 00 0a f4 1b 91 f0 04 20 07 24 30 02 00 01 25 c0 06 80 ff f0 27 21 00 8a 09 10 40 10 81 7f 6c 00 51 04 1b 85 71 09 f0 14 75 fd 8d 60 bc ac 62 1b 82 45 01 00 f3 8b 01 fe 68 d7 81 0e 37 00 fe 68 96 81 04 20 00 fe 9c 0e 17 f9 16 f8 16 f2 0e 00 fe da 8a dd e4 9c 05 16 f2 07 00 c7 16 ba 0a ad 60 02 bb 0a 9c 5e 3f 13 d3 e4 53 01 a2 8a f2 e4 ac f2 e4 2e aa 28 fe 68 d8 81 04 60 00 fe 68 d6 81 0e 61 00 fe 68 d7 81 04 20 00 fe 68 d8 81 0f 76 00 fe 23 fd a2 8c 23 88 fd 9e 09 08 48 01 13 00 00 0a 82 07 52 10 44 08 48 03 62 06 0c f3 87 01 0c 05 10 40 80 00 3d f0 00 d8 21 1f e5 a0 22 22 f2 b0 03 f0 00 dc 23 2b e5 0c 03 80 03 42 f0 00 dc 24 36 e5 00 8d 08 48 03 f0 0f 08 4a 17 f0 0f 08 4a 18 f0 1f 22 0d 4b 6b 06 08 48 03 f0 0a 08 48 04 f0 07 00 98 f0 37 64 01 10 44 08 41 84 65 02 77 7f 6c 00 f0 0f fd 03 08 4a 0f 10 40 f0 17 fd 30 22 0c 5a 05 f0 0f 57 04 67 03 f0 0f 55 09 00 92 0a 00 5a 05 f0 0f 57 04 67 03 f0 0f 55 06 fd 01 55 03 0c 84 10 40 53 03 fd 31 f0 0f 00 85 08 4e 0d f0 0f 22 02 13 00 00 2f 08 41 03 fd 9e 04 20 07 24 d0 fd b0 01 25 c0 06 a0 ff f0 1a fd 9e 13 24 40 00 00 00 f0 0f 24 00 00 00 00 f0 00 13 00 f0 00 fd 0f 01 f0 05 21 0c 0b f0 24 20 04 25 00 00 d0 ff f0 3a f0 57 77 08 f0 2f d0 cf 0e fe da 8b 30 e6 20 0d 10 44 fd 0f 03 08 40 80 65 08 67 08 71 21 0d 10 44 fd 0f 03 08 40 80 65 08 67 04 71 22 0b 10 44 fd 0f 03 08 40 80 65 08 71 24 86 fd 0f 03 08 48 82 71 fe da 8b 32 e8 d2 aa e7 00 81 75 0c 85 10 41 80 03 11 20 f2 c0 03 21 f2 c0 03 22 f2 c0 03 f0 0f fd 8d 00 85 f0 0f 82 0b 31 65 20 f2 c1 03 21 f2 c1 03 22 f3 c1 03 21 f3 c0 03 60 a2 ac 62 21 f3 c1 03 20 f3 c0 03 fd 8d 60 a3 ac 62 20 f3 c1 03 22 f3 c0 03 fd 8d 60 a4 ac 62 22 f3 c1 03 fd 8d 60 a6 ac 62 fd 8d 60 a7 2c 62 24 86 08 48 02 10 45 47 fd 60 24 83 08 48 00 65 24 0c 10 43 53 02 08 48 82 55 02 08 48 00 20 0a 0a 00 10 41 71 09 04 57 02 73 21 0d 0a 00 10 41 71 09 04 67 06 41 61 08 73 22 8c 0a 00 10 42 71 09 04 51 03 43 63 04 fd 8d 60 a8 ac 62 20 f2 91 01 21 f2 91 01 22 f3 91 01 f0 1f fd 8d 60 c3 ac 40 fd 8d 60 a9 ac 41 fd 8d 60 c4 ac 42 f0 17 fd 8d 60 aa 2c 62 23 f7 0c 03 80 05 17 23 84 10 81 55 02 fd 60 20 01 71 21 01 71 22 01 71 24 83 08 48 80 65 23 05 10 80 08 40 05 fd 8d 60 ab ac 62 23 03 f0 0f 09 20 03 41 61 08 21 04 43 63 08 71 22 05 47 45 65 08 71 24 8c 41 61 08 08 48 02 47 67 08 08 48 80 fd 8d 60 ac ac 62 23 05 10 85 08 40 09 fd 8d 60 ad ac 62 23 03 f0 0f 09 24 03 10 41 41 fd 8d 60 ae ac 62 23 05 10 80 08 40 05 fd 8d 60 af ac 62 20 04 10 41 51 04 21 04 10 41 51 04 22 04 10 41 51 04 24 04 10 40 51 02 f0 17 4a 93 00 30 dc 00 b3 e7 fb fd 5b fd 5c a2 8b 20 f9 21 f9 22 f9 24 f9 f2 d7 41 f2 d7 43 f2 d7 45 f2 d7 49 71 d2 32 e8 23 81 09 f0 0f fd 8d 60 46 ac 62 f0 1f 23 85 08 49 17 f0 1f fd 8d 60 c5 ac 42 f0 0f 00 a4 10 81 10 45 45 65 05 f0 0f 08 4d 80 f0 09 08 48 03 f0 09 08 4d 80 f0 09 08 48 03 f0 09 08 4d 80 f0 7f 75 09 23 89 10 44 08 48 80 65 06 71 09 f0 0f fd 8d 60 46 ac 62 23 86 10 81 10 45 41 01 00 f3 8b 01 fe 0c 07 10 44 80 00 03 56 08 14 83 08 40 0b 00 f9 0c 06 10 45 52 04 62 08 7a f1 80 01 0c 04 10 40 52 04 7b 7f 0c fe d0 d7 0e fe f0 00 d8 1b 6e e8 d8 1c 85 e8 d8 1d 9c e8 d2 5d e8 a4 1b b0 08 08 00 b0 09 60 00 b0 0a 0c 00 fd c4 3f 31 6b e8 d2 5d e8 a4 1c b0 08 0a 00 b0 09 65 00 b0 0a 0c 00 fd c4 3f 31 6b e8 d2 5d e8 a4 1d b0 08 0d 00 b0 09 6b 00 b0 0a 0c 00 fd c4 3f 31 6b e8 d2 5d e8 40 3c 2a f8 d8 3d c2 e8 1e 05 67 08 08 48 80 dc 27 f6 e8 35 00 fd 31 00 8a fd 01 09 72 fd 03 03 fd 0f 03 71 00 92 fd 02 f0 00 3d db e8 7f 6c 00 fd 00 42 f0 00 3d e6 e8 00 f3 8b 01 fd 30 35 ff a4 27 fe 71 fe 0c 88 10 44 80 01 04 64 08 46 00 f9 7a f1 34 02 7b 7f d0 d6 0e fe 1b fd 9c 0e 16 82 73 00 16 f2 0e 00 1b f9 fe 1c fd 9c 0e 1d f8 1d f2 0e 00 1c f9 fe da 8d 36 e9 d8 20 36 e9 a0 20 1c f8 fe a4 20 1c f9 fe f8 d8 3d 05 ea d2 b2 e9 0c 05 10 41 80 07 58 00 89 f0 00 3d 4d e9 80 0b 71 75 1f f7 1f 87 10 81 46 55 02 10 80 fd 60 1f 83 08 40 05 fd 60 1f 83 08 11 84 65 1e 83 08 48 81 fd 8d 60 c7 2c 62 fd 60 1e 83 08 48 80 65 fd 8d 60 c8 2c 62 1f 03 08 41 83 fd 60 1f 91 09 10 83 10 41 51 03 61 0a 63 0c 75 10 80 08 41 8b 65 fd 8d 60 c9 ac 62 1e 04 10 41 51 07 f0 1f 4a 94 00 30 dc 00 bb e9 fb fd 5b fd 5c 1e fe f2 d8 3d 1e f9 71 d2 05 ea 1f 97 f0 1f 09 10 85 08 40 09 f0 2f 09 10 81 10 40 47 55 03 f0 17 08 42 06 fd 8d 60 ca 2c 62 fd 60 1f 85 10 80 08 40 84 65 a8 0e 1f 00 f3 9e 02 f0 0f 1f 87 09 13 00 80 0b 71 01 fe 68 b0 01 00 00 00 d0 3b 0a fe 68 b3 01 00 00 00 d0 3e 0a fe a8 0e 15 60 dd ac 60 66 a3 f1 f0 09 00 f3 9e 02 d8 30 3d ea a0 30 60 f2 ac 60 66 47 f1 f0 09 00 f3 9f 02 fd 5a e2 00 00 42 f1 a4 28 a4 29 a8 0c 00 a8 0d 00 a8 0e 00 a8 0f 00 a8 20 00 a8 21 00 a8 22 00 a8 23 00 a8 24 00 a8 25 00 a8 27 00 a8 4b 00 00 81 77 60 d0 ac 60 b6 0c 00 e2 00 00 eb ea e2 01 00 e3 ea e2 02 00 db ea e2 03 00 d3 ea e2 04 00 cb ea e2 05 00 c3 ea e2 06 00 bb ea e2 07 00 b3 ea e2 08 00 ab ea aa 4b a9 0c 0a d2 ef ea aa 27 a9 0c 09 d2 ef ea aa 25 a9 0c 08 d2 ef ea aa 24 a9 0c 07 d2 ef ea aa 23 a9 0c 06 d2 ef ea aa 22 a9 0c 05 d2 ef ea aa 21 a9 0c 04 d2 ef ea aa 20 a9 0c 03 d2 ef ea aa 0f a9 0c 02 d2 ef ea aa 0e aa 0c b6 0c 00 e2 00 00 67 eb e2 01 00 5f eb e2 02 00 57 eb e2 03 00 4f eb e2 04 00 47 eb e2 05 00 3f eb e2 06 00 37 eb e2 07 00 2f eb e2 08 00 27 eb aa 4b a9 0c 0a d2 6b eb aa 27 a9 0c 09 d2 6b eb aa 25 a9 0c 08 d2 6b eb aa 24 a9 0c 07 d2 6b eb aa 23 a9 0c 06 d2 6b eb aa 22 a9 0c 05 d2 6b eb aa 21 a9 0c 04 d2 6b eb aa 20 a9 0c 03 d2 6b eb aa 0f a9 0c 02 d2 6b eb aa 0e aa 0c 60 db ac 60 15 a0 08 40 02 fd 9e 98 f0 0f fd 9e 98 f0 0f 08 40 03 f0 27 08 40 02 fd 9e 98 f0 0f fd 9e 98 08 48 06 f0 0f 00 95 08 46 0a f0 27 08 46 09 fd 9e 98 f0 0f fd 9e 98 f0 0f 08 4e 14 b6 0c 00 e2 00 00 22 ec e2 01 00 1a ec e2 02 00 12 ec e2 03 00 0a ec e2 04 00 02 ec e2 05 00 fa eb e2 06 00 f2 eb e2 07 00 ea eb e2 08 00 e2 eb aa 4b a9 0d 0a d2 26 ec aa 27 a9 0d 09 d2 26 ec aa 25 a9 0d 08 d2 26 ec aa 24 a9 0d 07 d2 26 ec aa 23 a9 0d 06 d2 26 ec aa 22 a9 0d 05 d2 26 ec aa 21 a9 0d 04 d2 26 ec aa 20 a9 0d 03 d2 26 ec aa 0f a9 0d 02 d2 26 ec aa 0f aa 0d b4 0d 60 d1 ac 42 60 dc ac 60 15 a2 08 40 02 fd 9e 98 f0 0f fd 9e 98 f0 0f 08 40 03 f0 27 08 40 02 fd 9e 98 f0 0f fd 9e 98 f0 0f 08 48 06 f0 1f 00 a2 08 46 09 fd 9e 98 f0 0f fd 9e 98 f0 0f 08 46 0a f0 27 08 46 09 fd 9e 98 f0 0f fd 9e 98 f0 0f 08 4e 14 b6 0c 00 e2 00 00 31 ed e2 01 00 22 ed e2 02 00 13 ed e2 03 00 04 ed e2 04 00 f5 ec e2 05 00 e6 ec e2 06 00 d7 ec e2 07 00 c8 ec e2 08 00 b9 ec aa 4b a9 0d 0a ac 0a 00 60 d1 ac 42 d2 3c ed aa 27 a9 0d 09 ac 09 00 60 d1 ac 42 d2 3c ed aa 25 a9 0d 08 ac 08 00 60 d1 ac 42 d2 3c ed aa 24 a9 0d 07 ac 07 00 60 d1 ac 42 d2 3c ed aa 23 a9 0d 06 ac 06 00 60 d1 ac 42 d2 3c ed aa 22 a9 0d 05 ac 05 00 60 d1 ac 42 d2 3c ed aa 21 a9 0d 04 ac 04 00 60 d1 ac 42 d2 3c ed aa 20 a9 0d 03 ac 03 00 60 d1 ac 42 d2 3c ed aa 0f a9 0d 02 ac 02 00 60 d1 ac 42 d2 3c ed aa 0f aa 0d ac 01 00 60 d1 ac 42 15 fe 00 fe d8 28 06 ef e0 0c 15 00 ef e0 0c 14 00 ef e0 0c 13 00 ef e0 0c 12 f0 ee e0 0c 11 f0 ee e0 0c 10 f0 ee 60 cc ac 60 15 1d 08 40 02 fd 9e 98 f0 0f fd 9e 98 f0 0f 08 40 03 f0 27 08 40 02 fd 9e 98 f0 0f 08 48 06 b6 0c 00 e2 00 00 d4 ee e2 01 00 b5 ee e2 02 00 95 ee e2 03 00 75 ee e2 04 00 55 ee e2 05 00 35 ee e2 06 00 15 ee e2 07 00 f5 ed e2 08 00 d5 ed e0 4b 03 66 ed a9 0c 0a b4 0c c0 16 00 ec ca ed aa 4b d2 06 ef e8 8d f0 d4 09 ab 0c d7 d2 66 ed e0 27 03 66 ed a9 0c 09 b4 0c c0 16 00 ec ea ed aa 27 d2 06 ef e8 8d f0 d4 08 ab 0c d7 d2 66 ed e0 25 03 66 ed a9 0c 08 b4 0c c0 16 00 ec 0a ee aa 25 d2 06 ef e8 8d f0 d4 07 ab 0c d7 d2 66 ed e0 24 03 66 ed a9 0c 07 b4 0c c0 16 00 ec 2a ee aa 24 d2 06 ef e8 8d f0 d4 06 ab 0c d7 d2 66 ed e0 23 03 66 ed a9 0c 06 b4 0c c0 16 00 ec 4a ee aa 23 d2 06 ef e8 8d f0 d4 05 ab 0c d7 d2 66 ed e0 22 03 66 ed a9 0c 05 b4 0c c0 16 00 ec 6a ee aa 22 d2 06 ef e8 8d f0 d4 04 ab 0c d7 d2 66 ed e0 21 03 66 ed a9 0c 04 b4 0c c0 16 00 ec 8a ee aa 21 d2 06 ef e8 8d f0 d4 03 ab 0c d7 d2 66 ed e0 20 03 66 ed a9 0c 03 b4 0c c0 16 00 ec aa ee aa 20 d2 06 ef e8 8d f0 d4 02 ab 0c d7 d2 66 ed e0 0f 03 66 ed a9 0c 02 b4 0c c0 16 00 ec ca ee aa 0f d2 06 ef e8 8d f0 ab 0c ab 0c d2 66 ed e0 0e 03 66 ed aa 0c b4 0c c0 16 00 ec e8 ee aa 0e d2 06 ef e8 8d f0 ab 0c d2 66 ed b6 09 00 e2 00 00 00 ef e2 01 00 00 ef d2 62 ed a0 28 60 cd ac 60 d8 29 84 f0 15 fe 60 ce ac 60 b4 0d 60 cf ac 42 66 84 f0 00 22 08 46 09 fd 9e 98 f0 0f fd 9e 98 f0 0f 08 46 0a f0 27 08 46 09 fd 9e 98 f0 0f fd 9e 98 f0 17 08 4e 14 b6 0c 00 e2 00 00 69 f0 e2 01 00 4d f0 e2 02 00 31 f0 e2 03 00 15 f0 e2 04 00 f9 ef e2 05 00 dd ef e2 06 00 c1 ef e2 07 00 a5 ef e2 08 00 89 ef e0 4b 03 19 ef aa 4b ac 0a 00 60 d1 ac 42 a9 0d 0a b4 0d c0 16 00 ec 92 f0 d2 81 f0 e0 27 03 19 ef aa 27 ac 09 00 60 d1 ac 42 a9 0d 09 b4 0d c0 16 00 ec 92 f0 d2 81 f0 e0 25 03 19 ef aa 25 ac 08 00 60 d1 ac 42 a9 0d 08 b4 0d c0 16 00 ec 92 f0 d2 81 f0 e0 24 03 19 ef aa 24 ac 07 00 60 d1 ac 42 a9 0d 07 b4 0d c0 16 00 ec 92 f0 d2 81 f0 e0 23 03 19 ef aa 23 ac 06 00 60 d1 ac 42 a9 0d 06 b4 0d c0 16 00 ec 92 f0 d2 81 f0 e0 22 03 19 ef aa 22 ac 05 00 60 d1 ac 42 a9 0d 05 b4 0d c0 16 00 ec 92 f0 d2 81 f0 e0 21 03 19 ef aa 21 ac 04 00 60 d1 ac 42 a9 0d 04 b4 0d c0 16 00 ec 92 f0 d2 81 f0 e0 20 03 19 ef aa 20 ac 03 00 60 d1 ac 42 a9 0d 03 b4 0d c0 16 00 ec 92 f0 d2 81 f0 e0 0f 03 19 ef aa 0f ac 02 00 60 d1 ac 42 a9 0d 02 b4 0d c0 16 00 ec 92 f0 d2 81 f0 e0 0e 03 19 ef aa 0e ac 01 00 60 d1 ac 42 aa 0d b4 0d c0 16 00 ec 92 f0 d2 3c ed a0 29 d8 28 aa f0 d2 3c ed a0 28 d2 3c ed 00 86 08 42 03 fd 9e 15 60 d2 ac 42 00 f3 8b 01 15 03 08 40 04 d2 ed f0 60 d3 ac 60 b4 0c c0 16 00 ec 09 f1 bb 12 15 86 fd 9e 98 08 40 03 60 d4 ac 60 b4 0d 00 86 fd 9e 98 08 46 0a 60 d5 ac 60 15 03 08 40 04 00 01 09 c1 00 ea fb f0 ed ed f0 60 d7 ac 60 9c 5e 53 01 d2 21 f1 60 d8 ac 60 9c 69 ac 01 00 fd 55 d2 21 f1 60 d9 ac 60 9c 69 ac 01 00 fd 55 d2 21 f1 15 03 08 40 04 60 d4 ac 60 00 f3 8b 01 60 d6 ac 60 9c 5e 53 01 d2 21 f1 60 f7 ac 60 66 31 f1 f0 09 00 f3 9e 02 d2 3d ea f0 09 00 f3 9f 02 60 f1 ac d0 00 f3 8b 01 35 ff fe 60 da ac 60 fe f0 09 00 f3 9e 02 60 e1 ac 60 66 a3 f1 f0 09 00 f3 9e 02 d2 3d ea a8 0e 16 60 f0 ac d0 66 a3 f1 f0 09 00 f3 9e 02 d8 2f 80 f1 a0 2f 60 f2 ac d0 66 8d f1 f0 09 00 f3 9f 02 fd 59 c0 0a 00 ec ae f1 60 f4 ac d0 fe f0 09 00 f3 9e 02 60 f5 ac d0 66 a3 f1 f0 09 00 f3 9e 02 d2 80 f1 f0 09 00 f3 9f 02 60 f1 ac d0 fe 60 f3 ac d0 ac 0a 00 fd 53 a0 18 00 8c 0a 00 10 c1 80 01 11 72 0a f4 10 c0 35 80 17 f2 0e 00 16 03 08 48 0a fe d8 27 de f1 60 df ac d0 a0 27 fe 60 e0 ac d0 fe a0 31 14 04 10 44 64 05 15 07 10 44 66 08 08 48 0a 16 07 10 44 64 10 08 48 8a 1b 04 10 44 63 03 1c 86 10 44 65 08 63 03 71 fe dc 18 64 f3 d8 19 80 f2 a0 19 a4 28 a4 29 a4 2a a4 2b a4 2c a4 2d e9 29 f2 d2 30 f2 a0 28 d2 30 f2 a0 29 e9 36 f2 d2 3d f2 a0 2a d2 3d f2 a0 2b e9 43 f2 d2 4a f2 a0 2c d2 4a f2 a0 2d 17 fa 17 09 04 08 10 01 f0 05 08 40 02 f0 05 18 f8 19 f8 1a f8 f0 00 18 06 fd 01 10 44 64 11 1a 86 fd 01 10 44 60 11 9c 99 18 f2 cd 00 19 f2 ce 00 1a f2 cf 00 fe d8 1a 8d f2 a0 1a 18 fa f0 0b 9c 99 fe d8 1b 9a f2 a0 1b 19 fa f0 0b 9c 99 fe 1a fa f0 0f 18 04 10 43 60 11 1a 84 10 43 64 11 18 f9 19 f9 1a f9 c7 17 ba 0a ad 00 01 bb 0a 3f 34 bd f2 f0 0f e0 20 00 ce f2 e0 20 01 d6 f2 e0 20 02 de f2 e0 21 00 e6 f2 d2 12 f3 e0 21 01 ee f2 d2 12 f3 e0 21 02 f6 f2 d2 12 f3 e0 22 00 fe f2 d2 12 f3 e0 22 01 fe f2 d2 12 f3 e0 22 02 fe f2 d2 12 f3 c7 17 ba 0a ad 00 01 bb 0a 9c 5e 3f 13 0f f3 53 01 d2 1d f3 9c 69 19 87 00 08 40 04 f0 17 01 17 87 f0 0f 10 83 08 10 03 a4 18 a4 19 a4 1a a4 1b a8 20 00 a8 21 00 a8 22 00 f0 1f 60 de ac 60 66 65 f3 f0 09 00 f3 9e 02 fd 59 c0 0a 00 ec 5a f3 60 f4 ac 60 16 03 08 48 8a 35 ff fe a0 18 ac 0a 00 fd 53 d2 15 f2 fe f0 09 00 f3 9f 02 60 f1 ac 60 00 f3 8b 01 16 03 08 48 8a 35 ff fe 14 03 08 40 04 15 83 08 40 04 dc 31 9d f3 6b 68 80 14 04 10 44 65 08 15 04 10 44 61 08 00 83 62 08 73 71 fe a8 07 ae fd 5e e2 00 00 c8 f3 d8 31 c3 f3 60 e4 ac d0 d8 18 c2 f3 a0 18 6b 68 80 14 02 65 08 15 82 61 08 fe 60 e5 ac d0 fe da ce d1 f3 60 e2 ac d0 fe 60 e3 ac d0 fe a8 0e 14 d8 21 e4 f3 60 f6 ac 60 a0 21 fe e8 ec f3 60 f8 ac 60 fe 60 e6 ac 60 14 01 05 00 86 0a 00 80 04 10 77 60 e7 ac 60 60 e8 0c 42 ca f0 00 e2 01 00 13 f4 e2 02 00 34 f4 d2 03 f4 64 60 e9 2c 60 f0 0f 00 03 08 48 8b e8 2b f4 14 03 08 40 03 65 d2 55 f4 14 03 08 40 02 65 d2 73 f4 64 60 e9 2c 60 f0 0f 00 03 08 48 8a e8 4c f4 14 03 08 40 03 65 d2 73 f4 14 03 08 40 02 65 d2 55 f4 9c 58 60 ea ac 60 00 f3 8b 01 14 02 09 04 60 ee ac 60 66 aa f5 f0 09 00 f3 9e 02 d2 f0 f3 9c 57 60 eb ac 60 00 f3 8b 01 14 02 09 04 d8 c8 8c f4 aa 4f e0 4f 64 99 f5 b6 ff 00 e2 00 00 09 f5 e2 01 00 1b f5 e2 02 00 1b f5 e2 03 00 2d f5 e2 04 00 2d f5 e2 05 00 2d f5 e2 06 00 3f f5 e2 07 00 3f f5 e2 08 00 3f f5 e2 09 00 3f f5 b6 0a 00 e2 00 00 51 f5 e2 01 00 63 f5 e2 02 00 63 f5 e2 03 00 63 f5 e2 04 00 75 f5 e2 05 00 75 f5 e2 06 00 75 f5 e2 07 00 87 f5 e2 08 00 87 f5 e2 09 00 87 f5 d2 51 f5 60 ee ac 60 66 aa f5 f0 09 00 f3 9e 02 d2 f0 f3 60 6f ac 60 a8 07 83 9c 1b 60 0c a2 42 50 83 d2 f9 f4 60 6f ac 60 a8 07 65 9c 1b 60 0c a2 42 50 65 d2 f9 f4 60 6f ac 60 a8 07 6b 9c 1b 60 0c a2 42 50 6b d2 f9 f4 60 6f ac 60 a8 07 6c 9c 1b 60 0c a2 42 50 6c d2 f9 f4 60 6f ac 60 a8 07 60 9c 1b 60 0c a2 42 50 60 d2 f9 f4 60 6f ac 60 a8 07 9b 9c 1b 60 0c a2 42 50 9b d2 f9 f4 60 6f ac 60 a8 07 9c 9c 1b 60 0c a2 42 50 9c d2 f9 f4 60 6f ac 60 a8 07 9d 9c 1b 60 0c a2 42 50 9d d2 f9 f4 60 ec ac 60 9c 1b a0 c8 60 ed ac 42 50 b0 d2 f9 f4 f0 09 00 f3 9f 02 60 68 a9 60 fe 9c 0e 1c f9 1e f8 1e f2 0e 00 fe 9c 0e 1d f9 1f f8 1f f2 0e 00 fe d8 cb e8 f5 0c 04 10 41 56 03 d1 54 0a a0 cb f2 64 be f2 64 3a 60 07 ac 42 50 83 aa 28 fe d8 cc 28 f6 0c 07 10 44 80 05 14 10 40 1b 88 10 44 46 65 08 75 10 40 a0 cc 71 f0 0f 60 b6 ac 62 1b 08 55 05 71 f0 0f 08 41 89 60 b7 ac 62 1b fe 1b 87 09 10 81 80 0a 2f 01 f2 96 37 fd 30 fe dc cd 34 f6 1d 82 63 08 1d f2 d2 03 de 89 3f f6 14 85 08 48 01 13 00 71 fe d8 cd 69 f7 fd 8d 60 d2 a9 60 a0 cd f2 96 bb 1d f8 00 01 71 1d 0d fd 03 fd 01 0a 00 92 0f 3b 0a 66 10 75 0c 87 f0 0f 10 43 80 0a 1d 1d 14 0a 44 fd 00 7f 40 00 f0 17 7f 40 00 f0 17 10 83 10 41 55 0a 00 0a f0 3f 10 83 10 41 80 09 2d 71 0c 86 f0 5f 10 41 55 08 fd 8d 60 d3 a9 60 fd 8d 60 d4 29 60 1d 8a 7f 40 00 f0 17 7f 40 00 f0 17 65 f0 17 1e f7 1e 85 10 45 47 61 06 f0 2f 1d 8b 08 40 01 7f 6c 00 f0 1f 51 02 75 fd 8d 60 d5 a9 60 f0 0f 1e 08 08 40 0a f0 05 08 40 06 fd 8d 60 d6 a9 62 1e 01 09 fd 8d 60 d7 a9 62 1d 08 09 10 80 10 45 f0 5f 45 f0 4f fd 8d 60 d8 a9 60 1d fe 1d 03 7f 48 00 fd 8d 60 d9 a9 60 1e 83 08 42 86 fd 8d 60 da a9 62 1e 01 09 1d 03 7f 40 00 fd 8d 60 db a9 60 4c 18 71 1d 03 7f 40 00 fd 8d 60 ef ac 60 fd 8d 60 07 ac 42 9c 1b 50 83 1e 86 08 40 86 f0 1f 09 1d 08 f0 1f 08 40 01 f0 2f 09 fd 8d 60 dc a9 60 f0 17 fd 8d 60 dd a9 60 1d fe f0 0f 1e 84 80 09 2d 01 00 f3 8b 01 fe d8 cd 7a f7 a0 cd a8 07 83 ac 0c 02 d1 f4 0e fe 4c 18 71 fe fe fe fe fe fe fe 10 fd 9c 05 10 f2 07 00 c7 10 ba 0a ad 00 02 bb 0a 9c 1b 3f 05 9b f7 fe 60 8c ac d0 fe a4 31 a4 30 a4 2f a0 c9 14 03 63 04 71 15 83 67 04 71 71 fe 9c 0e 19 f9 16 f8 16 f2 0e 00 fe 9c 0e 1a f9 17 f8 17 f2 0e 00 fe 9c 0e 1b f9 18 f8 18 f2 0e 00 fe d8 34 ed f7 d1 54 0a a0 34 f2 f2 ac f2 f2 32 60 53 ac 42 50 6c aa 28 fe d8 33 14 f8 9c 0e 17 f2 07 00 a0 33 f2 f2 ae f2 f2 34 aa 28 c7 17 ba 0a ad 00 02 bb 0a 3f 00 14 f8 ac 01 00 fd 57 fe d8 32 44 f8 9c 05 18 f2 07 00 f2 f2 b0 f2 f2 36 a0 32 aa 28 60 f9 ac 42 0c f2 87 01 00 87 73 08 43 01 fd 9e 16 f0 27 00 f3 80 01 00 f3 8b 01 fe d8 19 5c f8 00 91 c8 94 b1 0c 02 00 0c f0 f0 00 3d 53 f8 98 76 0b f0 a8 0e 14 14 fb 15 06 94 f4 01 00 0c f0 16 06 94 0c 01 00 0c f0 fd 32 d8 f8 c2 f8 a0 f8 60 f0 a9 62 91 20 60 f1 a9 62 00 14 77 f0 01 70 f0 01 71 10 81 10 45 61 02 f0 1d 65 02 76 10 c0 f0 13 60 f2 89 62 fd 32 66 b3 f8 f0 09 00 f3 9e 02 f0 09 60 f4 a9 62 d2 db f8 f0 09 00 f3 9f 02 f0 09 60 f5 a9 62 d2 e7 fa 60 f3 89 62 66 cc f8 d2 a4 f8 f0 09 00 f3 9f 02 f0 09 60 f9 a9 62 d2 e7 fa 14 f2 7d 03 14 86 08 08 10 f0 1d 09 b4 29 bb 16 c2 16 0a 00 ec 73 f9 c2 16 05 00 ec 35 f9 b7 15 05 00 c2 15 01 00 ed f9 f8 14 ac 10 81 d6 15 08 50 00 f0 0f 08 50 01 f0 0f d7 e8 24 f9 08 08 10 f0 1d a0 25 a4 26 d2 32 f9 08 50 00 f0 0f 08 08 10 f0 1d a0 26 a4 25 d2 ea f9 b7 15 07 00 c2 15 01 00 ed 35 f9 a0 1f 14 ac 10 82 d6 15 08 50 00 f0 0d 08 50 01 f0 0d d7 e8 62 f9 08 08 10 f0 1d a0 25 a4 26 d2 70 f9 08 50 00 f0 0d 08 08 10 f0 1d a0 26 a4 25 d2 ea f9 b7 15 07 00 c2 15 01 00 ed 73 f9 a0 20 14 e8 10 83 d6 15 08 08 00 f0 02 08 08 02 f0 02 08 08 04 f0 02 08 08 06 f0 02 08 08 08 f0 02 08 08 0a f0 02 08 08 0c f0 02 08 08 0e f0 02 d7 e8 c3 f9 08 08 00 f0 00 08 08 10 f0 1d a0 25 a4 26 d2 ea f9 08 08 00 f0 02 08 08 02 f0 02 08 08 04 f0 02 08 08 06 f0 02 08 08 08 f0 02 08 08 0a f0 00 08 08 10 f0 1d a0 26 a4 25 14 82 10 80 14 f2 7d 03 60 f6 89 62 14 fd 16 02 0b 08 15 02 0b 08 a0 1a fd 32 fe 9c 57 b4 29 e2 00 00 ca fa 60 f7 a9 62 aa 29 b4 29 e2 ff 00 c4 fa a4 1a a4 24 d2 4d fa 9c 58 60 f8 29 62 b4 29 e2 00 00 32 fa af b5 29 a4 1a fd 60 d8 25 41 fa 14 f2 7e 03 d2 45 fa 14 f2 7f 03 65 14 f2 7c 03 d2 e7 fa b6 15 00 c0 03 00 ed aa fa d8 1f 64 fa d8 20 6a fa a8 07 9b d2 70 fa a8 07 9c d2 70 fa a8 07 9d d2 70 fa 9c 1b 60 0c a2 02 d8 1f 83 fa d8 20 88 fa 50 9b d2 e7 fa 50 9c d2 e7 fa 50 9d d2 e7 fa 9c 1b 60 0c a2 02 d8 1f a0 fa d8 20 a5 fa 50 60 d2 e7 fa 50 61 d2 e7 fa 50 62 d2 e7 fa d8 1f b8 fa d8 20 be fa a8 07 60 d2 8d fa a8 07 61 d2 8d fa a8 07 62 d2 8d fa a8 07 6b d2 8d fa a4 1a a4 24 aa 29 da ce 4d fa a2 ce 60 26 a0 62 a8 07 ae ac 0c 02 d1 f4 0e 60 27 a0 62 a4 1a a4 1b a4 25 a4 26 a4 1c a4 24 a4 1f a4 20 15 08 0c f0 0c 08 94 0c ff 00 16 08 0c f0 0c 08 94 f4 ff 00 fd 32 14 f2 7c 03 14 fc fe dc 1a 28 fb d8 1c 28 fb a0 1c d8 25 25 fb d2 22 fa d2 05 fa fe dc 1a 3d fb d8 1c 3d fb a0 1c d8 26 3a fb d2 22 fa d2 05 fa fe 14 82 64 10 71 fe 60 fb ac 20 da 8f 52 fb a2 8f 60 fa ac 20 fe 60 fc ac 20 da 8f 61 fb a2 8f 60 fa ac 20 fe d8 18 82 fb a0 18 9c 51 fd 8d 6a 91 86 f0 00 fd 8d 6a 91 88 f0 17 fd 8d 6a 91 84 6b 91 81 9c 7e fe d8 19 a3 fb a0 19 9c 51 fd 8d 6a 91 85 f0 00 fd 8d 6a 91 87 f0 17 fd 8d 6a 91 82 6b 91 80 9c 7e fe fe d8 18 aa fb fe fd 31 00 89 f0 00 3d ae fb 0a 00 47 01 f0 1f fd 8d 6a 91 83 9c 7d fd 30 f0 1f 77 10 4b df 00 fe d8 19 cf fb fe fd 31 00 89 f0 00 3d d3 fb 0a 00 47 01 f0 1f fd 8d 6a 91 81 9c 7d fd 30 f0 1f 77 10 68 9e 80 0a 7b 00 fe da 64 fa fb 4b e8 00 fe 4b ee 00 fe a1 46 a1 86 da 64 0a fc 4b e7 00 fe 4b ed 00 fe f0 00 dc 18 0e fc cb e2 80 00 1d fc d2 0e fc b4 0e c0 02 00 ec 35 fc aa 0e de ce 2d fc 9c 0e f0 00 3d 2d fc d2 0e fc de ce 3b fc 9c 0e f2 5b b1 18 f8 6a 5b 81 6b 5b 81 fe a0 18 fe a8 0e 00 a4 18 fe f8 c6 32 5b fc 19 84 10 44 66 08 71 fe d1 04 0e de 8a 68 fc 16 f2 b2 02 dc 38 89 fc 00 81 01 71 fd 31 00 f3 e2 01 00 f3 8b 01 de cf 84 fc da 8a 84 fc f0 17 fd 30 d2 8a fc 71 de cf 96 fc da 8a 96 fc a6 cf 9c 95 a6 cf fe dc 96 ca fc a1 6b 9b 9b 9b f2 cb ac f2 cb ae f2 cb b0 f2 cb b2 f2 cb b4 f2 cb b6 f2 cc ac f2 cc ae f2 cc b0 f2 cc b2 f2 cc b4 f2 cc ba 4b c9 00 fe d8 96 a8 fe 30 00 08 0a 00 10 41 80 1b 5e 77 00 fe 4a b7 00 09 dc 00 e4 fc fb fd 5b fd 5c a0 96 a1 6b 14 f9 15 f9 16 f9 1b f9 1c f8 30 f2 cd 36 f2 cd 32 d2 00 fd 1c f9 19 f9 71 fd 30 9b 9b 9b 9b 9b 9b 31 00 f2 8b 01 b0 05 c8 00 d0 d0 02 fe 9b 9b 9b 9b 9b 9b 9b 9b 9b 9b 9b 9b 9b 9b 9b 9b 9b 9b 9b 9b 9b 9b 9b 9b 9b 9b 9b 9b 9b 9b 9b 9b 9b 9b 9b 9b 9b 9b 9b 9b 9b 9b 9b 9b 9b 9b 9b 9b 9b 9b 9b 9b 9b 9b 9b 9b 9b 9b 9b 9b 9b 9b 9b 9b 9b 9b 9b 9b 9b 9b 9b 9b 9b 9b 9b 9b 9b 9b 9b 9b 9b 9b 9b 9b 9b 9b 9b 9b 9b 9b 9b 9b 9b 9b 9b 9b 9b 9b 9b 9b 9b 9b 9b 9b 9b 9b 9b 9b 9b 9b 9b 9b 9b 9b 9b 9b 9b 9b 9b 9b 9b 9b 9b 9b 9b 9b 9b 9b 9b 9b 9b 9b 9b 9b 9b 9b 9b 9b 9b 9b 9b 9b 9b 9b 9b 9b 9b 9b 9b 9b 9b 9b 9b 9b 9b 9b 9b 9b 9b 9b 9b 9b 9b 9b 9b 9b 9b 9b 9b 9b 9b 9b 9b 9b 9b 9b 9b 9b 9b 9b 9b 9b 9b 9b 9b 9b 9b 9b 9b 9b 9b 9b 9b 9b 9b 9b 9b 9b 9b 9b 9b 9b 9b 9b 9b 9b 9b 9b 9b 9b 9b 9b 9b 9b 9b 9b 9b 9b 9b 9b 9b 9b 9b 9b 9b 9b 9b 9b 9b 9b 9b 9b 9b 9b 9b 9b 9b 9b 9b 9b 9b 9b 9b 9b 9b 9b 9b 9b 9b 9b 9b 9b 9b 9b 9b 9b 9b 9b 9b 9b 9b 9b 9b 9b 9b 9b 9b 9b 9b 9b 9b 9b 9b 9b 9b 9b 9b 9b 9b 9b 9b 9b 9b 9b 9b 9b 9b 9b 9b 9b 9b 9b 9b 9b 9b 9b 9b 9b 9b 9b 9b 9b 9b 9b 9b 9b 9b 9b 9b 9b 9b 9b 9b 9b 9b 9b 9b 9b 9b 9b 9b 9b 9b 9b 9b 9b 9b 9b 9b 9b 9b 9b 9b 9b 9b 9b 9b 9b 9b 9b 9b 9b 9b 9b 9b 9b 9b 9b 9b 9b 9b 9b 9b 9b 9b 9b 9b 9b 9b 9b 9b 9b 9b 9b 9b 9b 9b 9b 9b 9b 9b 9b 9b 9b 9b 9b 9b 9b 9b 9b 9b 9b 9b 9b 9b 9b 9b 9b 9b 9b 9b 9b 9b 9b 9b 9b 9b 9b fe 1b 85 04 10 83 10 80 9b 9b 9b 9b 9b 9b 9b 9b 9b 9b 9b 9b 9b 9b 9b 9b 9b 9b 9b 9b 9b 9b 9b 9b 9b 9b 9b 9b 9b 9b 9b 9b 9b 9b 9b 9b 9b 9b 9b 9b 9b 9b 9b 9b 9b 9b 9b 9b 9b 9b 9b 9b 9b 9b 9b 9b 9b 9b 9b 9b 9b 9b 9b 9b 9b fe d8 1a fa fe 18 f2 ee 01 fe d8 19 03 ff 17 f2 ef 01 fe f0 02 d8 1f 4b ff dc 18 4b ff a4 18 f8 cd 28 3e ff f8 cd 2a 30 ff f8 cd 2c 22 ff d2 4b ff f2 cd ac 16 f2 c4 00 1a f4 2c 02 d2 49 ff f2 cd aa 15 f2 c4 00 1a f4 2c 02 d2 49 ff f2 cd a8 14 f2 c4 00 1a f4 2c 02 f0 1f d2 04 ff a5 20 a5 21 a5 22 a5 23 a8 3a 00 a8 3b 00 a8 3c 00 a8 3d 00 f2 cd 28 f2 cd 2a f2 cd 2c 1d 84 10 44 65 08 71 40 fd 2a 40 f9 6a fe 71 71 fe ff ff ff ff ff ff ff ff ff ff ff ff ff ff ff ff ff ff ff ff ff ff ff ff ff ff ff ff ff ff ff ff ff ff ff ff ff ff ff ff ff ff ff ff ff ff ff ff ff ff ff ff ff ff ff ff ff ff ff ff ff ff ff ff ff ff ff ff ff ff ff ff ff ff ff ff ff ff ff ff ff ff ff ff ff ff ff ff ff ff ff ff ff ff ff ff ff ff ff ff ff ff ff ff ff ff ff ff ff ff ff ff ff ff ff ff ff ff ff ff ff ff ff ff ff ff ff ff ff ff ff 
00 08 86 08 a5 08 a9 09 b5 09 c6 09 e2 09 6b 0a 7d 0a 7d 0a 7d 0a 7d 0a 7e 0a 7f 0a 99 0a 99 0a a9 0a ae 0a ae 0a ff 0b ff 0b ff 0b ff 0b ff 0b ff 0b ff 0b ff 0b ff 0b ff 0b ff 0b ff 0b 0f 0c 0f 0c 1f 0c 1f 0c 1f 0c 2f 0c 3f 0c 3f 0c 3f 0c 3f 0c 3f 0c 3f 0c 4f 0c 5f 0c 67 0c cf 0c d6 0c e4 0c 16 0d 40 0f 52 0f 82 0f b2 0f cf 0f f1 0f 01 10 08 10 0f 10 1b 10 24 10 4d 10 52 10 e2 10 86 11 a3 11 b9 11 cf 11 e5 11 fb 11 11 12 46 12 42 13 59 13 7a 13 8e 13 93 13 c8 13 00 14 0d 14 24 14 65 14 35 18 69 18 6e 18 74 18 94 18 ac 18 cd 18 da 18 eb 18 f6 18 0c 19 22 19 2c 19 51 19 58 19 6e 19 84 19 9a 19 b0 19 c6 19 dc 19 f2 19 08 1a 1e 1a 34 1a 4a 1a 60 1a 76 1a 8c 1a a0 1a a1 1b 09 1d df 1d f1 1d fd 1d 9f 1e ab 1e 0e 20 2b 20 84 20 dd 20 34 21 3e 21 63 21 6a 21 7f 22 99 22 a0 24 2b 25 32 25 0a 26 2c 26 d5 26 f5 26 04 27 1e 27 39 27 d2 28 e0 28 2c 29 3b 29 6a 29 79 29 a4 29 fb 29 c6 2a 10 2b 01 2c 34 2c 3b 2c 71 2c a2 2c 2f 2f 8e 2f c3 2f 61 30 cc 30 df 30 03 31 15 31 27 31 39 31 4b 31 5d 31 7e 31 94 31 9d 31 a6 31 af 31 c1 31 ca 31 d3 31 dc 31 13 32 2a 32 36 32 42 32 52 32 62 32 6e 32 7a 32 86 32 92 32 9e 32 aa 32 b6 32 c2 32 ce 32 e6 32 f6 32 02 33 0e 33 1a 33 2a 33 3a 33 4a 33 5a 33 66 33 72 33 7e 33 8a 33 96 33 a2 33 ae 33 ba 33 c6 33 d2 33 43 35 ae 35 79 38 60 3a 86 3a a7 3a cb 3a d7 3a f9 3a 15 3b 3e 3b 5e 3b 63 3b 98 3b db 3b e4 3b eb 3b 18 3c 3b 3c 50 3c 5c 3c 61 3c 66 3c 72 3c 7e 3c 8a 3c 9e 3c ac 3c b1 3c be 3c e7 3c 20 3d 29 3d 32 3d 3b 3d 52 3d 52 3d 5f 3d 92 3d d0 3d 01 3e 17 3e 1e 3e 10 3f 15 3f 3f 3f aa 3f f2 3f 04 40 be 40 f6 40 42 41 d8 43 f1 43 30 44 5b 44 95 44 f3 44 ef 47 1c 49 67 49 84 49 99 49 c9 49 1a 4b a8 4b ba 4b c4 4b 1f 4c 2b 4c b8 4c da 4c 8b 4e 92 4e ad 4e c7 50 f1 50 2a 51 73 51 a6 52 cf 52 23 53 7a 54 f7 56 57 57 be 58 e8 58 11 59 3a 59 e5 59 e9 59 ea 59 f0 5a fa 5a 2b 5b d1 5b df 5c f3 5c 03 5d 17 5d 27 5d 3b 5d 4b 5d 4b 5d 4b 5d 4b 5d 4b 5d 4b 5d 32 5e 32 5e 32 5e 32 5e 32 5e 32 5e 32 5e 32 5e 32 5e 32 5e 32 5e 32 5e 32 5e 32 5e 32 5e 32 5e 32 5e 32 5e 32 5e 32 5e 32 5e 32 5e 32 5e 32 5e 32 5e 32 5e 32 5e 32 5e 32 5e 32 5e 32 5e 32 5e 32 5e 32 5e 32 5e 32 5e 32 5e 32 5e 32 5e 32 5e 32 5e 32 5e 32 5e 32 5e 32 5e 32 5e 32 5e 32 5e 32 5e 32 5e 32 5e 32 5e 32 5e 32 5e 32 5e 32 5e 32 5e 32 5e 32 5e 32 5e 32 5e 32 5e 32 5e 32 5e 32 5e 32 5e 32 5e 32 5e 32 5e 32 5e 32 5e 32 5e 32 5e 32 5e 32 5e 32 5e 32 5e 32 5e 32 5e 32 5e 32 5e 32 5e 32 5e 32 5e 32 5e 32 5e 32 5e 32 5e 32 5e 32 5e b0 5e 6d 60 2e 62 d9 62 e4 62 f8 62 03 63 0e 63 18 64 40 64 49 64 f0 64 d5 66 c3 67 40 68 9a 68 07 69 65 69 c9 69 e4 69 b9 6a 4d 6d 73 6d 32 6e 30 70 a2 70 fe 70 01 71 85 71 73 72 b4 74 d5 74 db 74 50 75 64 75 64 75 64 75 64 75 64 75 64 75 64 75 64 75 64 75 64 75 64 75 64 75 64 75 64 75 64 75 64 75 64 75 64 75 64 75 64 75 64 75 64 75 64 75 64 75 64 75 64 75 64 75 64 75 64 75 64 75 64 75 64 75 64 75 64 75 64 75 64 75 64 75 64 75 64 75 64 75 64 75 64 75 64 75 64 75 64 75 64 75 64 75 64 75 64 75 64 75 64 75 64 75 64 75 64 75 64 75 64 75 64 75 64 75 64 75 64 75 64 75 64 75 64 75 64 75 64 75 64 75 64 75 64 75 64 75 64 75 64 75 64 75 65 75 67 75 6a 75 6f 75 90 75 91 75 c3 75 e4 75 4d 76 83 76 aa 76 d1 76 e9 76 0c 77 22 7e b3 7e f9 82 ce 83 d3 83 db 83 f9 83 3b 84 3b 84 3b 84 3b 84 3b 84 3b 84 3b 84 3b 84 3b 84 3b 84 5d 84 63 84 79 84 9b 84 bd 84 df 84 01 85 23 85 3b 85 57 85 d0 86 e5 86 a9 8a b7 8a c5 8a d3 8a ea 8a f8 8a 18 8b 26 8b 34 8b 58 8b 58 8b 1c 8f e0 8f 8a 95 99 95 10 96 18 96 54 99 60 99 65 99 6a 99 6f 99 74 99 79 99 dd 99 fd 99 0b 9a 2b 9a 45 9a 4a 9a 4a 9a df 9d df 9d f9 9e fe 9e 10 9f 22 9f 34 9f 46 9f 58 9f 58 9f 58 9f 6a 9f 8d 9f 9f 9f a8 9f 03 a0 10 a0 15 a0 1a a0 2c a0 bf a2 70 a3 ae a3 06 a4 19 a4 1e a4 2d a4 46 a4 b1 a4 bd a4 9c a5 9f a5 b1 a5 c3 a5 d5 a5 f1 a5 03 a6 15 a6 27 a6 46 a6 5a a6 69 a6 70 a6 82 a6 91 a6 c9 a6 fc a6 2e a7 92 a7 cc a7 f3 a7 fd a7 0d a8 46 a8 6a a8 a3 a8 db a8 ea a8 09 a9 78 a9 86 a9 96 a9 af a9 bf a9 df a9 f6 aa 1b ab 2c ab 4c ab d6 ad 5b ae d5 b2 12 b3 64 b4 7f b4 af b4 b6 b4 c6 b4 ec b4 47 b5 de b8 e5 b8 f7 b8 09 b9 1b b9 6c b9 9a b9 62 ba 90 ba 65 bb 7f bb b8 bb c4 bb cf bb d6 bb f7 bb fc bb 01 bc 0e bc 34 bc 42 bc 72 bc 79 bc 82 bc a7 bc c2 bc cc bc d6 bc 1d bd 2f bd 41 bd 49 bd 4b bd 50 bd 65 bd a5 bd aa bd aa bd 7e c0 90 c0 d7 c1 01 c2 6f c2 99 c2 b3 c2 d5 c2 f2 c2 f9 c2 1c c3 39 c3 6c c3 8e c3 e9 c3 f0 c3 92 c4 10 c5 38 c8 3b c8 55 c8 d8 cf e3 cf ee cf f9 cf 04 d0 0c d0 17 d0 5c d1 5f d1 62 d2 94 d2 ac d2 13 d7 1f d7 2d d7 2e d7 33 d7 52 d7 63 d7 7a d7 ae d7 8a d8 eb d8 56 d9 8d d9 a3 d9 c7 d9 c9 da d0 da a0 db a8 db b0 db c4 db 0a dc b3 dc ee dc 33 dd 3e dd 49 dd 6a dd 84 dd 84 dd 09 de 10 de 17 de 2a de 6f de 76 de 7d de 84 de 8b de 9e de bf de d1 de d8 de df de f1 de 04 df 0b df 1d df 24 df 36 df 47 df 58 df 5f df 66 df 6d df 7a df 81 df 88 df 9a df a4 df b2 df b9 df b9 df b9 df b9 df b9 df b9 df b9 df b9 df b9 df b9 df b9 df b9 df b9 df b9 df b9 df b9 df b9 df b9 df b9 df b9 df b9 df b9 df b9 df b9 df b9 df b9 df b9 df b9 df b9 df b9 df b9 df b9 df b9 df b9 df b9 df b9 df b9 df b9 df b9 df b9 df b9 df b9 df b9 df b9 df b9 df b9 df b9 df b9 df b9 df b9 df b9 df b9 df b9 df b9 df b9 df b9 df b9 df b9 df b9 df b9 df b9 df b9 df b9 df b9 df b9 df b9 df b9 df b9 df b9 df b9 df b9 df b9 df b9 df b9 df b9 df b9 df b9 df b9 df b9 df b9 df b9 df b9 df b9 df b9 df b9 df b9 df b9 df b9 df b9 df b9 df b9 df b9 df b9 df b9 df b9 df b9 df b9 df b9 df b9 df b9 df b9 df b9 df b9 df b9 df b9 df b9 df b9 df b9 df b9 df b9 df b9 df b9 df b9 df b9 df b9 df b9 df b9 df b9 df b9 df b9 df b9 df b9 df b9 df b9 df b9 df b9 df b9 df b9 df b9 df b9 df b9 df b9 df b9 df b9 df b9 df b9 df b9 df b9 df b9 df b9 df b9 df b9 df b9 df b9 df b9 df b9 df b9 df b9 df b9 df b9 df b9 df b9 df b9 df b9 df b9 df b9 df b9 df b9 df b9 df b9 df b9 df b9 df b9 df b9 df b9 df b9 df b9 df b9 df b9 df b9 df b9 df b9 df b9 df b9 df b9 df b9 df b9 df b9 df b9 df b9 df b9 df b9 df b9 df b9 df b9 df b9 df b9 df b9 df b9 df b9 df b9 df b9 df b9 df b9 df b9 df b9 df b9 df b9 df b9 df b9 df b9 df b9 df b9 df b9 df b9 df b9 df b9 df b9 df b9 df b9 df b9 df b9 df b9 df b9 df b9 df b9 df b9 df b9 df b9 df b9 df b9 df b9 df b9 df b9 df b9 df 
10 fd 9c 05 b4 07 f7 fd b0 f0 00 b5 14 10 f2 07 00 c7 10 ba 0a ad 60 02 bb 0a e0 14 00 31 08 e0 14 10 45 08 e0 14 20 6f 08 e0 14 30 7d 08 d2 85 08 9c 0e 3f 01 85 08 fd 5b fd 5c b0 10 08 00 44 03 bc d2 85 08 35 ef 9c 0e 3f 03 85 08 94 b0 11 26 02 44 04 fc a1 b0 b4 07 fd b0 0f 00 fd 64 fd f9 a5 e3 a5 24 a5 e2 3e 16 00 6c 08 d2 85 08 9c 0e 3f 00 85 08 ac 01 00 fd 57 d2 85 08 9c 5e 3f 13 85 08 53 01 fe 10 fd 9c 05 f7 10 f2 07 00 c7 10 ba 0a ad 60 02 bb 0a d8 53 9e 08 9c 0e a4 53 3f 05 a4 08 fe 10 fd e0 07 f0 ad 08 f7 9c 05 b4 08 b5 0a fd b0 03 00 b5 14 ad 20 01 db e6 08 a3 b4 07 fd b0 0f 00 e0 14 01 da 08 e0 14 02 df 08 e0 14 03 e4 08 b5 3a d2 e6 08 b5 3b d2 e6 08 b5 3c d2 e6 08 b5 3d e0 14 01 fd 08 e0 14 02 05 09 e0 14 03 0d 09 e1 3a 01 19 09 d2 12 09 e1 3b 01 19 09 d2 12 09 e1 3c 01 19 09 d2 12 09 e1 3d 01 19 09 12 f2 07 00 d2 1d 09 12 f4 08 00 c7 12 ba 0a ad 60 02 bb 0a b4 07 fd b0 f0 00 e2 f0 00 9c 09 e2 a0 00 3e 09 e2 80 00 6d 09 d2 a8 09 9c 0d 3f 10 a8 09 11 f2 8a 03 52 0a e0 14 01 5e 09 e0 14 02 63 09 e0 14 03 68 09 ab 3a d2 a8 09 ab 3b d2 a8 09 ab 3c d2 a8 09 ab 3d d2 a8 09 9c 0d 3f 12 a8 09 11 f2 8a 03 52 01 e0 14 01 8d 09 e0 14 02 92 09 e0 14 03 97 09 ab 3a d2 a8 09 ab 3b d2 a8 09 ab 3c d2 a8 09 ab 3d d2 a8 09 9c 0d 3f 12 a8 09 11 f2 8a 03 52 01 fe 7f 88 22 03 37 7f 00 00 03 37 82 fe fd 40 9c 66 94 a1 e2 a1 e3 b0 11 32 00 44 07 dc fe 10 fd 10 f9 9c 0e fd 42 34 ff fd 5b fd 5c 7f 88 22 03 37 7f 00 00 03 37 82 fd 40 fe 9c 05 b4 08 b5 14 10 15 fd 0d 04 10 81 08 50 01 20 04 25 c0 03 80 ff f0 07 21 08 40 02 c7 10 ba 0a ad 60 02 bb 0a a5 26 9c 0e 3f 04 10 0a f0 07 f0 0b 9c 00 e4 07 9c 00 2e 0a e4 07 9d 00 35 0a e4 07 9e 00 3c 0a e4 07 9f 00 3c 0a 4a 9c 00 15 d2 3c 0a 4a 9d 00 04 d2 3c 0a d8 00 6a 0a 71 a1 26 10 1c 20 04 25 40 00 80 ff f0 07 21 d8 01 5a 0a 08 50 04 fd 0d 05 fe fd 0c 05 08 50 00 fe a5 25 d8 01 69 0a a1 25 fe fb fd 40 a5 b0 a1 e2 fd fa dd 24 7a 0a fd 65 71 35 ff fe fe fe ac 28 01 d4 87 a3 ae d7 10 fa 10 fc fe ac 28 01 d4 87 a7 ae d7 10 fa 10 fc fe 00 02 0b 20 68 00 00 06 18 00 71 60 10 06 42 fe 10 fa 10 fc fe 10 fd 10 f2 01 00 60 0c a6 c0 67 0a 0b a9 0a ca e7 10 00 f9 0a 60 04 a6 c0 67 19 0b f5 0b ca e7 10 00 f9 0a 60 06 a6 c0 67 df 0b e7 0b ca e7 10 00 f9 0a 60 05 a6 c0 67 d1 0b d8 0b ca e7 10 00 f9 0a 60 0d a6 c0 67 7f 0a 8c 0a 60 0e a6 c0 67 07 0b 12 0b 10 fa 10 fc fe d0 e4 0e 10 fa 10 fc fd 4a 71 fe 10 fa 10 fc d0 dd 0e 10 fa 10 fc 50 5d fe 91 17 fd 8e 19 08 01 f0 3f fd 8e 00 0c 00 91 18 f0 5f fd 4d 01 ca e2 22 00 cb 0b 91 17 71 fd 8e 19 08 01 f0 3f fd 8e 00 0c 00 91 18 f0 5f fd 4d 02 ca e2 22 00 cb 0b 91 17 71 fd 8e 19 08 01 f0 3f fd 8e 00 0c 00 91 18 f0 5f fd 4d 03 ca e2 22 00 cb 0b 91 17 71 fd 8e 19 08 01 f0 3f fd 8e 00 0c 00 91 18 f0 5f fd 4d 04 ca e2 22 00 cb 0b 91 17 71 fd 8e 19 08 01 f0 3f fd 8e 00 0c 00 91 18 f0 5f fd 4d 05 ca e2 22 00 cb 0b 91 17 71 fd 8e 19 08 01 f0 3f fd 8e 00 0c 00 91 18 f0 5f fd 4d 06 ca e2 22 00 cb 0b 71 d2 20 0b 71 10 fa 10 fc fe 10 fa 10 fc 36 84 fe 10 fa 10 fc 36 83 fe 10 fa 10 fc 37 36 81 fe 10 fa 10 fc 36 82 fe 52 63 10 fa 10 fc fe ac e7 03 fd 52 10 fa 10 fc fe 10 fd 10 f2 01 00 60 1c a6 c0 66 a9 0a d0 19 0f 10 fd 10 f2 01 00 60 1e a6 c0 66 a9 0a d0 15 0f 10 fd 10 f2 01 00 60 27 a6 c0 66 a9 0a d0 17 0f 10 fd 10 f2 01 00 60 23 a6 c0 66 a9 0a d0 16 0f 10 fd 10 f2 01 00 60 28 a6 c0 66 a9 0a d0 18 0f 10 fd 10 f2 01 00 60 25 a6 c0 66 a9 0a d0 1c 0f dc bc 66 0c 75 91 21 fe fe 9b 9b 9b 9b 9b 9b 9b 9b 9b 9b 9b 9b 9b 9b 9b 9b 9b 9b 9b 9b 9b 9b 9b 9b 9b 9b 9b 9b 9b 9b 9b 9b 9b 9b 9b 9b 9b 9b 9b 9b 9b 9b 9b 9b 9b 9b 9b 9b 9b 9b 9b 9b 9b 9b 9b 9b 9b 9b 9b 9b 9b 9b 9b 9b 9b 9b 9b 9b 9b 9b 9b 9b 9b 9b 9b 9b 9b 9b 9b 9b 9b 9b 9b 9b 9b 9b 9b 9b 9b 9b 9b 9b 9b 9b 9b 9b 9b 9b 9b 9b 9b 9b fe 00 04 fd 13 f0 00 fe a1 e1 b0 07 10 00 d1 10 00 f0 00 a5 e1 fe fe d8 ab 16 0d a0 ab 16 f7 00 04 43 77 f0 00 16 15 00 77 f0 1f 04 08 40 89 f0 3b 05 09 75 f0 0f 71 f0 0f 73 f0 07 f0 3b 60 33 a6 d6 16 82 43 01 16 f9 d2 7e 0d 9b 9b 9b 9b 9b 9b 9b 9b 9b 9b 9b 9b 9b 9b 9b 9b 9b 9b 9b 9b 9b 9b 9b 9b 9b 9b 9b 9b 9b 9b 9b 9b 9b 9b 9b 9b 9b 9b 9b 9b 9b 9b 9b 9b 9b 9b 9b 9b 9b 9b 9b 9b 9b 9b 9b 9b 9b 9b 9b 9b 9b 9b 9b 9b 9b 9b 9b 9b 9b 9b 9b 9b 9b 9b 9b 9b 9b 9b 9b 9b 9b 9b 9b 9b 9b 9b 9b 9b 9b 9b 9b 9b 9b 9b 9b 9b 9b 9b 9b 9b 9b 4a a8 00 15 a1 e5 a5 e6 a5 e7 d1 18 00 b0 05 cb 00 40 d0 02 f0 3e a0 aa fd 5b fd 5c d2 20 0f 9b 9b 9b 9b 9b 9b 9b 9b 9b 9b 9b 9b 9b 9b 9b 9b 9b 9b 9b 9b 9b 9b 9b 9b 9b 9b 9b 9b 9b 9b 9b 9b 9b 9b 9b 9b 9b 9b 9b 9b 9b 9b 9b 9b 9b 9b 9b 9b 9b 9b 9b 9b 9b 9b 9b 9b 9b 9b 9b 9b 9b 9b 9b 9b 9b 9b 9b 9b 9b 9b 9b 9b 9b 9b 9b 9b 9b 9b 9b 9b 9b 9b 9b 9b 9b 9b 9b 9b 9b 9b 9b 9b 9b 9b 9b 9b 9b 9b 9b 9b 9b 9b 9b 9b 9b 9b 9b 9b 9b 9b 9b 9b 9b 9b 9b 9b 9b 9b 9b 9b 9b 9b 9b 9b 9b 9b 9b 9b 9b 9b 9b 9b 9b 9b 9b 9b 9b 9b 9b 9b 9b 9b 9b 9b 9b 9b 9b 9b 9b 9b 9b 9b 9b 9b 9b 9b 9b 9b 9b 9b 9b 9b 9b 9b 9b 9b 9b 9b 9b 9b 9b 9b 9b 9b 9b 9b 9b 9b 9b 9b 9b 9b 9b 9b 9b 9b 9b 9b 9b 9b 9b 9b 9b 9b 9b 9b 9b 9b 9b 9b 9b 9b 9b 9b 9b 9b 9b 9b 9b 9b 9b 9b 9b 9b 9b 9b 9b 9b 9b 9b 9b 9b 9b 9b 9b 9b 9b 9b 9b 9b 9b 9b 9b 9b 9b 9b 9b 9b 9b 9b 9b 9b 9b 9b 9b 9b 9b 9b 9b 9b 9b 9b 9b 9b 9b 9b 9b 9b 9b 9b 9b 9b 9b 9b 9b 9b 9b 9b 9b 9b 9b 9b 9b 9b 9b 9b 9b 9b 9b 9b 9b 9b 9b 9b 9b 9b 9b 9b 9b 9b 9b 9b 9b 9b 9b 9b 9b 9b 9b 9b 9b 9b 9b 9b 9b 9b 9b 9b 9b 9b 9b 9b 9b 9b 9b 9b 9b 9b 9b 9b 9b 9b 9b 9b 9b 9b 9b 9b 9b 9b 9b 9b 9b 9b 9b 9b 9b 9b 9b 9b 9b 9b 9b 9b 9b 9b 9b 9b 9b 9b 9b 9b 9b 9b 9b 9b 9b 9b 9b 9b 9b 9b 9b 9b 9b 9b 9b 9b 9b 9b 9b 9b 9b 9b 9b 9b 9b 9b 9b 9b 9b 9b 9b 9b 9b 9b 9b 00 f9 a0 6e a6 b5 f0 00 68 2d 01 0c 6c 00 d1 0e 00 00 83 7e 90 00 fe 9b 9b 9b 9b 9b 9b 9b 9b fe d1 41 00 68 2d 01 0c 6c 00 d1 0e 00 00 83 7e 90 00 fe 10 fd a0 a9 10 f2 38 00 9c 09 00 0a 7e 00 00 0c 20 6b 02 09 0b 20 fd 9c 08 60 31 06 00 6b 38 80 6b 38 81 6b 39 80 6b 39 81 6b 3a 80 6b 3a 81 fe d9 b0 ae 0f d8 bd af 0f 0c 08 10 41 5a 02 5b 02 10 40 b0 07 9c 00 d1 23 00 dd 25 ae 0f a0 bd 10 f2 0f 00 b0 05 ca 00 d0 d0 02 9b 9b fe d0 22 00 b0 0b 08 00 b0 0c 64 00 d1 42 00 68 91 01 1d 23 00 a0 48 35 00 00 03 7e 00 00 d0 36 06 d8 bf ee 0f b0 07 9d 00 d1 23 00 dd 25 ed 0f a0 bf 10 f2 0f 00 b0 05 d4 00 d0 d0 02 9b 9b fe d0 22 00 d1 41 00 68 4d 01 05 14 00 70 00 83 7e 90 00 fe 68 39 80 0c 67 00 fe 68 3a 80 15 28 00 fe 60 2d a6 d0 66 1a 10 60 2e a6 d0 fe a0 18 60 7f a6 d0 a4 18 fe ac 47 06 d4 07 61 80 62 16 03 7e 40 00 17 05 f0 09 7e 40 00 18 05 f0 13 7e 40 00 19 05 f0 1d 7e 40 00 ae d7 60 4f a6 62 fe 60 74 a6 60 fe c6 00 fd 42 e3 00 01 71 10 60 2f 06 80 b0 12 2c 01 f0 00 ca e7 9f 00 70 10 b3 12 eb 63 10 64 b0 0e 2c 01 46 00 fd 40 fe f2 38 a8 f2 38 aa f2 38 2c f2 39 a8 f2 39 aa f2 39 ac f2 39 ae f2 39 b0 f2 39 b2 f2 3a a8 f2 3a aa f2 3a ac f2 3a ae f2 3b aa f2 3b ac f2 3b ae f2 3b b0 f2 3b b2 f2 3b b4 f2 3c ac f2 3c ae f2 3c b0 f2 3c b2 f2 3c b4 f2 2d af f2 2d b1 f2 2d b3 a4 a9 6b 38 00 6b 38 01 6b 39 00 6b 39 01 6b 3a 00 6b 3a 01 a0 10 fe a5 e5 b0 0e 2c 01 46 00 e0 3f 0e f8 10 d3 7a 10 a8 3f 0e d2 ff 10 d8 10 ff 10 d3 7a 10 dc a9 10 11 c3 e2 3e 00 11 11 81 13 00 00 d2 11 11 82 d1 0f 00 c3 e3 4d 01 85 11 d8 a8 85 11 a0 a8 34 60 00 83 57 04 70 14 f7 14 30 41 47 08 40 0a f0 17 09 73 a0 19 f0 00 dc 18 36 11 08 40 05 f0 0f 09 7e 6c 00 45 f0 00 fd 3d 07 48 11 08 48 14 f0 1f 9c 1c 08 49 1e 0c 04 4b 01 00 14 f0 00 dc 18 5d 11 f0 3f 77 f0 3f 7f 6c 00 47 72 f0 00 a0 1b f0 00 dc 19 71 11 60 30 a6 60 a0 18 f0 00 dc 1b 7d 11 f0 1d fe 45 3e 3c 47 00 b0 0b 05 00 b0 0c 14 00 d1 42 00 a1 ee 68 3e 80 05 5a 00 00 f3 0a 00 fe b0 0b 0c 00 b0 0c 1a 00 d1 42 00 68 3e 80 0e 5a 00 00 f3 0a 00 fe b0 0b 02 00 b0 0c 2e 00 d1 42 00 68 39 80 08 60 00 00 f3 0a 00 fe b0 0b 14 00 b0 0c 64 00 d1 42 00 68 38 80 0e 1e 00 00 f3 0a 00 fe b0 0b 0e 00 b0 0c 1e 00 d1 42 00 68 3b 80 14 64 00 00 f3 0a 00 fe b0 0b 08 00 b0 0c 60 00 d1 42 00 68 38 80 02 2e 00 00 f3 0a 00 fe b0 0b 0c 00 b0 0c 6c 00 d1 42 00 d8 aa 3b 12 68 2e 01 06 28 00 d2 09 35 9b 9b 9b 9b 0c 06 10 41 52 06 10 40 f0 00 3d 35 12 fe a0 6e a6 b5 68 45 80 09 6c 00 fe fd 31 b4 0a bb 1a 34 90 0c f0 8d 10 41 c8 92 b1 0b fc ff b1 0c f2 ff 88 00 02 10 41 12 02 10 41 3d 77 12 cb e6 80 00 77 12 00 06 fd 9c 04 7e 6c 00 ca fd b0 0f 00 e2 01 00 aa 12 e2 05 00 b1 12 e2 04 00 b8 12 e2 06 00 bf 12 e2 02 00 c6 12 e2 0a 00 cd 12 e2 08 00 d4 12 e2 09 00 db 12 bc 19 06 d2 df 12 b0 06 00 00 d2 df 12 b0 06 01 00 d2 df 12 b0 06 02 00 d2 df 12 b0 06 03 00 d2 df 12 b0 06 04 00 d2 df 12 b0 06 05 00 d2 df 12 b0 06 06 00 d2 df 12 b0 06 07 00 bc 06 19 a4 1c c8 12 00 f0 8e fd 0f 03 0c 04 03 fd 01 70 b1 0b 30 00 89 f0 00 d8 18 48 12 00 05 fd 9e 33 0b 04 b0 1a 00 00 34 ff d4 2f 3d 1f 13 f0 00 d7 3d 1f 13 00 05 fd 9e 33 0c 04 d2 48 12 34 ff b4 0e b5 0a 12 fc fd 30 0c f0 82 10 40 12 f0 84 10 41 fd 0c a8 0a 00 00 87 02 fd 0e 0b 04 fd 00 fe 00 01 09 b4 08 b5 0a a8 09 14 d4 06 11 fa aa 09 d7 12 fb 40 47 2c fe e0 08 14 65 13 d8 12 68 13 d0 20 00 d0 20 00 a8 07 a6 d1 21 00 ac 32 06 a8 07 a6 d1 f4 0e a0 ac fe 10 fd fd 9c 0d 10 0a 0c 50 08 50 02 5a 02 01 fd f2 52 0a fe 60 3f a6 62 fe a1 e1 f2 52 aa f2 52 ac f2 52 ae f2 52 b0 b0 1c 00 00 b0 1d 00 00 b0 1e 00 00 b0 1f 00 00 f8 4f 36 bb 13 1b 03 08 40 00 f8 4f 38 c5 13 1c 03 08 40 01 d0 0f 00 f5 e0 08 1c e4 13 10 fd 10 f9 9c 0e 10 08 5a 02 08 50 06 f0 05 01 ac 01 00 fd 57 fe 10 fd 10 f9 9c 0e fd 42 34 ff fd 5b fd 5c 7f 88 22 03 36 7f 00 00 03 36 82 fd 40 fe 0c 08 10 41 56 02 52 02 10 40 d0 20 00 b0 07 14 00 d1 11 00 d8 01 23 14 aa 0e e1 0e 19 23 14 14 f2 b7 01 fe e0 08 15 41 14 e0 08 16 4a 14 e0 08 17 53 14 e0 08 18 5c 14 a0 18 d1 20 00 f3 51 a8 fe a0 19 d1 22 00 f3 51 aa fe a0 1a d1 22 00 f3 51 ac fe a0 1b d1 22 00 f3 51 ae fe a0 1c d1 22 00 f3 51 b0 fe e0 07 c0 df 16 e0 07 c1 e8 16 e0 07 c2 f1 16 e0 07 c3 fa 16 e0 07 c4 03 17 e0 07 c5 0c 17 e0 07 c6 15 17 e0 07 c7 1b 17 e0 07 c8 21 17 e0 07 c9 27 17 e0 07 ca 2d 17 e0 07 cb 33 17 e0 07 cc 39 17 e0 07 cd 3f 17 e0 07 ce 45 17 e0 07 cf 4b 17 e0 07 d0 51 17 e0 07 d1 57 17 e0 07 d2 61 17 e0 07 96 c7 17 e0 07 97 c7 17 e0 07 98 c7 17 10 f8 d1 21 00 9c 0e 60 99 04 00 fd 50 d2 f3 14 9b 0c 04 10 41 10 40 aa 28 b0 0e 28 00 45 07 36 fe 10 fd 9c 05 b4 07 f7 fd b0 f0 00 b5 14 10 f2 07 00 c7 10 ba 0a ad 60 02 bb 0a e0 14 00 25 15 e0 14 10 39 15 e0 14 20 c1 15 e0 14 30 cf 15 d2 d7 15 9c 0e 3f 01 d7 15 fd 5b fd 5c b0 10 08 00 44 03 bc d2 d7 15 35 ef 9c 0e 3f 03 d7 15 94 b0 11 26 02 44 04 fc a1 b0 dc b0 a9 15 e0 35 00 78 15 e0 35 01 7f 15 e0 35 02 86 15 e0 35 03 8d 15 e0 35 04 94 15 e0 35 05 9b 15 e0 35 06 a2 15 e0 35 07 a2 15 fe a8 07 10 d2 a9 15 fe a8 07 11 d2 a9 15 fe a8 07 12 d2 a9 15 fe a8 07 13 d2 a9 15 fe a8 07 14 d2 a9 15 fe a8 07 15 d2 a9 15 fe a8 07 17 d2 a9 15 fe b4 07 fd b0 0f 00 fd 64 fd f9 a5 e3 a5 24 a5 e2 3e 16 00 be 15 d2 d7 15 9c 0e 3f 00 d7 15 ac 01 00 fd 57 d2 d7 15 9c 5e 3f 13 d7 15 53 01 fe fe fe fe 10 fd e0 07 f0 e3 15 f7 9c 05 b4 08 b5 0a fd b0 03 00 b5 14 ad 20 01 db 1c 16 a3 b4 07 fd b0 0f 00 e0 14 01 10 16 e0 14 02 15 16 e0 14 03 1a 16 b5 3a d2 1c 16 b5 3b d2 1c 16 b5 3c d2 1c 16 b5 3d e0 14 01 33 16 e0 14 02 3b 16 e0 14 03 43 16 e1 3a 01 4f 16 d2 48 16 e1 3b 01 4f 16 d2 48 16 e1 3c 01 4f 16 d2 48 16 e1 3d 01 4f 16 12 f2 07 00 d2 53 16 12 f4 08 00 c7 12 ba 0a ad 60 02 bb 0a b4 07 fd b0 f0 00 e2 f0 00 d2 16 e2 a0 00 74 16 e2 80 00 a3 16 d2 de 16 9c 0d 3f 10 de 16 11 f2 8a 03 52 0a e0 14 01 94 16 e0 14 02 99 16 e0 14 03 9e 16 ab 3a d2 de 16 ab 3b d2 de 16 ab 3c d2 de 16 ab 3d d2 de 16 9c 0d 3f 12 de 16 11 f2 8a 03 52 01 e0 14 01 c3 16 e0 14 02 c8 16 e0 14 03 cd 16 ab 3a d2 de 16 ab 3b d2 de 16 ab 3c d2 de 16 ab 3d d2 de 16 9c 0d 3f 12 de 16 11 f2 8a 03 52 01 fe a8 07 85 ac 05 00 d2 99 17 a8 07 88 ac 08 00 d2 99 17 a8 07 a1 ac 0a 00 d2 99 17 a8 07 af ac 96 00 d2 99 17 a8 07 aa ac 64 00 d2 99 17 a8 07 a5 ac 32 00 d2 99 17 a8 07 20 d2 f4 14 a8 07 00 d2 f4 14 a8 07 30 d2 f4 14 a8 07 10 d2 f4 14 a8 07 11 d2 f4 14 a8 07 12 d2 f4 14 a8 07 13 d2 f4 14 a8 07 15 d2 f4 14 a8 07 17 d2 f4 14 a8 07 18 d2 f4 14 a8 07 19 d2 f4 14 a8 07 a2 ac 14 00 d2 99 17 fe 10 fd 9c 05 f7 10 f2 07 00 c7 10 ba 0a ad 60 02 bb 0a d8 53 79 17 9c 0e a4 53 aa 28 60 f9 ac 42 0c f2 87 01 00 87 73 08 43 01 fd 9e 16 f0 27 00 f3 80 01 00 f3 8b 01 fe fd 52 10 f8 60 03 02 00 10 fd 9c 05 f7 10 f2 07 00 c7 10 ba 0a ad 60 02 bb 0a d8 53 b9 17 9c 0d a4 53 3f 10 c2 17 d2 c3 17 fe fe fe fe fe a8 07 00 a8 07 97 fd 5e e2 01 00 f8 17 a8 07 98 fd 5e e2 01 00 ef 17 a8 07 96 fd 5e e2 01 00 61 17 a8 07 97 d2 d3 14 fe a8 07 96 51 98 d2 d3 14 fe a8 07 98 51 97 d2 d3 14 fe 9b 9b 9b 9b 9b 9b 9b 9b 9b 9b 9b 9b 9b 9b 9b 9b 9b 9b 9b 9b 9b 9b 9b 9b 9b 9b 9b 9b 9b 9b 9b 9b 9b 9b 9b 9b 9b 9b 9b 9b 9b 9b 9b 9b 9b 9b 9b 9b 9b fe fe fe a5 e1 a1 31 a1 72 f2 4f c2 f2 4f c4 f2 4f c6 f2 4f c8 f2 50 ae f2 50 b0 f2 52 aa f2 52 ac f2 52 ae f2 52 b0 f2 52 b2 f2 52 b4 f2 51 bc f2 51 be 4b d1 00 fe a5 e1 d2 3b 18 40 55 2c d0 0f 00 c4 00 e2 0c 00 84 18 14 84 13 01 f0 00 d2 74 18 c5 00 e3 3d 00 7b 18 14 84 13 02 f0 00 d2 74 18 d8 c0 ab 18 a0 c0 9c 0e c7 00 b1 0a 00 02 3f 00 a6 18 ac 01 00 fd 57 fe a0 18 42 ba 18 ba 18 60 66 a6 d0 a4 18 fe 34 ff d4 3b f0 00 3d ca 18 d7 34 00 60 6e a6 d0 a4 18 fe 5b f8 1e a9 d9 18 68 1e 81 14 19 00 fe 5b f8 1f a9 e7 18 68 1f 81 17 48 00 fe d2 6a 21 fe dc b3 f5 18 68 14 81 13 1b 00 fe b0 0b 05 00 b0 0c 5a 00 d1 42 00 68 4d 81 05 14 00 00 f3 0a 00 fe b0 0b 0e 00 b0 0c 5a 00 d1 42 00 68 38 80 0c 1a 00 00 f3 0a 00 fe d8 23 2b 19 40 5e 2c a0 23 fe c7 80 e5 08 16 00 46 19 e5 09 4a 00 46 19 00 85 fd 0f 03 fd 01 f0 00 d2 2c 19 00 84 fd 0e fd 00 f0 00 d2 2c 19 a8 3f 36 9b d0 0f 00 b0 0b 0f 00 b0 0c 68 00 d1 42 00 68 2d 81 0b 76 00 00 f3 0a 00 fe b0 0b 02 00 b0 0c 2a 00 d1 42 00 68 39 80 02 6a 00 00 f3 0a 00 fe b0 0b 1e 00 b0 0c 62 00 d1 42 00 68 3c 80 0b 36 00 00 f3 0a 00 fe b0 0b 0b 00 b0 0c 36 00 d1 42 00 68 3b 80 1e 62 00 00 f3 0a 00 fe b0 0b 02 00 b0 0c 6a 00 d1 42 00 68 3c 80 02 2a 00 00 f3 0a 00 fe b0 0b 12 00 b0 0c 5a 00 d1 42 00 68 3a 80 1c 1a 00 00 f3 0a 00 fe b0 0b 08 00 b0 0c 76 00 d1 42 00 68 2d 81 02 70 00 00 f3 0a 00 fe b0 0b 02 00 b0 0c 70 00 d1 42 00 68 39 80 08 76 00 00 f3 0a 00 fe b0 0b 12 00 b0 0c 28 00 d1 42 00 68 39 80 0b 64 00 00 f3 0a 00 fe b0 0b 10 00 b0 0c 2e 00 d1 42 00 68 3b 80 1e 5c 00 00 f3 0a 00 fe b0 0b 0b 00 b0 0c 64 00 d1 42 00 68 3a 80 12 28 00 00 f3 0a 00 fe b0 0b 1e 00 b0 0c 5c 00 d1 42 00 68 3c 80 10 2e 00 00 f3 0a 00 fe b0 0b 1c 00 b0 0c 1a 00 d1 42 00 68 3b 80 12 5a 00 00 f3 0a 00 fe b0 0b 0b 00 b0 0c 76 00 d1 42 00 68 39 80 0f 68 00 00 f3 0a 00 fe a8 3f 36 d8 10 96 1a d3 ae 1a a0 48 00 03 7e 00 00 d0 0f 00 d1 41 00 68 6c 00 14 29 00 a0 27 d0 70 06 d8 b3 f7 1a f2 16 a9 f2 16 ab f2 16 ad f2 12 ad f2 12 af f2 1b b3 f2 1b b5 f2 17 ab f2 17 ad f2 17 af f2 19 b1 f2 19 b3 f2 19 b5 f2 13 ab f2 13 ad f2 13 af f2 15 b1 f2 15 b3 f2 15 b5 f2 1a a9 f2 1a ab f2 1a ad d2 39 1b f2 16 29 f2 16 2b f2 16 2d f2 12 2d f2 12 2f f2 1b 33 f2 1b 35 f2 17 2b f2 17 2d f2 17 2f f2 19 31 f2 19 33 f2 19 35 f2 13 2b f2 13 2d f2 13 2f f2 15 31 f2 15 33 f2 15 35 f2 1a 29 f2 1a 2b f2 1a 2d f2 10 2d f2 10 2f f2 10 31 f2 10 33 dc bc 5e 1b f2 12 2b f2 10 29 f2 10 2b f2 10 ad f2 10 af f2 10 b1 f2 10 b3 f2 1e 29 f2 1e 2b f2 1e 2d f2 1d ab f2 1d af f2 1d b1 f2 1d b3 f2 1d b5 f2 1f a9 f2 1f ab f2 1f ad f2 1f af f2 1f b1 f2 18 ab f2 18 ad f2 20 ad f2 20 af f2 20 b1 f2 20 b3 f2 21 b3 f2 21 b5 f2 21 b7 fe a8 3f 36 d8 10 ab 1b d3 ae 1a a0 10 d8 b1 e5 1c 91 1b 0c 04 10 45 57 04 d1 0f 00 60 50 a6 62 15 04 73 7f 40 00 60 51 a6 62 14 f0 a5 73 05 f0 45 77 f0 0b 73 80 12 1e 77 f0 0f 06 10 45 43 f0 17 43 f0 2f 07 73 10 40 53 03 01 fd 0d fd f2 0c 50 ff a0 b1 15 f0 81 77 16 f0 81 77 f0 1f 15 f0 83 80 13 1d 60 52 a6 62 16 f0 83 80 12 1a 60 53 a6 62 15 f0 84 75 7f 1d 00 0c f0 84 10 46 46 47 60 54 a6 62 16 f0 8a 71 7f 1d 00 f0 13 77 f0 13 71 60 55 a6 62 15 f0 84 75 7f 1d 00 60 56 a6 62 16 f0 91 77 f0 07 71 f0 00 dc 1a 47 1c 73 7f 48 00 10 83 04 60 57 a6 62 15 f0 9e f0 17 73 f0 07 75 f0 17 a0 1b 7f 1d 00 10 83 f0 0b 10 41 43 7f 48 00 10 40 04 f0 07 a0 1a f0 00 dc 1b 79 1c 60 58 a6 60 a8 0e 15 00 f4 9e 02 60 59 a6 60 66 c5 1c a8 0e 15 00 f4 9e 02 60 5c a6 60 66 d7 1c a8 0e 15 00 f4 9e 02 60 5e a6 60 15 09 10 c0 05 12 02 80 13 1b 77 16 09 10 c0 05 12 02 80 13 1a 77 60 5f a6 62 fe a8 0e 15 00 f4 9f 02 60 5a a6 60 60 5b a6 60 d2 98 1c a8 0e 15 00 f4 9f 02 60 5d a6 60 d2 98 1c d8 b3 fe 1c 91 1b 15 06 12 02 80 13 1b 77 16 06 12 02 80 13 1a 77 d0 0f 00 15 f9 16 f9 15 fd 16 fd d0 0f 00 a8 07 87 fd 5e e2 01 00 21 1d fe 14 04 77 f0 1f 78 65 64 fe 60 62 a6 d4 a8 0e 14 00 f3 9e 02 d2 63 1d 60 67 26 62 f0 77 14 03 7f 48 00 dc c3 3a 1d 60 63 a6 d4 14 0f 77 47 a0 1c 06 10 40 43 f0 13 53 02 f0 13 07 00 0a 77 06 0c a0 80 08 14 07 0b a0 dc c3 3a 1d 60 64 26 62 f0 00 64 f0 00 fd fd a1 e4 f0 01 6a 10 a1 6b 10 81 f0 01 a5 e4 fd fc f0 00 dc 1d 9f 1d d2 9f 1d f0 13 14 04 07 10 40 78 60 65 a6 62 14 86 f0 0f 71 f0 0f 77 60 95 a6 62 60 94 a6 62 00 09 10 c1 41 57 02 45 73 10 c0 a8 0e 14 00 f2 9f 02 00 f2 9e 02 14 99 f0 0f 73 10 c3 04 7f 48 00 f0 13 fd 9e 0b 80 06 18 80 04 14 53 02 fd f2 01 a0 b2 51 87 fe 9b 9b 9b 9b 9b 9b 9b 9b 9b fe d8 c3 e8 1d 60 5f a6 d0 fe d8 b5 e3 1d 60 75 a6 d0 fe 60 72 a6 60 66 fc 1d 60 73 a6 60 fe fd 43 14 02 13 01 00 8f 0c a0 fd 01 fd 03 87 10 94 00 00 fa 73 03 05 10 30 0c 50 08 40 07 f0 07 20 03 26 00 00 00 00 00 00 00 00 00 00 00 00 00 00 00 00 27 00 00 00 00 00 00 00 00 00 00 00 00 00 00 00 00 fd 9e 30 f0 c7 00 3f f0 07 fd 17 20 07 26 00 00 00 00 00 00 00 00 00 00 00 00 00 00 00 00 27 00 00 00 00 00 00 00 00 00 00 00 00 00 00 00 00 28 00 00 00 00 00 00 00 00 00 00 00 00 00 00 00 00 f0 c7 a0 18 fd 16 f0 00 dc 18 87 1e 75 fd b7 bb 17 fd 4e 68 6c 00 00 00 00 a0 26 d0 70 06 68 1c 81 04 39 00 00 03 7e 00 00 fe fd 43 a0 bc a4 91 14 02 13 01 00 8c fd 03 0c a4 80 0b 3d 0b 04 71 fd 02 15 f3 0f 00 15 84 80 0c 3d 75 a8 0e 15 00 f5 9e 02 15 8a 7f 36 00 f0 13 7f 36 00 f0 1d 15 34 09 73 06 47 07 f0 00 dc 26 e7 1e 10 41 05 03 61 03 62 06 63 0c 64 08 6a 14 f0 0f 73 06 fd 01 90 0c 3e 02 63 04 6b 03 07 0c 50 fd 03 f0 00 dc 25 0e 1f 14 01 00 4c 7f 6c 00 80 0c 3d f0 13 77 f0 13 a0 26 70 f0 05 71 f0 05 72 f0 07 08 40 05 f0 0f 08 42 09 f0 13 09 73 f0 0f 77 47 a0 22 f0 00 dc 21 40 1f 73 43 f0 0f 0c 20 7f 6c 00 0c 04 10 45 63 09 fd 01 f0 07 13 02 fd 03 10 40 08 46 05 a0 25 f0 00 dc 22 64 1f a0 21 f0 00 dc 25 6c 1f 14 2e 08 40 07 f0 07 20 03 26 00 00 00 00 00 00 00 00 00 00 00 00 00 00 00 00 27 00 00 00 00 00 00 00 00 00 00 00 00 00 00 00 00 fd 9e 30 f0 c7 00 3b f0 07 20 07 26 00 00 00 00 00 00 00 00 00 00 00 00 00 00 00 00 27 00 00 00 00 00 00 00 00 00 00 00 00 00 00 00 00 28 00 00 00 00 00 00 00 00 00 00 00 00 00 00 00 00 f0 c7 a0 18 f0 00 dc 18 df 1f 64 75 f2 1c 2b fd b7 bb 17 9b 9b 9b 9b 9b 9b 9b 9b 9b 9b 9b 9b 9b 9b 9b 9b fd 4e 68 6c 00 00 00 00 d1 72 05 a0 26 d0 70 06 d8 bc 2a 20 00 08 7f 3c 00 08 43 88 71 09 d1 72 05 0c 82 50 04 64 d2 ab 1e fe fe fe fe fd 40 a0 18 b0 07 8d 00 d1 12 00 10 31 fd 0d 0c f0 78 04 10 c0 f0 1f 7f 38 00 f0 1f 7f 38 00 f0 1f f0 00 dc 19 4c 20 f0 1f 10 c3 04 7f 38 00 f0 1f fd 9e 0b 51 03 53 03 51 02 01 fd 0d fe 60 6c 86 d0 a0 b6 a0 19 d8 01 80 20 a8 07 73 9c 55 60 6d a6 42 fd 50 64 a4 18 fe fd 40 a0 18 b0 07 8d 00 d1 12 00 10 31 fd 0d 0c f0 78 04 10 c0 f0 1f 7f 38 00 f0 1f 7f 38 00 f0 1f f0 00 dc 19 a5 20 f0 1f 10 c3 04 7f 38 00 f0 1f fd 9e 0b 55 05 53 05 55 04 01 fd 0d fe 60 6c 86 d0 a0 b7 a0 19 d8 01 d9 20 a8 07 73 9c 55 60 6d a6 42 fd 50 64 a4 18 fe fd 40 a0 18 b0 07 8d 00 d1 12 00 10 2f f0 1f 0c f0 78 04 10 c0 f0 1f 7f 38 00 f0 1f 7f 38 00 f0 1f f0 00 dc 19 fe 20 f0 1f 10 c3 04 7f 38 00 fd 0d fd 9e 0b 51 04 57 03 01 fd 0d fe 60 6c 86 d0 a0 b8 a0 19 d8 01 30 21 a8 07 73 9c 55 60 6d a6 42 fd 50 64 a4 18 fe d8 23 3d 21 40 7c 2c a0 23 fe c7 80 e5 08 14 00 58 21 e5 09 19 00 58 21 00 85 fd 0f 03 fd 01 f0 00 d2 3e 21 00 84 fd 0e fd 00 f0 00 d2 3e 21 68 21 81 02 1c 00 fe 5b 15 fd a0 27 15 fb 1a fb 9c 30 00 90 0c a4 87 10 84 f0 08 08 43 06 10 41 80 02 7c 01 1a f9 f2 1d 35 68 1e 01 14 19 00 d1 0f 00 00 25 00 0c a0 08 43 06 80 14 1a a0 1a 7e 80 00 f0 0f 53 02 f0 00 3d a9 21 08 4b 00 7e 20 00 f0 0f 10 40 09 71 0b a4 0c 13 f0 00 dc 1a be 21 9c 15 10 41 d4 03 63 04 67 04 d7 10 40 14 20 0c f0 82 15 18 08 40 07 f0 05 00 53 02 d4 01 64 02 60 02 d7 10 46 47 0b f0 f0 1f 08 48 09 05 03 d8 be 27 22 16 2e f0 15 87 14 08 40 01 00 10 81 7e 50 00 52 02 7e 20 00 62 03 7e 08 00 62 01 10 80 f0 0e 10 85 f0 04 10 80 08 40 00 fd 0c 0b 08 f2 1e ad fe 15 cc 10 81 0c f0 82 15 18 94 00 00 08 02 08 40 02 f0 05 00 08 50 02 53 02 d4 01 64 02 60 02 d7 7f 80 00 04 10 c0 08 50 04 fd 9e 4f 90 15 1c 00 f0 07 10 c3 fd 9e 18 09 04 7f 30 00 f0 13 7f 30 00 f0 13 fd 9e 0b 80 13 20 01 fd 0d fd f2 f2 1e a9 f2 1d 2b f2 1f 29 fe d8 be 98 22 9c 5e 53 01 a0 be 10 0d fd f2 fd 0d 10 c0 08 40 02 5a 02 01 fe fe a4 19 b4 08 b5 0a 12 0c 02 08 50 00 10 80 f0 23 10 81 9c 0a 00 b8 03 13 03 0c 20 fd 03 10 45 6b 03 10 40 6b 01 10 45 6b 04 10 46 6b 02 f0 01 10 45 6b 01 f0 08 10 40 02 20 04 25 00 10 80 ff fd 02 f0 0b 21 fd 03 0b 20 08 42 05 80 07 31 9c 15 0c f0 97 10 41 d4 02 64 02 66 04 60 02 62 01 64 01 62 05 60 01 66 02 d7 10 40 12 f0 96 f0 00 dc 19 06 23 a4 19 04 10 81 08 10 01 9c 0a f0 17 10 80 09 05 00 a5 7e 00 00 09 77 f0 00 3d 23 23 a0 19 10 41 0c 20 fd 03 6b 08 f0 01 10 40 08 42 07 7e 6c 00 fd 02 42 13 01 0b 20 d8 b4 83 24 f0 0b 9c 0c 84 83 c4 84 03 c4 f0 0b 84 83 c4 84 03 c4 f0 0b 00 83 08 52 08 9c 16 84 f3 47 f0 3f 77 20 84 03 00 14 f8 14 02 13 02 15 f8 16 f8 17 f8 f0 4f 73 20 14 0a 12 03 02 04 f0 1f 71 f0 1f 73 15 02 02 04 16 02 02 04 17 82 02 04 60 68 a6 60 15 03 7f 38 00 16 05 f0 03 7f 30 00 17 83 7f 48 00 60 69 a6 60 12 f0 8e 04 10 81 08 10 01 9c 0a f0 17 10 80 09 05 14 49 05 10 41 0c 30 6b 08 f0 01 10 40 7f 6c 00 42 f0 0f 04 fd 9e 3a 20 04 25 80 04 00 ff f0 0f fd 9e 3a 25 80 04 00 ff f0 0f fd 9e 3a 21 05 7f 48 00 41 f0 07 75 f0 2f 77 13 01 04 02 10 c3 7f 6c 00 f0 2f fd 9e 0b 80 0a 31 01 15 13 f0 d1 10 c3 04 0c 30 7f 20 00 f0 0b fd 9e 0b 80 0a 31 01 16 13 f0 ef 10 c3 04 0c 30 7f 20 00 f0 0b fd 9e 0b 80 0a 31 01 17 13 f0 bd 10 c3 04 0c 30 7f 20 00 f0 0b fd 9e 0b 80 0a 31 01 00 9f f0 7f 09 f0 07 10 83 08 40 89 9c 38 f0 17 9c 00 09 71 f0 07 77 10 c0 f0 1d 08 53 89 7e 48 00 00 05 f0 13 09 fd 02 60 6a a6 42 fd 59 fd 53 b5 16 fd b6 00 f8 b5 17 a0 b4 fe f0 2f 00 98 08 52 08 f0 7f 10 83 08 40 89 fd 9e 38 f0 17 10 80 09 fd 02 0b 20 a4 19 fe b0 05 cd 00 d0 d0 02 fe d8 b5 a0 24 a0 18 b0 07 a4 00 d1 12 00 d8 01 a0 24 a0 b5 fd 5b fd 5c 10 92 fd 0d 0c f4 10 c3 04 7f 38 00 f0 1f fd 0d fd 9e 0b fe 10 fb c3 e3 15 01 e6 24 d8 b6 a0 24 15 05 a0 19 d2 38 20 e3 1b 01 f6 24 d8 b7 a0 24 16 05 a0 19 d2 91 20 e3 11 01 a4 24 d8 b8 a0 24 17 05 a0 19 d2 ea 20 00 93 0c a0 f0 1f d4 0f 7b 01 f0 01 d7 08 52 0a f0 1f 0b a0 09 64 a4 18 9b 9b 9b 9b 9b 9b 9b 9b 9b 9b 9b 9b fe 68 21 81 08 0f 00 fe dc b4 09 26 d8 ba 09 26 a0 18 14 06 78 7f 48 00 04 02 15 01 78 16 07 82 04 18 00 78 04 02 17 01 78 0c 03 80 01 04 00 01 74 60 6b a6 d4 00 12 f0 00 dc 1c 61 25 f0 4f 08 43 00 7e 6c 00 f0 1f 09 73 14 15 04 08 10 04 f0 3f 09 75 06 10 41 45 f0 1d a0 1c 06 51 02 07 75 15 01 73 16 01 73 17 01 73 f1 68 01 fd fd a1 e4 f0 01 6a 1b a1 6b 1b 81 f0 01 a5 e4 fd fc f0 00 dc 1d a8 25 a0 ba f0 13 14 0e 10 c3 04 7f 48 00 f0 27 fd 9e 0b 55 04 01 15 15 f0 3b 10 c3 7f 20 00 0c 30 fd 9e 0b 90 03 13 00 90 03 12 00 01 16 15 f0 59 10 c3 7f 20 00 0c 30 fd 9e 0b 90 03 13 00 90 03 12 00 01 17 95 f0 63 10 c3 7f 20 00 0c 30 fd 9e 0b 90 03 13 00 90 03 12 00 01 a4 18 fe dc b4 29 26 d8 ba 29 26 14 03 00 04 02 15 04 00 78 04 02 16 04 00 78 04 02 17 84 00 78 04 02 d0 0f 00 dc b4 d4 26 d8 bb d4 26 68 19 01 1b 56 00 00 f9 f8 19 35 45 26 1a fa 1a f9 d1 0f 00 c7 00 d4 07 3f 18 56 26 b1 0a 20 00 f0 03 f0 03 d7 6a 19 a1 6b 19 81 a0 bb 14 14 10 c3 0c 30 92 1a 57 00 00 02 fd 9e 0b 80 18 60 80 16 64 01 15 16 10 c3 0c 30 92 1a 57 00 f0 27 00 02 fd 9e 0b 80 18 60 80 16 64 01 16 16 10 c3 0c 30 92 1a 57 00 f0 45 00 02 fd 9e 0b 80 18 60 80 16 64 01 17 96 10 c3 0c 30 92 1a 57 00 f0 59 00 02 fd 9e 0b 80 18 60 80 16 64 01 00 f8 00 85 0c 04 43 0b 04 a8 15 13 f8 19 35 d4 26 1a f2 d6 02 fe a1 3d a1 7c b0 0b 04 00 b0 0c 26 00 d1 42 00 a0 48 35 00 68 a0 80 04 12 00 00 04 72 7e 00 00 fe d1 41 00 a1 3c a1 3c a1 7c a1 7b 4b e2 00 fe 00 97 fd 9e 70 c8 90 88 0c 04 fd 15 fd 03 d4 27 7b 01 6b 02 d7 fd 02 0b 04 fe 60 78 a6 d0 00 07 06 7b 04 48 7b 04 07 10 85 08 10 08 f0 23 b0 07 48 00 d0 10 00 fd 9c 05 10 fd 10 f4 51 01 b4 08 ad fd ff b5 09 b4 08 ae db ce 28 11 fa a3 c4 11 e0 09 14 63 27 e0 09 15 68 27 e0 09 16 6d 27 bb 12 d2 72 27 bb 13 d2 72 27 bb 14 d2 72 27 dc 18 aa 28 dc 19 aa 28 dc 1a aa 28 0c 86 10 41 90 00 67 0a 1b 95 10 41 92 02 79 20 08 50 02 0d 05 00 fd 02 67 01 fd 3d 07 98 27 c4 1b b9 12 ee a9 27 fd b2 ff ff ae c0 c0 00 ec ab 28 14 08 10 83 08 50 00 fd 9e 0a 0c 02 57 03 1b 9c 0c 20 13 02 10 43 fd 03 6b 0c 10 41 7e f0 00 fd 02 0b 20 13 01 67 01 fd 3d 07 d6 27 c4 1b b9 13 ee e7 27 fd b2 ff ff ae c0 c0 00 ec ab 28 15 08 10 83 08 50 00 fd 9e 0a 0c 02 57 03 1b 9c 0c 20 13 02 10 43 fd 03 6b 0c 10 41 7e c0 00 fd 02 0b 20 13 01 67 01 fd 3d 07 14 28 c4 1b b9 14 ee 25 28 fd b2 ff ff ae c0 c0 00 ec ab 28 16 08 10 83 08 50 00 fd 9e 0a 0c 02 57 03 1b 9c 0c 20 13 02 10 43 fd 03 6b 0c 10 41 7e 90 00 fd 02 0b 20 13 01 67 01 fd 3d 07 52 28 3b 1b 1a 00 01 63 28 d2 ab 28 a0 1b 17 f2 3c 01 18 f2 3c 01 19 f2 3c 01 f0 07 1c f2 52 01 d9 e9 90 28 b0 08 06 00 b0 09 78 00 b0 0a 10 00 fd c4 f0 00 fd 3e 23 d9 0c 87 28 0c 98 c8 80 b1 0b fc ff c2 0b 00 00 ee a3 28 b0 0b 00 00 b1 0c f0 ff 98 10 40 fe 1b 10 7e 40 00 f0 13 7e 20 00 f0 09 7e 08 00 f0 07 01 14 fb 15 fb 16 fb a4 18 a4 19 a4 1a 9c 58 d2 90 28 11 fb a7 fe 6a a8 a0 d1 0f 00 40 8c 2c 60 79 06 02 fe 16 fa 16 f9 34 ef 00 04 fd 0e 13 01 f0 00 ca e6 10 00 e0 28 34 00 16 f2 5f 01 00 05 fd 0f 03 13 03 f0 00 3d 01 29 c6 00 fd b6 03 ff 64 60 7a a6 62 66 1b 29 60 79 06 02 d2 e0 28 16 fa 16 f9 00 04 fd 0e 13 01 68 a8 80 1f 74 00 fe d1 41 00 75 9b 9b 9b 9b 68 b1 80 0f 2b 00 fe b0 05 d3 00 d0 d0 02 fe d8 c6 62 29 4a a7 00 03 a1 e5 a5 e6 a5 e7 d1 18 00 a0 c6 a0 48 68 ad 80 02 5c 00 a4 48 f0 1d 75 4a c2 00 03 d2 56 29 9c 58 10 fa 10 08 08 50 02 fd 0d 5a 02 01 fe 9c 0d 10 fa 10 fd 10 07 00 08 50 02 5a 02 01 aa 0f e0 0f 10 90 29 fe 25 f2 52 01 d9 eb a3 29 d4 0f 9c 0d 52 0a f0 07 d7 a1 eb fe 10 fa 10 08 fd 0d 7e 60 00 f0 13 01 b4 08 af af af b5 09 3a 10 11 c0 00 bf 29 fe f0 0b 11 fa 11 f4 51 01 fd 9c 57 aa 0f e0 0f 03 db 29 b4 08 ae b5 09 11 f2 3f 01 fe 1b f2 52 01 d9 ec fa 29 b0 08 07 00 b0 09 3e 00 b0 0a 15 00 fd c4 f0 00 fd 3e 25 db 0c f1 29 fe fd 43 d8 18 a6 2a d8 20 17 2a d8 c6 17 2a 60 7b a6 60 a0 20 d8 18 16 2a 40 99 2c fe 60 aa 86 60 ba 12 ad a5 06 61 80 60 ba 13 ad b1 06 61 80 60 ba 14 ad bd 06 61 80 60 ba 15 ad c9 06 61 80 60 ba 16 ad d5 06 61 80 60 ba 17 ad e1 06 61 80 60 60 ab a6 60 a8 0c 00 a0 12 e5 12 04 00 5c 2a aa 0c e5 13 02 00 64 2a aa 0c e5 14 00 00 6c 2a aa 0c e5 15 02 00 74 2a aa 0c e5 16 03 00 7c 2a aa 0c e5 17 00 00 84 2a aa 0c e1 0c 06 af 2a 9c 57 d8 c6 b5 2a 1b f2 5f 01 00 85 77 06 53 03 07 9c 10 6b b1 80 6a b1 a0 a0 18 a0 16 d8 c6 b5 2a 60 7c a6 62 fe 9c 58 40 99 2c fe d8 18 c5 2a 9c 10 6b b1 80 6a b1 a0 a0 18 a0 16 fe 10 fd 10 f2 50 01 00 0a 7e 00 00 0c 20 6b 02 09 0b 20 aa 0e e0 0e 02 e0 2a fe 17 82 0e ff 17 f2 52 01 d9 ed 03 2b b0 08 11 00 b0 09 12 00 b0 0a 15 00 fd c4 f0 00 fd 3e 26 05 0c fa 2a 14 02 fd 0d 15 f2 50 01 16 f2 50 01 fe c6 10 e2 00 00 48 2b 10 ae 0c 50 fd 0d 02 10 c6 08 40 80 63 04 10 c5 63 08 10 c0 7e 30 00 63 14 71 06 08 48 00 fd 9e 6d 05 03 0b 50 fd 0c fe ba 19 70 05 03 fd 0c fe fe a4 26 00 37 c9 07 e2 01 00 6f 2b e2 00 00 6f 2b e2 02 00 6f 2b e2 05 00 7a 2b e2 04 00 7a 2b e2 06 00 7a 2b d2 82 2b 06 04 f0 04 05 07 a0 26 d2 82 2b 06 04 f0 04 05 07 a0 26 fe 10 ef c9 00 e2 01 00 aa 2b e2 00 00 aa 2b e2 02 00 aa 2b e2 05 00 c9 2b e2 04 00 c9 2b e2 06 00 c9 2b fd 0c d2 f2 2b 08 48 05 65 01 08 48 04 65 01 08 48 03 65 01 08 48 02 65 01 08 48 01 65 01 08 48 00 d2 e5 2b 08 48 01 61 01 08 48 02 61 01 08 48 03 61 01 08 48 04 61 01 08 48 05 61 01 08 48 00 fd 0c c5 07 e3 15 00 f2 2b a0 25 fd 0d 05 03 dc 25 00 2c 16 f2 50 01 aa 0e a4 26 fe 10 0c fd 9e 09 0c 50 08 40 01 13 00 fd 0d 00 03 6b 01 09 15 f2 52 01 d9 ea 33 2c b0 08 1a 00 b0 09 6e 00 b0 0a 15 00 fd c4 f0 00 fd 3e 25 da 0c 2a 2c fe d1 0f 00 40 97 2c fe f0 00 d8 27 65 2c dc 18 3b 2c 17 f2 52 01 d9 e8 64 2c b0 08 0f 00 b0 09 75 00 b0 0a 0f 00 fd c4 f0 00 fd 3e 24 d8 0c 5b 2c fe 9c 16 0c 07 d4 07 62 02 66 02 d7 fe b0 12 00 00 b0 13 00 00 b0 14 00 00 b0 15 00 00 b0 16 00 00 b0 17 00 00 a8 0c 00 dc 16 9b 2c 6b b1 80 6a b1 a0 a0 18 d0 0f 00 d1 0f 00 40 99 2c fe f0 00 c4 00 bb 19 fd b6 19 08 c5 00 b8 19 e2 32 0d d4 2c e2 34 0e 1e 2d e2 36 0f 68 2d e2 34 10 b2 2d e2 32 0f fc 2d e2 30 0e 46 2e 64 a4 1f d2 a2 2c d8 1f a2 2c a0 1f e4 12 00 00 fb 2c e4 12 01 00 02 2d e4 12 02 00 09 2d e4 12 03 00 10 2d e4 12 04 00 17 2d d2 a2 2c 60 a0 06 20 d2 a2 2c 60 a1 06 20 d2 a2 2c 60 a2 06 20 d2 a2 2c 60 a3 06 20 d2 a2 2c 60 a4 06 20 d2 a2 2c d8 1f a2 2c a0 1f e4 13 00 00 45 2d e4 13 01 00 4c 2d e4 13 02 00 53 2d e4 13 03 00 5a 2d e4 13 04 00 61 2d d2 a2 2c 60 ac 06 20 d2 a2 2c 60 ad 06 20 d2 a2 2c 60 ae 06 20 d2 a2 2c 60 af 06 20 d2 a2 2c 60 b0 06 20 d2 a2 2c d8 1f a2 2c a0 1f e4 14 00 00 8f 2d e4 14 01 00 96 2d e4 14 02 00 9d 2d e4 14 03 00 a4 2d e4 14 04 00 ab 2d d2 a2 2c 60 b8 06 20 d2 a2 2c 60 b9 06 20 d2 a2 2c 60 ba 06 20 d2 a2 2c 60 bb 06 20 d2 a2 2c 60 bc 06 20 d2 a2 2c d8 1f a2 2c a0 1f e4 15 00 00 d9 2d e4 15 01 00 e0 2d e4 15 02 00 e7 2d e4 15 03 00 ee 2d e4 15 04 00 f5 2d d2 a2 2c 60 c4 06 20 d2 a2 2c 60 c5 06 20 d2 a2 2c 60 c6 06 20 d2 a2 2c 60 c7 06 20 d2 a2 2c 60 c8 06 20 d2 a2 2c d8 1f a2 2c a0 1f e4 16 00 00 23 2e e4 16 01 00 2a 2e e4 16 02 00 31 2e e4 16 03 00 38 2e e4 16 04 00 3f 2e d2 a2 2c 60 d0 06 20 d2 a2 2c 60 d1 06 20 d2 a2 2c 60 d2 06 20 d2 a2 2c 60 d3 06 20 d2 a2 2c 60 d4 06 20 d2 a2 2c d8 1f a2 2c a0 1f e4 17 00 00 6d 2e e4 17 01 00 74 2e e4 17 02 00 7b 2e e4 17 03 00 82 2e e4 17 04 00 89 2e d2 a2 2c 60 dc 06 20 d2 a2 2c 60 dd 06 20 d2 a2 2c 60 de 06 20 d2 a2 2c 60 df 06 20 d2 a2 2c 60 e0 06 20 d2 a2 2c a0 17 f2 a1 a8 f2 a1 aa f2 a1 ac f2 a2 a8 f2 a2 aa f2 a2 ac f2 a2 ae f2 a7 aa f2 a7 ac f2 a7 ae f2 a7 b0 f2 a9 ac f2 b4 aa f2 b5 a8 f2 b5 aa f2 b5 ac f2 b5 ae f2 b5 b0 f2 b5 b2 f2 b5 b4 f2 b5 b6 f2 b5 b8 f2 b5 ba f2 b5 bc f2 b5 be f2 b2 a8 f2 b2 aa f2 b2 ac f2 b2 ae f2 af ac f2 af ae f2 af b0 f2 af b2 f2 b3 a8 f2 b6 aa f2 b6 ac f2 b6 ae f3 b8 a8 f2 bb b0 f2 bb b2 f2 bc a8 f2 bc aa f2 1a a8 f2 1a aa f2 1a ac f2 1a ae f2 1a b0 f2 1a b2 f2 1b a8 f2 1b aa f2 1b ac f2 1b ae fe 64 c3 e2 a0 00 4f 2f e2 a2 00 61 2f e2 a3 00 67 2f e2 a5 00 6d 2f e2 a7 00 82 2f e2 ac 00 88 2f 6a a0 a2 a8 3f 22 d8 10 5e 2f d3 90 2e a0 10 d0 0f 00 6a a2 a1 d0 0f 00 6a a3 a0 d0 0f 00 6a a5 a7 6a a5 a8 6a a5 a9 6a a5 aa 6a a5 ab 6a a5 ac d0 0f 00 6a a7 a0 d0 0f 00 6a ac a0 d0 0f 00 f8 b3 28 a2 2f c4 00 e3 10 00 9f 2f 14 83 82 13 75 40 9c 2c fd f0 b3 ac ae 2f 16 84 0b 50 fd 0d d1 0f 00 d1 04 0e de cf c0 2f fd f0 b3 2c c0 2f 9c 95 a6 cf fe f0 00 3d 01 30 cb e6 80 00 01 30 d8 20 fb 2f c4 00 e3 11 00 fb 2f c5 00 e3 79 00 fb 2f fd f0 b3 2c fb 2f 9c 0e 16 05 00 fd 0c 0b 50 17 06 00 fd 0d 0b 50 ff a0 25 a0 20 14 f0 83 7f 6c 00 a4 27 ca e6 40 00 0b 30 a0 27 ca e6 0f 00 c3 2f 14 f0 ca 10 c0 dc 27 1c 30 10 c1 c9 00 e2 00 00 4c 30 e2 01 00 49 30 e2 02 00 46 30 e2 03 00 5b 30 e2 04 00 58 30 e2 05 00 55 30 e2 06 00 52 30 e2 07 00 4f 30 60 05 fe 61 03 fe 62 01 fe 63 03 fe 64 05 fe 65 03 fe 66 01 fe 67 03 fe d2 c3 2f fd 43 15 88 fd 9e 2c 87 14 c9 14 70 14 1c d4 03 01 f0 07 00 f0 07 d7 d4 03 01 f0 03 00 f0 03 d7 d4 03 01 f0 01 00 f0 01 d7 01 15 9f d4 03 00 f0 07 01 f0 07 d7 d4 03 00 f0 03 01 f0 03 d7 d4 03 00 f0 01 01 f0 01 d7 00 78 f0 01 a5 e5 a1 e6 a1 e7 b0 07 4d 00 d1 10 00 14 07 01 fd 0d fd f2 0c f4 15 87 01 fd 0d fd f2 0c f4 fe d8 26 de 30 dd b0 de 30 d9 e2 de 30 b0 11 01 00 a0 26 fe 10 fa 10 fd 10 19 0d 02 fd 9c 05 20 04 25 c0 03 80 ff f0 07 25 40 00 80 ff f0 07 21 0d 01 fe 18 f2 3f 01 fe d3 6f 31 b2 12 e5 12 05 00 12 31 b0 12 00 00 d2 7a 31 d3 6f 31 b2 13 e5 13 05 00 12 31 b0 13 00 00 d2 7a 31 d3 6f 31 b2 14 e5 14 05 00 12 31 b0 14 00 00 d2 7a 31 d3 6f 31 b2 15 e5 15 05 00 12 31 b0 15 00 00 d2 7a 31 d3 6f 31 b2 16 e5 16 05 00 12 31 b0 16 00 00 d2 7a 31 d3 6f 31 b2 17 e5 17 05 00 12 31 b0 17 00 00 d2 7a 31 d8 18 7d 31 a0 20 10 f4 51 01 fe a4 1f fe ff 10 fd f5 10 0e 0c 50 fd 9e 5e 08 50 02 10 45 5a 02 01 fe 53 01 fe d8 19 9c 31 9c 10 a0 19 fe 10 f2 54 01 60 80 a6 60 fe 10 f2 54 01 60 81 a6 60 fe fd 43 10 f2 54 01 60 82 a6 60 40 8c 2c 60 79 06 02 fe 10 f2 54 01 60 83 a6 60 fe 10 f2 54 01 60 84 a6 60 fe 10 f2 54 01 60 85 a6 60 fe c3 e2 a9 00 ee 31 e2 b6 00 ee 31 4a 48 00 04 d2 f2 31 4a 49 00 04 d8 01 0c 32 d8 00 12 32 10 f4 98 03 00 0a 7e 00 00 0c 20 6b 02 09 0b 20 71 fe 10 f4 02 00 71 fe fb d1 21 00 c3 e2 85 00 23 32 60 32 a6 02 fd 50 fe 60 32 a6 01 fd 50 fe d8 18 35 32 6a a0 80 9c 10 a0 18 fe d8 19 41 32 6a a0 81 9c 10 a0 19 fe d8 18 51 32 fd fd 6a a1 a0 9c 10 a0 18 fd fc fe d8 18 61 32 fd fd 6a a2 a0 9c 10 a0 18 fd fc fe d8 18 6d 32 6a a5 80 9c 10 a0 18 fe d8 19 79 32 6a a5 81 9c 10 a0 19 fe d8 1a 85 32 6a a5 82 9c 10 a0 1a fe d8 1b 91 32 6a a5 83 9c 10 a0 1b fe d8 1c 9d 32 6a a5 84 9c 10 a0 1c fe d8 1d a9 32 6a a5 85 9c 10 a0 1d fe d8 1e b5 32 6a a5 86 9c 10 a0 1e fe d8 18 c1 32 6a a9 80 9c 10 a0 18 fe d8 19 cd 32 6a a9 81 9c 10 a0 19 fe d8 18 e5 32 fd 88 00 fd 88 01 6a b0 a0 9c 10 a0 18 fd 89 00 fd 89 01 fe d8 18 f5 32 fd fd 6a b1 a0 9c 10 a0 18 fd fc fe d8 18 01 33 6a ad 80 9c 10 a0 18 fe d8 18 0d 33 6a b4 80 9c 10 a0 18 fe d8 19 19 33 6a b4 81 9c 10 a0 19 fe d8 18 29 33 fd fd 6a b2 a0 9c 10 a0 18 fd fc fe d8 19 39 33 fd fd 6a b2 a1 9c 10 a0 19 fd fc fe d8 18 49 33 fd fd 6a af a0 9c 10 a0 18 fd fc fe d8 19 59 33 fd fd 6a af a1 9c 10 a0 19 fd fc fe d8 18 65 33 6a b6 80 9c 10 a0 18 fe d8 18 71 33 6a b8 80 9c 10 a0 18 fe d8 18 7d 33 6a bb 80 9c 10 a0 18 fe d8 19 89 33 6a bb 81 9c 10 a0 19 fe d8 18 95 33 6a bc 80 9c 10 a0 18 fe d8 18 a1 33 6a 1a 80 9c 10 a0 18 fe d8 18 ad 33 6a 1b 80 9c 10 a0 18 fe d8 19 b9 33 6a 1b 81 9c 10 a0 19 fe d8 18 c5 33 6a 19 80 9c 10 a0 18 fe d8 18 d1 33 6a 1c 80 9c 10 a0 18 fe d8 c1 39 35 1b f2 0f 00 1b 84 93 00 00 f9 d1 0f 00 14 03 f0 13 73 15 03 f0 02 73 16 05 f0 07 78 42 78 17 01 78 0c 82 47 46 d8 c5 ff 33 1b 08 10 45 5a 03 6a 08 10 40 14 04 80 03 7d 78 15 07 80 04 7a 78 80 03 7b 16 04 80 02 7b 78 17 04 80 03 7a 78 00 a0 f0 27 7b ff f0 01 7b ff f0 0b 7b 01 f0 01 7b 01 f0 01 7b 01 f0 01 7b 01 f0 0b 7b ff f0 01 7b ff d8 c5 4a 34 1b f2 0e 00 d8 c5 72 34 00 06 f0 03 76 f0 01 75 16 03 7e 30 00 00 0c f0 03 76 f0 01 77 f0 01 70 f0 01 71 14 03 7e 30 00 4a 44 00 04 a1 e5 a5 e6 a5 e7 d1 18 00 d8 01 3c 35 71 00 01 77 15 03 06 47 07 14 03 06 41 07 16 03 06 45 07 17 04 71 06 45 07 15 06 7e 30 00 7e 30 00 00 04 76 75 76 77 14 0e 10 c3 04 7e 40 00 fd 9e 0b 0c f0 57 0d 01 15 12 06 47 07 10 c3 04 7e 40 00 fd 9e 0b 0c f0 41 57 0b 01 16 13 10 c3 7e 30 00 f0 13 fd 9e 0b 0c f0 57 03 51 04 57 0b 01 17 93 10 c3 7e 30 00 f0 13 fd 9e 0b 0c f0 57 03 51 03 57 0a 01 f2 18 28 f2 18 2a f2 18 2c f2 18 2e a0 c1 a4 c5 fe 00 04 77 7e 00 00 17 05 9b 9b 9b fd 01 70 d2 2d 12 9b 9b 9b 9b 9b 9b 9b 9b 9b 9b 9b 9b 9b 9b 9b 9b 9b 9b 9b 9b 9b 9b 9b 9b 9b 9b 9b 9b 9b 9b fe d0 0f 00 a0 c5 fd 46 ea 0c fe d8 c2 51 35 14 03 82 0d 72 15 03 82 0d 74 d1 0f 00 d8 c2 a8 35 14 07 10 c1 80 0f 79 04 73 15 07 10 c1 80 0f 78 04 73 f0 3b 4a 45 00 04 a1 e5 a5 e6 a5 e7 d1 18 00 d8 01 a9 35 71 15 06 10 c0 06 05 47 07 f0 13 14 05 10 c0 05 41 75 15 82 57 02 f0 0e 9c 10 6a 19 80 a0 18 a0 c2 15 82 45 71 9b 9b 9b 9b 9b 9b fe fd 46 ea 0c fe d8 c7 63 38 d2 3b 36 15 06 08 48 06 fd 0f 03 d1 0f 00 37 c0 02 00 ed 0c 36 09 07 87 00 77 06 00 50 02 c0 03 00 ed 0c 36 a4 20 38 0a e3 03 00 e1 35 a0 20 a4 21 38 09 e3 02 00 ec 35 a0 21 a4 22 38 0a e3 02 00 f7 35 a0 22 0a 13 87 00 77 06 00 56 02 d8 20 08 36 08 48 93 fe 08 48 92 fe 0c 02 57 03 00 81 47 18 01 43 19 01 43 1a 05 43 0c f0 fd f2 1b 85 43 0c f0 fd f2 00 81 47 60 f0 a6 62 16 8b 09 73 06 42 fd 0e 05 f0 31 53 02 4a a6 00 04 1a f9 1b f9 15 f9 a5 e5 a5 e6 a5 e7 94 d1 18 00 a0 c7 d2 5e 36 16 04 07 f0 77 75 60 f1 a6 62 fd 5b fd 5c d2 4d 38 91 17 f0 00 fd 8e 19 08 2f f0 3b 15 f2 0f 00 17 10 01 08 40 01 87 15 00 10 43 6a 04 10 41 6a 06 01 15 9d fd 01 10 44 6a 08 10 43 6a 08 10 41 6a 04 10 40 6a 02 10 45 6a 01 10 46 6a 01 fd 0f 03 14 2a fd 01 20 03 26 00 00 00 00 00 00 00 00 00 00 00 00 00 00 00 00 27 00 00 00 00 00 00 00 00 00 00 00 00 00 00 00 00 f1 00 02 21 15 87 f0 0f 14 01 08 40 00 14 fa 37 c0 03 00 ed f3 36 0a 03 07 09 71 c0 02 00 ed f3 36 09 03 07 09 75 00 03 08 4a 17 15 f2 78 00 f0 77 15 f2 0f 00 15 21 14 00 08 40 00 10 44 5a 01 6a 04 10 43 6a 0a 10 41 10 46 6a 01 f0 57 f0 1d 10 83 f0 3b 10 84 f0 59 17 11 87 15 08 40 01 f0 06 00 10 43 6a 04 10 41 6a 06 01 f0 a4 91 18 f0 65 15 14 10 43 13 02 5b 04 6b 04 c8 00 b1 0d 20 02 99 08 40 02 f0 01 37 c0 03 00 ed 7f 37 0a 0d f0 0d d8 22 67 37 08 41 89 fe 08 40 86 c0 02 00 ed 7f 37 09 0d f0 0d d8 21 7c 37 08 42 02 fe 08 40 07 00 85 f0 0d 08 40 05 f0 ef 15 08 10 45 5a 04 10 46 5a 02 17 0e 87 15 94 00 00 e8 f0 17 08 40 01 00 14 02 0c 89 f0 21 10 40 5a 04 10 45 4a fd 8e 00 0c 28 15 f2 78 00 f0 3b 15 f2 0f 00 15 86 10 44 5a 08 fd f2 f0 01 fd 4d 05 f0 01 15 f9 f2 1c 2a 0c 06 10 43 5b 04 10 40 37 c0 03 00 ed ed 37 0a 02 09 71 c0 02 00 ed ed 37 09 02 09 75 00 82 09 72 fd 8e 72 00 28 95 00 01 71 f0 1d 37 c0 03 00 ed 3b 38 00 09 75 f0 0f 08 40 07 f0 07 09 0a 94 f0 1f 08 40 86 f0 07 d2 1e 38 73 f0 07 71 09 f0 0b 51 02 01 c0 02 00 ed 3b 38 00 09 71 f0 0f 08 40 86 f0 07 09 09 84 08 40 07 01 00 08 09 77 f0 1d 75 f0 63 72 16 86 55 06 47 75 f0 01 92 29 f2 00 00 f2 1c 34 f2 1c 2a f2 1c 36 b0 05 d5 00 d0 d0 02 fe da 30 76 38 16 f2 0f 00 16 06 82 18 6e 09 02 75 d0 0f 00 d0 0f 00 d8 c4 5f 3a a0 c4 14 1c 92 0a 6f 0e fd 02 0b 04 0c a0 73 00 10 41 53 0a 10 40 44 d4 01 75 f0 07 73 f0 07 d7 15 1b 92 0b 70 0e fd 02 0b 04 0c a0 73 00 10 41 53 0b 10 40 d4 01 71 f0 07 73 f0 07 d7 16 1e 92 0a 6f 0e fd 02 0b 04 0c a0 73 f0 0f 00 10 41 53 09 10 40 d4 02 75 f0 07 71 f0 07 d7 45 17 20 92 0b 70 0e fd 02 0b 04 0c a0 73 f0 0f 00 10 41 53 09 10 40 d4 01 75 f0 07 73 f0 07 71 f0 07 d7 60 fc 26 60 00 95 f0 03 0c a0 7f 30 00 f0 1d 08 42 03 13 00 10 41 53 02 08 42 88 f0 1d 64 f0 13 14 03 7f 30 00 60 fd a6 60 15 03 7f 30 00 60 fe a6 60 a8 0e 14 00 f3 9f 02 17 04 77 7e 30 00 60 ff a6 60 14 01 77 15 01 77 16 01 77 00 10 09 13 01 0b a0 7f 6c 00 10 c1 f0 1d 57 03 10 40 14 0b fd 0d 12 00 0b b0 f0 0f 40 57 03 15 0a fd 0d 12 00 0b b0 f0 17 57 03 16 09 fd 0d 12 00 0b b0 41 57 03 17 8a fd 0d 12 00 0b b0 f0 0f 57 03 18 0a fd 02 0b 04 0c a0 00 7e 30 00 19 0c fd 02 0b 04 0c a0 00 f0 07 7e 30 00 60 ee a6 62 0c 1f f0 31 10 43 9d 6d 80 d4 03 62 04 66 04 d7 f0 07 9d 6d 40 d4 03 62 02 66 02 d7 10 40 9d 6d 20 1a 2a 84 08 04 00 08 48 80 f0 09 08 40 80 63 0a 7e 60 00 fd 02 43 10 41 53 02 7e 30 00 53 02 7e 10 00 53 02 7e 08 00 53 04 01 fd f2 00 03 08 4a 10 14 03 d2 01 3a 15 10 f0 40 06 7f 20 00 10 c3 53 03 01 fd f2 0c 54 fe 16 03 d2 18 3a 17 90 f0 36 06 7f 20 00 10 c1 53 03 01 fd f2 0c 54 fe 18 0a 7e 30 00 f0 09 7e 30 00 f0 09 19 8a f0 09 7e 30 00 f0 09 7e 30 00 60 ef a6 62 18 09 04 10 c1 f0 31 47 01 fd f2 19 09 04 10 c1 f0 1d 47 01 fd f2 00 83 10 c0 09 fe dc 27 70 3a a4 18 a8 0e 00 a4 25 a4 26 d0 51 00 a5 20 a5 21 a5 22 a5 23 a8 3a 00 a8 3b 00 a8 3c 00 a8 3d 00 71 fe d8 ae 8f 3a a0 ae 6a 83 a0 dd b0 a4 3a c3 e2 85 00 a0 3a b0 11 05 00 d2 a4 3a b0 11 28 00 d0 0f 00 42 ba 3a ba 3a da 30 b5 3a 60 f2 a6 60 fe 60 f4 a6 60 fe 34 ff d4 3b f0 00 3d ca 3a d7 34 00 60 f5 a6 60 fe ac 9e 06 dc c7 d3 3a ae 61 a0 d0 fe d9 e8 14 3b a1 e8 10 0c fd 0d 10 41 5a 03 08 50 06 f0 17 01 9c 0e fd 5b fd 5c b0 11 08 00 44 03 fc fe d9 e9 14 3b a1 e9 10 0c fd 0d 10 41 5a 03 08 50 06 f0 17 01 9c 0e ac 01 00 fd 57 fe d9 ea 14 3b a1 ea 10 0c fd 0d 10 41 5a 03 08 50 06 f0 17 01 9c 0e fd 43 a8 07 65 60 32 a6 02 fd 50 40 8c 2c 60 79 06 02 fe d9 ec 14 3b a1 ec 10 0c fd 0d 10 41 5a 03 08 50 06 f0 17 01 9c 0e a8 07 60 60 32 86 02 fd 50 fe 35 ff d0 0f 00 42 70 3b 84 3b b4 08 b5 0a 40 de 2c fe 10 fa 10 0f 0c 54 fd 9e 42 7e 00 00 fd 02 f0 13 01 fd f2 fe 10 fa 10 0f 0c 54 fd 9e 42 7e 30 00 fd 02 f0 1d 01 fd f2 fe 35 00 a4 27 00 34 0c a0 10 41 c9 12 fd b0 0f 00 e2 01 00 b2 3b e2 03 00 bd 3b 08 42 83 61 02 3d c8 3b d2 b2 3b 08 42 03 63 02 3d c8 3b d2 bd 3b a0 27 09 10 40 6b 01 0b a0 fe f0 00 dc 27 d2 3b 35 ff fe d9 ed 14 3b a1 ed d0 05 0c d1 41 00 4b e1 00 fe d8 b9 f6 3b 60 90 a6 60 d2 fa 3b 60 91 a6 60 fd 59 bb 12 4c 07 71 fd 59 c1 00 ea 13 3c d8 b9 13 3c a0 b9 60 93 a6 60 fe 60 92 a6 60 fe 00 0b fd 03 d4 1f 7b 01 6a 02 d7 0c 04 f0 31 68 85 80 17 21 00 00 8b d4 07 7b 01 6a 02 d7 fd 02 0b 04 fe 00 92 fd 03 7b 01 6a 02 c6 00 c0 00 05 ef 3f 3c fd 02 fd 14 fe 60 88 a6 d0 66 5b 3c 60 89 a6 d0 fe 60 f8 a6 d0 fe 60 f9 a6 d0 fe 60 88 a6 d0 66 5b 3c 60 8a a6 d0 fe 60 88 a6 d0 66 5b 3c 60 8b a6 d0 fe 60 88 a6 d0 66 5b 3c 60 8c a6 d0 fe c3 e2 19 00 97 3c 68 1b 80 1e 47 00 fe 68 18 80 0a f0 00 fe fd 43 60 98 a6 60 d8 18 ab 3c 40 99 2c fe 60 f7 a6 90 fe 9c 0e 10 fa 10 f8 10 fd 16 f8 a0 25 fe dc 25 e6 3c fd 43 0c 08 10 41 56 02 52 02 10 40 00 06 fd 03 f0 03 fd 02 f4 f7 aa 28 d1 21 00 60 32 a6 02 fd 50 40 9c 2c fe d8 12 f2 3c 60 99 a6 90 d2 14 3d d8 16 10 3d b4 0c e2 00 00 09 3d e2 06 00 10 3d 60 9b a6 d0 d2 14 3d 60 96 a6 d0 d2 14 3d 60 97 a6 d0 4c 07 71 d8 16 1f 3d 60 9a a6 d0 fe 68 3a 00 1a 1d 00 d2 41 3d 68 38 00 03 31 00 d2 41 3d 68 39 00 0c 65 00 d2 41 3d 68 3a 00 14 2a 00 dc a9 4f 3d 00 88 7e 00 00 f0 00 3d 4a 3d d0 3f 0c 0c 08 10 41 56 02 52 02 10 40 d0 20 00 dd b0 66 3d d0 ff 00 c3 e2 6a 01 73 3d 4a 68 00 14 d2 77 3d 4a 69 00 14 d8 01 c9 3d d8 00 cf 3d 10 fa 10 87 fd 0d 01 0c f0 f0 00 b4 08 ad 07 00 a7 71 fe dd b0 99 3d d0 ff 00 c3 e2 6f 01 ab 3d e2 6c 01 ab 3d 4a 6c 00 14 d2 af 3d 4a 6d 00 14 d8 01 c9 3d d8 00 cf 3d 10 f4 11 01 00 0a 7e 00 00 0c 20 6b 02 09 0b 20 71 fe 10 f4 02 00 71 fe fb a1 42 a1 81 a1 41 fd 43 fd 44 fd 45 d8 11 fe 3d a0 11 00 f9 94 d1 0f 00 9c 13 14 05 04 10 81 52 11 0c 84 f0 3b 52 09 f0 3f fd 46 f9 0c fe d0 0f 00 68 62 01 05 57 00 a0 48 35 00 00 07 93 00 00 10 7e 00 00 d2 1e 3e d1 41 00 4b f2 00 fe d8 10 27 3e d3 31 3e a0 10 c3 e2 62 01 d8 43 d1 0f 00 fe f2 63 af f2 63 b1 f2 63 b3 f2 64 a9 f2 64 ab f2 64 ad f2 66 b5 f2 66 b7 f2 67 ab f2 67 ad f2 68 a9 f2 68 ab f2 69 ad f2 69 af f2 69 b1 f2 69 b3 f2 69 b5 f2 6a a9 f2 6a 2b f2 6a 2d f2 6a 2f f2 6a 31 f2 6b a9 f2 6b 2b f2 6b 2d f2 6b 2f f2 6b 31 f2 6c a9 f2 6c ab f2 6c ad f2 6c 2f f2 6c 31 f2 82 a9 f2 82 ab f2 82 ad f2 82 af f2 82 b1 f2 82 b3 f2 82 35 f2 82 37 f2 82 39 f2 82 3b f2 82 bd f2 82 bf f2 6f ab f2 6f ad f2 6f b1 f2 7f ab f2 7f ad f2 7f b3 f2 80 ad f2 80 af f2 80 31 f2 80 33 f2 81 ab f2 81 2d f2 81 2f f2 81 31 f2 85 b9 f2 85 bb f2 85 bd f2 85 bf f2 86 a9 f2 86 ab f2 86 ad f2 86 af f2 86 b1 f2 86 b3 f2 86 35 f2 86 37 f2 86 39 f2 86 3b 6a 86 81 6a 86 81 fe 10 f2 a2 03 fe 1a f2 ff 03 1b f2 ff 03 1c f2 ff 03 1d f2 ff 03 d1 0f 00 c3 e2 86 01 36 3f f8 82 29 3e 3f d2 3b 3f f8 86 29 3e 3f 40 fe 2c fe a4 18 f0 00 c3 e2 86 01 60 3f f8 82 35 77 3f f8 82 37 7d 3f f8 82 39 83 3f f8 82 3b 89 3f d2 3f 3f f8 86 35 77 3f f8 86 37 7d 3f f8 86 39 83 3f f8 86 3b 89 3f d2 3f 3f a8 0a 1a d2 8c 3f a8 0a 1b d2 8c 3f a8 0a 1c d2 8c 3f a8 0a 1d f0 3b b4 0a b5 08 f4 a0 18 12 f2 a5 03 0c 0a fd 9c 15 d4 21 66 01 62 01 d7 f0 43 d2 3f 3f fd 43 4a 90 00 14 d8 01 d4 3f d8 00 f1 3f fd 40 14 f3 ff 03 15 f3 ff 03 16 f3 ff 03 17 f3 ff 03 18 f3 ff 03 19 f3 ff 03 71 fe 14 f4 02 00 15 f4 02 00 16 f4 02 00 17 f4 02 00 18 f4 02 00 19 f4 02 00 40 fe 2c 71 fe fb a0 23 d1 0f 00 14 87 87 00 c9 00 70 f0 00 40 01 2d fe f0 00 c6 00 e3 00 00 04 40 d9 b0 04 40 35 00 a4 24 00 9c d2 38 40 0b a0 a0 24 10 40 7e 60 00 f0 07 f0 00 3d 25 40 09 c9 14 70 f0 00 fd 9c 3a 35 ff d2 04 40 73 c9 07 e2 07 00 63 40 e2 00 00 63 40 e2 01 00 69 40 e2 02 00 69 40 e2 03 00 6f 40 e2 04 00 75 40 e2 05 00 75 40 e2 06 00 75 40 08 43 89 d2 78 40 08 43 88 d2 78 40 08 43 08 d2 78 40 08 43 09 fd 9c 69 3a 14 00 08 a2 40 3a 14 00 10 9c 40 3a 14 00 1c 96 40 7e 80 01 d2 a2 40 7e 40 01 d2 a2 40 7e 00 01 d2 a2 40 7e c0 00 3e 2f 00 a7 40 0c a0 f0 03 0c 04 c8 14 fd c7 10 43 88 0b 04 f0 00 3d b6 40 d2 1a 40 14 82 87 00 c7 94 bc 08 12 bc 09 13 bc 0a 14 c9 00 bb 15 40 01 2d 6a 60 83 d1 0f 00 d9 f0 f5 40 40 12 6d 0c 0a 10 45 47 10 40 57 05 10 45 47 00 02 57 03 fd 46 03 0d fe d9 f0 3f 41 f1 bc 02 4a ac 00 08 a1 e5 a5 e7 d1 18 00 a1 f0 15 f2 ff 03 16 f2 ff 03 17 f2 ff 03 18 f2 ff 03 19 f2 ff 03 1a f2 ff 03 1b f2 ff 03 1c f2 ff 03 1d f2 ff 03 6a 60 a1 6a 60 a1 fd 44 82 71 b0 05 de 00 d0 d0 02 91 0f fe 15 f9 f2 65 2b d1 0f 00 a1 f1 a1 f2 a1 f3 f2 84 2b f2 84 29 f2 84 2d f2 84 2f f2 84 31 f2 84 33 f2 84 35 d9 f1 cb 43 94 91 17 0c 04 10 46 57 02 00 84 80 12 66 47 f0 00 fd 8e 19 08 ff f0 3b 15 f2 0f 00 14 29 fd 01 20 03 26 00 00 00 00 00 00 00 00 00 00 00 00 00 00 00 00 27 00 00 00 00 00 00 00 00 00 00 00 00 00 00 00 00 f1 aa 02 0c 04 10 46 5a 02 15 87 f0 0f 14 01 08 40 00 14 fa 00 03 08 4a 17 15 f2 78 00 f0 77 15 f2 0f 00 15 1f 14 00 08 40 00 10 44 6a 04 10 43 6a 0a 10 41 6a 06 10 40 6a 02 10 45 6a 01 10 46 6a 01 f0 f7 f0 4c 91 18 15 f0 8c 10 81 f0 1d 10 83 f0 3b 10 84 f0 59 f0 59 15 f0 9b 10 43 13 02 5b 04 a0 19 3e 2d 07 16 42 7e 90 00 fd 02 0b 04 55 04 08 50 81 fd f2 0c 04 10 40 5b 02 00 2f f0 0d 08 40 05 f0 77 08 42 09 f0 0f 08 42 89 f0 0f 09 71 f0 03 08 43 82 f0 0b 09 74 f0 0b 10 81 08 40 88 f0 17 08 40 08 f0 0f 08 4a 97 a0 1a f0 00 dc 19 5b 42 94 f0 07 16 f8 f0 00 dc 1a 66 42 fd 8e 32 08 ff 00 14 f0 7f 08 43 09 10 41 d4 0f 61 02 65 02 d7 f0 13 75 10 c0 09 0c 8b 10 41 5a 06 d4 03 6a 08 6b 08 d7 91 0f a0 20 16 8f 0b 04 fd 9e 04 7f 80 00 fd 02 51 02 fd 9e 3a 3e 28 16 ae 42 f0 00 16 f9 f0 2f fd 9c 78 d4 03 83 02 f0 03 d7 f0 0f a4 26 16 f8 60 10 a7 62 0c 84 10 43 56 02 3e 2d 17 d3 42 f0 07 17 f8 f0 13 3e 2c 17 de 42 f0 00 17 f9 f0 2f fd 9c 78 d4 03 83 04 f0 03 d7 f0 0f a4 26 17 f8 60 11 a7 62 0c 82 55 04 3e 2d 18 01 43 f0 07 18 f8 f0 13 3e 2b 18 0c 43 f0 00 18 f9 f0 2f fd 9c 78 d4 03 83 06 f0 03 d7 f0 0f a4 26 18 f8 60 12 a7 62 0c 82 56 03 3e 2d 19 2f 43 f0 07 19 f8 f0 13 3e 2a 19 3a 43 f0 00 19 f9 f0 2f fd 9c 78 d4 03 83 03 f0 03 d7 f0 0f a4 26 19 f8 60 13 a7 62 0c 84 57 02 56 02 3e 2d 1a 5f 43 f0 07 1a f8 f0 13 3e 29 1a 6a 43 f0 00 1a f9 f0 2f fd 9c 78 d4 03 83 07 f0 03 d7 f0 0f a4 26 1a f8 60 14 a7 62 0c 84 52 0e 10 40 9c 79 f0 07 1a f9 9c 79 f0 07 19 f9 9c 79 f0 07 18 f9 9c 79 f0 07 17 f9 16 87 75 f0 07 7e 30 00 45 15 0b 7e 90 00 f0 0f 3e 2d 15 b7 43 01 16 8b 7e 90 00 f0 0f 3e 2d 16 c4 43 01 16 f9 dd f1 d5 43 dd f2 3f 41 d9 ef d5 43 91 3f a1 f1 fe a8 3f 32 d1 0f 00 c3 e2 62 01 ed 43 14 87 87 00 c9 00 70 f0 00 40 01 2d fe d8 af fe 43 60 00 a7 d0 a0 af d2 02 44 60 01 a7 d0 10 04 12 01 47 01 c3 e2 83 01 1f 44 00 88 0c 20 80 0e 66 57 02 01 68 61 89 01 3d 00 fe 00 88 0c 20 80 03 11 57 02 01 68 61 89 06 47 00 fe fd 43 dd b0 39 44 d0 ff 00 4a 91 00 14 d8 01 51 44 d8 00 5a 44 10 f3 ff 03 10 f9 10 fd f0 01 71 fe 10 f4 02 00 40 09 2d 71 fe fb 15 f2 ff 03 16 f2 ff 03 17 f2 ff 03 18 f2 ff 03 c3 e2 6b 01 76 44 e2 6a 01 7e 44 f8 6b 29 91 44 d2 83 44 f8 6a 29 91 44 14 89 06 12 03 10 43 65 08 10 40 40 09 2d d1 0f 00 fe a4 18 f0 00 dc 1c ac 44 dc 1d ac 44 dc 1e ac 44 dc 1f ac 44 d2 95 44 a0 18 f0 00 d8 18 ae 44 f0 07 0c 0e fd 9c 15 10 41 d4 17 66 02 62 02 d7 10 40 d8 1c d0 44 15 f2 a7 03 a0 1c d8 1d da 44 16 f2 a7 03 a0 1d d8 1e e4 44 17 f2 a7 03 a0 1e d8 1f ee 44 18 f2 a7 03 a0 1f f0 0f d2 95 44 d1 41 00 d9 ef ea 47 68 0d 00 04 30 00 94 00 f9 14 04 82 04 36 01 b0 12 00 00 b0 13 00 00 b0 14 00 00 b0 15 00 00 b0 16 00 00 b0 08 04 00 b0 09 2c 00 b0 0a 00 00 fd c4 a8 0f 00 3f 2e 32 45 f0 00 b4 09 bb 1a aa 0f 3f 2e 3e 45 f0 00 b4 09 bb 1b aa 0f 3f 2e 4a 45 f0 00 b4 09 bb 1c aa 0f 3f 2e 56 45 f0 00 b4 09 bb 1d aa 0f 3f 2e 62 45 f0 00 b4 09 bb 1e 71 f0 00 14 25 fd 01 08 48 07 0c 04 10 46 fd 02 fd 9e 04 7e 8c 00 f0 02 00 f0 02 63 05 f0 00 21 fd 03 08 48 04 fd 9e 3a f0 01 f0 31 b0 14 01 00 f0 01 ba 1c 9b b5 0a d2 62 46 9b 9b 12 0e d4 01 fd 9e 04 66 03 f0 01 62 03 f0 03 d7 ba 1a b5 0a 12 09 fd 9e 04 66 04 f0 01 62 04 60 21 a7 22 b0 13 01 00 f0 01 ba 1b b5 0a 12 0e d4 01 fd 9e 04 66 03 f0 01 62 03 f0 03 d7 ba 1a b5 0a 12 09 fd 9e 04 66 04 f0 01 62 04 b0 15 01 00 f0 01 ba 1d b5 0a 12 0e d4 01 fd 9e 04 66 03 f0 01 62 03 f0 03 d7 60 24 a7 22 ba 1a b5 0a 12 09 fd 9e 04 66 04 f0 01 62 04 60 25 a7 22 b0 16 01 00 f0 01 ba 1e b5 0a 12 0e d4 01 fd 9e 04 66 03 f0 01 62 03 f0 03 d7 60 26 a7 22 ba 1a b5 0a 12 09 fd 9e 04 66 04 f0 01 62 04 60 27 a7 22 b0 13 00 00 b0 14 00 00 b0 15 00 00 b0 16 00 00 14 07 f0 3b 08 40 01 f0 00 0e 07 fd 9c 5b 10 45 52 06 0c 87 d4 5f 62 01 66 01 d7 0e f2 ae 03 15 f2 ae 03 b0 12 01 00 b0 13 01 00 b0 14 01 00 b0 15 01 00 b0 16 01 00 f0 01 a8 0b 15 14 05 08 48 04 f0 00 0e 09 10 46 d4 17 62 01 f0 00 d7 15 09 10 46 d4 17 66 01 f0 00 d7 0c 09 10 41 d4 2f 62 01 66 01 d7 b0 12 02 00 f0 01 b0 13 02 00 f0 03 b0 14 02 00 f0 00 b0 15 02 00 f0 02 b0 16 02 00 14 94 f0 77 08 48 07 fd 9e 04 20 04 25 00 03 e8 ff f0 1d 21 f0 07 4a b6 00 27 94 b0 12 00 00 b0 13 00 00 b0 14 00 00 b0 15 00 00 b0 16 00 00 d8 00 ee 47 a1 ef fd 5b fd 5c fd 9c 5b 94 71 d2 c2 47 91 17 14 0d 08 48 07 10 46 42 10 45 62 08 08 48 04 0c 0a 10 41 62 01 66 01 dc 20 38 47 0e 06 10 46 56 08 a0 20 b7 08 08 00 b7 09 18 00 b1 09 20 00 b0 0a 00 00 fd c4 83 07 f0 03 3f 18 5a 47 f0 03 e8 48 47 b7 08 08 00 b7 09 18 00 b1 09 20 00 b0 0a 00 00 fd c4 3f 19 5a 47 f0 03 e8 48 47 83 07 f0 03 dc 20 48 47 9e 04 00 f0 77 91 17 f0 13 b0 08 04 00 b0 09 22 00 b0 0a 00 00 fd c4 f0 00 3f 30 a1 47 f0 00 dc 27 a7 47 f0 2f 91 18 f0 3b f0 00 dc 1e b3 47 f0 00 fd 4d 06 60 2f a7 42 f0 00 68 87 01 04 10 00 71 b0 05 df 00 d0 d0 02 00 90 d4 06 7b 07 f0 01 d7 08 52 0a f0 1d 9c 0d f0 1d f0 01 4b f2 00 fe 4b f2 00 fe fb d9 f2 18 49 15 07 fd f2 08 40 81 f0 00 d1 0f 00 0c 82 56 04 16 01 71 1a 18 fd f2 43 a8 0f 07 3e 29 1a 13 48 f0 00 01 f0 2c a4 26 00 06 47 07 a0 27 60 16 a7 62 19 20 fd f2 43 f0 00 dc 27 29 48 a4 27 a8 0f 07 3e 2a 19 39 48 f0 00 01 f0 2c a4 26 00 06 47 07 a0 27 60 17 a7 62 16 01 73 18 20 fd f2 41 f0 00 dc 27 52 48 a4 27 a8 0f 87 3e 2b 18 62 48 f0 00 01 f0 2c a4 26 00 06 45 07 a0 27 60 18 a7 62 17 27 fd f2 41 73 f0 00 dc 27 79 48 a4 27 a8 0f 07 3e 2c 17 89 48 f0 00 01 f0 2c a4 26 00 73 f0 00 06 45 07 71 f0 00 a0 27 60 19 a7 62 16 29 fd f2 73 7e 30 00 f0 07 7e 30 00 f0 07 f0 00 dc 27 af 48 a4 27 a8 0f 07 3e 28 16 bf 48 f0 00 01 f0 2c a4 26 00 a0 27 a0 1c 60 1a a7 62 f0 00 dc 1c cf 48 f0 13 a4 20 16 82 09 45 15 f9 16 f9 3e 2d 16 e6 48 3e 2d 15 eb 48 f0 07 1a f9 3e 2d 1a f4 48 f0 07 18 f9 3e 2d 18 fd 48 f0 07 19 f9 3e 2d 19 06 49 f0 07 17 f9 3e 2d 17 0f 49 f0 07 a1 f2 f0 13 91 3f fe d1 0f 00 fe d9 f3 66 49 a1 f3 14 92 fd 02 7e 00 00 00 f0 00 fd 3d 07 30 49 7f 28 00 f0 13 a0 20 3e 2d 15 3d 49 f0 07 15 f8 15 0d f0 17 73 f0 0f 7f 20 00 f0 0f 7e 20 00 60 1b a7 d5 f0 1f a4 20 14 f9 15 f9 3e 2d 15 61 49 3e 2d 14 66 49 fe d9 f4 81 49 d1 0f 00 a1 f4 15 05 fd f2 57 02 01 14 07 fd f2 08 40 81 47 01 fe d0 0f 00 d9 f5 8e 49 17 04 93 00 00 08 d1 0f 00 d9 f5 98 49 40 11 2d fe d9 f6 c8 49 a1 f6 14 05 fd f2 53 02 01 15 04 fd f2 43 01 16 05 fd f2 53 02 01 17 05 fd f2 53 03 01 18 05 fd f2 53 04 01 19 05 fd f2 53 05 01 fe d9 f7 17 4b 00 84 10 44 01 47 d1 0f 00 15 2c 84 04 04 10 43 63 08 00 53 02 f0 01 7f 6c 00 13 02 0c a0 f0 07 43 f0 00 dc 18 ee 49 fd 03 10 41 6b 06 7f 00 01 f0 09 fd 03 01 fd f2 16 2d 84 fc fe 00 10 43 53 03 7f 6c 00 13 02 0b a0 f0 07 43 f0 00 fd 3d 07 1e 4a 0c a0 fd 03 a0 18 10 41 6b 08 7f 00 01 f0 09 fd 03 01 fd f2 17 2f 84 fc fe f0 1d 00 10 43 53 03 7f 6c 00 13 02 0b a0 f0 07 43 f0 00 fd 3d 07 4f 4a 0c a0 fd 03 a0 18 10 41 6b 08 7f 00 01 f0 09 fd 03 01 fd f2 18 2f 84 fc fe f0 3b 00 10 43 53 03 7f 6c 00 13 02 0b a0 f0 07 43 f0 00 fd 3d 07 80 4a 0c a0 fd 03 a0 18 10 41 6b 08 7f 00 01 f0 09 fd 03 01 fd f2 19 2f 84 fc fe f0 59 00 10 43 53 03 7f 6c 00 13 02 0b a0 f0 07 43 f0 00 fd 3d 07 b1 4a a0 18 0c a0 fd 03 10 41 6b 08 7f 00 01 f0 09 fd 03 01 fd f2 1a 2f 84 fc fe f0 77 00 10 43 53 03 7f 6c 00 13 02 0b a0 f0 07 43 f0 00 fd 3d 07 e2 4a 0c a0 fd 03 a0 18 10 41 6b 08 7f 00 01 f0 09 fd 03 01 fd f2 14 95 d4 04 f0 00 dc 18 fb 4a 10 84 fd 9e 0a 08 10 00 f0 03 a4 18 d7 00 84 10 40 00 43 a1 f7 fe d0 0f 00 f2 8a 29 f2 8a 2b f2 8a 2d f2 8a 2f a1 f5 f0 00 3a 00 15 00 04 34 4b d2 28 4b 15 f9 f2 8a 2b 3e 2d 15 3e 4b 14 17 04 10 41 7e 80 00 f0 08 fd 03 57 02 f0 07 55 03 7e 80 00 f0 07 57 03 f0 00 3a 00 14 00 02 63 4b d2 57 4b 14 f9 f2 8a 29 3e 2d 14 6d 4b f0 00 3a 00 16 00 04 79 4b d2 6d 4b 16 f9 f2 8a 2d 3e 2d 16 83 4b 14 05 c8 17 99 45 00 f0 00 3a 00 17 00 04 96 4b d2 8a 4b 17 f9 14 f9 f2 8a 2f 3e 2d 17 a2 4b 3e 2d 14 a7 4b fe 7f 90 10 04 37 f0 07 7f 00 00 04 37 f0 07 82 d2 a8 4b fd 8f 02 81 04 13 60 d0 0f 00 0c 0a 10 41 5a 02 f0 07 5b 02 10 40 b4 17 fd b0 07 00 ad 00 02 af a3 e2 01 02 fa 4b e2 02 02 00 4c e2 03 02 06 4c e2 04 02 0c 4c e2 05 02 12 4c a8 07 20 d2 15 4c a8 07 1d d2 15 4c a8 07 1e d2 15 4c a8 07 1f d2 15 4c a8 07 83 d2 15 4c a8 07 83 d1 21 00 ac 32 06 d1 f5 0e fe e1 16 00 2a 4c 68 c4 81 10 50 00 fe 75 f3 90 a8 f3 be a9 b4 17 fd b0 70 00 e2 20 00 5c 4c e2 30 00 67 4c e2 40 00 72 4c e2 50 00 7d 4c e2 60 00 88 4c b4 47 fd b1 80 00 b5 47 d2 90 4c b4 47 fd b1 08 00 b5 47 d2 90 4c b4 48 fd b1 80 00 b5 48 d2 90 4c b4 48 fd b1 08 00 b5 48 d2 90 4c b4 49 fd b1 80 00 b5 49 d2 90 4c b4 49 fd b1 08 00 b5 49 b4 17 fd b0 07 00 ad 00 02 af db a3 4c f3 90 28 f3 be 29 aa 16 e0 16 04 b1 4c 68 90 80 04 4f 00 fe 68 be 81 10 4f 00 fe 68 c6 01 07 21 00 b4 17 fd b6 00 fc bb 0b b1 0b 03 00 fd b6 00 01 bb 0c b1 0c 19 00 00 01 89 d0 30 0d a4 27 14 f2 3b 00 00 07 fd 0f 03 80 05 66 77 0c 03 80 01 4b 60 30 a7 60 66 f9 4c 60 31 a7 60 a0 27 95 04 00 f0 07 91 24 b0 1c 00 00 b0 1d 00 00 b0 1e 00 00 b0 12 0c 00 d2 45 4d c6 00 c0 00 04 ee 32 4e b3 12 eb 12 4d a4 27 14 f2 3b 00 91 42 fd a4 60 5f 27 60 a0 27 15 04 12 03 5b 04 00 05 08 42 0c f0 01 f0 b3 75 d0 1c 0d a4 25 e9 6b 4d b0 1a 32 07 bc 1c 1b b0 19 10 00 d3 ad 4d d8 25 45 4d bc 1b 1c d8 26 27 4e 67 1c 4e 1c 4e d2 11 4e b0 1a 42 07 bc 1d 1b b0 19 10 00 d3 ad 4d d8 25 45 4d bc 1b 1d d8 26 27 4e 67 11 4e 1c 4e d2 1c 4e b0 1a 52 07 bc 1e 1b b0 19 08 00 d3 ad 4d d8 25 45 4d bc 1b 1e d8 26 27 4e 67 1c 4e 11 4e d2 1c 4e b0 13 01 00 fd b7 19 bb 1f e2 00 00 c2 4d d6 00 fd b6 13 01 d7 ba 1b fd b0 13 c0 00 00 eb 0e 4e ba 1b fd b3 13 bb 1b ba 1f b8 1a a4 27 14 f2 3b 00 61 00 60 a4 26 fd 60 a0 27 b0 14 1e 00 d5 2b 01 f0 00 b6 00 01 b2 14 e5 14 3c 00 02 4e fd 9c 90 b0 14 00 00 fd 62 09 4e d2 0c 4e d7 a0 26 64 fe a0 25 fe f0 03 9c 57 15 82 6a 07 d2 15 4d f0 03 9c 58 15 82 6b 0e d2 15 4d f0 03 9c 58 15 82 6b 07 d2 15 4d a4 27 14 f2 3b 00 f0 07 91 09 60 5e a7 60 a0 27 f0 1f 14 03 08 10 03 15 0c f0 25 10 43 4a d4 07 6b 04 6a 04 d7 00 19 f0 25 7f 00 01 57 04 f0 00 3d 60 4e fd 9e 3a fd 0e a0 26 f0 07 57 02 a0 25 f0 00 dc 26 72 4e fd 9c 10 6a d0 81 f0 00 dc 25 7e 4e 68 cf 81 02 37 00 fe 68 d4 81 16 7b 00 fe a8 08 16 d4 07 10 f9 aa 08 d7 d1 0f 00 00 87 0c 04 80 06 31 0b 04 fd 46 1b 0d fe a4 27 14 f2 3b 00 b6 00 01 60 60 a7 62 b6 00 01 60 61 87 62 a0 27 fd 8e 00 02 07 f0 07 b0 12 0c 00 b0 13 16 00 b0 14 04 00 d3 28 50 60 62 a7 62 fd 8e 32 02 07 ac 09 00 d3 3b 50 fd 8e 00 02 07 d3 68 50 d8 26 18 4f e4 1f 02 00 08 4f e4 1f 03 00 10 4f 67 18 4f 18 4f d2 36 4f 67 36 4f 18 4f d2 18 4f 67 18 4f 36 4f d2 18 4f fd 9c 58 fd a4 00 85 08 42 0c f0 01 a4 27 14 f2 3b 00 60 5f 27 62 a0 27 f0 ef 75 d0 1c 0d f0 03 9c 57 a4 27 14 f2 3b 00 60 67 a7 62 fd 8e 00 02 07 a0 27 15 17 10 43 00 06 fd 02 7f 00 00 f0 27 67 04 47 f0 13 fd 03 5a 08 80 0b 2a 00 8b f0 27 7f 38 00 08 43 89 f0 2f 09 14 1e d4 04 01 f0 03 00 f0 03 d7 01 f0 77 0c 04 92 0d 27 10 0b 04 d4 04 00 f0 03 01 f0 03 d7 00 0c 8a 10 41 47 10 40 47 10 45 5a 02 f0 07 b0 12 2b 00 b0 13 1a 00 b0 14 04 00 d3 28 50 60 68 a7 62 fd 8e 32 02 07 ac 13 00 d3 3b 50 fd 8e 00 02 07 d3 68 50 d8 26 18 4f e4 1f 02 00 dd 4f e4 1f 03 00 e5 4f 67 18 4f 18 4f d2 ed 4f 67 ed 4f 18 4f d2 18 4f 67 18 4f ed 4f d2 18 4f f0 03 9c 57 f0 07 a4 27 14 f2 3b 00 91 09 60 69 a7 62 a0 27 14 0a d4 03 01 f0 01 00 f0 01 d7 01 15 86 10 41 41 57 07 41 fd 9c 10 6a cf 81 00 84 7f 30 00 47 68 d2 81 0c 61 00 fe ba 13 b5 09 d6 14 e8 39 50 11 f2 17 01 b2 12 aa 09 d7 fe 91 24 00 03 75 f0 00 f0 1d d6 00 f0 1d fd 9c 90 a4 27 14 f2 3b 00 60 63 07 22 f0 1d a0 27 af d7 f0 1d fd 9c 8f 00 03 77 f0 00 91 42 fe a4 27 14 f2 3b 00 60 64 07 62 fd 60 a0 27 ba 12 b0 1f 00 00 e9 82 50 b2 1f af b2 1f af b2 1f 60 65 87 62 ae 60 65 87 62 ae 60 65 87 62 60 66 27 62 a4 26 b0 14 1e 00 d5 2b 01 f0 00 b6 00 01 b2 14 e5 14 3c 00 b6 50 fd 9c 90 b0 14 00 00 fd 62 bd 50 d2 c0 50 d7 a0 26 64 fd 8e 32 02 07 fe 93 91 35 a1 f8 68 c6 81 05 24 00 fe a5 f8 00 85 08 42 08 f0 00 d1 0f 00 f0 00 ca e6 a0 00 df 50 92 42 a8 0e 14 00 f3 9f 02 fe b0 1f 00 00 d1 0f 00 00 86 80 17 1f 75 f0 00 0c 06 10 45 5a 03 10 40 a4 27 14 f2 3b 00 60 75 a7 62 66 19 51 60 76 a7 62 a0 27 14 0a d4 03 01 f0 01 00 f0 01 d7 01 91 24 fe b0 1f 00 00 d1 0f 00 00 86 80 17 1f 75 f0 00 0c 06 10 45 5a 03 10 40 a4 27 14 f2 3b 00 60 75 a7 62 66 52 51 60 76 a7 62 a0 27 14 0a d4 03 01 f0 01 00 f0 01 d7 01 91 24 d4 0f 11 f2 19 01 aa 09 d7 fe 9b 9b 9b 9b 9b 9b fe 00 87 fd 0f 03 80 17 51 77 15 89 06 fd 0f 03 5a 04 80 18 4f 0c 82 57 04 a4 27 14 f2 3b 00 60 70 a7 62 66 9c 51 60 71 a7 62 a0 27 b0 1e 15 00 91 24 fd 31 fd 42 b0 1d 04 00 15 82 57 03 f0 00 cb e2 80 00 c6 51 e4 1d 04 00 b0 51 e2 20 00 e3 51 d2 b0 51 b3 1d 00 8a 7f 6c 00 f0 00 3d cd 51 f0 07 e4 1e 00 00 80 52 e4 1d 00 00 e3 51 d2 b0 51 15 82 53 03 a4 27 14 f2 3b 00 14 8a 13 02 06 d4 01 7f 30 00 43 d7 a0 27 b7 1d 04 00 b2 1d 14 10 0b a0 fd 9e 04 7f 50 00 f0 02 13 01 f0 09 13 02 f0 07 40 20 2d f0 1f e4 1e 00 00 35 52 b3 1d e5 1d 00 00 01 52 14 88 06 d4 01 7f 30 00 47 d7 d2 a8 51 16 fb f0 0f a4 27 14 f2 3b 00 fd 9c 57 f0 0f 91 09 60 74 a7 60 a0 27 f0 1f fd 30 14 0a d4 03 01 f0 01 00 f0 01 d7 01 15 8b 0c 04 5a 05 80 1d 46 5b 02 6b 08 fd 9c 10 6a d3 81 00 84 7f 20 00 47 b0 1f 00 00 68 d1 81 16 21 00 fe 16 fb f0 07 fd 9c 58 f0 07 91 42 fd a4 00 85 08 42 0c f0 01 a4 27 14 f2 3b 00 60 73 27 62 a0 27 f0 ef 75 d0 1c 0d 16 fd 9c 05 b3 1e eb b6 52 16 f2 07 00 d2 ba 52 16 f4 08 00 c7 16 ba 0a ad 60 02 bb 0a fd 9c 0d 3f 10 ce 52 11 f2 8a 03 fe 68 c0 01 02 2a 00 00 86 fd 03 0c 04 61 03 d1 0f 00 00 c0 d8 ad 0c 53 08 40 80 f0 3f 09 f0 1f 08 40 86 f0 17 10 81 08 43 83 f0 3f d4 07 08 43 88 f0 03 08 40 86 d7 08 40 04 f0 2f 75 09 0b 04 fd 02 7e 00 00 fd 9e 13 f0 00 3d 16 53 fd 9e 3a a0 ad 10 80 fe 10 fd bc 1f 1e e0 08 15 78 53 e0 08 16 83 53 e0 08 17 8e 53 e0 08 18 99 53 e0 08 19 a4 53 e0 08 1a af 53 e0 08 1b ba 53 e0 08 1c c5 53 e0 08 1d d0 53 e0 08 1e db 53 e0 08 1f e6 53 e0 08 20 f1 53 e0 08 21 fc 53 e0 08 22 07 54 e0 08 23 12 54 e0 08 24 1d 54 ba 1f fd b2 13 00 bb 1f d2 28 54 ba 1f fd b2 27 00 bb 1f d2 28 54 ba 1f fd b2 4e 00 bb 1f d2 28 54 ba 1f fd b2 8c 00 bb 1f d2 28 54 ba 1f fd b2 31 01 bb 1f d2 28 54 ba 1f fd b2 72 02 bb 1f d2 28 54 ba 1f fd b2 e4 04 bb 1f d2 28 54 ba 1f fd b2 c8 08 bb 1f d2 28 54 ba 1f fd b2 10 13 bb 1f d2 28 54 ba 1f fd b2 20 27 bb 1f d2 28 54 ba 1f fd b2 40 4e bb 1f d2 28 54 ba 1f fd b2 80 8c bb 1f d2 28 54 ba 1f fd b2 00 31 bb 1f d2 28 54 ba 1f fd b2 00 72 bb 1f d2 28 54 ba 1f fd b2 00 e4 bb 1f d2 28 54 ba 1f fd b2 00 c8 bb 1f d2 28 54 a8 09 15 d4 0f 11 f2 19 01 aa 09 d7 00 88 6b 08 7e 00 00 09 f0 00 e5 1f ff ff 79 54 f0 07 14 8a d4 03 00 f0 01 01 f0 01 d7 00 a4 27 14 f2 3b 00 fd 9c 57 f0 0f 91 09 60 77 a7 60 a0 27 9c 10 6a d1 81 6b d1 81 14 8a d4 03 01 f0 01 00 f0 01 d7 01 fe 00 84 c9 00 bb 1c b4 08 ad eb ff bb 12 e7 02 00 af 54 e7 08 00 a0 54 e4 1c 07 00 d2 54 e4 1c 01 00 fd 54 d2 a5 56 e4 1c 01 00 fd 54 e4 1c 03 00 26 55 d2 a5 56 e7 08 00 c3 54 e4 1c 05 00 55 55 e4 1c 07 00 d2 54 d2 a5 56 e4 1c 05 00 55 55 e4 1c 03 00 26 55 d2 a5 56 ba 12 ad 19 00 b5 09 32 11 a5 56 ad 04 00 b5 09 32 11 e9 54 d2 a5 56 ba 12 ad 15 00 b5 08 ad 04 00 b5 09 ad 04 00 b5 0a d2 84 55 ba 12 ad 16 00 b5 09 32 11 a5 56 ae b5 09 32 11 12 55 d2 a5 56 ba 12 ad 15 00 b5 08 ae b5 09 ae b5 0a a4 19 a4 1a d2 84 55 ba 12 ad 11 00 b5 09 32 11 a5 56 ad fc ff b5 09 32 11 3d 55 d2 a5 56 ba 12 ad 15 00 b5 08 ad fc ff b5 09 ad fc ff b5 0a a4 19 a4 1a d2 84 55 ba 12 ad 14 00 b5 09 32 11 a5 56 ad ff ff b5 09 32 11 6c 55 d2 a5 56 ba 12 ad 15 00 b5 08 ad ff ff b5 09 ad ff ff b5 0a a4 19 a4 1a d2 84 55 a4 19 a4 1a 00 31 c9 07 e2 07 00 a0 55 e2 01 00 a6 55 e2 03 00 ac 55 e2 05 00 b2 55 08 41 89 d2 b8 55 08 41 88 d2 b8 55 08 41 08 d2 b8 55 08 41 09 d2 b8 55 f0 0b 09 10 20 ba 1c 70 c8 07 fd 9e 42 7e 7c 00 0b a0 58 02 a0 19 7e 78 00 58 02 a0 1a 01 99 01 fd 0d 0c f0 ff 11 14 f0 00 dc 19 df 55 fd 9e 16 01 fd 0d 0c f0 f0 07 fd 9c 57 ff 12 8c f0 00 dc 1a f5 55 00 fd 0c 0b f0 ff b3 1f e4 1f 01 00 a9 56 d2 0c 56 a4 18 b0 12 00 00 ba 12 ad 15 00 b5 09 32 11 98 56 ba 12 e7 02 00 3b 56 e7 08 00 32 56 d3 52 56 d3 61 56 d2 98 56 d3 61 56 d3 6e 56 d2 98 56 e7 08 00 49 56 d3 7d 56 d3 52 56 d2 98 56 d3 7d 56 d3 6e 56 d2 98 56 ba 12 ad 19 00 b5 09 ad 04 00 b5 0a d2 8c 56 ba 12 ad 16 00 b5 09 ae b5 0a d2 8c 56 ba 12 ad 11 00 b5 09 ad fc ff b5 0a d2 8c 56 ba 12 ad 14 00 b5 09 ad ff ff b5 0a d2 8c 56 32 11 94 56 32 12 95 56 fe a0 18 fe b2 12 e5 12 10 00 12 56 dc 18 d5 56 fe fd 9c 58 fe f0 07 a4 27 14 f2 3b 00 fd 9c 57 f0 0f 91 09 60 7a a7 60 a0 27 14 8c d4 03 01 f0 01 00 f0 01 d7 01 0c 50 9c 10 6a d4 81 6b d4 81 fe fd 9c 58 f0 0f 91 42 fd a4 00 85 08 42 0c f0 01 a4 27 14 f2 3b 00 60 7b 27 62 a0 27 f0 b3 75 d0 1c 0d 14 87 0c 04 84 fa fd 0b 04 d1 0f 00 00 82 57 05 0c 82 57 02 a4 27 14 f2 3b 00 60 80 a7 62 a0 27 b0 12 01 00 b0 13 02 00 b0 14 03 00 b0 15 04 00 d4 12 e8 41 57 e9 35 57 bd 12 13 d2 53 57 bd 12 14 d2 53 57 bd 12 15 d2 53 57 e9 4a 57 bd 13 14 d2 53 57 bd 13 15 d2 53 57 bd 14 15 d7 91 24 fe 10 fb a4 27 14 f2 3b 00 e0 0e 04 7a 57 e0 0f 01 70 57 60 8c a7 62 66 77 57 60 8d a7 62 a8 0f 01 a0 27 fe 60 8f 87 62 b0 1a 01 00 ba 16 c1 00 eb 90 57 60 81 87 62 d2 b7 57 ba 17 c1 00 eb 9e 57 60 82 87 62 d2 b7 57 ba 18 c1 00 eb ac 57 60 83 87 62 d2 b7 57 ba 19 c1 00 eb b7 57 60 84 87 62 b2 1a c2 1a 05 00 ea c4 57 60 90 87 62 c2 1a 05 00 eb 82 57 60 91 a7 62 a0 27 66 d7 57 d2 e6 57 a4 19 a4 1a a4 1b a4 1c a8 0e 00 a8 0f 00 fe ba 12 c1 00 eb 4b 58 ba 13 c1 00 eb 4b 58 ba 14 c1 00 eb 4b 58 ba 15 c1 00 eb 4b 58 f0 07 a4 27 14 f2 3b 00 fd 9c 57 f0 0f 91 09 60 92 a7 60 a0 27 14 8f d4 03 01 f0 01 00 f0 01 d7 01 0c 50 fd 0d ff 15 03 d2 19 58 16 05 f0 01 d2 19 58 17 05 f0 07 d2 19 58 18 85 f0 0b d2 19 58 9c 10 6a d2 81 6b d2 81 fe fd 9c 58 f0 0f 91 42 fd a4 00 85 08 42 0c f0 01 a4 27 14 f2 3b 00 60 93 87 62 b0 1a 01 00 ba 12 c1 00 eb 77 58 60 81 87 62 d2 9e 58 ba 13 c1 00 eb 85 58 60 82 87 62 d2 9e 58 ba 14 c1 00 eb 93 58 60 83 87 62 d2 9e 58 ba 15 c1 00 eb 9e 58 60 84 87 62 b2 1a c2 1a 05 00 ea ab 58 60 90 87 62 c2 1a 05 00 eb 69 58 60 94 07 62 a0 27 f0 b3 75 d0 1c 0d d8 19 e7 58 60 85 87 d0 60 81 87 d0 e0 0f 01 b1 59 e4 12 01 00 6d 59 e4 12 02 00 68 59 e4 12 03 00 63 59 e4 12 04 00 ac 59 fe d8 1b e7 58 60 85 87 d0 60 82 87 d0 e0 0f 01 b1 59 e4 13 01 00 6d 59 e4 13 02 00 68 59 e4 13 03 00 63 59 e4 13 04 00 ac 59 d8 1a e7 58 60 85 87 d0 60 83 87 d0 e0 0f 01 b1 59 e4 14 01 00 6d 59 e4 14 02 00 68 59 e4 14 03 00 63 59 e4 14 04 00 ac 59 d8 1c e7 58 60 85 87 d0 60 84 87 d0 e0 0f 01 b1 59 e4 15 01 00 6d 59 e4 15 02 00 68 59 e4 15 03 00 63 59 e4 15 04 00 ac 59 60 86 a7 d0 fe 60 87 a7 d0 fe 60 88 87 d0 d3 80 59 60 89 87 d0 d3 80 59 60 8a a7 d0 fe e4 12 02 00 98 59 e4 13 02 00 9d 59 e4 14 02 00 a2 59 e4 15 02 00 a7 59 60 81 87 d0 fe 60 82 87 d0 fe 60 83 87 d0 fe 60 84 87 d0 fe 60 8b a7 d0 fe b4 0e ae 60 8e a7 d0 66 e7 58 aa 0e b4 08 ad 04 00 a3 b4 0e e0 08 15 d9 59 e0 08 17 dc 59 e0 08 16 df 59 e0 08 18 e2 59 bb 16 fe bb 17 fe bb 18 fe bb 19 fe 10 f2 a2 03 fe fd 42 42 ef 5a 4c 5a a0 27 10 fb 00 d2 fd 9c 69 c9 07 e2 07 00 24 5a e2 00 00 24 5a e2 01 00 2a 5a e2 02 00 2a 5a e2 03 00 30 5a e2 04 00 30 5a e2 05 00 36 5a e2 06 00 36 5a 08 43 86 d2 3c 5a 08 43 07 d2 3c 5a 08 43 87 d2 3c 5a 08 43 06 d2 3c 5a 06 10 41 7b 04 58 02 7b 04 07 10 40 09 a4 27 fe a0 27 b4 08 b5 0b 13 0e 0c 50 12 03 10 43 5b 04 10 41 12 02 0b 50 00 cc 13 00 0c a0 12 03 10 43 5b 04 c9 07 e2 07 00 98 5a e2 00 00 98 5a e2 01 00 aa 5a e2 02 00 aa 5a e2 03 00 a4 5a e2 04 00 a4 5a e2 05 00 9e 5a e2 06 00 9e 5a 08 42 08 d2 b0 5a 08 42 88 d2 b0 5a 08 43 01 d2 b0 5a 08 43 81 d2 b0 5a 13 fb b0 12 00 00 f0 00 cb e2 00 00 c6 5a b2 12 e4 12 00 00 d1 5a b2 12 b2 12 c2 12 78 00 ed b6 5a 00 8e 13 01 10 43 09 06 7b 04 48 7b 04 07 10 40 b4 0b b5 0e 00 f3 9f 02 00 82 0b a0 a4 27 fe 6a c1 a1 d1 0f 00 40 2e 2d fe d8 27 00 5b 34 ff d8 18 19 5b d8 19 19 5b d8 1a 19 5b d8 1b 19 5b d8 1c 19 5b f0 00 d2 fa 5a 3d 1e 5b 34 00 0c 88 10 43 6b 04 6a 04 10 40 d2 fa 5a a8 3f 04 a8 16 00 a8 17 00 a8 47 00 a8 48 00 a8 49 00 a4 18 a4 19 a4 1a a4 1b a4 1c a4 1d b0 1e 01 00 b6 06 00 ad 18 00 db 4d 5b a3 e2 19 00 81 5b e2 1a 00 8e 5b e2 1b 00 9f 5b e2 1c 00 ac 5b e2 1d 00 bd 5b b4 47 bc 1e 1f fd b6 1f 04 fd b3 1f b5 47 d2 c7 5b b4 47 bc 1e 1f fd b3 1f b5 47 d2 c7 5b b4 48 bc 1e 1f fd b6 1f 04 fd b3 1f b5 48 d2 c7 5b b4 48 bc 1e 1f fd b3 1f b5 48 d2 c7 5b b4 49 bc 1e 1f fd b6 1f 04 fd b3 1f b5 49 d2 c7 5b b4 49 bc 1e 1f fd b3 1f b5 49 b2 1e c2 1e 07 00 ef 4d 5b fe fd a5 b4 47 e6 80 00 e0 5b 6a c6 81 6b c6 81 e6 08 00 eb 5b 6a c6 81 6b c6 81 b4 48 e6 80 00 f8 5b 6a c6 83 6b c6 83 e6 08 00 03 5c 6a c6 83 6b c6 83 b4 49 e6 80 00 10 5c 6a c6 85 6b c6 85 e6 08 00 1b 5c 6a c6 85 6b c6 85 d9 f8 d3 50 9b 9b 9b 9b 9b d1 0f 00 fe d1 0f 00 0c 83 57 05 40 60 98 a7 42 66 87 5c 60 99 a7 42 68 41 01 04 3a 00 00 f9 70 0c 04 10 45 57 06 60 9a a7 42 68 cb 01 02 3f 00 00 f9 70 0c 04 10 45 57 06 60 9b a7 42 68 d0 01 03 6a 00 00 f9 70 0c 04 10 45 57 06 60 9c a7 42 68 c6 01 06 21 00 00 06 82 02 27 77 f0 00 71 60 9d a7 42 0c 83 44 53 04 fe fd b0 07 00 bb 1f b4 17 fd b3 1f b5 17 ba 1f e2 02 00 bc 5c e2 03 00 c3 5c e2 04 00 ca 5c e2 05 00 d1 5c e2 06 00 d8 5c 68 41 81 04 3a 00 fe 68 42 81 08 73 00 fe 68 cb 81 02 3f 00 fe 68 ce 81 02 3f 00 fe 68 d0 81 03 6a 00 fe 68 d3 81 16 53 00 fe a8 17 10 9c 10 6a c6 a7 6a c6 ad b4 47 fd b6 00 fc d2 8d 5c a8 17 20 9c 10 6a c6 a7 6a c6 ad b4 47 d2 8d 5c a8 17 30 9c 10 6a c6 a9 6a c6 af b4 48 fd b6 00 fc d2 8d 5c a8 17 40 9c 10 6a c6 a9 6a c6 af b4 48 d2 8d 5c a8 17 50 9c 10 6a c6 ab 6a c6 b1 b4 49 fd b6 00 fc d2 8d 5c a8 17 60 9c 10 6a c6 ab 6a c6 b1 b4 49 d2 8d 5c de 30 31 5e d2 9a 5d f0 00 cb e2 20 00 a5 5d e2 80 00 2e 5e e2 10 00 2e 5e e2 40 00 2e 5e e2 02 00 76 5d e2 01 00 88 5d d2 52 5d 9c 03 e0 0d 00 82 5d ab 0d d2 9a 5d a8 0d 06 d2 9a 5d 9c 03 e0 0d 06 94 5d aa 0d d2 9a 5d a8 0d 00 d2 9a 5d b4 0d ad a0 07 61 00 80 d2 52 5d 9c 01 64 e0 0d 00 cb 5d e0 0d 01 d4 5d e0 0d 02 dd 5d e0 0d 03 e6 5d e0 0d 04 ef 5d e0 0d 05 f8 5d e0 0d 06 01 5e 68 b4 00 1b 15 00 d2 0a 5e 68 b6 00 19 5f 00 d2 0a 5e 68 bb 00 03 23 00 d2 0a 5e 68 bc 00 02 4f 00 d2 0a 5e 68 bc 00 0a 51 00 d2 0a 5e 68 b9 00 1e 31 00 d2 0a 5e 68 18 00 05 75 00 d2 0a 5e 00 f9 8f 00 60 08 f0 0b f0 00 ca e6 ff 00 12 5e 8f 00 00 08 f0 0b 68 1c 00 18 6e 00 00 82 67 04 71 d2 4b 5d 9c 02 64 fe dc 18 46 5e d1 41 00 a4 18 a5 c9 a4 6e 68 45 80 09 6c 00 fe 10 0f 08 10 00 10 80 f0 23 10 81 fd 9e 0a f0 04 05 00 af 03 13 03 0c 20 10 45 6b 03 10 40 6b 01 10 45 6b 04 10 46 6b 02 f0 01 10 45 6b 01 f0 08 10 40 02 7e 60 00 0b 20 13 01 80 15 23 da b5 88 5e 74 da b5 af 5e f0 13 17 91 71 10 c1 d4 02 6a 04 6b 04 d7 51 02 60 10 71 10 c0 d1 97 0d 17 89 10 c1 64 10 55 02 71 10 c0 fe a8 0e 17 d9 c9 36 60 dc 19 d0 5f e5 15 00 00 c8 5e 60 3e 84 60 d2 d0 5f ba 15 e3 64 00 d1 5e a0 1b dc 1a df 5e a8 2a 3c b0 12 01 00 d2 1c 5f b4 13 a8 2a 50 b0 12 01 00 c0 46 00 ed 1c 5f a8 2a 4b b0 12 01 00 c0 50 00 ed 1c 5f a8 2a 46 b0 12 01 00 c0 5a 00 ed 1c 5f a8 2a 3c b0 12 01 00 c0 64 00 ed 1c 5f a8 2a 32 b0 12 01 00 b4 2a bb 13 ba 15 60 34 84 60 d8 1a 39 5f b4 13 c1 00 ec 39 5f 60 3f 84 60 ba 15 b5 13 ba 13 d8 1a 44 5f 13 84 d2 46 5f 0d 84 ba 15 e0 34 00 53 5f 14 84 b4 34 b8 15 c1 00 ed 8f 5f 15 84 b0 14 00 00 b2 14 b9 13 c1 00 ec 5e 5f b5 34 ac 00 00 d6 14 b8 12 d7 bb 14 16 a4 dc 1b 82 5f 60 0f a4 60 ad 05 00 bb 14 d3 3d 60 b4 34 e2 00 00 a4 5f d2 a4 5f b5 34 12 a4 9c 37 dc 1b a4 5f 60 0e a4 60 b0 14 05 00 d3 3d 60 d8 70 ae 5f e5 15 00 00 b4 5f d8 19 c4 5f fe fe a8 07 07 ac 0c 02 d1 f4 0e a0 70 d8 19 c4 5f fe 17 87 10 c1 53 04 41 10 c0 a4 19 fe 60 35 84 60 d8 19 e0 5f b4 34 bb 12 b4 13 33 84 3a a4 66 29 60 f0 09 00 f3 9e 02 fd 59 c0 1e 00 ec 17 60 60 39 84 60 b4 34 c0 1e 00 ed 12 60 10 a4 66 29 60 00 f3 9e 02 b4 34 ad e2 ff b5 34 d2 1c 60 37 a4 d2 a4 5f ac 1e 00 fd 53 60 36 a4 60 9c 37 a0 18 a1 c9 d2 a4 5f f0 09 00 f3 9f 02 60 37 a4 60 d2 a4 5f 60 38 a4 60 a0 18 fe 00 03 08 42 09 d6 14 19 9d fd 9e 5e fd 01 13 03 fd 0f 03 08 40 01 97 17 10 c4 6a 10 10 c0 00 fd 03 7e 50 00 47 01 ac 01 00 fd 54 d7 00 01 09 fe 35 00 95 00 08 9e 00 00 fd 9c 23 9e 02 7f a8 09 20 b0 0b 80 11 b0 0c 00 01 b0 0d 00 00 d4 02 11 81 99 b1 0b 80 00 b1 0c 40 00 aa 09 d7 b0 0b 00 12 b0 0c 00 02 11 81 99 72 50 da b5 bd 60 d8 6e bd 60 15 0c f0 93 82 06 49 00 04 10 44 56 1b 01 00 a7 01 0c 04 10 45 46 10 40 46 10 41 56 02 10 42 56 03 10 43 56 22 10 42 56 03 10 41 56 02 10 40 46 10 45 46 10 40 0b 04 95 01 38 da b5 37 61 d8 6e 0d 61 15 97 82 09 02 06 04 66 05 10 40 d4 04 01 f0 01 00 f0 01 62 01 d7 52 05 07 d2 5a 61 15 a5 92 0a 04 00 06 04 fd 02 10 45 d4 04 01 f0 01 00 f0 01 d7 20 04 25 00 02 f0 ff fd 9e 21 53 02 10 40 52 03 21 07 d2 f5 61 15 a1 82 06 08 77 fd 02 d4 04 01 f0 01 00 f0 01 d7 10 40 52 06 20 04 25 70 02 f5 ff fd 9e 0a 57 06 46 21 24 0c 87 15 10 86 13 03 08 10 00 f0 3b 01 9e 04 00 d2 f5 61 9b 89 ea 01 1a 89 ea 02 1a 89 ea 03 1a 89 ea 04 1a 89 ea 05 1a 89 ea 06 1a 89 ea 07 1a f0 1d 81 13 12 61 14 94 0c 04 fd 0f 03 92 04 04 00 00 10 c1 51 08 08 40 0a 7f 40 00 9b 9e 00 7f 9c 57 66 e2 61 60 3c 84 62 15 93 07 10 45 d4 02 9c 03 60 04 d7 f0 1d d4 02 9c 03 64 04 d7 3d 84 15 93 06 08 40 04 10 42 d4 04 9c 22 66 03 f0 13 d7 09 62 0f 07 31 84 32 a4 9c 57 14 84 09 55 05 01 9e 00 00 fd 9c 23 9e 02 7f 81 17 13 64 89 ea 01 39 89 ea 02 3a 89 ea 03 3b 89 ea 04 3c 89 ea 05 3d 89 ea 06 3e 89 ea 07 3f f0 17 00 f2 d2 01 d3 23 62 fd 46 a1 0d fe 15 88 97 00 00 04 fd 01 14 0c fe f0 00 f0 03 c5 15 fd b0 00 ff e2 00 11 4f 62 e2 00 1e 66 62 e2 00 29 95 62 e2 00 3a ac 62 d2 30 62 c4 15 fd b0 00 ff e3 00 11 30 62 d3 c3 62 fd 47 68 46 80 04 18 00 fe c4 15 fd b0 00 ff e2 00 0c 79 62 e2 00 12 87 62 d2 30 62 a5 c3 d3 c3 62 fd 47 68 47 80 03 39 00 fe a1 c3 d3 c3 62 fd 47 68 47 80 10 43 00 fe c4 15 fd b0 00 ff e3 00 08 30 62 d3 c3 62 fd 47 68 48 80 1c 19 00 fe c4 15 fd b0 00 ff e3 00 1b 30 62 d3 c3 62 fd 47 68 49 80 0a 61 00 fe 00 fa 9c 20 15 f0 89 d4 09 00 f0 00 01 f0 00 d7 84 87 c4 35 00 fe 95 02 60 fd 9c 23 fd 46 a3 0d fe 95 02 60 fd 9c 23 d9 c3 f3 62 fd 46 a4 0d fe fd 46 a5 0d fe 95 02 60 fd 9c 23 fd 46 a6 0d fe 95 02 60 fd 9c 23 fd 46 a7 0d fe a8 3f 0f 00 82 fd 17 34 00 95 00 00 1a 08 08 40 81 da b5 24 63 01 14 07 06 10 43 64 04 10 40 18 8a 13 03 06 10 43 4a 60 04 14 03 de b5 3f 63 17 f9 d8 27 47 63 d8 19 52 63 15 f9 18 f9 b0 15 00 00 d0 0f 00 00 89 92 11 0f 0a 7e 00 00 f0 04 70 9d 30 1e 15 05 06 10 c1 51 07 00 89 fd 01 10 c1 51 07 fd 9e 16 da b5 87 63 17 0e 10 c2 45 d8 75 85 63 57 05 d2 87 63 57 04 0c 0a 10 43 62 04 66 08 62 08 10 45 15 0a d4 01 6a 04 6b 04 d7 55 08 01 00 a3 fd 00 0c 04 08 43 80 7e 70 00 51 03 0b 04 f0 00 3d af 63 09 fd 9e 0a 7e 70 00 53 02 f0 00 3d bd 63 10 c0 18 f9 da b5 17 64 d9 c8 e6 63 a1 2e a1 2f a1 6e a1 6f a1 c8 ba 15 c1 00 ed e2 63 ac 00 00 b5 13 a0 1a d8 75 14 64 17 99 fd 9e 22 f0 13 fd 9e 38 10 c1 06 60 02 d4 03 64 04 60 04 d7 64 02 43 07 77 00 8b 7e 01 00 f0 00 3d 0a 64 fd 9e 3a a0 75 d0 97 0d fe 10 fd 10 f2 cf 02 53 01 c5 15 c0 00 30 ec 3d 64 c0 00 22 ec 3a 64 c0 00 14 ec 37 64 a1 cc fe a1 cd fe a1 ce fe a1 cf fe 10 fd 10 f2 d6 01 b2 15 fe b0 15 00 00 d9 c8 54 64 a8 34 00 35 ff 34 00 40 a2 2d 40 99 6d fd 42 d8 18 e4 64 34 00 f0 00 cb e7 80 00 92 64 34 03 f0 00 cb e7 80 00 92 64 ca e7 02 00 86 64 e7 01 00 8c 64 d2 60 64 15 01 74 d2 60 64 15 01 70 d2 60 64 34 00 00 fa 15 03 08 40 04 b0 12 00 00 34 00 00 89 fd 9e 22 10 42 66 03 10 45 b2 12 e4 12 05 00 cf 64 d4 09 00 f4 d1 01 34 00 f0 00 cb e7 80 00 9f 64 34 03 f0 00 cb e7 80 00 9f 64 d7 34 00 d6 12 15 01 09 00 86 10 42 62 03 10 45 d7 00 fb d2 60 64 77 1e 9b 35 00 68 44 80 0d 10 00 fe f0 01 c5 15 fd b0 00 ff e2 00 07 14 65 e2 00 14 73 65 e2 00 22 d2 65 e2 00 30 31 66 e2 00 3d d2 66 d2 f0 64 d8 19 f0 64 a0 19 a8 0b 17 b0 0b 08 0f d3 90 66 b0 0b 09 11 d3 90 66 b0 0b 0b 10 d3 90 66 d9 cc 46 65 a8 0b 16 b0 0b 0c 12 d3 90 66 a8 0b 1b d2 4d 65 b0 0b 0c 12 d3 90 66 b0 0b 0e 10 d3 90 66 b0 0b 10 10 d3 90 66 b0 0b 11 12 d3 90 66 b0 0b 12 0f d3 90 66 b0 0b 13 12 d3 90 66 d2 f0 64 d8 1a f0 64 a0 1a a8 0b 17 b0 0b 15 0f d3 90 66 b0 0b 17 12 d3 90 66 b0 0b 18 0d d3 90 66 d9 cd a5 65 a8 0b 16 b0 0b 1a 0c d3 90 66 a8 0b 1b d2 ac 65 b0 0b 1a 0c d3 90 66 b0 0b 19 13 d3 90 66 b0 0b 1c 0d d3 90 66 b0 0b 1e 0b d3 90 66 b0 0b 1f 0d d3 90 66 b0 0b 21 0a d3 90 66 d2 f0 64 d8 1b f0 64 a0 1b a8 0b 17 b0 0b 22 0d d3 90 66 b0 0b 23 08 d3 90 66 b0 0b 24 0a d3 90 66 d9 ce 04 66 a8 0b 16 b0 0b 26 08 d3 90 66 a8 0b 1b d2 0b 66 b0 0b 26 08 d3 90 66 b0 0b 28 09 d3 90 66 b0 0b 2a 08 d3 90 66 b0 0b 2d 09 d3 90 66 b0 0b 2e 07 d3 90 66 b0 0b 2f 05 d3 90 66 d2 f0 64 d8 1c f0 64 a0 1c a8 0b 17 b0 0b 31 05 d3 90 66 b0 0b 32 04 d3 90 66 b0 0b 32 0c d3 90 66 d9 cf 63 66 a8 0b 16 b0 0b 35 0c d3 90 66 a8 0b 1b d2 6a 66 b0 0b 35 0c d3 90 66 b0 0b 36 10 d3 90 66 b0 0b 37 0d d3 90 66 b0 0b 38 0c d3 90 66 b0 0b 39 0b d3 90 66 b0 0b 3c 14 d3 90 66 d2 f0 64 bc 0b 0c ba 0b fd b0 00 ff fd b1 80 00 bb 0b fd b6 0c 08 ba 0c fd b1 e0 00 bb 0c b0 0d 00 00 f8 45 26 bf 66 13 89 d4 03 00 f0 00 01 f0 00 d7 f0 00 fd 39 13 bf 66 13 f2 ad 00 f2 45 a6 aa 0b f0 00 fe a0 18 fe 70 fd 31 00 f2 56 02 0c 06 10 45 50 08 10 40 d3 2d 67 68 45 00 08 1f 00 95 01 38 fd 9c 23 00 81 01 71 00 8e 0c 04 80 0c 1d b0 0b 80 19 b0 0c 80 0e 89 d3 23 62 00 99 fd 9e 21 10 45 52 08 20 04 25 80 02 f4 ff 10 40 fd 9e 0a 55 07 43 21 0b 04 00 f2 d2 01 d2 54 64 fe 00 03 08 41 0a d4 02 f0 00 d8 18 c0 67 d9 dd 32 67 d7 00 03 08 41 0d d4 02 f0 00 d8 18 c0 67 d9 dd 44 67 d7 00 03 08 41 0c d4 02 f0 00 d8 18 c0 67 d9 dd 56 67 d7 00 03 08 41 0e d4 02 f0 00 d8 18 c0 67 d9 dd 68 67 d7 00 03 08 41 0b d4 02 f0 00 d8 18 c0 67 d9 dd 7a 67 d7 00 03 08 41 8e d4 02 f0 00 d8 18 c0 67 d9 dd 8c 67 d7 00 03 08 41 8c d4 02 f0 00 d8 18 c0 67 d9 dd 9e 67 d7 00 03 08 41 8d d4 02 f0 00 d8 18 c0 67 d9 dd b0 67 d7 d2 2d 67 77 20 fe 70 fd 31 00 f2 57 02 0c 21 10 45 50 02 10 46 50 02 10 45 50 06 10 40 50 05 51 03 10 45 51 05 10 40 41 50 05 10 45 50 01 10 40 d3 2d 67 dc 1c f9 67 ac 01 00 fd 57 68 45 00 06 38 00 95 01 38 fd 9c 23 00 81 01 71 00 8e 0c 04 80 0d 43 b0 0b 80 1b b0 0c 80 21 89 d3 23 62 00 9a fd 9e 21 10 45 62 20 20 04 25 80 02 f4 ff 10 40 fd 9e 0a 55 07 63 04 21 0b 04 00 f2 d2 01 d2 54 64 fe d9 c5 47 68 40 a8 2d 70 fd 31 00 f2 58 02 0c f2 87 02 d3 2d 67 68 45 00 09 38 00 95 01 38 fd 9c 23 00 81 01 71 00 8e 0c 04 80 0c 43 b0 0b 80 19 b0 0c 80 20 89 d3 23 62 00 98 fd 9e 21 10 45 62 20 20 04 25 80 02 f2 ff 10 40 fd 9e 0a 55 06 21 0b 04 00 f2 d2 01 d2 54 64 fe 40 a9 2d 70 fd 31 00 f2 59 02 0c 0d f0 db 10 40 54 04 10 40 55 07 45 10 40 fd 42 d3 2d 67 fd 40 d9 c6 c2 68 53 01 a1 c6 68 45 00 04 53 00 95 01 38 fd 9c 23 00 81 01 71 00 8e 0c 04 80 04 4c b0 0b 80 05 b0 0c 80 21 89 d3 23 62 00 98 fd 9e 21 10 45 52 08 20 04 25 80 02 e4 ff 10 40 fd 9e 0a 51 03 21 0b 04 00 f2 d2 01 d2 54 64 fe 15 87 10 43 63 08 71 10 40 70 40 aa 2d fd 31 00 f2 5a 02 0c 08 f0 9f 10 45 54 06 10 40 d3 2d 67 68 45 00 0e 70 00 95 01 38 fd 9c 23 00 81 01 71 00 8e 0c 04 80 08 69 b0 0b 80 11 b0 0c 80 35 89 d3 23 62 00 91 fd 9e 21 20 04 25 80 02 ec ff 10 45 53 02 21 0b 04 00 f2 d2 01 d2 54 64 fe ba 15 bb 1a f0 00 dd dd 69 69 f0 02 0c fa 00 fa 0c 16 10 43 62 04 66 08 62 08 66 08 62 04 10 45 e4 1a 00 00 8d 69 9c 37 00 09 fd 9e 41 08 43 80 7e 90 00 b0 06 00 00 d4 07 ba 15 e2 00 00 ac 69 3e 11 00 ac 69 b3 15 f0 00 b2 06 d7 f0 00 3d b1 69 00 88 08 13 05 f0 03 08 41 0a 0c fb 00 fb a5 dd a1 c5 fe f0 00 dc 1c c9 69 15 f2 2b 00 f0 00 dc 1b d3 69 19 f2 2a 00 f0 13 1a f2 29 00 fe d9 c7 ef 69 18 f2 2d 00 d2 f8 69 14 83 08 40 05 14 f2 2d 00 17 8f fd 0f 03 10 40 10 80 7f 80 00 43 f0 0b fd 03 17 07 06 10 c0 7f 40 00 47 15 13 fd 9e 37 10 43 06 60 04 64 08 60 08 64 08 60 08 64 04 71 b0 06 00 00 d4 07 3e 11 15 32 6a f0 00 b2 06 d7 f0 1d d8 19 42 6a a0 19 d2 f8 69 17 88 fd 0e 07 10 c1 55 09 71 f0 b3 16 87 7f 00 00 f0 0c fd 03 17 08 fd 9e 37 10 80 08 40 02 16 04 90 05 5a 09 b0 06 00 00 d4 07 3e 11 17 72 6a f0 00 b2 06 d7 f0 13 d8 1a ad 6a 17 89 09 71 06 10 45 10 81 54 02 15 07 92 03 5a 08 7f 00 00 17 91 f0 06 07 73 06 10 c3 7f 58 00 50 02 fd 9e 41 07 73 16 82 6b 08 a0 1a d2 4e 6a d9 c7 b8 6a ac 01 00 fd 57 a1 c7 fe 00 82 fd 17 b0 12 00 00 b0 1a 10 00 b0 13 01 00 a8 11 00 fd 31 00 04 92 0b 43 00 0f 04 10 41 55 12 71 1c a0 20 04 28 00 00 00 00 00 00 00 00 00 00 00 00 00 00 00 00 06 04 10 41 10 80 08 42 83 6a 09 61 08 1c 02 55 0b 1b 86 10 c1 55 0b 10 80 1c f2 cb 02 d3 f1 6c d3 0c 6d f0 13 d3 f1 6c d3 0c 6d d3 f1 6c d3 0c 6d 00 87 10 c1 55 08 06 10 40 d3 f1 6c d3 0c 6d 1b 87 10 83 04 f0 27 10 80 d3 f1 6c 1b 03 10 81 04 00 81 04 a8 0e 03 d3 0c 6d 17 f2 c3 02 18 f2 c3 02 19 f2 c3 02 f0 3b 30 d2 a0 6c 89 ea 01 1a 89 ea 02 1a 89 ea 03 1a 89 ea 04 1a 89 ea 05 1a 89 ea 06 1a 89 ea 07 1a f0 0f 1a 92 92 0b 41 00 fd 0f 03 00 10 c1 55 06 08 40 0a 7f 40 00 00 a1 0c f0 10 40 10 81 d4 03 9c 03 67 08 d7 7f 6b 00 f0 1d d4 07 9c 03 63 08 d7 d4 01 7f 6b 00 f0 1d d7 d3 25 6d 00 9f f0 23 fd 9e 31 10 40 10 81 7e 70 00 08 43 07 d4 0f 01 f0 00 00 61 01 d7 09 f0 1d 10 45 65 10 17 12 10 c0 fd 9e 32 7f 38 00 08 50 02 f0 1f 09 10 81 55 06 00 9d f0 53 fd 9e 31 7e 70 00 08 43 07 10 41 d4 17 01 61 02 00 61 02 d7 09 f0 1d 92 07 3b 00 17 86 08 40 00 83 03 06 00 86 10 40 10 81 53 02 d3 25 6d 00 99 f0 10 7f 6c 00 f0 16 10 40 fd 9e 0a fd 03 7e 6c 00 65 20 f0 1d 92 07 3b 00 18 19 10 c0 fd 9e 32 7f 38 00 08 50 02 f0 1f 09 10 81 55 04 10 c3 08 40 00 51 08 00 93 f0 47 7f 6c 00 f0 16 10 40 fd 9e 0a fd 03 7e 6c 00 65 20 1d f3 cc 02 18 05 f0 1d 83 fe fc 00 88 f0 1d 92 07 3b 00 0b f0 95 02 00 1a 84 09 51 06 01 89 ea 01 61 89 ea 02 62 89 ea 03 63 89 ea 04 64 89 ea 05 65 89 ea 06 66 89 ea 07 67 f0 1f 31 40 ac 2d 40 af 6d 9b 9b 9b 9b 9b 9b 9b 9b 9b 9b 9b 9b 9b 9b 9b 9b 9b 9b 9b 9b 9b 9b 9b 9b 9b 9b 9b 9b 9b 9b 9b 9b 9b 9b 9b 9b 9b 9b 9b 9b 9b 9b 9b 9b 9b 9b 9b 9b 9b 9b 9b 9b 9b 0d f2 c0 02 0e f2 8f 02 0f f2 c1 02 91 26 fd 46 ae 0d fe 1c 10 66 04 08 42 04 66 04 64 08 08 42 84 64 08 14 01 1b 86 f0 03 73 f0 03 71 fe 1c 0e 60 08 08 42 04 60 08 08 42 83 62 08 14 01 1b 86 f0 03 73 f0 03 75 fe 14 1e 01 92 05 36 00 fd 0f 02 73 06 10 c2 63 24 fd 9e 31 00 7f 18 00 41 c4 07 c0 00 17 ed 39 6d 17 05 f0 31 7f 70 00 fe f0 00 dc 18 5a 6d 17 03 7f 68 00 a4 18 dc 19 65 6d 18 03 7f 68 00 a4 19 dc 1a 4d 6d 19 03 7f 68 00 a4 1a d2 4d 6d 46 00 a4 1d 34 00 42 d3 6d 86 6d c6 00 c0 00 01 ec d3 6d 10 04 fd 0d 0c f0 10 fb 00 af 0c f0 fd 03 fd 9e 31 13 02 7e 70 00 08 43 07 10 40 fd 02 d4 0f 01 f0 00 00 c2 12 d0 ff ef b7 6d 61 01 b3 12 d2 b9 6d f0 00 d7 09 13 01 0b f0 34 80 c2 12 00 00 ee d0 6d b0 0e 02 00 45 b1 3d fe 47 00 fe b0 14 24 00 10 04 fd 0d 0c f0 10 fb 00 c0 0c f0 ba 12 b8 14 c0 40 00 ef f0 6d d2 f5 6d ba 14 d2 0c 6e ac 40 00 b9 12 e3 00 00 0c 6e fd 9e 0a fd 03 7e 6c 00 fd 02 d2 1f 6e 10 40 fd 9e 0a fd 03 7e 6c 00 fd 02 d6 06 65 01 b2 12 d7 0b f0 34 80 c2 12 00 00 ef d0 6d b0 0e 78 00 45 b1 3d fe 34 80 fd 42 f0 00 d8 1c b6 6e ca e7 08 00 94 6e e7 01 00 94 6e e7 04 00 a5 6e e7 02 00 a5 6e f0 00 d8 1c b6 6e dc 1d 36 6e c2 12 00 00 ea 8f 6e ef 80 6e b3 13 e5 13 00 00 36 6e 00 8a 10 40 0c f0 61 01 b3 12 0b f0 b0 13 01 00 d2 38 6e 00 8a 10 40 0c f0 65 01 b2 12 0b f0 d2 38 6e a4 1d d2 36 6e e4 1a 28 00 51 6e 00 84 10 41 67 02 b2 1a d2 53 6e e4 1a 00 00 51 6e 00 84 10 41 63 02 b3 1a d2 53 6e fd 40 30 fd 43 fd 44 46 00 46 01 0d f2 a1 00 0e f2 a1 00 14 f2 a1 00 15 f2 a1 00 16 f2 a1 00 17 fb 18 fb 19 fb 0d f0 82 55 0f 95 05 00 fd 45 34 00 d8 6f 6b 6f 6a 36 a2 6a 36 a1 6a 36 a0 0d fe 1b ff 1b f3 a0 00 b4 11 e2 00 00 0a 6f 60 a5 24 01 d2 0e 6f 60 a9 24 01 1b 08 07 10 c1 f0 03 53 08 01 1c 0a 66 04 08 42 04 66 04 f0 3f 01 00 8c 0c f0 0c 04 10 c1 05 07 90 05 36 00 90 25 95 03 7f 00 9c 75 10 82 08 42 87 f0 31 09 10 81 06 43 f0 09 57 02 f0 09 07 75 f0 07 74 f0 07 53 05 fd 30 65 a0 6f a1 38 a1 78 a1 44 a1 84 a1 39 68 05 80 08 5c 00 fe d9 dc fe 6f 6a 0e a2 6a 0e a1 6a 0e a0 0d fe b4 12 fd b0 0f 00 bb 19 b4 12 fd b6 00 fc fd b0 07 00 b8 19 bb 19 b4 12 fd b6 00 f9 fd b0 01 00 b8 19 e2 00 00 a8 6f 60 a6 24 01 d2 ac 6f 60 aa 24 01 00 8c 0c f0 0c 04 10 c1 05 07 90 05 36 00 90 25 95 03 7f 00 8b 75 10 82 08 42 87 f0 77 09 53 05 fd 30 65 e0 12 00 f6 6f b4 12 fd b0 0f 00 60 ab 84 41 b4 12 fd b6 00 fc fd b0 07 00 ac 84 b4 12 fd b6 00 f9 fd b0 01 00 ad a4 a1 44 a0 71 4b db 00 fe 6a 0e a2 6a 0e a1 6a 0e a0 0d fe 00 8c 0c f0 0c 04 10 c1 05 07 90 05 36 00 00 8b 75 10 82 08 42 87 f0 77 09 53 05 fd 30 a1 44 60 ae a4 41 4b db 00 fe a8 0e 03 d4 06 15 f2 c5 02 f0 d1 d7 d8 6f 4a 70 d8 1f 4a 70 a0 1f 1b f2 cd 02 f0 1d a8 0e 02 d4 06 e9 5f 70 14 f2 c4 02 15 f2 c5 02 d2 72 70 15 f2 c5 02 16 f2 c6 02 d2 72 70 16 f2 c6 02 14 f2 c4 02 f0 d1 d7 f0 1d a8 0e 01 d4 06 14 f2 c4 02 15 f2 c5 02 16 f2 c6 02 f0 d1 d7 f0 1d a8 0e 00 a0 1b 18 f5 c8 02 19 f5 c8 02 17 81 47 17 f5 c8 02 fe 46 00 a4 1d 34 00 42 f1 70 ad 70 c6 00 c0 20 01 ec f1 70 10 fd 10 fb 00 aa 0c f0 fd 03 fd 9e 31 7e 70 00 08 43 07 fd 02 10 41 01 f0 00 00 c2 12 c3 ff ef e0 70 61 02 b1 12 fe ff d2 cc 70 f0 00 09 0b f0 34 80 10 fc b0 0e 02 00 45 b1 3d fe 10 ff 10 f2 c7 02 b0 14 30 00 d2 d7 6d a0 1d fe dc 21 06 71 fe 1c fd 46 00 34 00 1d f2 cc 02 ac 01 00 fd 57 aa 11 f0 07 1c 10 10 41 66 04 08 42 04 66 04 64 08 08 42 84 64 08 1b 87 07 f0 03 73 f0 03 71 1c 0c 60 08 08 42 04 60 08 08 42 83 62 08 1b 87 f0 03 73 f0 03 75 06 d8 1f 53 71 1b f2 cd 02 00 9f 0c f0 fd 9e 16 fd 03 10 c1 7e 70 00 08 43 07 fd 02 d4 0f 01 f0 00 00 61 01 b3 12 d7 09 0b f0 dc 1f 7c 71 1b f4 ce 02 a0 1f 34 80 47 00 1c fc fe a8 0e 1a 00 84 10 c1 55 08 1a 8f 92 0b 43 00 fd 0f 03 00 10 c1 55 07 7f 40 00 9c 57 00 81 71 de 34 fc 71 de 33 f2 71 e1 12 00 e8 71 60 b5 a4 60 66 db 71 f0 09 00 f3 9e 02 1a 89 10 c1 47 08 40 0a 7f 40 00 00 8b d4 03 7b 07 f0 05 d7 10 81 06 04 a0 22 d2 a7 72 f0 09 00 f3 9f 02 60 b6 a4 60 d2 0d 72 60 b4 a4 60 66 1e 72 d2 03 72 60 b7 a4 60 66 1e 72 d2 03 72 60 af a4 60 66 1e 72 f0 09 00 f3 9e 02 60 b0 a4 60 9c 57 1a 03 51 07 01 00 83 51 07 01 fd 46 b6 0d fe b4 11 c0 08 00 ed 44 72 f0 09 00 f3 9f 02 d8 72 3a 72 60 b3 a4 60 66 44 72 d2 03 72 60 b2 a4 60 66 44 72 d2 03 72 f0 09 00 f3 9f 02 60 b1 a4 60 9c 57 1a 84 09 51 06 01 00 85 75 06 10 40 04 40 b7 6d 0d f2 c0 02 0e f2 8f 02 0f f2 c1 02 a1 dc fd 46 ae 0d fe 00 82 fd 17 b0 12 00 00 b0 1a 10 00 b0 13 01 00 b7 16 06 00 b2 16 a8 0f 03 fd 31 00 04 92 0b 43 00 0f 04 10 41 55 12 71 de 34 85 71 de 33 85 71 d8 71 85 71 1b 8e fd 00 04 08 40 81 10 41 10 80 6b 08 55 0a d8 22 c5 72 00 88 10 c1 55 08 06 10 40 04 a8 0e 03 17 f2 c3 02 18 f2 c3 02 19 f2 c3 02 f0 3b 30 89 ea 01 1a 89 ea 02 1a 89 ea 03 1a 89 ea 04 1a 89 ea 05 1a 89 ea 06 1a 89 ea 07 1a f0 0f d8 22 0d 73 1a 92 92 0b 41 00 fd 0f 03 00 10 c1 55 06 08 40 0a 7f 40 00 9c 57 60 a7 84 60 66 33 74 60 9f 84 60 00 a1 0c f0 10 40 10 81 d4 03 9c 03 67 08 d7 7f 6b 00 f0 1d d4 07 9c 03 63 08 d7 d4 01 7f 6b 00 f0 1d d7 a0 84 d3 8c 74 00 9f f0 23 fd 9e 31 10 40 10 81 7e 70 00 08 43 07 d4 0f 01 f0 00 00 61 01 d7 09 f0 1d 10 45 65 10 17 12 10 c0 fd 9e 32 7f 38 00 08 50 02 f0 1f 09 10 81 55 06 00 9d f0 53 fd 9e 31 7e 70 00 08 43 07 10 41 d4 17 01 61 02 00 61 02 d7 09 f0 1d 92 07 3b 00 17 86 08 40 00 83 03 06 a1 84 00 86 10 40 10 81 53 02 d3 8c 74 00 99 f0 10 7f 6c 00 f0 16 10 40 fd 9e 0a fd 03 7e 6c 00 65 20 f0 1d 92 07 3b 00 a8 84 18 19 10 c0 fd 9e 32 7f 38 00 08 50 02 f0 1f 09 10 81 55 04 10 c3 08 40 00 51 08 00 9d f0 47 7f 6c 00 f0 16 10 40 fd 9e 0a fd 03 7e 6c 00 65 20 f0 00 3d f8 73 7e 6c 00 f0 04 1b 1e fd 9e 1b 13 03 fd 0f 03 08 40 80 d4 08 00 f0 01 01 f0 00 d7 f0 48 92 06 39 05 00 08 40 81 18 05 f0 63 83 fe fc 00 88 f0 63 92 07 3b 00 0b f0 a3 a4 9c 57 95 02 00 1a 84 09 51 06 01 89 ea 01 61 89 ea 02 62 89 ea 03 63 89 ea 04 64 89 ea 05 65 89 ea 06 66 89 ea 07 67 31 1b 84 10 41 55 09 a8 12 00 40 ac 2d 40 af 6d 0d f2 c0 02 0e f2 8f 02 0f f2 c1 02 b0 0f 90 01 45 0f 76 1b f2 60 01 a5 dc 91 26 fd 46 ae 0d fe 14 1e 01 92 05 36 00 fd 0f 02 73 06 10 c2 63 24 fd 9e 31 00 7f 18 00 41 c4 07 c0 00 17 ed a0 74 17 05 f0 31 7f 70 00 fe b4 12 fd b0 0f 00 bb 12 b4 12 fd b6 00 fc fd b0 07 00 bb 13 b4 12 fd b6 00 f9 fd b0 01 00 bb 14 fe a1 44 4b db 00 fe a8 0e 03 d4 06 e9 ea 74 14 f2 c4 02 d2 f5 74 15 f2 c5 02 d2 f5 74 16 f2 c6 02 f0 d1 d7 f0 1d d4 06 e9 0a 75 14 f2 c4 02 15 f2 c5 02 d2 1d 75 15 f2 c5 02 16 f2 c6 02 d2 1d 75 16 f2 c6 02 14 f2 c4 02 f0 d1 d7 f0 1d d4 06 14 f2 c4 02 15 f2 c5 02 16 f2 c6 02 f0 d1 d7 f0 1d f0 d1 f0 d1 d4 01 f0 d1 f0 d1 b4 11 c0 08 00 ec 4e 75 9d 0e 28 1c f2 6c 01 d7 fe 34 00 1c fd 1c f3 6d 01 ac 01 00 fd 57 aa 11 34 80 a0 72 fe fe 71 fe d0 09 01 b4 08 b5 0e fe a6 cf fd 4d 00 02 e2 5d 00 8d 75 fd 4d 09 02 e2 5d 00 8d 75 fd 4d 0a 02 e2 5d 00 8d 75 fe a2 cf fe fe b0 0b 17 00 b0 0c 2f 00 d1 42 00 68 57 00 07 45 00 95 01 60 fd f0 57 32 ae 75 19 01 00 a2 e3 9c 13 d1 1a 01 71 f0 00 3d b6 75 9b 9c 3a a4 48 d2 d0 75 95 01 60 fd f0 57 32 cf 75 19 01 00 71 d1 04 0e de cf e1 75 fd f0 57 32 e1 75 a6 cf 9c 95 35 ff fe 10 fa 10 82 12 03 da e1 f2 75 9c 1a f0 3b 10 f3 7c 02 60 1b 22 d0 c3 e2 33 00 3d 76 e2 ef 01 3d 76 10 89 0c f0 0c 04 75 06 80 0c 75 f0 1d c3 e2 bf 00 1e 76 6a 17 80 d2 21 76 6a bf 80 9c 10 10 82 45 01 f0 09 c3 e2 bf 00 35 76 6a 17 00 d2 38 76 6a bf 00 9c 10 a2 e1 fe 10 89 0c f0 0c 04 10 c3 51 05 01 16 f9 a6 e1 fe d3 74 76 30 d8 62 64 76 ac 02 00 9c 1b 60 30 a8 02 31 aa 0f a0 62 fe d3 74 76 30 ac 02 00 9b 9b 9b 9b 9b 9b 9b 9b fe f0 00 d8 26 74 76 d8 25 74 76 d8 27 74 76 fe d3 74 76 30 d8 63 9a 76 ac 01 00 9c 1b 60 2f a8 02 31 aa 0f a0 63 fe d3 74 76 30 ac 01 00 9b 9b 9b 9b 9b 9b 9b 9b fe d3 74 76 30 d8 64 c1 76 ac 03 00 9c 1b 60 31 a8 02 aa 0f 31 a0 64 fe d3 74 76 30 ac 03 00 9b 9b 9b 9b 9b 9b 9b 9b fe d8 25 dc 76 60 22 a9 c0 a4 18 fe d1 c8 01 60 21 a9 c0 a4 18 40 d5 a1 fe da 5d d1 76 d8 25 ff 76 60 23 a9 c0 66 64 75 60 24 a9 c0 a4 18 fe d1 c8 01 60 20 a9 c0 a4 18 40 d5 a1 fe da 0b 64 75 00 f2 8b 01 00 07 0c f0 90 10 1e 04 77 0c 03 80 0c 09 f0 1d fd 32 14 83 43 63 04 00 81 77 60 2b a2 d4 36 81 09 08 92 12 37 00 77 fd 0f 03 14 88 f0 1d 08 48 06 f0 09 09 00 08 f0 27 08 48 87 f0 09 09 fd 32 f0 13 14 06 10 46 47 67 04 73 60 2c a2 d4 00 83 08 43 84 f0 3b 14 83 08 48 07 60 2d 22 d4 14 03 f0 3b 09 00 83 f0 3b 09 65 00 ac 08 4a 07 9c 00 7e 50 00 f0 00 08 4b 95 f0 00 3d 8c 77 f0 1d 09 08 4a 03 f0 03 08 4a 17 f0 05 08 4a 03 f0 05 08 4a 13 f0 05 08 4a 16 14 12 09 06 04 10 40 67 08 10 43 67 04 08 48 07 f0 3b 09 05 f0 77 60 2e a2 60 fd 31 95 01 00 f0 59 91 24 00 81 09 00 f3 9e 02 f0 09 00 50 7f 6c 00 f0 00 3d dc 77 f0 07 d4 01 08 4a 9a f0 03 08 4a 1a f0 03 08 4b 02 f0 03 08 4b 82 f0 03 d7 08 4a 9a f0 01 08 4a 1a f0 01 08 4b 02 f0 01 08 4b 82 f0 01 01 f0 01 00 08 4a 1a f0 01 01 f0 01 00 08 4b 82 f0 01 09 92 17 2c 00 00 73 10 83 1b 45 01 92 10 1e 04 08 48 8a f0 46 00 f0 01 01 f0 01 08 4a 02 00 f0 01 01 f0 01 08 48 8a 00 f0 01 08 48 0a f0 01 08 4a 02 f0 01 08 4a 82 f0 01 d4 01 08 48 8a f0 03 08 48 0a f0 03 08 4a 02 f0 03 08 4a 82 f0 03 d7 09 06 08 48 01 f0 01 09 fd 32 14 f2 43 00 15 f2 45 00 16 f2 47 00 17 f2 46 00 18 f2 44 00 19 f2 44 00 1a f2 45 00 1b 98 f0 1d 09 10 44 47 73 9c 1a 08 48 0a f0 07 08 48 0b f0 07 08 48 0a f0 07 1b 0a 08 48 0b f0 07 09 92 16 30 00 00 0f f0 07 92 10 1d 04 10 43 53 02 77 92 17 2c 00 09 f8 09 99 f0 0f 92 0f 1f 04 f0 05 9c 67 08 4a 82 f0 05 08 49 16 f0 05 08 4a 82 f0 05 09 0b 08 49 16 f0 05 92 12 37 00 09 73 00 0d f0 05 92 0f 1f 04 57 02 73 92 17 2c 00 1b 97 f0 0d 92 10 1d 04 9c 1a 08 48 0a f0 07 08 48 0b f0 07 08 48 0a f0 07 1b 0a 08 48 0b f0 07 09 92 16 30 00 00 0d f0 07 92 10 1d 04 53 02 77 92 17 2c 00 09 b6 f0 0f 92 0f 1f 04 10 46 06 67 04 9c 67 08 51 09 67 04 08 48 00 67 04 08 51 09 67 04 08 48 00 f0 07 08 51 09 f0 01 9b 08 4a 02 f0 01 08 4a 82 f0 01 08 51 89 f0 01 09 14 08 51 09 f0 01 01 08 51 89 f0 01 00 f0 01 92 12 37 00 09 07 00 b8 f0 01 08 4b 02 92 10 1e 04 01 08 4a 9a f0 01 00 f0 01 08 4a 1a f0 01 08 4b 02 f0 01 08 4b 82 f0 01 08 4a 9a f0 01 08 4a 1a f0 01 08 4b 02 f0 01 08 4b 82 f0 01 09 05 77 14 88 07 43 10 43 4a 4b 4a 4b 60 2f a2 60 00 85 f0 09 08 48 87 f0 3b 14 0e 10 46 65 08 73 f0 13 41 73 f0 13 65 08 73 60 30 02 60 60 31 a2 60 fd 32 a0 4a 00 f3 9f 02 f0 1d 00 0a 7f 6c 00 f0 1b 92 17 2c 00 73 1b 0d 77 08 48 8c f0 1b 92 10 1e 04 09 47 73 f0 1f a0 26 14 f2 48 00 15 f2 4a 00 16 f2 47 00 17 f2 46 00 18 f2 49 00 19 f2 49 00 1a f2 4b 00 fd 32 1b 0d fd 9e 1a 08 40 02 f0 2f 92 16 30 00 09 00 a5 f0 2e 92 10 1d 04 10 c3 53 02 77 10 81 08 44 00 fd 9e 60 f0 07 fd 9e 60 f0 07 fd 9e 60 f0 07 fd 9e 60 f0 03 09 00 09 10 83 57 02 73 92 17 2c 00 1b d0 f0 07 92 10 1d 04 fd 9e 1a 08 4b 0a f0 01 08 4b 0b f0 01 08 4b 0a f0 03 08 4b 0c f0 01 08 4b 0d f0 03 08 4b 0e f0 01 08 4b 0f f0 01 08 4b 10 f0 01 08 4b 11 f0 01 08 4b 12 f0 01 08 4b 11 f0 01 08 4b 10 f0 01 08 42 00 f0 13 fd 9e 16 08 42 01 1b 03 f0 27 01 00 79 f0 26 92 10 1d 04 43 7e 40 00 f0 07 fd 03 01 f0 4d 92 10 1e 06 73 00 7e 00 00 43 08 43 82 7e 30 00 10 45 67 04 f0 1d 7e 30 00 67 04 f0 3b 10 44 fd 9e 5b 65 01 d4 03 61 02 65 02 d7 61 03 d4 0b 65 04 61 04 d7 65 02 9b 08 4a 07 f0 09 fd 9e 13 f0 13 0c 04 20 04 25 00 0a 40 00 10 45 43 21 fd 03 92 0f 20 33 73 08 53 00 f0 77 fd 02 0b 04 06 57 02 f0 00 3d 44 7b 9c 16 09 aa 08 41 09 f0 0f 09 f0 22 fd 03 92 10 1e 06 73 00 fd 9e 67 f0 0f 08 41 09 f0 0f 09 f0 0f 08 41 09 f0 0f 09 f0 0f 9b 92 14 3b 00 00 8a 08 4b 01 f0 3b 09 05 7f 6c 00 f0 00 3d 83 7b 00 82 09 73 f0 1d 00 f3 9f 02 f0 09 00 c0 07 77 10 80 04 f0 3b 05 08 4a 17 f0 09 08 4a 18 f0 3b 10 81 08 42 03 f0 21 08 4a 08 f0 1d 09 06 02 d4 01 7f 30 00 10 40 62 08 f0 00 3d c0 7b 7f 30 00 10 41 64 10 f0 00 3d cc 7b d7 f0 1d 07 75 f0 1d 00 f3 9f 02 fd 32 00 86 0c f0 10 c3 57 02 1a f6 92 02 f0 3b 14 8d 10 41 fd 02 43 10 43 4a 4b 4a 4b fd 03 60 32 a2 60 14 93 07 10 46 fd 02 0b 04 47 73 08 48 06 f0 3b 09 0c 04 fd 03 60 33 a2 60 00 f3 9e 02 fd 32 f0 3b 00 81 72 00 f2 8b 01 fd 30 a2 0b 36 01 fd 4d 00 00 e2 ff 00 58 7d fd fb f0 09 f0 00 ca e7 0f 00 45 7c d2 3a 7c 00 0a 10 45 63 04 08 43 01 fd 9e 16 60 76 a2 c0 fd 32 00 8f 73 09 74 f0 01 75 f0 01 76 f0 01 80 10 1e 77 f0 09 14 8c fd 02 0b 04 43 63 0c f0 1d 08 48 06 60 bf a3 d4 9c 55 60 be a3 02 a1 10 f0 09 00 8e 72 f0 01 73 f0 01 7f 6c 00 f0 00 3d 91 7c 00 05 10 40 43 63 0c f0 0f 14 01 09 60 76 22 60 fd 32 00 3f fd 02 0b 04 d4 02 7b 01 f0 01 d7 10 81 08 40 84 f0 1d 10 80 d4 02 08 4b 8f 63 04 08 4b 93 63 04 08 4b 92 63 04 08 4b 91 63 04 08 4b 90 63 04 d7 08 4b 8f 63 02 08 4b 93 63 02 08 4b 92 63 02 f0 3b 15 f2 72 02 16 f2 72 02 17 f2 72 02 18 f2 72 02 19 f2 72 02 1a f2 72 02 fd 32 00 08 63 02 fd 9e 16 08 4a 07 0c 8d 10 44 63 02 d4 05 67 04 63 04 d7 67 02 f0 3b 00 07 08 4a 11 f0 3b 77 09 14 04 10 41 53 06 fd 32 14 83 08 48 06 60 c5 a3 60 f0 09 14 81 09 f0 09 60 c6 a3 60 f0 3b 00 8a 70 f0 01 71 f0 01 72 f0 01 73 00 f2 8b 01 fe fd 58 05 e2 00 00 36 7c 14 05 f0 07 08 48 07 34 6f f0 07 34 00 fd 32 60 70 a3 d4 00 84 80 10 1e 77 60 71 a3 d4 f0 09 14 81 09 00 89 71 f0 01 73 f0 01 08 43 03 14 0b 08 48 07 f0 07 09 f0 07 d2 8f 7d 60 72 83 d4 f0 09 14 f0 89 09 f0 1d 08 48 06 f0 03 09 1a f0 8d f0 3b 10 40 0c f0 fd 03 10 81 51 02 73 00 05 09 71 f0 01 77 f0 09 fd 32 65 60 73 83 d4 66 0c 7e f0 09 60 74 83 da 34 00 cb e7 10 00 e2 7d f0 00 d2 d7 7d 64 fd 4c 00 1a 09 10 46 10 80 55 02 71 0b 40 70 f0 1d 7f 14 09 d4 01 08 48 06 f0 03 09 d7 60 75 a3 d4 f0 1d 00 81 72 d2 36 7c 1a 09 10 46 10 80 55 02 71 0b 40 60 76 a3 d4 f0 1d fd 32 d2 06 7e b0 12 00 00 b0 13 00 00 b0 0e 00 00 55 e2 00 00 7d 7e bb 12 b4 18 c1 00 ed 47 7e ea 47 7e b9 12 bb 13 d2 4b 7e b4 18 bb 12 ba 12 d6 12 50 6d d7 e4 13 00 00 a4 7e b4 38 b8 13 bb 12 c0 c9 00 ec 84 7e ba 13 e2 01 00 76 7e 60 b6 a3 60 ba 12 b5 38 d2 a4 7e 60 3a a9 60 d2 6f 7e b4 18 bb 13 d2 58 7e b0 12 c8 00 b9 12 bb 12 b4 38 bb 13 ac c8 00 b9 13 60 ce a9 60 9c 3d f0 3b 60 b8 a3 c0 a8 38 c8 a8 0e 00 a8 18 00 b0 12 00 00 b0 13 00 00 fe d8 f1 64 75 de 2c 64 75 a6 2c fd 31 fd 43 fd 44 fd 45 00 fa 00 f0 84 21 80 14 3d 64 1d fa 1d f0 86 09 77 10 85 fd 0c 00 f0 82 10 c0 dc f2 92 80 d8 1d 75 7f d8 1e 75 7f d8 1f 75 7f 00 03 08 56 05 1d 81 73 1d f2 a8 02 00 f2 a9 02 0c 03 80 11 31 17 f6 16 f6 1e f6 a0 19 a0 27 00 f6 1d f6 00 fa 1d fa d3 f2 7f d8 f1 41 7f b4 4e e2 00 00 34 7f bb 12 d6 12 51 6d d7 a8 4e 00 a8 4b 00 20 81 05 9c 3f 00 03 08 46 86 1d 81 77 d2 45 7f 00 82 09 75 60 7c a3 d5 9c 1b b4 36 bb 12 b4 1a bb 13 ac 00 00 e4 13 00 00 65 7f d6 12 ae d7 b3 13 d2 56 7f fd b6 00 ff b5 18 60 af a3 00 d1 0f 0e d2 20 80 0c 03 80 11 31 d3 af 7f d8 f1 a1 7f 9c 3f 60 7d a3 d5 b4 4e e2 00 00 9e 7f bb 12 d6 12 51 6d d7 a8 4e 00 a8 4b 00 20 81 05 d2 20 80 00 81 75 f0 09 9c 3f 60 7e a3 d5 d2 20 80 d8 1f c4 7f d8 1e d1 7f d8 1d de 7f 17 f6 16 f6 1e f6 d2 e8 7f 16 f6 1e f6 a0 27 17 fa 17 f6 d2 e8 7f 17 f6 1e f6 a0 27 16 fa 16 f6 d2 e8 7f 17 f6 16 f6 a0 27 1e fa 1e f6 16 fa 17 fa 1e fa 19 fa 14 fa 95 03 00 f0 77 91 04 d8 f1 0f 80 15 8d 10 41 10 83 67 08 57 02 51 02 10 85 73 f0 1d fe 15 8c 10 41 10 83 67 08 57 02 51 01 10 85 f0 1d fe f0 1d a8 19 00 a4 18 a4 19 a4 1a a4 1c a4 1d a4 1e a4 1f a4 26 a4 27 a0 1b a4 20 a4 21 a4 22 a4 23 a4 26 d3 cb 82 16 f2 aa 02 1e f2 ad 02 17 f2 ab 02 19 f2 62 00 14 81 75 14 f2 a5 02 a0 25 a0 24 b0 1f 07 00 fd 30 d8 f1 77 80 40 d5 a1 35 0f 15 f2 ac 02 a4 f0 fe 35 ff 00 f2 8b 01 1d 88 fd 0c 0b 40 0b 10 0b 04 15 f2 f0 01 a4 f1 a4 25 a4 24 fe d8 1d 53 82 a8 4e 00 a8 4b 00 00 03 08 56 05 1d 81 73 1d f2 a8 02 00 f2 a9 02 a0 4a d1 14 01 1e f6 1e 85 90 15 3f 00 75 14 fa 16 fa 15 fa 17 fa a0 19 00 f6 1d f6 00 fa 1d fa f0 09 95 03 00 f0 77 94 91 04 19 0e 10 41 10 83 57 02 51 02 73 fd 0c 10 85 04 14 0b 10 c3 55 06 57 0c 71 10 85 fd 0c 15 0c 10 41 10 83 55 04 57 02 10 85 fd 0c fd 32 00 03 08 46 86 1d 81 77 f0 09 19 f3 7c 02 9c 3f 60 90 a3 d9 f0 09 14 f3 7c 02 f0 09 00 03 08 46 06 1d 81 75 f0 09 9c 3f 60 91 a3 d4 f0 09 1e f3 7c 02 f0 09 1d f0 81 71 00 83 08 56 85 f0 09 9c 3e 60 cf a9 de f0 09 9c 3f 1d 06 08 4a 94 f0 09 09 f0 09 60 92 a3 dd 00 03 08 46 86 1d 81 77 19 f3 7c 02 f0 09 00 03 08 46 06 1d 81 75 f0 09 14 f3 7c 02 f0 09 00 03 08 46 05 1d 81 73 f0 09 15 f3 7c 02 f0 09 00 03 08 46 85 1d 81 71 f0 09 00 03 7e 40 00 1d 8f f0 02 08 4a 95 f0 04 09 f0 00 fd 3d 1d d1 81 f0 09 9c 3f 60 93 a3 dd f0 09 9c 3e 60 94 a3 de f0 1d a2 2b 9c 3f 00 08 7e 6c 00 f0 00 3d c3 81 1d 88 f0 07 08 4a 95 f0 07 09 8f 00 00 03 7f a0 4f 68 22 80 14 3d 00 17 fa 1d fa 00 05 09 92 15 3e 00 1d f0 85 92 14 3d 00 71 72 78 7f f0 3b 9c 3f 60 95 a3 dd f0 09 00 f3 9e 02 f0 09 60 96 a3 dd f0 09 a8 18 03 9c 1b a8 07 6d 60 01 a2 00 d1 0f 0e f0 09 60 97 a3 dd f0 09 00 f3 9e 02 f0 1d 1d 8a 9c 3f 08 4a 95 f0 09 09 f0 1d 17 f2 a4 02 00 06 f0 1d 76 f0 3b 72 1d 88 10 45 10 81 57 02 10 80 1d f2 15 00 a0 f2 35 ff fe a0 19 1e fa 1e f6 14 fa 16 fa 15 fa 17 fa 1e fa f0 1d 95 03 00 f0 77 94 91 04 1e 81 75 f0 1d 1d f0 81 71 00 83 08 56 85 9c 3e 60 8f a3 de 8f 00 00 03 7f a0 4f 68 22 80 14 3d 00 17 fa 1d fa 00 05 09 92 15 3e 00 1d f0 85 92 14 3d 00 71 72 78 7f f0 3b 9c 3f 60 a9 a3 dd f0 09 00 f3 9e 02 f0 09 1d 88 08 4a 95 f0 09 09 f0 1d 17 f2 a4 02 1d f2 77 00 35 ff a6 cb fe 14 04 0b f0 fd 0c 16 04 0b f0 fd 0c 15 04 0b f0 fd 0c 17 04 0b f0 fd 0c 19 f0 88 0b f0 0b 04 12 02 fd 0c 1e 04 0b f0 fd 0c 00 82 0b f0 fe b0 1f 03 00 00 f2 20 01 1d f2 21 01 00 f6 6b 22 82 6b 22 84 6b 22 86 00 81 77 f0 09 7f 60 b0 a3 dd f0 09 00 f3 9e 02 f0 09 fd 31 1d 01 77 00 88 51 03 57 01 80 0d 54 75 40 d1 a1 f0 00 fd 97 03 34 83 00 83 08 43 02 0c f2 21 03 00 f3 7c 02 f0 09 00 88 10 41 10 83 09 57 05 74 f0 00 ba 0a c0 11 00 ed 5e 83 00 f3 1e 03 0c f2 21 03 00 88 73 06 04 57 05 05 07 74 f0 00 ba 0a c0 0c 00 ed 7d 83 d2 70 83 00 f3 1e 03 0c f2 21 03 00 88 73 06 04 57 04 05 07 74 f0 00 ba 0a c0 08 00 ed 99 83 00 f3 22 03 f0 00 e4 0a 00 00 a8 83 d2 9d 83 a6 2c d8 1f df 7e d8 1e df 7e d8 1d df 7e 00 f0 82 10 c0 1d f6 00 f0 83 08 42 09 00 f2 a5 02 1d f2 a5 02 d2 ff 7e 60 18 a9 d0 fe 60 1a a9 d0 4c 00 71 fe f8 7d 32 e6 83 19 84 94 fe fa 00 fd f0 7d 3a ef 83 1d 81 00 fd f0 7d 3c f8 83 1e 81 00 fe a0 23 b0 0b 07 00 b0 0c 32 00 d1 42 00 68 7d 80 00 4f 00 34 00 00 8a c8 00 b1 0d 00 09 99 7e 00 00 71 f0 00 3d 1b 84 d1 04 0e de cf 64 75 fd f0 7d ba 36 84 fd f0 7d bc 36 84 d2 64 75 a6 cf 9c 95 fe 68 7a 01 06 7b 00 fd 49 a0 5f 14 f2 d1 03 00 0b 10 41 7f 84 00 55 02 65 14 10 40 71 f0 00 3d 57 84 fe d8 27 67 75 71 fe d9 ef 69 84 71 fe 15 f8 15 87 08 40 05 94 fa fa 00 6a 5a 81 71 fe d8 19 64 75 a0 19 00 83 fd 9e 5a c3 e2 a0 01 93 84 e2 b6 01 97 84 6a 3d 81 fe 6a a0 81 fe 6a b6 81 fe d8 1a 64 75 a0 1a 00 83 fd 9e 5a c3 e2 a0 01 b5 84 e2 b6 01 b9 84 6a 3d 83 fe 6a a0 83 fe 6a b6 83 fe d8 1b 64 75 a0 1b 00 83 fd 9e 5a c3 e2 a0 01 d7 84 e2 b6 01 db 84 6a 3d 89 fe 6a a0 89 fe 6a b6 89 fe d8 1c 64 75 a0 1c 00 83 fd 9e 5a c3 e2 a0 01 f9 84 e2 b6 01 fd 84 6a 3d 85 fe 6a a0 85 fe 6a b6 85 fe d8 1d 64 75 a0 1d 00 83 fd 9e 5a c3 e2 a0 01 1b 85 e2 b6 01 1f 85 6a 3d 87 fe 6a a0 87 fe 6a b6 87 fe 32 1d a6 85 d3 c3 86 a8 07 30 aa 28 ae d1 20 00 f3 7d 3a fd 32 fd 30 fe fd f0 58 29 44 85 14 81 00 71 d1 04 0e de cf 64 75 fd f0 58 29 64 75 a6 cf 9c 95 fe c3 e2 11 00 af 85 e2 45 01 12 86 e2 72 00 c9 85 e2 f2 01 e3 85 e2 f3 01 fa 85 e2 61 00 2d 86 e2 62 00 48 86 e2 57 00 63 86 e2 21 00 7b 86 e2 7d 00 93 86 e2 09 00 ab 86 32 14 a6 85 d3 c3 86 a8 07 30 aa 28 d1 20 00 f3 58 29 fd 32 fd 30 fe 9c 0e 10 f8 10 f2 0e 00 fe 32 18 a6 85 d3 c3 86 a8 07 30 aa 28 d1 20 00 f3 11 30 f3 45 35 fd 32 fd 30 fe 32 15 a6 85 d3 c3 86 a8 07 30 aa 28 d1 20 00 f3 72 2a f3 f2 2b fd 32 fd 30 fe 32 15 a6 85 d3 c3 86 a8 07 30 aa 28 d1 20 00 f3 f2 2b fd 32 fd 30 fe 32 14 a6 85 d3 c3 86 a8 07 30 aa 28 ae d1 20 00 f3 f3 29 fd 32 fd 30 fe 32 1a a6 85 d3 c3 86 a8 07 30 aa 28 ae d1 20 00 f3 11 30 f3 45 35 fd 32 fd 30 fe 32 16 a6 85 d3 c3 86 a8 07 30 aa 28 ae d1 20 00 f3 61 2c f3 62 2a fd 32 fd 30 fe 32 15 a6 85 d3 c3 86 a8 07 30 aa 28 ae d1 20 00 f3 61 2c f3 62 2a fd 32 fd 30 fe 32 19 a6 85 d3 c3 86 a8 07 30 aa 28 ae d1 20 00 f3 57 32 fd 32 fd 30 fe 32 15 a6 85 d3 c3 86 a8 07 30 aa 28 ae d1 20 00 f3 21 2a fd 32 fd 30 fe 32 1e a6 85 d3 c3 86 a8 07 30 aa 28 ae d1 20 00 f3 7d 3c fd 32 fd 30 fe 32 14 a6 85 d3 c3 86 a8 07 30 aa 28 ae d1 20 00 f3 09 28 fd 32 fd 30 fe fd 31 0c 08 10 41 5a 02 10 40 5b 02 fe d8 18 64 75 fd f0 58 29 64 75 a0 18 0c 86 10 41 46 10 40 46 fe a4 10 a8 3f 31 6b b6 81 6b b6 81 6b 3d 80 14 f2 23 03 15 f2 25 03 18 f2 24 03 19 f3 26 03 18 f2 78 01 15 f2 78 01 f0 09 16 f2 78 01 17 f2 78 01 0c 86 10 44 56 04 10 40 00 0b f0 04 10 41 7f 8c 00 57 03 67 0c 70 7f 0c 82 57 0a f0 59 60 50 a9 60 f0 09 0c 03 10 45 47 1b 09 10 45 43 71 06 55 02 07 73 1c 0b 10 45 43 75 06 41 fd 01 41 07 73 1d 0d f0 59 fd 01 92 14 24 04 73 10 46 53 02 fd 32 f0 09 60 51 a9 62 15 fa 16 fa 18 fa 17 fa f0 00 14 f2 74 02 16 f3 74 02 f0 00 14 f2 77 00 16 f2 77 00 15 f2 74 02 f0 07 17 f3 74 02 15 f2 77 00 17 f2 77 00 f0 09 18 f3 74 02 18 f2 77 00 1e f2 77 00 16 04 10 45 45 47 1a 04 10 45 45 77 fd 32 f0 3b 60 52 a9 62 f0 09 15 f2 78 01 14 f2 72 02 16 f2 78 01 19 f2 78 01 18 f2 78 01 f0 77 15 fa 16 fa 19 fa 18 fa f0 00 18 f2 74 02 14 f2 74 02 15 f2 74 02 16 f2 74 02 19 f3 74 02 60 53 a9 62 f0 09 1d 83 43 41 75 f0 09 60 54 a9 62 f0 09 1d 81 73 f0 59 1d 81 75 f0 09 60 55 a9 62 f0 3b 15 f2 78 01 14 f2 72 02 16 f2 78 01 19 f2 78 01 18 f2 78 01 f0 77 15 fa 16 fa 19 fa 18 fa f0 00 15 f2 74 02 16 f2 74 02 19 f2 74 02 14 f2 74 02 18 f3 74 02 1d 81 73 f0 09 60 56 a9 62 f0 09 1d 8f 10 81 08 40 02 f0 3b 09 10 40 75 f0 01 57 03 f0 1d 60 57 a9 62 f0 1d 60 58 a9 62 f0 1d 20 68 08 48 18 92 14 24 04 fd 01 10 46 43 f0 1d 10 41 63 02 f0 1d 63 02 f0 1d 10 46 63 04 f0 09 63 02 10 40 08 48 0e 63 02 08 48 0f 63 02 08 48 10 63 02 08 48 11 63 02 08 48 12 63 02 08 48 13 63 02 10 45 d4 03 08 48 14 63 01 08 48 15 63 01 d7 d4 02 08 48 16 f0 01 08 48 17 f0 01 08 48 18 f0 01 d7 f0 1d 08 48 00 fd 01 1d 07 f0 b3 43 10 45 53 02 fd 32 f0 09 60 66 a9 62 f0 09 14 83 10 40 47 f0 09 60 59 a9 60 f0 09 14 83 06 43 07 f0 09 1a 81 47 f0 09 60 5a a9 60 f0 09 1a 83 06 43 07 f0 09 16 81 47 f0 09 60 5b a9 60 f0 09 16 83 06 43 07 f0 3b 20 83 08 48 19 f0 3b 1d 83 63 08 75 f0 09 60 5c a9 62 f0 09 1d 86 73 06 10 46 65 04 f0 1d 20 8c d4 02 09 f0 03 08 48 19 f0 03 d7 09 f0 09 1d 89 07 75 06 10 41 10 83 61 08 f0 09 60 5d a9 62 f0 09 1d 85 07 73 f0 01 71 f0 09 60 5e a9 62 f0 09 1d 81 77 f0 09 60 5f a9 62 1d 84 75 f0 01 73 f0 09 60 60 a9 62 f0 09 1d 85 10 85 08 40 02 60 61 a9 62 f0 3b 1d 81 09 60 62 a9 62 f0 09 1d 87 10 45 67 08 f0 1d 75 f0 1d 60 63 a9 62 1d 16 10 40 4a 10 41 6b 06 10 43 6b 0a f0 77 10 81 10 45 55 01 57 03 01 20 48 f0 17 08 48 16 f0 03 08 48 17 f0 01 08 48 18 f0 03 d4 01 08 48 16 f0 01 08 48 17 f0 01 08 48 18 f0 03 d7 09 10 80 10 45 08 40 01 47 08 48 1d 67 02 f0 09 08 48 1e 67 02 f0 09 08 48 1f 10 46 67 04 10 45 08 40 01 47 01 f0 77 17 f2 2a 03 16 f2 2d 03 f0 09 15 f2 2b 03 1a 08 21 43 04 10 85 fd 0f 03 f0 13 19 f2 2c 03 18 f2 2f 03 14 f2 72 02 f0 27 1b 04 51 02 47 73 1c 06 fd 00 55 02 47 73 0c 86 10 40 64 08 53 08 00 01 75 1f 91 01 92 0d 37 04 94 f8 00 00 75 00 10 45 10 80 45 71 60 64 a9 df f0 09 00 90 08 4a 97 f0 03 08 4a 98 f0 05 08 4a 97 f0 01 09 f0 09 60 65 a9 df 1f 8d 08 48 86 f0 13 09 f0 1d 10 81 61 08 01 f0 09 00 83 09 07 72 00 f2 8b 01 a0 f7 a1 80 fe d8 fc b2 8a 60 6c a9 d0 fe 60 03 ae d0 fe d8 fc c0 8a 60 71 a9 d0 fe 60 c3 ae d0 fe d8 fc ce 8a 60 6d a9 d0 fe 60 04 ae d0 fe d9 ef e5 8a d8 fc e0 8a 60 6b a9 d0 fe 60 01 ae d0 fe 60 89 ae d0 fe d8 fc f3 8a 60 70 a9 d0 fe 60 c4 ae d0 fe da 23 0a 8b d8 fc 05 8b 60 6f a9 d0 fe 60 c0 ae d0 fe d9 ef 13 8b 60 c1 ae d0 fe 60 c2 ae d0 fe d8 fc 21 8b 60 6e a9 d0 fe 60 02 ae d0 fe d8 fc 2f 8b 60 72 a9 d0 fe 60 c5 ae d0 fe 42 3e 8b 3e 8b 60 73 a9 d0 fe 60 73 a9 d0 00 8a 08 43 89 7e 6c 00 53 02 63 08 f0 00 3d 4e 8b 00 f2 8b 01 fe d8 f4 64 75 d8 18 64 75 a0 18 00 8b 0c f0 f0 00 3d 66 8b 80 03 11 70 1d 9a 01 0c f0 0c 04 92 03 11 00 94 08 02 00 77 06 10 80 10 45 00 60 18 05 07 09 75 f0 09 60 74 a9 dd f0 09 1d 06 f0 1d 77 f0 01 71 00 03 f0 1d 71 60 75 09 d4 fd 32 14 88 10 45 10 80 43 10 85 75 65 14 05 10 c1 65 0c 05 60 80 89 d4 60 76 a9 d4 fd 32 f0 09 1d 86 08 48 8e f0 09 09 f0 09 60 81 89 dd 1d 0c 73 f0 01 08 48 11 f0 1d 09 f0 01 71 00 0d f0 3b 61 0e 08 48 86 f0 07 09 f0 01 70 f0 09 60 82 a9 dd f0 09 60 77 a9 d4 f0 09 1d 11 08 42 80 7e f0 00 fd 9e 13 f0 1d fd 03 f0 3b fd 02 00 8b f0 09 77 f0 09 08 4a 17 f0 59 09 f0 00 fd 3d 1d 1d 8c 9b 1d 86 fd 9e 16 f0 3b 09 60 78 a9 dd f0 09 00 86 10 41 10 83 41 77 f0 09 14 01 73 1d 83 08 48 90 95 02 00 f0 09 00 f3 9e 02 f0 09 fd 31 91 24 1d 04 f0 13 73 09 00 8d 64 0a 63 0c 7e f0 00 f0 1d fd 03 fd 01 1f 9e 01 92 04 14 14 94 f8 fc 00 00 75 08 4a 02 fd 02 f0 00 fd 3d 1f ab 8c 08 49 98 10 45 6a 04 1f f2 70 03 f0 00 1f 05 10 46 63 0e 01 00 9f 01 f0 2f 75 92 03 13 00 08 42 88 94 f8 04 02 00 f0 07 09 fd 02 74 f0 01 73 10 41 10 83 63 06 00 12 74 f0 01 75 f0 01 76 f0 01 77 7e 20 00 f0 03 fd 03 01 1a 88 f0 09 77 03 92 03 14 01 1a f2 78 00 f0 3b 00 03 00 fd 02 1a f0 83 f0 01 01 fd 32 00 14 67 0e 76 f0 01 75 f0 01 74 f0 01 73 f0 01 08 42 09 f0 03 01 1f fa 1f f0 8d 21 09 94 08 f8 00 73 08 41 09 f0 13 00 1f 08 f0 1d 08 4a 02 f0 1d 01 00 87 75 08 43 02 f0 3b 00 00 16 f0 07 09 45 76 f0 01 77 f0 01 70 f0 01 71 f0 01 7e 20 00 f0 03 01 1a fa 1a f0 97 21 09 92 03 12 01 71 10 46 02 10 83 f0 1b 00 6b 08 05 10 81 08 40 86 1a 04 f0 3b 09 01 00 12 f0 3b 00 61 0c 72 f0 01 73 f0 01 74 f0 01 75 f0 01 01 1f 87 f0 42 09 75 00 f0 1d 1f 0c d4 01 08 48 0f f0 07 09 f0 07 d7 01 00 12 f0 1d 00 65 0c 76 f0 01 77 f0 01 70 f0 01 71 f0 01 01 1a 94 f0 26 00 f0 1d 08 40 86 f0 3b 09 73 f0 01 75 10 44 f0 3b 06 1a 0a d4 01 65 01 61 01 f0 1d d7 01 00 07 75 f0 3b 00 41 75 01 1f ac f0 43 00 10 81 08 41 83 f0 1d 10 80 08 48 0f f0 1d 08 48 8e f0 1d 71 09 f0 07 73 f0 01 75 f0 07 d4 01 08 48 0f f0 07 09 f0 09 d7 01 00 8c 09 77 01 92 03 13 00 fd 02 10 41 00 95 02 00 00 05 60 18 61 06 77 1d 83 f0 0f 71 91 32 f0 09 00 f3 9e 02 f0 09 60 83 89 dd f0 09 14 01 75 00 82 45 77 f0 09 60 84 a9 dd f0 09 1d 8e 08 48 8e f0 07 09 f0 1d 73 f0 1d 08 48 06 f0 09 60 85 a9 dd f0 09 00 8a 08 4a 13 f0 03 08 4a 1f f0 31 f0 09 00 09 08 4a 13 f0 01 09 f0 01 70 1d 04 09 f0 01 71 f0 03 60 79 a9 d4 f0 09 1d 85 10 80 08 40 84 60 7a a9 dd 1d 17 09 73 06 10 45 10 81 04 42 05 07 10 81 08 40 0b 10 41 f0 3b 53 06 01 00 06 f0 27 72 f0 3b 73 14 03 f0 27 73 fd 32 f0 3b 60 73 a9 62 f0 1d 9c 16 f0 1d 1d 1b 77 09 10 45 10 80 00 57 06 08 48 8f f0 3b d4 02 08 48 97 f0 07 08 48 8f f0 13 d7 00 89 f0 63 72 f0 3f 71 f0 3f 70 f0 09 14 8c f0 1d 71 f0 01 77 f0 3b 71 f0 01 73 1d 01 09 60 7b a9 dd f0 09 fd 30 14 88 06 10 85 04 47 05 07 71 f0 09 00 08 10 40 10 81 71 f0 3b 72 1d 89 75 f0 13 65 0c 92 1c 55 00 00 f2 8b 01 a0 fa a0 f4 fe d8 fc 72 8f d8 fb 6d 8f d8 fa 31 8f d8 f4 e0 8f 60 8c a9 d0 fe 00 86 0c f0 80 05 12 77 14 81 73 f0 09 60 87 89 d4 66 79 95 f0 09 00 f3 9e 02 f0 09 14 81 71 60 8a a9 d4 a4 fa 00 8c 10 40 10 81 40 77 f0 01 76 f0 01 75 f0 09 60 8b a9 d4 d2 89 95 60 58 ae d0 fe da 22 db 8f a2 22 00 85 0c f0 80 04 16 14 01 75 00 02 47 72 1d 93 f0 07 92 04 16 00 94 08 fc 00 73 00 10 45 10 81 63 08 71 60 c7 ae d0 f0 09 60 c8 ae dd f0 09 60 c9 ae d0 14 84 77 f0 01 71 f0 09 60 ca ae d0 f0 09 14 84 77 f0 01 75 f0 09 1d 93 08 48 86 f0 03 08 48 87 f0 1d 09 f0 1d 67 0c 92 1c 55 04 00 f2 8b 01 fe 60 cb ae d0 fe da 95 89 95 76 3c 7f f2 6d 34 a4 60 68 6e 00 06 44 00 8a 0f 6f 00 f2 8b 01 0c 89 10 43 80 01 31 55 01 60 0d d8 fc 26 90 d2 0c 90 fe 14 05 63 03 65 03 77 15 05 63 03 65 03 77 16 85 63 03 65 03 77 71 d2 4c 90 fe 14 09 63 05 65 01 08 40 83 fd 01 15 09 63 05 65 01 08 40 83 fd 01 16 89 63 05 65 01 08 40 83 fd 01 71 d2 4c 90 fe 95 00 00 91 01 94 f0 1d 34 00 f0 00 f0 09 9c 10 f0 3b 34 80 f0 00 91 01 f0 8e f0 ea f0 75 17 a2 82 02 38 63 05 61 10 03 08 08 80 00 f0 1e 08 08 85 f0 1e 10 85 02 04 08 10 84 f0 41 05 08 48 80 f0 10 d3 3e 94 f0 0c d3 4f 94 f0 0c d3 3e 94 d3 60 94 d3 77 94 f0 0b d3 3e 94 f0 0c d3 4f 94 f0 0b d3 3e 94 d3 60 94 d3 85 94 f0 0b d3 3e 94 f0 0c d3 4f 94 f0 0b d3 3e 94 17 84 08 08 00 73 b0 00 00 00 a6 57 d4 12 f0 00 cb e6 80 00 dd 90 a2 57 d7 da 57 46 93 17 0a 02 04 10 80 08 50 03 f0 13 05 a6 57 b0 00 00 00 d4 16 f0 00 cb e6 80 00 00 91 a2 57 d7 de 57 93 94 b0 00 00 00 f0 10 d3 3e 94 f0 0c d3 4f 94 f0 0b d3 3e 94 f0 49 17 ae 02 10 41 10 82 06 08 10 80 55 03 f0 18 73 10 42 10 80 08 08 00 f0 23 04 d4 08 08 10 05 f0 01 08 10 00 f0 01 d7 08 50 05 f0 31 08 08 00 05 f0 04 b0 12 00 00 b0 00 00 00 a6 57 d4 11 f0 00 cb e6 80 00 62 91 a2 57 d7 da 57 46 93 b2 12 e5 12 07 00 50 91 17 84 08 08 80 71 f0 11 d3 3e 94 f0 0c d3 4f 94 f0 0b d3 3e 94 d3 60 94 d3 0b 95 f0 0b d3 19 95 f0 0c d3 2a 95 f0 0b d3 19 95 17 84 08 08 00 73 b0 00 00 00 a6 57 d4 12 f0 00 cb e6 80 00 b1 91 a2 57 d7 da 57 46 93 17 0a 02 04 10 80 08 50 03 f0 13 05 a6 57 b0 00 00 00 d4 16 f0 00 cb e6 80 00 d4 91 a2 57 d7 de 57 93 94 b0 00 00 00 f0 11 d3 2a 95 f0 0c d3 19 95 f0 0c d3 2a 95 d3 60 94 d3 85 94 17 99 08 48 00 f0 16 08 48 80 f0 2c 08 48 00 f0 2c 10 41 10 83 08 00 80 51 03 fe 17 84 08 08 00 73 b0 00 00 00 a6 57 d4 03 f0 00 cb e6 80 00 25 92 a2 57 d7 da 57 46 93 17 0a 02 04 10 80 08 50 03 f0 13 05 a6 57 b0 00 00 00 d4 16 f0 00 cb e6 80 00 48 92 a2 57 d7 de 57 93 94 b0 00 00 00 f0 10 d3 3e 94 f0 0c d3 4f 94 f0 0c d3 3e 94 d3 60 94 d3 0b 95 f0 0b d3 19 95 f0 0c d3 2a 95 f0 0b d3 19 95 17 cf 08 08 00 02 73 f0 0f 04 10 80 08 50 03 f0 08 03 f0 07 05 75 08 48 84 f0 2c 10 40 10 80 02 f0 13 08 40 81 55 09 10 43 10 83 55 03 01 05 f0 08 0c 04 f0 25 82 7f 42 00 08 00 80 51 0e f0 13 82 0b 4b 63 05 08 00 81 75 00 55 09 73 08 00 00 05 f0 18 17 0a 02 04 10 80 08 50 03 f0 13 05 a6 57 b0 00 00 00 d4 16 f0 00 cb e6 80 00 e6 92 a2 57 d7 de 57 93 94 b0 00 00 00 f0 1d 34 00 a4 18 a4 19 17 88 10 85 08 50 06 f0 59 05 f0 13 17 8c 07 75 08 00 81 10 c1 55 0b 01 05 9b a2 97 9b 9b 9b 9b 9b 9b f0 3b 9c 00 f0 1d 00 8b 7f 60 00 57 02 72 08 52 0a f0 3b 00 f3 8b 01 a2 95 f2 70 2a fd 30 a8 07 5b ac 0c 02 d1 f4 0e 9b 9b 9b 9b 9b fe 94 17 8c 08 48 00 f0 13 10 80 08 40 04 f0 2c 17 0f 04 02 10 c3 08 00 81 55 09 55 02 01 05 f0 27 00 85 f0 3b 08 48 8a f0 3b 9c 10 f0 3b d8 22 86 93 00 81 09 a4 18 a4 19 a0 22 f0 1d d2 28 94 fe 00 81 09 34 00 f0 3b 95 05 00 17 9d 82 02 38 63 05 61 10 08 40 80 10 83 10 41 00 51 09 08 48 00 f0 1d 10 85 08 40 06 f0 77 17 14 08 48 09 f0 27 08 48 0a f0 27 08 48 0b f0 27 08 48 0c f0 27 00 8d f0 27 f0 27 f0 1d 10 83 08 40 89 f0 31 4a d0 00 16 dc 00 dd 93 fb fd 30 8a 0f 54 17 05 10 81 08 40 06 00 82 09 77 71 17 8b f0 3b 75 08 40 81 10 c3 55 0b 01 f0 22 9c 10 f0 09 9b 9b f2 70 2a 00 f3 8b 01 34 ff fd 5b fd 5c d8 fc 1e 94 91 3d b0 05 db 00 d0 d0 02 fe 91 32 b0 05 db 00 d0 d0 02 fe f0 09 9c 10 f0 3b 34 80 f0 00 91 01 f0 8e f0 ea f0 82 d2 6a 90 fe 17 8e 03 10 c0 10 85 08 50 80 f0 0b 08 50 88 41 fe 17 8e 03 10 c0 10 85 08 50 80 f0 0b 08 50 89 41 fe 17 94 02 10 c0 f0 02 73 08 48 00 f0 0e 04 08 10 03 f0 12 08 48 00 fe 14 f5 4d 01 9b 9b 9b 9b 9b 9b 9b 9b 9b fe 15 f5 4d 01 9b 9b 9b 9b 9b 9b 9b 9b 9b fe 94 34 00 fd 31 0c 0c f0 0e 9c 16 67 04 63 04 67 02 63 02 17 05 f0 31 08 48 00 00 a7 06 02 04 10 80 08 42 07 f0 04 03 10 41 08 52 03 53 01 f0 18 02 10 83 08 40 89 f0 13 09 05 10 c0 10 41 7f 6c 00 57 01 f0 27 17 87 10 80 08 40 07 f0 3b 17 08 10 c3 08 00 81 55 0b 01 00 85 f0 3b 08 48 8a f0 3b 9c 10 f0 3b d8 22 86 93 00 81 09 a4 18 a4 19 a0 22 f0 1d d2 28 94 fe 16 f5 4d 01 9b 9b 9b 9b 9b 9b 9b 9b 9b fe 17 8e 03 10 c0 10 85 08 50 81 f0 0b 08 50 8a 45 fe 17 8e 03 10 c0 10 85 08 50 81 f0 0b 08 50 8b 45 fe fe fe fe fe fe fe fe fe fe fe fe fe fe fe fe fe fe fe fe fe fe fe fe fe fe fe fe fe fe fe fe fe fe fe fe fe fe fe fe fe fe fe fe fe fe fe fe fe fe fe fe fe fe fe fe fe fe fe fe fe fe fe fe fe fe fe fe fe fe fe fe fe fe fe fe fe fe fe fe dc f4 64 75 d8 fb 64 75 d8 fa 64 75 a0 fa fe d8 fb a0 95 6b a0 81 dc fd a8 95 a4 60 a4 61 19 f5 24 03 1a f5 27 03 15 f5 26 03 17 f5 23 03 15 03 fd 0f 02 16 03 fd 0f 03 17 03 fd 0f 03 19 03 fd 0f 03 1a 03 fd 0f 03 1b 03 fd 0f 03 1f 03 fd 0f 03 1c 03 fd 0f 03 21 03 fd 0f 03 1e 03 fd 0f 03 1d 83 fd 0f 03 d8 60 64 75 d8 10 f9 95 71 fe 70 00 8c fd 03 10 41 7f 84 00 47 fd 02 57 02 00 f2 8b 01 7f a4 10 fe 60 67 a9 d0 4c 15 71 fe a8 0e 14 b0 12 1e 00 d8 14 20 99 d8 15 20 99 d8 16 20 99 d8 17 20 99 d8 13 20 99 60 91 8e d0 66 f8 98 f0 09 00 f3 9e 02 d1 12 01 d8 4b 03 99 ba 12 fd 53 a2 87 60 92 8e d0 66 13 99 f0 09 00 f3 9e 02 d1 12 01 d8 4b 0a 99 ba 12 fd 53 60 bf ae d0 95 02 00 8f 00 12 03 f0 09 9c 36 f0 31 00 83 08 4a 1e f0 3b 8f 00 00 01 7f d2 93 ba c0 2d 00 ec c7 96 c0 29 00 ec bb 98 c0 22 00 ec 24 98 c0 11 00 ec 4d 97 a0 14 68 f8 01 1a 54 00 00 0b fd 03 fd 01 08 40 0d 94 00 06 00 19 03 fd 0f 03 17 03 fd 0f 03 72 78 7f f0 ef 76 5a 7f d0 e0 02 da c6 bb 98 a0 15 68 f6 01 17 14 00 00 09 fd 03 08 40 0d 94 08 f8 00 0d 86 10 44 50 07 60 08 18 f8 18 f2 63 00 72 78 7f f0 77 60 d8 ae 42 a0 19 f0 1d 60 d9 ae 42 18 1c d4 03 01 f0 03 00 f0 03 d7 d4 03 01 f0 01 00 f0 01 d7 d4 03 01 f0 00 00 f0 00 d7 01 19 22 f0 1f d4 03 00 f0 00 01 f0 00 d7 d7 d4 03 00 f0 01 01 f0 01 d7 fd 9e 2c d4 03 00 f0 03 01 f0 03 d7 00 fd 32 60 da ae 42 76 5a 7f a0 60 d0 e0 02 b4 41 c0 04 00 ec bb 98 a0 16 68 f6 01 17 14 00 00 09 fd 03 08 40 0d 94 08 f8 00 0d 86 10 44 50 07 60 08 b6 04 00 e2 03 00 a3 97 e2 02 00 c9 97 e2 01 00 f9 97 da c2 4d 97 a2 c2 aa 41 14 f8 72 78 7f f0 3b 14 f3 7c 02 f0 09 60 db ae 42 f0 09 76 5a 7f d0 e0 02 da c3 4d 97 a2 c3 aa 41 17 f8 72 78 7f f0 3b 17 89 08 4a 94 fd 9e 3f f0 09 09 60 dc ae 42 f0 09 76 5a 7f d0 e0 02 da c4 4d 97 a2 c4 aa 41 15 f8 15 83 08 48 87 72 78 7f f0 3b 15 8e 09 f0 3b d4 01 08 48 86 f0 07 09 f0 07 d7 60 dd ae 42 f0 09 76 5a 7f d0 e0 02 da c5 4d 97 a2 c5 aa 41 16 f8 16 f2 63 00 72 78 7f f0 3b 60 de ae 42 a0 19 f0 1d 16 f2 17 00 60 df ae 42 f0 09 76 5a 7f d0 e0 02 a0 17 68 f6 01 16 13 00 fd 31 0c 04 10 44 60 10 00 09 92 1e 13 02 08 40 0d fd 01 fd 32 72 78 7f 0d 1a 10 45 20 04 28 00 00 00 00 00 00 00 00 00 00 00 00 00 00 00 00 50 07 60 10 21 00 a1 10 45 fd 03 0c 04 fd 0f 03 20 04 28 00 00 00 00 00 00 00 00 00 00 00 00 00 00 00 00 54 07 64 10 21 f0 77 0d 16 20 04 28 00 00 00 00 00 00 00 00 00 00 00 00 00 00 00 00 50 06 21 00 96 20 04 28 00 00 00 00 00 00 00 00 00 00 00 00 00 00 00 00 54 06 21 76 5a 7f d0 e0 02 a0 13 68 f7 01 19 34 00 00 13 0c 04 fd 03 fd 01 92 19 34 02 08 40 0d 94 04 f8 00 13 00 16 13 94 f8 04 00 04 13 02 f0 ef 08 40 84 f0 31 10 80 08 40 80 72 78 7f f0 ef 76 5a 7f d0 e0 02 f0 09 00 f3 9f 02 60 bc ae d0 fe a4 4b 60 93 ae d0 fe a4 4b 60 be ae d0 d0 18 01 f0 09 00 f3 9f 02 d0 18 01 d1 4c 0e fe 60 b7 8e d0 d8 14 37 99 d8 16 3e 99 d8 17 45 99 60 b9 ae d0 d2 49 99 60 b8 ae d0 d2 49 99 60 ba ae d0 d2 49 99 60 bb ae d0 a4 14 a4 15 a4 16 a4 17 a4 13 fe a0 48 68 71 01 18 12 00 d0 1a 01 fe 60 69 a9 d0 fe 60 6a a9 d0 fe 60 a3 a9 d0 fe 60 06 ae d0 fe 60 07 ae d0 fe 18 8c 10 43 fd 9e 1e d4 02 6a 08 6b 08 d7 19 03 08 40 05 18 90 71 10 81 0c f0 10 45 4a 10 c3 fd 9e 0b 4b 51 06 19 0b 92 11 36 01 7e 6c 00 55 02 65 06 0c 10 fd 9e 16 10 43 61 02 d4 03 65 04 61 04 d7 65 02 18 8e 10 80 08 40 82 f0 1f 09 10 83 43 51 02 01 18 f9 f2 59 31 a2 23 fe 9b 9b 9b 9b 9b 9b 9b fe a8 0e 10 60 8a 8e d0 66 f2 99 f0 09 00 f3 9e 02 60 8c ae d0 fe f0 09 00 f3 9f 02 60 8b ae d0 fe d8 fc 06 9a 60 05 ae d0 fe 60 c6 ae d0 fe a8 0e 10 60 08 8e d0 66 20 9a f0 09 00 f3 9e 02 60 09 ae d0 fe f0 09 00 f3 9f 02 60 0a ae d0 fe d8 fc 34 9a 60 aa a9 d0 fe d9 ef 40 9a e8 40 9a 60 00 ae d0 fe 60 ce ae d0 fe 60 ab a9 d0 fe d2 dc 9d 20 05 08 40 02 fd 01 00 0c 92 0f 2d 04 08 4a 18 f0 00 09 f0 00 1e 0b 08 49 15 f0 00 08 49 12 f0 00 09 0c 05 10 44 56 02 45 fd 32 70 14 21 07 20 04 28 00 00 00 00 00 00 00 00 00 00 00 00 00 00 00 00 10 c5 53 02 51 05 21 0b 04 fd 02 04 73 16 1f 20 04 28 00 00 00 00 00 00 00 00 00 00 00 00 00 00 00 00 10 c5 57 01 55 08 21 0b 04 fd 02 04 18 22 20 04 28 00 00 00 00 00 00 00 00 00 00 00 00 00 00 00 00 10 c5 51 04 53 03 63 08 21 0b 04 fd 02 75 04 1b 1d 20 04 28 00 00 00 00 00 00 00 00 00 00 00 00 00 00 00 00 10 c5 51 03 21 0b 04 fd 02 04 1c 1e 20 04 28 00 00 00 00 00 00 00 00 00 00 00 00 00 00 00 00 10 c5 53 07 21 0b 04 fd 02 75 04 f0 9f 1e 0b 01 92 0f 2d 04 08 49 17 f0 03 00 fd 31 00 8e 09 0c f0 45 76 f0 01 77 f0 01 70 f0 01 71 60 e0 a9 60 f0 09 16 f2 2b 03 00 f3 9e 02 f0 09 1e 9c 77 09 f0 1d 10 83 fd 9e 38 08 40 89 f0 23 9b 09 f0 09 75 f0 09 10 80 08 40 05 0b 80 f0 1d 60 e1 a9 60 20 9c c8 9e b1 0d 50 00 9a 94 04 fc 00 fd 02 0b 04 0b 20 fd 9e 13 f0 00 fd 3d 20 b3 9b 9b 1e 13 fd 9e 42 08 49 95 f0 01 08 49 98 fd 9e 16 f0 31 08 49 8f 20 05 7e 40 00 57 02 60 e2 a9 60 f0 00 fd 3d 20 b3 9b 00 03 08 48 88 fd 32 60 e3 a9 60 f0 09 fd 30 00 09 09 f0 27 08 48 88 f0 27 09 1e 22 09 f0 3b 08 48 12 f0 1d 09 f0 09 08 48 12 f0 09 09 f0 09 08 48 12 f0 07 77 09 10 81 08 41 03 f0 14 09 f0 3b 60 e4 a9 60 f0 09 fd 32 1e 14 10 45 10 81 67 0c 06 04 46 07 71 06 60 20 07 05 73 08 48 0e 00 04 f0 0f 41 77 fd 32 20 02 13 02 f0 09 1e 81 09 f0 09 1e 0d 0c 20 08 48 0e f0 0f 09 f0 03 08 41 09 00 05 f0 13 08 43 82 20 0f fd 03 0c 20 10 43 f0 0f 4a 6a 04 10 44 67 08 fd 32 f0 3b 00 01 09 20 05 10 45 6b 08 01 1e 03 f0 0f 09 fd 32 f0 09 00 f3 9e 02 f0 09 1e 0a 10 41 10 81 fd 0f 02 57 06 01 fd 32 f0 77 8a 0f 69 1f 05 08 48 08 f0 00 00 90 08 4a 17 f0 03 09 f0 03 08 4a 16 f0 03 08 4b 85 1c f9 f0 27 00 0a f0 02 08 4d 09 f0 02 08 4d 0a 1f 1d 01 87 00 94 fc 02 20 08 48 04 13 00 00 10 40 67 02 08 48 03 10 41 67 04 08 48 02 f0 09 fd 32 1f f9 1f 89 94 0a fb 08 08 48 00 13 02 1f f8 fd 32 95 03 01 f0 b3 9c 06 89 ea 01 71 89 ea 02 7a 89 ea 03 7b 89 ea 04 7c 89 ea 05 7d 89 ea 06 7e 89 ea 07 7f f0 1d 14 fa 16 fa 18 fa 1b fa 1c fa 14 f2 78 01 16 f2 78 01 18 f2 78 01 1b f2 78 01 1c f2 78 01 f1 0e 01 89 ea 01 72 89 ea 02 82 89 ea 03 83 89 ea 04 84 89 ea 05 85 89 ea 06 86 89 ea 07 87 9e 03 00 95 03 7f f0 77 14 fa 16 fa 18 fa 1b fa 1c fa 14 f2 72 02 18 f2 73 02 1b f2 71 02 1c f3 73 02 16 f2 2b 03 1f f9 1f 89 94 f6 05 f8 08 48 02 13 00 1f f8 f0 09 00 08 f0 02 08 4d 09 f0 02 09 1f 0e 08 48 03 10 41 63 04 08 48 04 10 40 63 02 fd 32 1f f9 f0 77 fd 31 1e 95 0c 04 fd 03 92 14 24 04 00 10 45 53 03 f0 1d 08 48 0e f0 09 09 f0 3b 00 88 7f 6c 00 f0 00 3d b6 9d 1e 08 f0 15 10 40 10 81 57 04 0c 04 10 45 57 02 00 0a 10 41 10 81 0c 04 fd 03 57 0a f0 1d 76 3c 7f d0 9a 0e a0 f7 a0 fc 6b b6 81 f0 00 6b b6 81 6b f1 81 f2 09 2a f2 71 28 f2 71 ae f2 74 2a f2 74 2c f2 74 2e f2 74 b0 f2 74 b2 f2 75 2c f2 75 2e f2 75 30 f2 75 32 f2 75 a8 f2 75 aa f2 77 28 f2 77 2a f2 77 2c f2 77 2e f2 77 b0 f2 77 b4 f2 77 b6 f2 98 29 f2 98 2b f2 98 2d f2 98 2f f2 98 b1 f2 98 b5 f2 98 b7 f2 9a 2d f2 9a 2f f2 9a 33 f2 9a b1 f2 9e 29 9b 9b 9b f2 9e 2d f2 9e 2f f2 9e 31 f2 9b 29 f2 9b 2b f2 9b 2d f2 9b 2f f2 9c 31 f2 9c 39 f2 9c 3b f2 79 28 f2 79 aa f2 79 2c f2 79 2e f2 79 30 f2 79 32 a6 83 f2 b5 29 f2 b5 2b f2 b5 2d f2 59 29 f2 59 2b f2 59 2d f2 59 2f f2 59 b1 f2 55 b7 f2 6d ba f2 6d bc f2 70 ab f2 99 2d f2 99 2f f2 99 31 f2 99 33 f2 7a 2b f2 7a 2d f2 7a 2f f2 7b 2b f2 7b 35 f2 7b 37 f2 7b ad f2 7c 29 f2 7c ab f2 7d 2b f2 7d 2d f2 7d 2f f2 7d 37 fd f0 6f ac e6 9e f3 f4 29 fd f0 72 a8 ef 9e f3 f2 29 fd f0 72 aa f8 9e f3 f2 2b fe 60 05 af 02 fe d8 fc 09 9f 68 6f 80 01 79 00 fe 68 f4 81 01 79 00 fe d8 fc 1b 9f 68 76 80 17 67 00 fe 68 f3 81 17 67 00 fe d8 fc 2d 9f 68 76 80 1d 73 00 fe 68 f3 81 1d 73 00 fe d8 fc 3f 9f 68 72 80 0d 71 00 fe 68 f2 81 0d 71 00 fe d8 fc 51 9f 68 72 80 0e 67 00 fe 68 f2 81 0e 67 00 fe d8 fc 63 9f 68 76 80 1a 7b 00 fe 68 f3 81 1a 7b 00 fe a8 3f 31 d8 fc 73 9f 71 fe 9b 9b 9b 9b 9b 9b 9b 9b 9b 9b 9b 9b 9b 9b 9b 9b 9b 9b 9b 9b 9b 9b 9b 9b 71 fe d8 fc 98 9f 68 78 80 08 2f 00 fe 68 b8 81 08 2f 00 fe 68 73 01 1b 1d 00 d0 a1 0e a4 60 a4 61 19 f5 24 03 1a f5 23 03 15 f5 27 03 17 f5 23 03 15 03 fd 0f 02 16 03 fd 0f 03 17 03 fd 0f 03 19 03 fd 0f 03 1a 03 fd 0f 03 1b 03 fd 0f 03 1c 03 fd 0f 03 1d 85 fd 0f 03 fd 01 d8 10 ec 9f 71 fe 70 00 8c fd 03 10 41 7e 84 00 47 fd 02 57 02 00 f2 8b 01 7f a4 10 fe a8 07 20 d1 20 00 f3 72 28 f3 f2 29 fe 60 23 a0 d0 fe 60 b4 ae d0 fe 14 06 fd 01 94 00 00 04 16 06 08 49 95 f0 00 09 71 fe e0 35 06 32 a0 fe d1 2f 0d 68 dc 81 04 25 00 a1 82 a1 87 fe 9b 9b 9b 9b 9b 9b 9b 9b 9b 9b 9b 9b 9b 9b 9b 9b 9b 9b fe da c1 8c a2 da c9 5f a0 60 8d ae 60 00 01 74 fd 32 15 89 71 f0 3b 10 43 05 4a 4b 04 60 e2 ae 60 f0 09 60 e3 ae 62 f0 09 60 e4 ae 60 14 85 10 45 fd 9e 3b d8 18 98 a0 15 88 f0 77 77 f0 1d 71 10 81 60 e0 ae 60 14 0b 53 05 53 04 53 04 53 04 9e 02 00 0e 18 10 45 20 04 28 00 00 00 00 00 00 00 00 00 00 00 00 00 00 00 00 57 11 21 16 09 10 85 f0 3b 77 f1 0e 01 75 00 07 f0 3b 77 f1 0e 01 75 15 09 10 85 f0 3b 77 f1 0e 01 75 0c 07 f1 18 01 10 45 54 02 fd 32 f0 1d 15 21 10 40 20 04 28 00 00 00 00 00 00 00 00 00 00 00 00 00 00 00 00 53 03 21 d8 18 0d a1 75 d2 0e a1 77 00 06 f0 0f 74 f0 01 73 dc 18 21 a1 fd 32 f0 1d d2 7d a1 16 89 f0 0f 08 48 13 f0 0f 09 73 f0 09 60 e5 ae 60 f0 09 14 82 10 83 60 e6 ae 60 14 82 10 80 f0 09 60 e7 ae 62 f0 09 14 82 10 83 f0 09 60 e8 ae 60 14 82 10 80 f0 09 15 81 77 f0 1d 16 86 08 48 0e f0 09 09 f0 1d 16 04 75 f0 01 77 fd 32 f0 3b 16 0a 75 10 81 06 04 10 40 44 05 07 00 90 10 81 d8 18 8a a1 53 02 d2 8b a1 43 74 f0 01 75 d8 18 d8 a1 f0 09 16 b7 08 49 96 f0 07 08 49 97 f0 0f 08 49 96 f0 07 08 49 85 f0 07 08 49 95 f0 0f 08 49 85 f0 01 08 49 96 f0 01 08 4a 02 10 41 7e 5e 00 55 02 65 04 10 40 65 04 fd 01 fd 03 18 f2 d0 03 16 84 09 f0 1d 73 00 98 46 fd 03 0c 04 7f 5e 00 10 41 65 04 fd 02 55 02 10 40 65 04 fd 01 fd 03 17 f2 d0 03 00 81 73 f0 3b 15 85 47 75 f0 3b 73 60 e9 ae 62 f0 09 14 82 10 83 f0 09 60 ea ae 60 f0 3b d8 18 1d a2 16 03 08 41 09 00 83 08 42 09 f0 3b fd 31 15 04 75 f0 77 73 14 04 10 85 14 0c 16 02 14 0c 00 1a 10 45 20 04 f0 01 28 00 00 00 00 00 00 00 00 00 00 00 00 00 00 00 00 53 0a 21 0e 1b 10 45 20 04 28 00 00 00 00 00 00 00 00 00 00 00 00 00 00 00 00 fd 9e 3b 57 0a 21 f0 c7 a1 82 a1 87 76 3c 7f 4e 10 00 02 9e 02 00 da c1 88 a2 a2 c1 d0 e5 08 4b c4 00 fe 00 88 0c f0 80 04 26 75 0b f0 10 81 71 a8 0e 10 60 20 8f d0 66 b2 a2 f0 09 00 f3 9e 02 60 21 af d0 a0 18 d2 7f a0 f0 09 00 f3 9f 02 60 22 af d0 a4 18 fe f8 99 29 c9 a2 14 83 08 40 02 f8 99 35 d1 a2 6b 99 81 f8 99 2b 65 75 15 11 da e5 e2 a2 08 40 05 d2 e9 a2 92 14 31 0a 08 40 06 fd 32 de e5 f3 a2 15 f2 d2 03 dc fd 02 a3 f8 99 29 02 a3 14 84 92 11 38 00 71 da e5 64 75 0c 04 10 45 57 08 f0 77 60 11 ae 62 f0 3b 15 85 10 81 08 40 06 f0 1d 60 12 ae 62 15 a7 10 45 10 80 09 77 04 20 03 24 80 00 c0 ff 5b 02 21 10 43 06 d4 01 63 04 fd 9e 05 67 04 f0 1d d7 f0 3b 07 73 08 40 06 60 13 ae 62 15 04 10 46 5a 04 0c 02 53 02 f0 3b 60 14 ae 40 fd 32 15 f2 d2 03 a2 e5 a0 4a d1 14 01 00 81 72 fe d8 fd a9 a3 4a af 00 17 a0 52 d1 f3 03 a0 fd fd 5b fd 5c 71 b0 05 dc 00 d1 d0 02 d0 30 02 fe 60 32 a0 40 fe 9b 9b 9b 9b 9b 9b 9b 9b 9b 9b 9b 9b 9b 9b 9b 9b 9b 9b 9b 9b 9b 60 31 a0 40 fe 4a 5c 00 02 a0 52 d1 f3 03 a4 52 71 c3 e2 7b 01 c5 a3 e2 7c 01 d2 a3 d3 df a3 9c 0e f2 7b 2b 15 f9 16 f8 fe d3 df a3 9c 0e f2 7c 29 14 f9 15 f8 fe 10 a4 d4 02 01 f0 01 00 f0 07 d7 d4 07 01 f0 03 00 f0 03 d7 d4 07 01 f0 01 00 f0 01 d7 d4 07 00 f0 00 01 f0 00 d7 fe 0c 0a 10 41 5a 02 f0 1d 10 40 5b 02 a8 07 20 d1 20 00 fe 60 00 af d0 fe a8 07 86 10 f9 ac f0 0e d1 f4 0e f2 99 29 fe 10 f9 a0 5e a8 07 5d ac 0c 02 d1 f4 0e fe 9b 9b 9b 9b 9b 9b 9b 9b 9b 9b fe d8 26 64 75 a0 26 00 82 73 01 f0 1d 9c 10 6a 0c 01 f0 3b 9c 9b f0 77 fd 9c 06 f1 e0 01 d4 02 9c 12 f0 07 9b f0 13 d7 f0 77 8a 0f 8e 00 8d 92 0a 0d 00 94 fc 04 00 00 f0 1d 0c 04 9c 10 6a 0c 81 00 8e 53 02 f0 3b 74 f0 01 75 f0 01 76 f0 01 77 f0 1d 9c 10 6a 0c 01 f0 1d 00 87 70 f0 01 71 f0 01 72 00 f2 8b 01 a4 27 a4 26 fe d8 27 64 75 a0 27 9c 10 6a 0c 81 fe c7 80 c2 0a 02 00 ec 64 75 9c 8f f0 13 9c 8f f0 13 9c 8f d8 25 64 75 da f8 64 75 da f9 64 75 a2 f8 00 0a 0c 04 0c f0 80 06 16 f0 3b 75 f0 3b 14 94 fd 0d 77 92 03 17 00 00 10 41 10 83 57 03 51 01 10 85 0b f0 f0 09 60 06 8f 62 66 4e a5 60 07 8f 62 67 62 a5 4e a5 b0 12 0a 00 d1 12 01 d8 4b 95 a5 60 09 af 62 14 91 10 83 55 01 53 03 01 f0 59 77 00 57 03 51 01 10 85 f0 1d 60 0a af 62 a8 07 66 ac 0a 00 bb 1d ac 0c 0f d1 f3 0e ba 1d fd 53 64 f0 09 60 0b af 62 14 82 fd 0c 14 f2 d2 03 00 f2 8b 01 fe b0 12 96 00 d1 12 01 d8 4b 95 a5 60 09 af 62 14 91 10 83 55 01 53 03 01 f0 59 77 00 57 03 51 01 10 85 f0 1d 60 0a af 62 a8 07 6c ac 96 00 bb 1d d2 44 a5 60 0d af 62 d2 4e a5 9c 9c fe d8 fc aa a5 68 a0 81 13 26 00 fe 68 b6 81 13 26 00 fe d8 fc bc a5 68 a0 81 0c 1c 00 fe 68 b6 81 0c 1c 00 fe d8 fc ce a5 68 a0 81 0f 42 00 fe 68 b6 81 0f 42 00 fe a4 14 a4 15 a4 16 a4 17 a4 13 d8 fc ea a5 68 a0 81 04 30 00 fe 68 b6 81 04 30 00 fe d8 fc fc a5 68 a0 81 0c 30 00 fe 68 b6 81 0c 30 00 fe d8 fc 0e a6 68 a0 81 1a 32 00 fe 68 b6 81 1a 32 00 fe f8 74 2e 65 75 f0 00 17 84 94 08 06 00 71 40 71 2e fe f0 77 17 85 10 81 08 40 03 a0 18 00 f2 29 03 f0 ef a4 18 17 83 10 85 09 00 f2 2e 03 d0 71 0e 4a 60 00 16 d1 f0 03 d8 01 59 a6 fd 43 a4 18 00 f2 2e 03 fe dc 18 64 75 d8 19 64 75 a0 19 00 f2 2e 03 fe dc 19 64 75 a4 19 fe f8 77 2e 77 a6 71 fe f8 77 2c 65 75 16 f2 73 03 71 fe f8 98 2f 89 a6 71 fe f8 98 2d 65 75 d2 7c a6 c3 e2 f2 01 a1 a6 f8 72 30 a1 a6 18 03 fd 0f 03 fd f0 72 2a b0 a6 fd f0 f2 2b b0 a6 15 81 00 71 d1 04 0e de cf 64 75 fd f0 f2 2b 64 75 fd f0 72 2a 64 75 a6 cf 9c 95 fe 6a 76 80 f8 76 3a da a6 1d 87 94 f4 fa 00 fd 0f 03 f8 76 aa ea a6 f8 76 2e ea a6 17 f6 17 f2 f5 00 f8 76 ac fa a6 f8 76 30 fa a6 18 f6 18 f2 f5 00 71 fe 4a 63 00 16 d8 01 0d a7 d8 00 2b a7 f5 10 f9 71 fe 10 f4 02 00 c3 e2 9a 01 21 a7 19 f4 02 00 1a f4 02 00 71 fe 1a f4 02 00 1b f4 02 00 71 fe d0 1f 01 dc 18 64 75 c3 e2 72 00 5a a7 f8 9a 33 64 75 4a 63 00 16 d8 00 2b a7 d8 01 7c a7 19 f9 1a f9 1b f9 f2 9a 33 f2 9a 35 f2 9a 37 71 fe f8 72 30 64 75 4a 63 00 16 d8 00 2b a7 d8 01 7c a7 18 f9 19 f9 1a f9 f2 72 30 f2 72 32 f2 72 34 71 fe 10 f4 79 03 c3 e2 9a 01 8c a7 18 f4 02 00 71 fe 19 f4 02 00 71 fe dc 60 98 a7 a0 61 fd f0 9a 29 a1 a7 14 81 00 fd f0 9a 2b ad a7 15 01 00 18 81 01 6b 9a 81 71 d1 04 0e de cf 64 75 fd f0 9a a9 c7 a7 fd f0 9a ab c7 a7 d2 64 75 a6 cf 9c 95 fe 30 a8 07 84 fd 5e e2 01 00 d9 a7 31 fe 9c 05 f0 07 9c 05 6b 76 80 6b f3 81 1e f9 1f f9 f2 76 3c f2 76 3e 51 84 31 fe 32 14 a6 85 f3 9a 29 d2 04 a8 32 15 a6 85 f3 9a 2b a8 07 30 aa 28 d1 20 00 fe 18 f2 01 01 19 f2 7a 03 f8 6f 32 64 75 f0 00 c4 19 c0 02 00 ed 27 a8 d2 15 a8 f8 6f 32 64 75 19 fa a0 19 19 f3 00 01 a4 1a f0 00 d8 1b 3f a8 d2 36 a8 a4 19 a4 1b d0 7f 0e 17 82 13 00 f8 6f 32 59 a8 f8 6f 30 64 a8 40 7f 2e 71 fe f8 6f 30 65 75 18 f2 01 01 71 fe 19 f2 71 03 71 fe 16 f2 01 01 18 f2 7a 03 f8 75 30 64 75 f0 00 c4 18 c0 00 2f ed 84 a8 d2 72 a8 f8 75 30 64 75 18 fa a0 19 18 f3 00 01 a4 1a f0 00 d8 1b 9c a8 d2 93 a8 a4 19 a4 1b d0 81 0e f8 75 30 b5 a8 f8 75 2c c8 a8 40 81 2e 40 84 6e 71 fe f8 75 2c 65 75 f8 75 2e c2 a8 40 84 6e 16 f2 01 01 71 fe f8 75 2e d0 a8 40 84 6e f8 75 30 d9 a8 18 f2 71 03 71 fe dc 1c 64 75 d8 1d 64 75 00 f2 29 03 a0 1d fe f0 00 d8 1e f3 a8 d0 84 0e a0 1c f0 00 dc 1e fe a8 d2 f5 a8 00 f2 2e 03 a4 1c a4 1d d0 84 0e f8 72 2e 64 75 dc 1e 64 75 30 00 92 0c f0 fd 03 08 4a 87 10 43 80 0f 70 08 43 02 fd 9e 16 0c 8d 10 44 61 02 d4 03 65 04 61 04 d7 65 02 f0 1d 00 ab fd 02 f0 00 3d 3c a9 75 09 f0 09 08 4a 97 f0 01 08 4a 98 f0 03 08 4a 97 f0 01 09 f0 01 08 4a 96 f0 01 08 42 88 f0 3b 09 75 0b f0 f0 09 00 f3 9f 02 f0 09 31 a4 1e 00 f2 8b 01 fe a4 1e fe 4a 60 00 16 d1 f0 03 a4 1e 00 f2 2e 03 fe c3 e2 9d 01 91 a9 60 4d ae d0 fe 60 b0 ae d0 fe d8 ff aa a9 a0 ff 9b 9b 9b 9b a8 07 74 ac 0c 02 d1 f4 0e fe 60 53 ae d0 fe c3 e2 f3 01 ba a9 60 4f ae d0 fe 60 b5 ae d0 fe a8 0e 10 60 50 8e d0 66 d4 a9 f0 09 00 f3 9e 02 60 51 ae d0 fe f0 09 00 f3 9f 02 60 52 ae d0 fe c3 e2 6b 00 f1 aa d8 60 17 aa d8 fe ec aa a8 0e 10 f0 00 f0 00 a8 07 84 ac 4c 0e d1 f4 0e 9b 9b 9b 9b 9b 9b 9b 9b 9b 9b 9b 9b 9b 9b 9b 9b 9b 9b 9b a0 fe a4 60 a4 61 fe 60 44 ae d0 d8 61 29 aa aa 0f b4 0f c0 02 00 ed 64 75 60 45 ae 62 00 86 0c f0 80 1b 50 74 1c 92 73 01 92 1b 50 00 10 44 65 04 10 45 10 81 00 65 0c 73 15 81 77 f0 09 1c f2 19 00 f0 09 60 46 ae 62 f0 09 1c fa 1c 81 09 60 47 ae 62 f0 09 15 84 71 f0 1d 77 60 48 ae 62 f0 09 1c 03 08 4a 06 00 81 75 f0 09 60 49 ae 62 f0 09 1c 03 08 48 10 15 01 71 00 9a 76 f0 01 77 f0 01 70 f0 01 71 08 42 89 f0 27 09 70 f0 01 77 f0 01 76 f0 01 75 f0 09 1c 01 77 15 81 09 f0 09 60 4a 8e 62 60 42 ae 62 f0 09 1c 07 08 48 0e f0 1d 73 09 15 81 77 f0 09 60 4b ae 62 f0 09 00 01 75 1c 86 61 0c 92 1a 10 00 f0 09 d2 f4 a9 f0 09 00 f3 9f 02 f0 09 60 43 ae d0 a0 60 fe 60 40 ae d0 fe 60 b1 ae d0 fe a8 3f 31 d8 fc 11 ab 00 06 08 4a 1c f0 00 09 14 04 94 00 00 02 16 84 94 00 00 02 d8 27 17 ab 71 fe d1 51 00 fe 18 87 94 04 02 fc fd 0f 03 a0 5f 18 f2 d1 03 71 fe d8 fc 3c ab f8 7a 30 3a ab 18 83 fd 0f 03 71 fe 18 f9 9b 9b 9b 9b 9b 9b 9b 9b 16 f8 17 f8 71 fe 9b 9b 9b 9b 9b 9b 9b 9b 9b 9b 9b 9b 9b 9b 9b 9b 9b 9b 9b 9b 9b 9b 9b 9b 9b 9b 9b 9b 9b 9b 9b 9b 9b 9b 9b 9b 9b 9b 9b 9b 9b 9b 9b 9b 9b 9b 9b 9b 9b 9b 9b 9b 9b 9b 9b 9b 9b 9b 9b 9b 9b 9b 9b 9b 9b 9b 9b 9b 9b 9b 9b 9b 9b 9b 9b 9b 9b 9b 9b 9b 9b 9b 9b 9b 9b 9b 9b 9b 9b 9b 9b 9b 9b 9b 9b 9b 9b 9b 9b 9b 9b 9b 9b 9b 9b 9b 9b 9b 9b 9b 9b 9b 9b 9b 9b 9b 9b 9b 9b 9b 9b 9b 9b 9b 9b 9b 9b 9b 9b 9b 9b 9b 9b 9b 9b 9b 9b 9b 9b 9b 9b 9b 9b 9b 9b 9b 9b 9b 9b 9b 9b 9b 9b 9b 9b 9b 9b 9b 9b 9b 9b 9b 9b 9b 9b 9b 9b 9b 9b 9b 9b 9b 9b 9b 9b 9b 9b 9b 9b 9b 9b 9b 9b 9b 9b 9b 9b 9b 9b 9b 9b 9b 9b 9b 9b 9b 9b 9b 9b 9b 9b 9b 9b 9b 9b 9b 9b 9b 9b 9b 9b 9b 9b 9b 9b 9b 9b 9b 9b 9b 9b 9b 9b 9b 9b 9b 9b 9b 9b 9b 9b 9b 9b 9b 9b 9b 9b 9b 9b 9b 9b 9b 9b 9b 9b 9b 9b 9b 9b 9b 9b 9b 9b 9b 9b 9b 9b 9b 9b 9b 9b 9b 9b 9b 9b 9b 9b 9b 9b 9b 9b 9b 9b 9b 9b 9b 9b 9b 9b 9b 9b 9b 9b 9b 9b 9b 9b 9b 9b 9b 9b 9b 9b 9b 9b 9b 9b 9b 9b 9b 9b 9b 9b 9b 9b 9b 9b 9b 9b 9b 9b 9b 9b 9b 9b 9b 9b 9b 9b 9b 9b 9b 9b 9b 9b 9b 9b 9b 9b 9b 9b 9b 9b 9b 9b 9b 9b 9b 9b 9b 9b 9b 9b 9b 9b 9b 9b 9b 9b 9b 9b 9b 9b 9b 9b 9b 9b 9b 9b 9b 9b 9b 9b 9b 9b 9b 9b 9b 9b 9b 9b 9b 9b 9b 9b 9b 9b 9b 9b 9b 9b 9b 9b 9b 9b 9b 9b 9b 9b 9b 9b 9b 9b 9b 9b 9b 9b 9b 9b 9b 9b 9b 9b 9b 9b 9b 9b 9b 9b 9b 9b 9b 9b 9b 9b 9b 9b 9b 9b 9b 9b 9b 9b 9b 9b 9b 9b 9b 9b 9b 9b 9b 9b 9b 9b 9b 9b 9b 9b 9b 9b 9b 9b 9b 9b 9b 9b 9b 9b 9b 9b 9b 9b 9b 9b 9b 9b 9b 9b 9b 9b 9b 9b 9b 9b 9b 9b 9b 9b 9b 9b 9b 9b 9b 9b 9b 9b 9b 9b 9b 9b 9b 9b 9b 9b 9b 9b 9b 9b 9b 9b 9b 9b 9b 9b 9b 9b 9b 9b 9b 9b 9b 9b 9b 9b 9b 9b 9b 9b 9b 9b 9b 9b 9b 9b 9b 9b 9b 9b 9b 9b 9b 9b 9b 9b 9b 9b 9b 9b 9b 9b 9b 9b 9b 9b 9b 9b 9b 9b 9b 9b 9b 9b 9b 9b 9b 9b 9b 9b 9b 9b 9b 9b 9b 9b 9b 9b 9b 9b 9b 9b 9b 9b 9b 9b 9b 9b 9b 9b 9b 9b 9b 9b 9b 9b 9b 9b 9b 9b 9b 9b 9b 9b 9b 9b 9b 9b 9b 9b 9b 9b 9b 9b 9b 9b 9b 9b 9b 9b 9b 9b 9b 9b 9b 9b 9b 9b 9b 9b 9b 9b 9b 9b 9b 9b 9b 9b 9b 9b 9b 9b 9b 9b 9b 9b 9b 9b 9b 9b 9b 9b 9b 9b 9b 9b 9b 9b 9b 9b 9b 9b 9b 9b 9b 9b 9b 9b 9b 9b fe 9b 9b 9b 9b 9b 9b 9b 9b 9b 9b 9b 9b 9b 9b 9b 9b 9b 9b 9b 9b 9b 9b 9b 9b 9b 9b 9b 9b 9b 9b 9b 9b 9b 9b 9b 9b 9b 9b 9b 9b 9b 9b 9b 9b 9b 9b 9b 9b 9b 9b 9b 9b 9b 9b 9b 9b 9b 9b 9b 9b 9b 9b 9b 9b 9b 9b 9b 9b 9b 9b 9b 9b 9b 9b 9b 9b 9b 9b 9b 9b 9b 9b 9b 9b 9b 9b 9b 9b 9b 9b 9b 9b 9b 9b 9b 9b 9b 9b 9b 9b 9b 9b 9b 9b 9b 9b 9b 9b 9b 9b 9b 9b 9b 9b 9b 9b 9b 9b 9b 9b 9b 9b 9b 9b 9b 9b 9b 9b 9b 9b 9b 9b 9b 71 d2 d0 b2 fe fc f6 b2 da 82 95 75 fd 31 1c 02 fd 01 00 06 08 4e 85 f0 00 09 1d 04 94 08 04 00 0c 84 10 44 47 46 72 3c 0c 04 10 40 57 0a 1c 0c 77 92 04 39 06 10 46 57 03 10 85 04 1b 14 f0 3b 4a 10 41 6b 06 10 43 6b 0a 02 f0 3b 10 45 10 81 41 73 1d 26 f0 4f 08 48 96 f0 03 08 48 97 f0 01 08 48 98 f0 03 d4 01 08 48 96 f0 01 08 48 97 f0 01 08 48 98 f0 03 d7 08 48 80 7f f0 3b 60 20 8e 62 fd 32 60 21 ae 62 f0 09 60 22 ae 60 f0 09 60 23 ae 62 f0 09 1b 84 75 f0 01 77 f0 1d 60 24 ae 60 f0 1d 8a 0f 6f 00 d5 01 92 08 34 04 94 08 fc 00 73 00 f0 00 d4 07 01 f0 00 00 f0 00 d7 d4 07 01 f0 01 00 f0 01 d7 d4 01 01 f0 03 00 f0 03 d7 f0 59 08 4a 1e f0 1d 09 f0 1d d4 01 01 f0 03 00 f0 03 d7 d4 07 01 f0 01 00 f0 01 d7 d4 07 01 f0 00 00 f0 00 d7 01 09 77 92 01 3f 00 00 8a 0f 54 f0 1d 1b 98 06 03 10 43 63 06 10 81 04 f0 3b 05 67 06 f0 09 f0 13 07 02 75 f0 01 73 f0 09 60 25 ae 60 f0 1d 1c 16 10 81 10 40 08 40 86 41 d4 01 09 55 02 08 40 86 51 02 d7 09 45 77 f0 09 60 26 ae 62 fd 32 1c 82 10 85 f0 09 60 27 ae 60 1b 85 10 80 08 40 02 f0 1d 1d c8 08 48 99 f0 1d 09 f0 3b 08 48 99 f0 1d 09 08 48 99 f0 09 09 f0 13 08 48 99 f0 09 09 f0 07 08 48 99 f0 07 09 f0 03 08 48 00 f0 03 08 48 07 f0 31 08 48 09 f0 03 08 48 08 f0 01 09 10 45 10 81 04 41 05 08 48 8d f0 07 09 f0 1d 1b 18 09 f0 03 75 f0 3b 4a 10 41 6b 06 10 43 6b 0a 02 f0 3b 73 f0 01 08 40 02 1d 26 f0 53 08 48 96 f0 03 08 48 97 f0 01 08 48 98 f0 03 d4 01 08 48 96 f0 01 08 48 97 f0 01 08 48 98 f0 03 d7 08 48 80 f0 1d 60 28 ae 62 fd 32 f0 77 1d 0e 08 48 8d f0 07 09 f0 13 08 48 8d f0 07 09 fd 32 1b 84 09 f0 03 75 60 29 ae 62 1d 85 f0 1d 08 48 99 f0 3b 1b 01 73 1c 05 f0 1d 08 40 06 0c 04 10 40 53 0b f0 1d 60 2a ae 62 fd 32 f0 09 00 02 41 77 1a 97 f0 0b 01 92 01 3f 00 94 08 04 00 10 81 75 00 65 0c 77 10 80 08 40 85 f0 09 60 2b ae 60 f0 09 1a 23 08 40 8c 57 03 0b 04 fd 02 57 02 67 08 08 41 08 fd 9e 16 10 45 67 04 10 46 67 04 f0 3b 08 49 0f f0 3b 09 00 0b f0 57 57 06 75 08 46 80 f0 3b 09 0c 04 10 45 57 08 f0 57 60 e2 a9 62 fd 32 1c 06 08 40 86 10 45 45 1b 85 10 45 10 81 43 f0 09 00 01 77 60 2c ae 60 f0 09 1a 83 08 40 85 f0 09 60 2d ae 62 f0 09 1a 01 09 f0 1d 1b 8a 10 43 06 03 67 06 63 06 07 02 f0 09 60 2e ae 60 f0 09 00 0a 76 f0 01 75 f0 01 74 f0 01 73 1a 88 f0 03 71 f0 01 08 4a 06 f0 09 60 2f ae 60 f0 09 00 f3 9e 02 f0 09 1a 04 09 f0 01 77 00 0a 74 f0 01 75 f0 01 76 f0 01 77 fd 32 f0 09 60 30 0e 62 1b 8f 06 04 10 46 67 08 05 f0 1d 10 45 04 67 08 05 1d 85 f0 3b 08 48 80 65 1b 09 07 10 41 10 83 57 04 55 02 0c 02 57 03 1d 05 f0 1d 08 48 03 1c 05 f0 1d 08 40 81 60 31 ae 62 fd 32 9c 10 6a 78 80 6b 78 80 1b 81 45 1b f9 f2 78 36 f0 1d 60 33 ae 62 f0 09 60 34 2e 62 1c 14 10 c0 08 40 81 57 01 13 03 57 05 13 01 08 40 01 45 65 08 01 1d 0a f0 1d 08 48 1e f0 1f 08 48 03 fd 32 1c f9 f2 78 38 f0 1d 64 1d aa 08 48 80 f0 01 08 48 00 f0 3b 10 81 10 45 08 40 00 47 08 48 00 f0 1d 10 40 08 40 00 47 08 48 00 10 c1 08 40 00 57 03 d2 1f b2 d2 70 b2 10 40 08 48 0e 63 02 08 48 0f 63 02 08 48 10 63 02 08 48 11 63 02 08 48 12 63 02 08 48 13 63 02 10 45 d4 03 08 48 14 63 01 08 48 15 63 01 d7 d4 02 08 48 16 f0 01 08 48 17 f0 01 08 48 18 f0 01 d7 f0 3b 08 48 00 f0 1d 08 40 81 10 41 55 02 01 fe 1d f9 f2 78 3a f0 09 0c 02 53 04 f0 1d 1a 01 71 00 01 75 f0 3b 60 35 ae 62 f0 09 fd 32 1a 83 08 40 8c 60 36 ae 62 f0 09 00 14 65 04 08 4e 87 f0 03 08 4e 86 f0 01 08 4e 85 f0 0f 08 4e 84 1a 12 f0 09 10 40 61 02 10 45 61 02 10 46 61 02 92 1a 50 00 fd 32 00 84 09 f0 1d 72 00 f3 8b 01 fd 30 a2 82 fe 71 fe f2 a0 43 f2 a0 45 d8 fc 08 b3 da 81 65 75 da 95 ea b2 d2 65 75 8a 0f 54 18 fa 19 fa 15 f9 f2 73 2a 18 05 92 19 15 03 01 19 05 92 1a 16 03 01 fd 32 71 fe 9b 9b 9b 9b 9b 9b 9b 9b 71 fe 9b 9b 9b 9b 9b 9b 9b 9b 9b 9b 9b 9b 9b 9b 9b 9b 9b 9b 9b 9b 9b 9b 9b 9b 9b 9b 9b 9b 9b 9b 9b 9b 9b 9b 9b 9b 9b 9b 9b 9b 9b 9b 9b 9b 9b 9b 9b 9b 9b 9b 9b 9b 9b 9b 9b 9b 9b 9b 9b 9b 9b 9b 9b 9b 9b 9b 9b 9b 9b 9b 9b 9b 9b 9b 9b 9b 9b 9b 9b 9b 9b 9b 9b 9b 9b 9b 9b 9b 9b 9b 9b 9b 9b 9b 9b 9b 9b 9b 9b 9b 9b 9b 9b 9b 9b 9b 9b 9b 9b 9b 9b 9b 9b 9b 9b 9b 9b 9b 9b 9b 9b 9b 9b 9b 9b 9b 9b 9b 9b 9b 9b 9b 9b 9b 9b 9b 9b 9b 9b 9b 9b 9b 9b 9b 9b 9b 9b 9b 9b 9b 9b 9b 9b 9b 9b 9b 9b 9b 9b 9b 9b 9b 9b 9b 9b 9b 9b 9b 9b 9b 9b 9b 9b 9b 9b 9b 9b 9b 9b 9b 9b 9b 9b 9b 9b 9b 9b 9b 9b 9b 9b 9b 9b 9b 9b 9b 9b 9b 9b 9b 9b 9b 9b 9b 9b 9b 9b 9b 9b 9b 9b 9b 9b 9b 9b 9b 9b 9b 9b 9b 9b 9b 9b 9b 9b 9b 9b 9b 9b 9b 9b 9b 9b 9b 9b 9b 9b 9b 9b 9b 9b 9b 9b 9b 9b 9b 9b 9b 9b 9b 9b 9b 9b 9b 9b 9b 9b 9b 9b 9b 9b 9b 9b 9b 9b 9b 9b 9b 9b 9b 9b 9b 9b 9b 9b 9b 9b 9b 9b 9b 9b 9b 9b 9b 9b 9b 9b 9b 9b 9b 9b 9b 9b 9b 9b 9b 9b 9b 9b 9b 9b 9b 9b 9b 9b 9b 9b 9b 9b 9b 9b 9b 9b 9b 9b 9b 9b 9b 9b 9b 9b 9b 9b 9b 9b 9b 9b 9b 9b 9b 9b 9b 9b 9b 9b 9b 9b 9b de 83 6a b4 1a f8 1b 82 13 00 71 dd b0 64 75 d9 e2 64 75 a5 e3 3e 16 00 64 75 fe fd 42 da 83 64 75 d8 19 64 75 a0 19 34 ef cb dc 19 64 75 e7 80 00 a1 b4 e7 0f 00 64 75 f0 00 d2 8d b4 32 1a a8 b4 d2 ac b4 9c 0e a2 83 1a f8 fe 68 b5 81 01 5f 00 fe f0 00 d8 18 bf b4 d0 97 0e 6a b5 81 6b b5 81 fe f8 b5 29 d7 b4 14 87 94 fc fc 00 08 40 01 40 97 2e 71 dd b0 64 75 d9 e2 64 75 b0 11 46 00 a5 e3 3e 16 00 64 75 fe d8 fc 65 75 00 08 08 4a 16 f0 00 09 fd 01 0c 83 10 44 40 70 00 b7 fd 03 10 81 47 04 f0 3b 10 80 f0 1d 10 85 f0 09 05 f0 3b 08 4a 13 f0 03 08 4a 16 f0 1d 08 43 89 10 41 d4 02 63 04 f0 02 67 04 d7 09 73 04 10 83 f0 3b 08 42 09 fd 02 f0 09 75 68 73 01 1b 1d 00 fd 46 a1 0e fe 68 b6 81 0f 2e 00 70 a0 f5 d2 d3 b8 9b 9b 9b 9b 9b 9b 9b 9b 9b 9b 9b 9b 9b 9b 9b 9b 72 3c 1b 08 10 40 10 81 57 05 41 77 00 04 10 81 57 06 fd 32 fd 31 0c 04 10 45 57 02 18 01 05 19 81 05 f0 1d 60 63 8e 62 f0 09 1b 81 75 f0 09 60 64 ae 62 00 0b 0c f0 65 0e d4 05 7b 01 f0 01 d7 1e 12 01 92 05 38 02 94 fc fe 00 06 04 10 81 00 42 07 05 77 1d 12 f0 01 01 92 05 38 02 94 f8 fc 00 00 10 81 43 63 08 77 1a 10 01 92 04 37 02 94 04 02 00 f0 09 00 10 81 41 77 fd 32 1b 01 77 00 81 77 f0 1d 18 83 10 81 43 f0 09 60 65 ae 62 f0 09 19 83 10 45 43 f0 09 60 5f ae 62 19 05 06 04 47 07 05 f0 09 1b 82 67 08 f0 09 60 66 ae 62 f0 09 1b 86 08 48 13 f0 1d 09 f0 09 60 67 ae 60 f0 09 1a 8e fd 03 10 45 6b 04 f0 07 6a 04 0b 04 fd 02 f0 09 18 8d 10 40 06 04 fd 02 0b 04 64 14 07 05 73 f0 09 60 68 ae 62 f0 09 19 83 10 45 43 f0 09 60 69 ae 62 f0 09 19 05 06 04 47 05 07 18 01 75 f0 09 60 7f 8e 62 f0 09 18 83 65 08 73 60 80 ae 62 fd 32 1b 81 75 f0 09 60 81 ae 60 f0 09 1b 83 08 48 12 60 82 8e 62 f0 09 00 f3 9e 02 f0 09 18 f3 7c 02 f0 09 60 83 ae 62 f0 09 19 88 10 81 04 f0 1d 05 10 80 f0 09 60 84 ae 62 18 87 75 f0 01 75 f0 01 73 f0 09 60 85 ae 62 f0 09 1b 03 08 48 13 1a 01 75 1e 03 08 48 93 fd 32 f0 09 d4 01 f0 00 d1 13 01 e2 00 00 dd b6 d7 00 98 08 46 00 f0 09 7f a0 00 f0 0b fd 03 10 81 08 43 87 f0 17 08 43 82 fd 02 f0 00 3d fa 6f 00 92 fd 9e 3a f0 3b 09 77 f0 01 70 f0 01 71 f0 1d 08 42 89 f0 09 1b 06 09 f0 1d 08 42 02 1a 05 f0 1d 08 42 05 1e 05 f0 1d 08 42 02 1d 05 f0 1d 08 42 82 f0 59 00 07 09 f0 09 70 f0 01 77 1b 03 08 48 12 1a 04 09 f0 09 77 1e 01 09 1d 01 09 fd 32 18 f3 7c 02 f0 09 18 8f d4 01 71 f0 03 73 f0 01 75 f0 03 73 f0 01 d7 f0 09 60 6a ae 62 f0 09 1b 83 08 48 13 f0 09 60 6b ae 60 f0 09 1d 8b f0 09 fd 9e 1a 08 42 82 f0 0b 09 f0 1d 18 f3 7c 02 1b 83 08 48 13 f0 09 60 6c ae 62 f0 09 19 84 10 41 63 08 60 6d ae 62 18 84 75 f0 01 77 f0 09 60 6e ae 62 18 8b 75 f0 01 73 f0 1d 06 04 41 07 05 f0 09 60 6f ae 62 f0 09 1b 03 08 48 13 60 70 ae 60 f0 09 1e 86 08 48 8f f0 09 09 f0 09 60 71 ae 62 f0 09 60 72 ae 60 f0 09 19 83 10 45 43 1b 03 08 48 12 f0 09 60 73 ae 62 f0 09 00 05 10 81 08 42 03 1b 05 10 81 08 41 03 1a 05 10 81 08 41 03 1e 05 10 81 08 41 03 1d 05 10 81 08 41 03 f0 15 fd 32 00 01 09 1b 01 09 1a 01 09 1e 01 09 1d 01 09 fd 32 f0 09 18 81 75 f0 09 60 74 8e 62 f0 09 18 85 0b 04 fd 02 73 f0 09 60 75 8e 62 18 08 77 f0 1d 10 46 10 80 47 f0 09 60 76 ae 62 19 08 10 46 0b 04 fd 02 63 04 60 77 ae 62 f0 09 19 84 63 04 41 73 1b 81 77 f0 09 f0 09 9b 1b 88 10 80 08 51 04 f0 25 09 f0 09 00 03 10 45 41 1d 08 f0 03 67 0a 92 15 76 00 1a 08 f0 03 67 08 92 15 76 00 1e 08 f0 03 66 0c 92 15 76 00 1b 03 63 04 75 19 08 45 47 67 04 73 10 85 04 f0 1d fd 32 1b 86 65 0c 92 15 76 00 f0 1d 00 81 72 00 f2 8b 01 18 04 73 04 10 85 fd 30 f2 b8 37 b0 05 dd 00 d0 d0 02 fe 68 7a 80 03 79 00 fe 9b 9b 9b 9b 9b 9b 9b 9b 9b 9b 9b 9b 9b 9b 9b 9b 71 fe d8 fc 02 b9 68 9c 81 1d 0d 00 fe 68 f1 81 1d 0d 00 fe d8 fc 14 b9 68 78 80 01 3f 00 fe 68 b8 81 01 3f 00 fe 6a 6b 80 f0 00 6a 6b 81 f0 00 6a 6b 82 f0 00 6a 6b 83 f0 00 6b 6b 80 8a 0f 6f 1a 06 fd 01 94 00 02 00 1b 02 fd 01 17 02 0d 0b 19 06 94 01 fc 00 fd 01 1c 06 94 00 f8 00 fd 01 fd 32 6b 6b 81 f0 00 8a 0f 6d f0 00 8a 0f 6c 8a 0f a9 8a 0f aa 71 fe 10 86 08 40 86 f0 3b 09 f0 09 f0 09 a8 07 9f ac 0c 02 d1 f4 0e 00 03 f0 1d 71 10 84 51 08 fd f2 00 81 72 fe 9b 9b 9b 9b 9b 9b 9b 9b 9b fe 9c 13 00 8f 01 92 1b 1d 30 08 42 09 00 fd 02 fd 01 0c 04 70 f0 31 7f 75 68 74 01 13 5f 00 00 92 01 92 13 5f 3b 08 43 0a fd 01 00 20 04 25 00 00 08 00 70 00 8a f0 00 3d cf b9 21 0c 04 fd 02 14 f2 d0 03 f0 07 7f 75 68 75 01 1b 5b 00 00 90 01 92 1b 5b 30 08 4a 1e 00 20 04 25 00 00 0c 00 70 00 8c f0 00 3d fc b9 21 0c 04 fd 02 fd 01 14 f2 d0 03 f0 0e 7f 75 68 76 01 1b 73 00 00 92 01 92 1b 73 30 08 43 00 00 fd 01 20 04 25 00 00 0e 00 70 f0 31 7f 75 a0 52 68 72 81 14 32 00 00 8b 01 92 14 32 20 08 4b 00 00 fd 02 70 00 8a f0 00 3d 47 ba 9b 21 7e 6c 00 14 f2 d0 03 00 86 10 41 53 02 63 08 00 f2 8b 01 fe d8 48 8c ba d1 41 00 68 71 01 1c 11 00 70 00 8d fd 03 10 41 7e 84 00 53 02 fd 02 63 14 00 f2 8b 01 a1 41 a1 80 a8 3f 31 7f fe d1 41 00 fe d2 60 bb de c6 cb 96 b6 33 00 d2 85 96 9b 9b 9b 9b 9b 9b 9b 9b 9b 9b 9b 9b 9b 9b 9b 9b 9b 9b 9b 9b 9b 9b 9b 9b 9b 9b 9b 9b 9b 9b 9b 9b 9b 9b 9b 9b 9b 9b 9b 9b 9b 9b 9b 9b 9b 9b 9b 9b 9b 9b 9b 9b 9b 9b 9b 9b 9b 9b 9b 9b 9b 9b 9b 9b 9b 9b 9b 9b 9b 9b 9b 9b 9b 9b 9b 9b 9b 9b 9b 9b 9b 9b 9b 9b 9b 9b 9b 9b 9b 9b 9b 9b 9b 9b 9b 9b 9b 9b 9b 9b 9b 9b 9b 9b 9b 9b 9b 9b 9b 9b 9b 9b 9b 9b 9b 9b 9b 9b 9b 9b 9b 9b 9b 9b 9b 9b 9b 9b 9b 9b 9b 9b 9b 9b 9b 9b 9b 9b 9b 9b 9b 9b 9b 9b 9b 9b 9b 9b 9b 9b 9b 9b 9b 9b 9b 9b 9b 9b 9b 9b 9b 9b 9b 9b 9b 9b 9b 9b 9b 9b 9b 9b 9b 9b 9b 9b 9b 9b 9b 9b 9b 9b 9b 9b 9b 9b 9b 9b 9b 9b 9b 9b 9b 9b fe 60 7e ae d0 fe a8 07 52 d1 21 00 9c 55 f0 00 3d 6d bb a0 5e 00 f2 fe 01 60 0a a2 22 fd 50 fe d8 48 b4 bb d1 41 00 d8 f7 93 bb a0 10 68 3d 80 0b 3b 00 fe da 82 ad bb d8 fc a4 bb a0 10 68 a0 81 0b 3b 00 fe a0 10 68 b6 81 0b 3b 00 fe 68 ae 81 0b 3b 00 fe d1 41 00 fe a0 52 68 72 81 11 36 00 d1 1a 01 fe 68 bf 81 0b 71 00 fe 9b 9b 9b fe 68 72 81 14 38 00 fe 9b 9b 9b 9b 15 05 92 13 38 00 77 16 05 92 14 35 00 73 fd 32 d8 48 64 75 d8 52 f4 bb 71 fe a4 52 fe 75 d0 19 0f fe 60 5d ae d0 fe 14 83 fd 0f 03 a0 5f 14 f2 d1 03 71 fe d9 ef 17 bc 60 86 ae d0 fe e9 21 bc 60 1b 8f d0 d2 2f bc 60 1c 8f d0 d2 2f bc 60 1d 8f d0 d2 2f bc 60 1e af d0 fe d9 ef 3d bc 60 87 ae d0 fe 60 1f af d0 fe b6 08 00 e2 03 00 63 bc e2 04 00 68 bc e2 05 00 6d bc e2 06 00 6d bc e2 07 00 63 bc 60 0b ae d0 fe 60 0c ae d0 fe 60 0d ae d0 fe 60 0e ae d0 fe d1 41 00 4b f1 00 fe a8 3f 31 a1 80 a1 41 71 fe 6a f3 81 fd f0 f3 29 8e bc 14 81 00 1b 84 94 00 00 02 71 d1 04 0e de cf 64 75 fd f0 f3 29 64 75 a6 cf 9c 95 fe 34 00 00 8a c8 00 b1 0d 00 09 99 7e 00 00 70 f0 00 3d b6 bc 14 f2 d0 03 f0 03 fe 68 74 01 1b 43 00 d1 b3 0e fe 68 75 01 1b 5b 00 d1 b3 0e fe 68 76 01 1b 73 00 35 00 00 8a c8 00 b1 0d 00 09 99 7e 00 00 70 f0 17 7f a0 52 68 72 81 14 32 00 00 88 01 92 14 32 20 00 fd 02 70 00 89 f0 00 3d 03 bd 21 7e 50 00 14 f2 d0 03 00 84 10 40 62 08 00 f2 8b 01 35 ff fe d8 fc 28 bd 68 73 80 1d 0d 00 fe 68 f5 81 1d 0d 00 fe d8 fc 3a bd 68 73 80 1a 14 00 fe 68 f5 81 1a 14 00 fe 15 84 94 00 00 02 71 fe 71 fe 60 50 af d0 fe d8 19 64 75 a0 19 fd 5b fd 5c d1 03 0c b0 0e f0 00 45 bd 3e fe fd 31 34 00 00 84 80 11 72 72 89 ea 08 8e f0 3b 00 a8 10 41 7e 50 00 63 08 08 43 00 53 02 10 40 f0 00 3d 85 bd f0 1d 09 d4 13 7b 01 f0 01 d7 08 4a 13 f0 03 08 4a 1f f0 31 09 8a 0f 54 fd 30 fe a4 19 46 00 fe 6a 63 80 6a 63 81 72 78 f0 77 a0 4a d1 14 01 7f f0 1d f0 1d 16 f2 8e 00 f0 33 91 30 f0 10 16 fa f0 77 16 87 92 0b 1c 00 08 40 04 16 fb f0 3e 16 fa 16 85 01 92 07 11 02 f0 59 16 f2 8f 00 f1 a6 01 16 fa 16 81 21 f0 09 16 f2 78 00 f0 78 16 fa 16 9b 08 40 84 21 20 07 25 c0 06 80 ff 24 98 00 70 00 f0 0c 08 40 00 f0 0c 21 08 40 05 f0 09 16 f2 78 00 f0 3c 16 fa 16 9b 08 40 04 21 20 07 25 20 07 80 ff 24 c0 fe a0 00 f0 0d 08 40 00 f0 0d 21 08 40 05 f0 09 16 f2 78 00 f0 3c 16 fa 16 9b 08 40 01 21 20 07 25 c0 06 80 ff 24 68 ff 90 ff f0 0c 08 40 00 f0 0d 21 08 40 05 f0 09 16 f2 78 00 f0 3c 16 fa 16 9b 08 40 84 21 20 07 25 20 07 80 ff 24 40 01 60 ff f0 0d 08 40 00 f0 0d 21 08 40 05 f0 09 16 f2 78 00 f0 77 16 fa 16 a0 08 40 01 10 44 5a 02 6a 0c 10 43 6a 0a 10 41 6a 04 10 40 6a 02 10 45 6a 01 10 46 6a 01 08 40 05 16 f2 78 00 f0 6d 16 fa 16 81 01 17 18 00 04 02 f0 77 10 81 f0 27 10 83 f0 13 10 84 f0 b3 10 46 5b 04 10 45 4b 18 39 f1 ac 01 01 f0 01 00 f0 1f 01 f0 01 00 f0 17 01 f0 01 00 f0 0f 01 f0 01 00 f0 0b 01 f0 01 d4 03 00 f0 07 01 f0 03 d7 d4 07 00 f0 03 01 f0 01 d7 d4 17 00 f0 01 01 f0 01 d7 15 39 f1 ac 01 00 f0 01 01 f0 1f 00 f0 01 01 f0 17 00 f0 01 01 f0 0f 00 f0 01 01 f0 0b 00 f0 01 d4 03 01 f0 07 00 f0 03 d7 d4 07 01 f0 03 00 f0 01 d7 d4 17 01 f0 01 00 f0 01 d7 f0 b3 fd 8f 00 f1 8a 01 79 78 07 f0 3b 17 f9 f2 55 2e f2 55 30 7f fd 8f 01 f0 31 78 28 07 7f fd 32 f0 77 15 af 09 f0 3b 08 48 0e f0 07 09 f0 0f 08 48 0e f0 07 09 f0 59 08 49 1a 10 46 6a 03 f0 17 6b 01 f0 07 09 6b 02 f0 3b 10 83 08 40 08 f0 1f 09 f0 59 15 c4 10 46 10 81 08 40 00 43 09 75 f0 1d 08 40 01 65 08 10 80 66 0c f0 0f 64 10 08 48 03 f0 1d 10 81 08 40 01 65 06 10 80 64 10 10 81 66 08 75 09 f0 3b 10 80 08 40 09 f0 3f 08 48 03 f0 1d 10 81 08 40 01 65 0c 15 2f 10 c3 65 02 08 40 81 47 9c 31 10 44 08 4a 82 63 08 f0 09 d4 02 08 48 97 f0 0f 08 48 98 f0 0f d7 f0 3b 10 83 9c 38 08 40 89 f0 1f 9b 08 48 83 0c 16 f0 07 10 44 67 04 63 08 67 08 63 06 10 43 67 04 63 04 67 03 63 01 fd 32 15 b9 f0 3b 08 48 80 f0 03 08 49 06 f0 0f 08 49 1b f0 07 08 49 1d f0 07 08 49 1e f0 07 08 49 1d f0 07 08 49 1b f0 0f 08 49 06 f0 1d 08 48 00 f0 09 10 81 10 40 08 40 00 53 05 01 76 78 93 7f f0 77 a2 26 d0 e0 02 d8 fc 89 c0 68 a0 81 09 19 00 fe 68 b6 81 09 19 00 fe 14 87 0c 04 84 fa fd 0b 04 d1 0f 00 0c 82 57 09 b0 1f 10 00 a4 27 14 f2 3b 00 60 78 a7 62 66 b5 c0 60 79 a7 62 a0 27 14 85 08 10 03 f0 25 ac ff bf e7 01 00 d0 c0 15 88 b3 1f 01 fd 0d 0c f0 ff e7 02 00 df c0 16 88 b3 1f 01 fd 0d 0c f0 ff e7 04 00 ee c0 17 88 b3 1f 01 fd 0d 0c f0 ff e7 08 00 fd c0 18 88 b3 1f 01 fd 0d 0c f0 ff e7 10 00 0c c1 19 88 b3 1f 01 fd 0d 0c f0 ff e7 20 00 1b c1 1a 88 b3 1f 01 fd 0d 0c f0 ff e7 40 00 2a c1 1b 88 b3 1f 01 fd 0d 0c f0 ff e7 80 00 39 c1 1c 88 b3 1f 01 fd 0d 0c f0 ff e7 00 01 48 c1 1d 88 b3 1f 01 fd 0d 0c f0 ff e7 00 02 57 c1 1e 88 b3 1f 01 fd 0d 0c f0 ff e7 00 04 66 c1 1f 88 b3 1f 01 fd 0d 0c f0 ff e7 00 08 75 c1 20 88 b3 1f 01 fd 0d 0c f0 ff e7 00 10 84 c1 21 88 b3 1f 01 fd 0d 0c f0 ff e7 00 20 93 c1 22 88 b3 1f 01 fd 0d 0c f0 ff e7 00 40 a2 c1 23 88 b3 1f 01 fd 0d 0c f0 ff e7 00 80 b1 c1 24 88 b3 1f 01 fd 0d 0c f0 ff 0c 82 53 09 91 24 fe 9b 9b 9b 9b 9b 9b 9b 9b 9b 9b 9b 9b 9b 9b 9b 9b 9b 9b 9b 9b 9b 9b 9b 9b 9b 9b 9b 9b 9b 9b fe 3d 64 75 68 7b 01 07 3b 00 fd 49 f8 7b 2b ed c1 16 f9 15 02 fd 01 00 0b 10 41 7f 84 00 65 14 55 02 10 40 71 f0 00 3d fb c1 fe 3d 64 75 68 7c 01 19 72 00 fd 49 d3 27 c2 00 0f 0c 04 10 41 7f 84 00 51 02 0b 04 61 14 10 40 71 f0 00 3d 21 c2 fe 32 17 31 c2 17 04 94 06 fe 00 32 18 3b c2 18 04 94 06 fe 00 32 19 45 c2 19 04 94 06 fe 00 32 1a 4f c2 1a 04 94 06 fe 00 32 1b 59 c2 1b 04 94 06 fe 00 15 04 94 f8 04 00 f8 7c 29 6e c2 14 06 94 f8 04 00 fd 01 15 f9 fe 3d 64 75 68 71 01 18 19 00 fd 49 00 0b 10 41 7f 84 00 57 02 67 14 10 40 a1 41 a1 80 71 f0 00 3d 8c c2 a1 41 a1 80 a8 3f 31 fe 68 7d 01 0d d1 10 d3 b4 c3 00 0b fd 03 10 44 63 06 10 40 4b fd 02 f0 01 71 fe 68 7b 01 06 33 10 f8 7b 2b c4 c2 16 f9 15 02 fd 01 00 0b fd 03 10 44 67 08 10 40 4b fd 02 f0 01 71 fe 68 7a 01 05 f6 10 a0 5f 14 f2 d1 03 00 0b fd 03 10 44 67 08 10 40 4b fd 02 f0 01 71 fe 68 fd 80 1b 1b 00 fe 3d 64 75 68 74 01 11 68 00 fd 49 00 0f fd 03 0c 04 7f 80 00 67 08 fd 02 47 0b 04 47 71 f0 00 3d 16 c3 fe 68 7c 01 1a 78 10 d3 27 c2 00 0b fd 03 10 44 67 08 10 40 4b fd 02 f0 01 71 a8 3f 27 fe f8 7d a9 64 75 3d 64 75 34 ff c7 80 e4 0a 28 00 4e c3 d0 00 0e f0 00 cb e7 0f 00 64 75 e7 80 00 5e c3 d2 4e c3 ca e7 0f 00 64 75 9c 0e 14 f8 f2 7d a9 fe 68 7b 01 03 3a 10 f8 7b 2b 7d c3 16 f9 15 02 fd 01 00 0b fd 03 10 44 63 06 10 40 4b fd 02 f0 01 71 fe 3d 64 75 68 7d 01 10 54 00 fd 49 d3 b4 c3 00 0f 0c 04 10 41 7f 84 00 55 02 0b 04 65 14 10 40 71 f0 00 3d ae c3 fe 32 17 be c3 17 04 94 f8 04 00 32 18 c8 c3 18 04 94 f8 04 00 32 19 d2 c3 19 04 94 f8 04 00 32 1a dc c3 1a 04 94 f8 04 00 32 1b e6 c3 1b 04 94 f8 04 00 fd 32 fe 68 fd 81 04 0b 00 fe a0 19 a0 1d 18 04 94 00 04 00 19 07 94 f6 02 fe 08 40 01 1b 03 08 40 01 00 06 92 03 17 20 fd 03 fd 31 fd 32 19 02 14 01 1d 02 14 05 1c 02 14 04 1b 02 14 03 1a 02 14 02 fd 32 18 83 10 44 43 1d 02 14 00 1c 02 14 00 1b 02 14 00 1a 02 14 00 19 02 14 00 1e 09 fd 0f 03 94 00 08 00 13 02 1f 0a fd 0f 03 08 40 01 94 00 08 00 20 0a fd 0f 03 08 40 02 94 00 18 00 21 0a fd 0f 03 08 40 03 94 00 18 00 22 0c fd 0f 03 08 40 04 94 ea 13 00 13 02 fd 32 18 f6 1d f6 1c f6 a4 19 a4 1d 71 fd 46 d2 0e fe a4 60 a4 61 a4 24 d8 20 b6 c4 18 f6 1d f6 19 f6 1c f6 f0 09 18 f2 f0 00 1d f2 df 03 19 f2 f1 00 1c f2 de 03 f0 00 d8 26 bf c4 d2 b6 c4 a4 20 a4 26 a4 1f a4 60 b0 08 04 00 b0 09 13 00 b0 0a 00 00 fd c4 3f 32 e2 c4 f0 00 d8 1f e2 c4 d2 d9 c4 a4 20 a4 26 a4 1f a4 60 b0 08 04 00 b0 09 13 00 b0 0a 00 00 fd c4 3f 33 05 c5 f0 00 d8 24 05 c5 d2 fc c4 a0 60 f0 00 a4 60 f0 1c d0 d1 0e 1d f2 df 03 18 f2 f0 00 1c f2 de 03 19 f2 f1 00 a0 20 40 d1 2e 00 14 13 02 fd 02 f0 00 3d 2b c5 fd 9e 3a 08 46 00 13 01 f0 1d 09 0c 05 f0 1d 10 41 42 fd 32 f0 09 d2 18 c8 60 30 af 60 f0 09 00 06 f0 07 70 f0 01 71 15 94 01 92 03 17 00 94 04 02 00 10 81 00 61 0e 77 10 80 08 40 85 f0 09 60 31 af 60 00 04 70 f0 01 77 15 81 09 1d f6 18 f6 19 f6 1c f6 f0 00 dc 60 84 c5 a4 60 fd 43 a0 1a 18 f2 dd 03 1d f2 dc 03 d3 20 c8 f0 09 60 32 af 62 d3 2b c8 a0 1d a0 19 40 d1 2e f0 59 00 0a 10 81 08 42 03 f0 1d 09 10 80 15 06 08 41 03 f0 1d 09 f0 59 60 33 af 60 f0 3b 00 06 f0 07 76 f0 01 75 15 03 f0 09 75 16 99 01 92 03 17 00 94 fc fe 00 10 81 10 45 75 00 65 0e 77 f0 1d 10 80 08 40 85 60 34 af 60 00 04 76 f0 01 77 15 01 77 16 83 09 10 81 f0 1d 00 90 7f 50 00 f0 00 3d 0a c6 7f 50 00 f0 00 3d 12 c6 f0 3b 1d f6 18 f6 19 f6 1c f6 f0 00 dc 60 21 c6 a4 60 fd 43 a4 19 a4 1d 18 f2 dd 03 1d f2 dc 03 d3 20 c8 f0 09 60 35 af 62 d3 2b c8 f0 1d 9c 1a f0 1d 00 09 f0 09 76 f0 01 75 f0 01 74 16 06 f0 09 71 f0 01 73 15 08 f0 09 75 f0 01 08 48 13 17 9c 01 92 03 17 00 94 f8 00 00 10 81 10 40 73 00 64 18 75 f0 01 77 f0 1d 10 80 08 40 85 f0 09 60 36 af 60 00 07 d4 02 7b 01 f0 01 d7 17 01 09 15 02 09 77 16 04 71 f0 01 77 fd 32 f0 1d d3 20 c8 f0 09 60 37 af 62 d3 2b c8 f0 1d 14 11 01 92 03 17 00 94 04 02 00 10 45 10 81 00 61 0e 77 15 0c f0 03 09 f0 01 10 81 43 75 f0 01 77 00 06 f0 13 70 f0 01 71 16 03 f0 13 71 17 03 08 48 93 fd 32 14 85 10 80 08 40 85 f0 09 60 38 af 60 f0 09 00 04 70 f0 01 77 17 01 09 16 01 77 14 01 09 d3 20 c8 f0 09 60 39 af 62 d3 2b c8 00 87 d4 03 7b 01 f0 01 d7 14 01 75 15 03 08 48 92 16 01 71 17 03 08 48 93 fd 32 f0 1d 00 90 7f 50 00 f0 00 3d 33 c7 7f 50 00 f0 00 3d 3b c7 f0 13 14 12 08 48 0f f0 07 09 f0 27 10 81 10 45 65 0e 92 07 41 00 16 12 08 48 8e f0 07 09 f0 27 10 81 10 45 61 0e 92 07 45 00 15 12 08 48 8f f0 07 09 f0 27 10 81 10 45 66 0e 92 07 43 00 17 12 08 48 8f f0 07 09 f0 27 10 81 10 40 60 18 92 09 45 00 fd 32 f0 09 00 8a d4 03 7b 01 f0 01 d7 08 46 00 d3 20 c8 f0 09 60 3a af 62 d3 2b c8 f0 1d fd 30 a0 1d 1d f6 18 f6 0c 05 f0 13 10 40 47 00 16 f0 13 09 10 41 13 02 7f 98 00 57 02 08 49 89 57 02 fd 03 08 49 89 f0 09 1c fa 1d 0a 10 40 67 02 10 46 62 04 63 06 18 0a 10 85 08 40 02 f0 27 08 48 0c 1c 0c 10 41 67 02 10 45 63 02 10 46 6b 04 19 13 f0 09 10 40 63 02 10 45 67 02 10 46 67 01 66 02 08 48 04 f0 36 7e 68 f0 81 04 33 00 fe a0 19 1c f6 a4 19 1c f2 f2 00 fe a0 19 a4 1b 1c f6 a4 19 1c f2 db 03 fe d2 f0 ce cb f0 00 e7 80 00 4b c8 e7 20 00 50 c8 d0 d4 0e fd 46 da 0e fe fd 46 d3 0e fe 95 00 01 9b 9b 9b 9b 9b 9b 9b 9b 9b 9b 9b 9b 9b 9b 9b 9b 4a b9 00 2c a0 52 d1 f3 03 fd 31 fd 88 00 90 17 f0 00 94 0c 04 10 44 64 08 0f 06 10 44 60 16 56 10 1b 07 92 06 32 00 08 40 01 00 05 92 03 35 00 70 28 09 92 01 36 00 94 10 00 00 71 29 0b 92 02 3b 00 77 08 49 0c f0 00 09 27 09 92 03 3a 00 94 08 04 00 77 2b 09 92 01 39 00 94 10 00 00 77 fd 32 1b f2 78 00 78 5a 07 7f f0 77 1b fa 1b 12 fd 01 21 6a 04 10 41 6a 08 10 43 6a 04 4a 10 44 5a 03 23 11 01 f0 0a 92 06 32 00 94 fc 00 00 00 10 44 5a 02 01 00 08 10 45 60 10 77 08 4a 17 fd 32 1b f2 78 00 f0 3b f0 09 00 08 09 d4 03 7b 01 f0 01 d7 27 03 08 48 92 2b 03 08 48 93 28 03 08 48 90 fd 32 f0 09 29 95 09 f0 01 08 49 0c f0 07 08 49 0d f0 03 08 49 0e f0 03 08 49 0f f0 09 f0 09 00 f3 9e 02 f0 1d 29 01 09 28 01 09 2b 01 09 27 01 09 fd 32 f0 09 00 87 d4 03 7b 01 f0 01 d7 00 05 f0 07 08 4a 17 f0 05 91 17 fd 32 f0 3b 1b fa 1b 8a 21 10 46 90 06 32 0a 08 40 00 f0 3b 14 88 92 04 36 00 94 08 fc 00 14 f2 f8 00 1b 84 f0 01 14 07 0c 0a 20 03 24 f0 ff c0 ff f0 3f 21 00 0c f0 3b 09 f0 03 d4 04 7b 07 f0 03 d7 27 0d 04 20 03 24 80 00 e0 ff f0 8b 21 05 75 28 12 77 10 81 06 04 20 03 24 30 00 80 ff f0 3f 21 07 05 71 fd 8e 16 0a 0b fd 32 14 f6 1b 82 14 00 1b f2 78 00 f0 77 1b fa 1b f0 90 21 10 40 6a 07 10 41 6a 08 10 43 4a 10 44 5a 02 23 11 03 f0 0b 02 92 04 2e 00 94 f8 00 00 00 10 43 4a 01 fd 32 1b f2 78 00 f0 77 1b fa 1b f0 8b 21 10 81 f0 1d 10 83 f0 3d 10 84 f0 3b 91 18 f0 3b 1b 09 10 43 5b 05 6b 04 08 40 02 00 05 f0 0f 08 40 05 f0 c7 1b 0a 10 45 5a 06 10 46 5a 01 6a 06 0c 09 f0 21 10 40 5a 04 10 45 4a f0 63 fd 8e 00 0a 0a fd 32 1b f2 78 00 f0 61 1b fa 1b 05 21 10 44 5a 08 23 0d 92 04 26 00 94 fa 00 00 00 10 44 5a 04 fd 32 fd 4d 07 fd 8e 72 00 00 00 85 09 94 00 10 00 a0 4e d1 14 01 fd 31 00 04 92 04 33 00 0c 86 10 44 56 02 64 08 29 0e 10 80 04 20 03 24 80 00 80 ff f0 57 21 05 fd 89 00 72 3c 7f fd 32 00 89 73 f0 1d 08 48 06 f0 07 09 f0 1d 29 8c 08 48 8f f0 07 09 f0 1d 71 f0 01 73 f0 09 f0 1d 28 06 08 48 8e f0 07 09 27 06 08 48 0f f0 07 09 2b 06 08 48 8f f0 07 09 fd 32 f0 1d 29 85 10 80 08 51 0a 91 46 29 81 09 f0 1d 28 10 10 46 41 08 42 80 7e 40 00 10 40 45 f0 3b 71 09 2b 10 10 46 47 08 49 08 10 40 7e 40 00 43 f0 3b 77 09 27 10 10 46 45 08 49 88 10 40 7e 40 00 41 f0 3b 75 09 00 11 f0 3b 08 43 00 10 40 7e 5c 00 47 67 0a f0 4f 73 09 1c 0d 04 f0 13 92 04 31 14 94 f6 08 00 fd 02 1d 0d 04 f0 1d 92 04 35 14 94 04 f8 00 fd 02 1e 0d 04 f0 1f 92 04 38 14 94 0c f6 00 fd 02 1f 0d 04 f0 17 92 04 38 14 94 f4 00 00 fd 02 20 0d 04 f0 21 92 03 36 14 94 fc 00 00 fd 02 21 0d 04 f0 31 92 03 34 14 94 fa fc 00 fd 02 22 0d 04 f0 27 92 04 32 14 94 ee fc 00 fd 02 fd 32 5e 1c f2 78 00 1d f2 78 00 1e f2 78 00 1f f2 78 00 20 f2 78 00 21 f2 78 00 22 f2 78 00 f0 59 18 f2 fb 00 f0 17 19 f2 fc 00 f0 17 1a f2 fd 00 f0 17 14 f2 fe 00 f0 17 15 f2 ff 00 f0 17 16 f2 e0 00 f0 17 17 f2 e1 00 f0 17 20 fa 21 fa 22 fa 1c fa 1d fa 1e fa 1f fa 20 f2 e2 00 21 f2 e2 00 22 f2 e2 00 1c f2 e2 00 1d f2 e2 00 1e f2 e2 00 1f f2 e2 00 f1 a4 01 29 f2 e3 00 f0 00 d8 18 40 cc d2 37 cc 23 13 f0 07 01 92 03 2a 00 94 f8 f8 00 10 81 00 f0 07 01 14 00 f0 00 d8 19 5e cc d2 55 cc 24 12 f0 05 92 04 29 00 94 fc 00 00 10 81 00 f0 09 01 14 00 f0 00 d8 1a 7b cc d2 72 cc 25 17 01 92 04 2b 00 94 fa 0c 00 10 81 00 20 03 24 00 fa 00 fa f0 1f 21 01 f0 00 d8 1b 9d cc d2 94 cc 26 17 01 92 04 2e 00 94 06 f4 00 10 81 00 20 03 24 20 fc e0 fb f0 1f 21 01 f0 00 d8 1c bf cc d2 b6 cc 23 1c f0 03 92 02 2d 00 94 04 06 00 10 81 00 10 43 67 08 20 03 24 e0 05 e0 f8 f0 1f 21 01 f0 00 d8 1d e6 cc d2 dd cc 24 12 92 04 31 00 10 81 00 20 03 24 00 fe 00 f8 f0 1f 21 01 f0 00 d8 1e 03 cd d2 fa cc 25 16 92 05 2d 00 94 e8 04 00 10 81 00 20 03 24 00 fe 00 f8 f0 1f 21 01 f0 b3 0f 84 10 41 52 28 f0 59 79 78 07 7f f0 1d 68 58 00 04 33 00 fd 31 16 09 92 03 32 00 94 f8 00 00 71 14 0f 92 06 39 00 94 f0 00 00 08 49 97 f0 01 09 75 18 09 92 03 38 00 94 f0 00 00 77 17 0b 92 04 35 00 94 f2 fc 00 08 40 06 00 88 92 06 32 00 94 f0 fe 00 78 28 07 7f 00 8a 10 45 10 81 43 63 0c 08 46 0c f0 1d 14 0d 10 40 10 81 45 10 45 45 65 08 08 48 0f 16 0c f0 0f 10 45 10 81 41 61 08 08 48 8e 18 0c f0 0f 10 45 10 81 47 67 06 08 48 8f fd 32 f0 77 1a 33 01 92 04 38 00 94 02 dc 00 13 00 08 40 01 00 04 10 43 d4 01 f0 3b 6a 0c 6b 0c d7 f0 3b 08 40 00 f0 37 01 fd 0f 00 94 00 d8 00 08 40 01 00 fd 0f 02 13 01 00 08 f0 59 09 f0 95 08 42 09 16 08 f0 77 09 f0 59 08 48 86 18 0d f0 59 09 f0 77 08 49 18 f0 01 08 49 19 14 0d f0 59 09 f0 77 08 49 96 f0 01 08 49 97 fd 32 1a f2 78 00 f0 59 1a fa 1a f0 92 13 02 21 20 07 25 00 07 80 ff 24 98 ff c8 ff f0 1d 21 1a f2 78 00 18 03 08 48 92 14 01 09 16 03 08 41 89 00 83 08 48 08 f0 3b 1a fa 1a f0 8f 21 20 07 25 80 06 a0 ff 24 90 ff 00 01 f0 1d 1a f2 78 00 14 03 08 48 13 00 01 09 18 83 08 48 8c f0 3b 1a fa 1a f0 8f 21 20 07 25 c0 06 88 ff 24 78 01 00 00 f0 1b 1a f2 78 00 00 03 08 48 09 14 90 08 42 05 7e 30 00 f0 00 fd 3d 14 c3 ce 08 42 02 f0 3b 1a fa 1a f0 8f 21 20 07 25 80 06 90 ff 24 20 00 30 ff f0 1d 1a f2 78 00 00 83 08 42 09 f0 3b 19 88 92 04 34 00 94 f2 fc 00 19 f2 e4 00 f0 01 1a fa 1a 83 21 14 01 f0 e5 0c 0c 10 46 56 03 66 08 f0 01 10 43 56 06 f0 ef 68 77 01 04 30 00 fd 4d 08 8a 0f a3 8a 0f a4 8a 0f a6 8a 0f a7 8a 0f a5 0c 05 10 44 60 10 46 0e 05 10 44 44 55 02 00 0c 92 05 5a 00 94 08 04 00 fd 0f 03 75 14 07 94 10 04 00 fd 0f 03 15 07 94 08 00 00 fd 0f 03 18 07 94 08 00 00 fd 0f 03 16 0a 94 08 00 00 fd 0f 03 08 40 86 17 87 94 04 d0 00 08 40 01 f0 1d 78 3c 07 7f f0 a9 0c 0c 10 45 52 06 62 0c 10 40 62 04 52 0b f1 48 01 0e 03 10 46 41 f0 01 00 f2 e5 00 14 f2 e5 00 15 f2 e5 00 16 f2 e5 00 18 f2 e5 00 fd 32 6a 77 81 f0 00 6a 77 81 f0 b3 5f f1 94 01 89 ec 01 a1 89 ec 05 a2 89 ec 08 54 89 ec 0a 55 89 ec 0b 56 89 ec 09 8d 89 ec 0d 8c 7f f0 d7 6a 0d 81 6a 0d 81 6a 0d 83 76 78 7f f0 3b 91 47 f0 81 4e 0d 00 00 f0 07 68 0d 01 11 28 00 d0 dc 0e f0 07 4e 0d 00 02 f0 07 d0 44 0a f0 07 4e 0d 00 03 f0 07 d0 df 0e f0 07 4e 0d 00 04 f0 07 d0 f4 08 f0 07 4e 0d 00 05 f0 07 d0 f7 08 f0 07 4e 0d 00 06 fd 67 f0 07 4e 0d 00 01 f0 07 d0 45 0a 00 01 01 16 f4 23 03 17 f4 27 03 1b f4 24 03 1d f4 23 03 19 f4 27 03 14 83 08 4a 0e 7a f0 3b 1c f4 ee 00 f0 11 15 f4 ee 00 17 f4 ee 00 f0 11 1f f4 ee 00 1d f4 ee 00 f0 11 16 f4 ee 00 1b f4 ee 00 19 f4 ee 00 f0 11 1e f4 ee 00 1a f4 ee 00 f0 11 18 f4 ee 00 f0 1b 18 f4 ee 00 f0 11 1e f4 ee 00 1a f4 ee 00 f0 11 16 f4 ee 00 1b f4 ee 00 19 f4 ee 00 f0 11 1f f4 ee 00 1d f4 ee 00 f0 11 15 f4 ee 00 17 f4 ee 00 f0 11 1c f4 ee 00 f0 40 14 97 08 4a 0f f0 13 08 4a 0e f0 13 08 4a 10 f0 13 08 4a 0e f0 3b 08 4a 11 f0 5e 15 03 08 40 82 16 05 f0 0f 08 40 82 17 03 08 40 82 18 05 f0 0f 08 40 82 19 03 08 40 82 1a 03 08 40 82 1b 05 f0 11 08 40 82 1c 03 08 40 82 1d 03 08 40 82 1e 05 f0 11 08 40 82 1f 05 f0 11 08 40 82 21 1c 10 46 20 04 28 00 00 00 00 00 00 00 00 00 00 00 00 00 00 00 00 63 08 21 0b 04 fd 02 22 18 10 46 20 04 28 00 00 00 00 00 00 00 00 00 00 00 00 00 00 00 00 63 08 21 f0 2c 20 17 10 45 20 04 28 00 00 00 00 00 00 00 00 00 00 00 00 00 00 00 00 55 05 f0 9f 7b 7f d0 db 0e d2 c3 cf fd 31 40 e0 2e 1b 25 10 46 10 81 53 02 63 08 71 f0 1d 77 10 80 08 51 8d f0 43 09 71 f0 01 73 10 41 10 83 04 f0 3b 53 05 63 0c 10 85 1e 25 10 46 10 81 43 08 40 04 f0 3c 09 75 f0 01 77 f0 3b 75 f0 01 73 10 83 04 10 46 6a 0c 6b 0c 10 40 53 04 05 10 80 1d 36 f0 9e 08 40 0c 01 87 1e 94 04 fe 00 13 00 fd 0f 03 00 fd 02 10 43 56 04 10 41 66 08 10 40 66 04 10 45 66 02 62 02 10 40 62 04 13 01 10 41 42 10 43 42 62 02 43 01 19 04 f1 2c 01 73 1a 04 f1 2c 01 73 7a fd 32 17 0e 10 41 10 81 53 03 55 05 57 01 67 0c 71 05 18 0e 10 41 10 81 53 04 63 04 55 04 65 04 77 05 16 0d 10 41 10 81 53 05 63 06 55 02 65 0c 05 1e f2 ef 00 fd 32 1b 81 05 1b f2 a5 02 16 f2 a5 02 17 f2 a5 02 18 f2 a5 02 14 0e 10 40 10 81 51 04 f0 85 10 46 10 80 57 0c 19 f2 d0 00 1a f2 d1 00 f1 a9 01 7f 7b 7f d0 d8 0e 68 f9 01 04 10 00 00 03 01 0c f0 17 f4 23 03 16 f5 23 03 1c 0d fd 0f 03 08 48 01 f0 00 08 40 8f 0d 0c 14 03 fd 0f 03 1e 04 94 f8 04 00 fd 32 d0 de 0e d4 02 16 f2 7c 02 17 f2 7c 02 f0 3b 18 f2 7c 02 15 f2 7c 02 f0 3b d7 fe 9b 34 00 a1 1b d2 c6 d4 9b 9b 9b 9b 9b 9b 9b 9b 9b 9b 9b 19 02 0c f0 1a 02 0c f0 6a 99 80 a0 60 68 9a 80 09 64 00 1a 88 08 40 03 fd 0f 02 13 01 9b 9b 9b 9b 9b 9b fd 31 23 2f 94 fc f8 00 f0 0b 10 45 10 81 67 08 10 43 57 0d 67 08 0b 04 fd 02 57 03 08 48 8c 10 44 9c 31 67 02 63 04 67 04 63 04 67 03 63 02 67 02 63 01 24 1d 94 08 04 06 08 42 03 14 01 f0 5f 14 00 7e 70 00 10 41 53 02 fd 02 53 02 63 0c 08 4a 01 16 0b 94 08 04 00 06 10 c3 57 08 14 02 14 15 06 10 c3 57 08 67 02 63 04 67 04 63 04 67 03 63 02 67 02 63 01 15 07 06 10 c3 57 08 14 01 00 13 10 c3 57 08 08 43 89 9c 16 7e 80 00 10 41 53 05 09 10 c0 21 13 10 c3 73 06 fd 0f 03 57 08 08 4a 00 7e 80 00 10 41 53 05 0c 16 10 43 57 18 10 44 67 08 63 10 67 10 63 10 67 0c 63 08 67 08 63 04 19 1c f0 1d 87 24 94 00 00 08 fd 0f 03 7e 90 00 20 03 24 00 f6 80 fd f0 3b 21 92 0b 56 00 1a 12 f0 21 87 24 94 00 08 0c fd 0f 03 7e 88 00 10 43 50 04 70 f0 1b fd fe f0 13 fd fe 1b 14 f0 2f 87 24 94 00 00 0e fd 0f 03 7e f0 00 fd 01 f0 1d fd 03 1c 13 f0 2f 87 24 94 00 0c 0e fd 0f 03 7e 98 00 10 43 54 05 00 f2 99 2c f2 99 2e f2 99 30 f2 99 32 f2 99 34 fd 32 24 85 f0 3b 08 4d 00 f0 09 d2 26 d4 24 83 08 48 0e d2 30 d4 f0 09 24 8e 10 81 08 40 08 f0 27 09 f0 07 08 48 0e 73 d2 45 d4 9b 9b 24 85 10 81 08 40 0d d2 55 d4 9b 9b 9b 9b 9b 9b fd 30 14 08 07 77 57 0d f0 13 57 01 15 02 07 77 16 02 07 77 24 12 f0 2b 10 80 08 42 03 10 41 fd 01 4a f0 13 10 43 57 01 fd 32 14 0a f0 1d 06 10 40 46 77 10 85 07 15 09 14 00 f0 1d 10 40 40 10 85 16 04 14 00 10 85 24 23 f0 09 0b 04 fd 03 20 03 24 00 04 00 ff 7e 68 00 f0 09 fd 02 f0 0d 21 f0 1d 08 48 0e f0 3b 10 81 08 40 0d fd 32 d2 ae d5 f2 9a 2e f2 9a 30 f2 9a 3a f2 9a 3c f2 9a 3e f2 9a 40 f2 9a 42 f2 9a 44 17 f9 18 f9 1d f9 1e f9 1f f9 20 f9 21 f9 22 f9 d2 b4 d2 9b 9b 9b 9b 9b 9b 9b 9b 9b 9b 9b 9b 9b 9b 9b 9b 9b 9b 9b 9b 9b 9b 9b 9b 9b 9b 9b 9b 9b 9b 9b 9b 9b 9b 9b 9b 9b 9b 9b 9b 9b 9b 9b 9b 9b 9b 9b 9b 9b 9b 9b 9b 9b 9b 9b 9b 9b 9b 9b 9b 9b 9b 9b 9b 9b 9b 9b 9b 9b 9b 9b 9b 9b 9b 9b 9b 9b 9b 9b 9b 9b 9b 9b 9b 9b 9b 9b 9b 9b 9b 9b 9b 9b 9b 9b 9b 9b 9b 9b 9b 9b 9b 9b 9b 9b 9b 9b 9b 9b 9b 9b 9b 9b 9b 9b 9b 9b 9b 9b 9b 9b 9b 9b 9b 9b 9b 9b 9b 9b 9b 9b 9b 9b 9b 9b 9b 9b 9b 9b 9b 9b 9b 9b 9b 9b 9b 9b 9b 9b 9b 9b 9b 9b 9b 9b 9b 9b 9b 9b 9b 9b 9b 9b 9b 9b 9b 9b 9b 9b 9b 9b 9b 9b 9b 9b 9b 9b 9b 9b 9b 9b 9b 9b 9b 9b 9b 9b 9b 9b 23 07 61 0a f0 1d 65 0e 77 24 10 f0 31 08 42 83 10 45 fd 03 0c 04 45 77 08 40 8e fd 32 d2 fb d5 9b 9b 9b 9b 9b 9b 9b 9b 9b 9b 9b 9b 9b 9b 9b 9b 9b 9b 9b 9b 9b 9b 9b 9b 9b 9b 9b 9b 9b 9b 9b 9b 9b 9b 9b 9b 9b 9b 9b 9b 9b 9b 9b 9b 9b 1c 03 f0 8b 01 23 09 06 10 41 41 10 80 08 40 02 24 06 06 10 41 45 65 02 16 0e 10 41 10 83 80 14 4b 07 53 0f 55 03 10 85 14 10 10 41 10 83 f0 09 80 14 4b 07 53 09 55 04 10 85 15 21 10 41 10 83 f0 0f 80 14 4b 53 03 55 03 10 85 f0 3b a0 18 fd 9e 1b f0 1d a4 18 10 81 51 03 10 85 77 f0 13 f0 1d 0c f2 d6 00 f0 3b fd 43 00 01 77 21 04 92 0f 7d 00 fd 32 d2 76 d6 60 c2 a9 62 f0 09 0c f2 d7 00 14 86 10 81 51 08 10 85 f0 09 9c 1b 1a f9 14 89 f0 1d 10 81 55 04 10 85 77 f0 09 d2 9e d6 60 c3 a9 60 f0 09 0c f2 d7 00 f0 09 9c 1b 19 f9 16 89 f0 3b 10 81 51 03 10 85 77 f0 09 d2 be d6 f0 09 f0 09 1b 08 92 16 49 06 94 08 04 fa 16 f2 78 01 14 f2 78 01 d2 dd d6 a0 4a d1 14 01 fd 32 00 81 72 23 83 09 07 77 d2 e5 d6 16 fa 14 fa 15 f2 75 01 14 f2 74 01 16 f2 76 01 95 0c f4 a8 0e 08 a8 0f 00 a8 20 00 a8 21 00 a8 22 00 a4 65 b0 0e 2c 01 45 87 32 35 ef fe f0 00 d8 18 1c d7 d0 e2 0e 1c f9 fe 15 04 94 00 00 02 16 04 94 00 00 02 71 fe fe 60 39 a8 d0 fe a4 17 d8 f7 65 75 da 30 3f d7 71 fe 14 f9 15 f8 15 f2 77 00 15 84 94 06 fa 00 6a 16 80 71 fe de c8 5c d7 17 f8 17 f2 d2 03 19 83 08 40 01 71 fe 68 1f 80 06 da 00 fe d8 17 7a d7 de c8 64 75 de 0b 64 75 da c7 64 75 68 15 80 0d c5 00 fe de c7 85 d7 f0 00 3d 85 d7 60 a5 ae 62 00 01 43 17 88 10 81 10 40 80 04 5d 77 f0 09 17 f2 63 00 60 a8 ae 62 a0 19 f0 1d 17 f2 d2 03 fe c3 e2 c0 00 d6 d7 e2 89 00 ef d7 e0 3e 0a cb d7 e0 3e 08 c4 d7 fe 68 cb 80 03 1c 00 fe dc 96 c4 d7 68 cd 80 1c 59 00 fe 34 00 4a a1 00 0c dc 00 e1 d7 fb f2 c0 36 1b f9 71 b0 05 cf 00 d0 d0 02 fe d8 13 1d d8 a6 a2 a5 de a6 a1 f2 8b b2 f2 8b b4 f2 8b b6 f2 8b b8 f2 8b ba f2 8b bc f2 8b be f2 8b c0 b4 3e e2 27 00 50 d8 e2 2d 00 50 d8 15 02 67 08 14 02 64 04 18 84 67 08 6a 04 fd f0 89 30 34 d8 18 01 00 d8 27 3b d8 d1 34 07 d1 0f 00 d1 04 0e de cf 4d d8 fd f0 89 30 4d d8 9c 95 a6 cf fe de 48 1d d8 68 97 01 1a 67 10 f2 3f ad f2 92 b5 f2 93 ad f2 94 af f2 3e b5 a0 27 71 fe 9b 9b 9b fe a4 18 fd f0 1f aa 64 75 fd f0 1f a8 64 75 fd f0 1f ac 64 75 a2 c7 a0 17 fe fd 5b fd 5c 68 bd 00 03 0d 00 8a 6f 21 94 00 90 fd 03 92 03 09 03 63 06 6a 02 71 08 40 86 fd 01 00 f2 5f 00 fd 31 71 91 0e f0 00 cb f0 00 fd b0 80 00 e2 80 00 c4 d8 d2 b5 d8 00 fa 00 a0 09 07 02 71 fd 00 10 41 7f 45 00 fd 02 51 02 f0 09 9c 38 10 83 f0 09 08 40 88 f0 1d 9b 09 10 c0 fe fe fe fd f0 1f 2a 64 75 9b 9b 9b b0 11 08 00 44 03 fc 19 85 13 02 f0 05 99 f0 00 3d 02 d9 00 86 0c f0 80 05 61 77 17 fa 17 f0 8a 0c f0 10 83 10 41 80 06 60 73 17 f3 7c 02 f0 09 60 aa ae 62 f0 09 19 0b 10 80 08 50 06 f0 0f 92 0d 5b 00 9b 9b 9b 17 05 55 03 73 0b f0 0c 84 10 40 5b 02 17 f2 d2 03 fd 5b fd 5c 00 f2 8b 01 d2 71 d8 fd f0 1f a8 7d d9 fd f0 1f aa 7d d9 fd f0 1f ac 7d d9 a8 0e 10 60 ad 8e d0 66 82 d9 f0 09 00 f3 9f 02 60 3f a0 d0 fe 60 a7 ae d0 fe f0 09 00 f3 9e 02 60 af ae d0 fe a8 07 a3 b0 00 0c 02 d1 f4 0e f2 54 40 f2 53 2e 17 f9 20 f9 fe fe a8 07 a1 ac 0c 02 d1 f4 0e f2 22 48 24 f9 fe 9b 9b 9b 9b 9b 9b 9b 9b 9b 9b 9b 9b 9b 9b 9b 9b 9b 9b 9b 9b fe a8 4e 00 a8 4b 00 a8 60 00 a5 0f a4 f0 a4 f1 15 f5 23 03 16 f5 23 03 19 f5 23 03 18 f5 23 03 24 84 94 00 fc 00 de 5d fc d9 1a f8 1b f8 1a f2 77 00 1b f2 77 00 da 2b 75 da 19 fa 1d fa 1d f0 85 92 0e 56 00 77 19 f0 89 92 15 3a 00 77 12 03 0b 04 14 03 fd 0f 03 16 03 fd 0f 03 15 03 fd 0f 03 20 07 08 40 0c fd 0f 03 01 fd 32 19 f2 15 00 1d f2 62 00 d8 4f 44 da d8 66 48 da 71 fe dc 66 64 da da 21 67 da 21 f8 6a 22 80 6b 22 80 21 88 08 40 8f fd 0f 03 fd 03 d8 4f 64 da 71 fe a4 4f fe 1f f8 21 f9 1f 85 fd 0f 03 04 02 d2 5e da 17 fa 17 f0 89 92 0b 52 00 fd 0f 03 0c 04 16 09 92 0b 53 00 fd 0f 03 0c 04 1e 0d 92 09 50 00 94 08 00 00 fd 0f 03 0c 04 19 0b 92 10 40 00 fd 0f 03 12 02 0c 04 15 09 92 13 3c 00 fd 0f 03 0c 04 20 87 08 40 0c fd 0f 03 01 14 f2 a5 02 17 f2 a4 02 d2 3a da dc 19 64 75 a4 19 fe 9b 9b 9b 9b 9b 9b 9b 9b 9b 9b 9b 9b 9b 9b 9b 9b 9b 9b 9b 9b 9b 9b 9b 9b 9b 9b 9b 9b 9b 9b 9b 9b 9b 9b 9b 9b 9b 9b 9b 9b 9b 9b 9b 9b 9b 9b 9b 9b 9b 9b 9b 9b 9b 9b 9b 9b 9b 9b 9b 9b 9b 9b 9b 9b 9b 9b 9b 9b 9b 9b 9b 9b 9b 9b 9b 9b 9b 9b 9b 9b 9b 9b 9b 9b 9b 9b 9b 9b 9b 9b 9b 9b 9b 9b 9b 9b 9b 9b 9b 9b 9b 9b 9b 9b 9b 9b 9b 9b 9b 9b 9b 9b 9b 9b 9b 9b 9b 9b 9b 9b 9b 9b 9b 9b 9b 9b 9b 9b 9b 9b 9b 9b 9b 9b 9b 9b 9b 9b 9b 9b 9b 9b 9b 9b 9b 9b 9b 9b 9b 9b 9b 9b 9b 9b 9b 9b 9b 9b 9b 9b 9b 9b 9b 9b 9b 9b 9b 9b 9b 9b 9b 9b 9b 9b 9b 9b 9b 9b 9b 9b 9b 9b 9b 9b 9b 9b 9b 9b 9b 9b 9b 9b 9b 9b 9b 9b 9b 9b 9b 9b 9b 9b 9b 9b 9b 9b 9b fe 9c 1b 61 a0 02 fd 50 fe 9c 55 61 a0 02 fd 50 fe 9c 55 a0 5e 00 f2 fe 01 61 a0 02 fd 50 00 f6 00 f2 8b 01 fe d8 f6 00 dc d8 1b 05 dc d8 1a ee db dc 19 de db 00 88 0c f0 80 10 2a 73 0b f0 10 8e 0c f0 80 0f 2b dc 19 ed db 77 d2 ee db 75 60 a1 ae d0 10 83 75 0b f0 a4 19 a0 1a 00 f2 8b 01 fe 60 a4 ae d0 fe 60 a2 ae 62 fe fd f0 35 28 79 dc fd f0 e4 29 79 dc fd f0 ec 29 79 dc 14 81 00 fd f0 35 2a 96 dc fd f0 e4 2b 96 dc fd f0 ec 2b 96 dc 15 81 00 d8 f6 3f dc 16 85 92 0f 2a 00 71 dc f6 47 dc 16 f2 80 00 71 d1 04 0e de cf 64 75 fd f0 35 aa 74 dc fd f0 e4 ab 74 dc fd f0 ec ab 74 dc fd f0 35 a8 74 dc fd f0 e4 a9 74 dc fd f0 ec a9 74 dc fe a6 cf 9c 95 fe c3 e2 e4 01 8a dc e2 ec 01 90 dc 6a 35 80 d2 1f dc 6a e4 81 d2 1f dc 6a ec 81 d2 1f dc c3 e2 e4 01 a7 dc e2 ec 01 ad dc 6a 35 81 d2 34 dc 6a e4 81 d2 34 dc 6a ec 81 d2 34 dc 32 14 cb dc a8 07 20 d1 20 00 aa 28 f3 35 28 f3 ec 29 f3 e4 29 d0 fd 0e 9c 0e 14 f8 c3 e2 e4 01 e0 dc e2 ec 01 e6 dc 6a 35 80 d2 e9 dc 6a e4 81 d2 e9 dc 6a ec 81 14 f2 0e 00 fe 32 15 10 dd fd 31 0c 04 10 41 5a 02 a8 07 20 d1 20 00 aa 28 f3 35 2a f3 ec 2b f3 e4 2b fd 32 fd 30 fe 9c 0e 15 f8 c3 e2 e4 01 25 dd e2 ec 01 2b dd 6a 35 81 d2 2e dd 6a e4 81 d2 2e dd 6a ec 81 15 f2 0e 00 fe d8 f6 64 75 d8 19 64 75 a0 19 fe d8 f6 64 75 dc 19 64 75 a4 19 fe d8 f6 64 75 d8 1b 64 75 dc 1a 64 75 a0 1b 00 88 0c f0 80 0f 2a 71 0b f0 f0 09 60 a2 ae 62 35 80 fe f0 00 3d 6a dd a0 f6 00 f2 8b 01 35 ff a4 1a 16 f2 80 00 fe fe fe fe fe fe fe a2 07 68 db 00 0c 1d 00 71 00 07 43 7e 6c 00 0c 04 43 f0 00 c6 00 c0 10 05 ec 96 dd 19 12 fd 01 13 02 08 43 05 87 00 84 00 08 14 0c 00 f0 0b 01 00 46 fd 01 fd 03 08 41 0d f0 13 08 41 0a 42 13 02 08 41 0a 42 08 41 0d 6b 02 08 41 0c 6b 02 08 41 0e 6b 02 08 41 0b 6b 02 09 0e 04 fd 15 76 13 01 d4 23 7b 01 6b 02 d7 fd 02 10 c5 43 7e 22 00 53 02 a0 27 53 02 10 c0 f0 00 dc 27 fc dd 77 1e a6 07 d0 91 00 68 b7 81 04 27 00 fe 68 10 80 09 31 00 fe e0 3e 0a 23 de 68 cb 80 03 1c 00 fe 68 cd 80 1c 59 00 fe da 0f 41 de e0 3e 09 3a de 68 bf 80 15 7a 00 fe 68 bf 80 02 66 00 fe da 10 2e de e0 3e 09 51 de 68 be 80 15 7a 00 fe 68 be 80 02 66 00 fe e0 3e 09 3a de fe fe d8 66 58 de 68 17 80 15 7a 00 68 17 80 02 66 00 68 4c 80 02 07 00 fe 68 4d 81 02 19 00 fe 68 43 80 16 23 00 fe 68 4b 80 05 42 00 fe e1 3e 12 97 de 68 37 80 14 1e 00 fe 68 37 80 0c 0e 00 fe fd 43 fd 44 fd 45 e0 3e 12 b4 de b0 1b 00 00 68 4f 80 04 38 00 fe b0 1b 8d 11 68 42 80 1a 4d 00 fe da 1e ca de 68 53 80 07 35 00 fe 68 54 80 07 35 00 fe 68 e0 80 07 17 00 fe 68 22 80 08 57 00 fe d8 bc ea de 68 66 80 0d 5b 00 fe 68 6c 80 0d 5b 00 fe e0 3e 1a fd de 68 64 80 03 29 00 fe 68 65 80 0d 5f 00 fe 68 ca 80 02 78 00 fe d8 66 16 df 68 05 80 08 5c 00 fe 68 40 80 08 5c 00 fe 68 91 80 08 25 00 fe 68 d0 80 0d 3e 00 fe da 30 2f df 68 30 81 0d 3e 00 fe a0 48 35 00 68 87 80 12 78 00 00 04 72 7e 00 00 fe a0 48 35 00 68 a0 80 04 12 00 00 04 72 7e 00 00 fe 68 89 80 02 25 00 fe 68 0b 81 0a 65 00 fe 68 fc 80 04 73 00 fe a0 48 35 00 68 71 01 1c 1b 00 d0 1a 01 68 0d 80 04 20 00 fe 68 0f 80 04 10 00 fe d8 6f 93 df 68 36 80 07 39 00 fe 68 0e 80 07 39 00 fe d1 2f 0d 68 dc 81 04 25 00 fe 95 00 00 68 5e 81 04 1b 00 fe fe fe fe fe 68 6a 80 03 5e 00 fe 68 00 80 00 00 00 fe ff ff ff ff ff ff ff ff ff ff ff ff ff ff ff ff ff ff ff ff ff ff ff ff ff ff ff ff ff ff ff ff ff ff ff ff ff ff ff ff ff ff ff ff ff ff ff ff ff ff ff ff ff ff ff ff ff ff ff ff ff ff ff 
